2x256x4096 banked      8108ms raced     chain
2x512x243  banked     26087ms raced     chain
4x4x4      banked      1251ms replayed  chain
4x64x8192  banked      9056ms raced     chain
4x128x135  banked     30861ms raced     chain
7x8x8      banked      1660ms raced     chain
7x9x11     banked      3480ms raced     chain
8x8x8      banked      1228ms raced     chain
8x12x16    banked      1550ms raced     chain
8x16x1009  banked      2313ms raced     chain
8x23x16    banked      2452ms raced     chain
8x64x243   banked     25779ms raced     chain
8x128x2048 banked      4651ms raced     chain
8x8192x32  banked      3160ms raced     chain
9x9x9      banked      3819ms raced     chain
12x8x16    banked      1564ms raced     chain
12x12x12   banked      3345ms raced     chain
12x20x45   banked     11039ms raced     chain
15x15x15   banked      5015ms raced     chain
16x16x16   banked      1564ms raced     chain
16x16x23   banked      1710ms raced     chain
16x16x512  banked      2758ms raced     chain
16x32x45   banked     10725ms raced     chain
16x64x25   banked      2626ms raced     chain
17x17x17   banked      2999ms raced     chain
23x8x8     banked      1654ms raced     chain
24x24x24   banked      4896ms raced     chain
27x9x15    banked      4591ms raced     chain
31x32x32   banked      2826ms raced     chain
32x16x81   banked     11866ms raced     chain
32x32x32   banked      2466ms raced     chain
32x32x75   banked     11133ms raced     chain
32x32x256  banked      3157ms raced     chain
36x20x28   banked      4716ms raced     chain
45x45x45   banked     11667ms raced     chain
48x48x48   banked      9338ms raced     chain
60x60x60   banked     14949ms raced     chain
64x4x4096  banked      7765ms raced     chain
64x32x15   banked      3634ms raced     chain
64x64x64   banked      2251ms raced     chain
81x27x27   banked      6721ms raced     chain
96x96x96   banked     14424ms raced     chain
97x16x16   banked      1620ms raced     tpc
120x16x64  banked      2525ms raced     chain
125x25x5   banked      3319ms raced     chain
128x8x27   banked      5183ms raced     chain
128x16x16  banked      1695ms replayed  chain
128x128x128 banked      3676ms raced     chain
256x4x4    banked      1284ms raced     chain
2048x8x8   banked      1650ms raced     chain
