2x2        banked       326ms raced     chain
2x4        banked       286ms raced     chain
2x8        banked       275ms raced     chain
2x16       banked       287ms raced     chain
2x32       banked       297ms raced     chain
2x64       banked       310ms raced     chain
2x128      banked       279ms raced     chain
2x256      banked       317ms raced     chain
2x512      banked       278ms raced     chain
2x1024     banked       293ms raced     chain
2x2048     banked       294ms raced     chain
2x4096     banked       295ms raced     chain
2x8192     banked      8066ms raced     chain
4x2        banked       290ms raced     chain
4x4        banked       285ms raced     chain
4x8        banked       273ms raced     chain
4x16       banked       296ms raced     chain
4x32       banked       302ms raced     chain
4x64       banked       301ms raced     chain
4x128      banked       281ms raced     chain
4x256      banked       321ms raced     chain
4x512      banked       278ms raced     chain
4x1024     banked       287ms raced     chain
4x2048     banked       280ms raced     chain
4x4096     banked       297ms raced     chain
4x8192     banked       299ms raced     chain
8x2        banked       293ms raced     chain
8x4        banked       283ms raced     chain
8x8        banked       296ms raced     chain
8x16       banked       303ms raced     chain
8x32       banked       314ms raced     chain
8x64       banked       320ms raced     chain
8x128      banked       297ms raced     chain
8x256      banked       327ms raced     chain
8x512      banked       282ms raced     chain
8x1024     banked       290ms raced     chain
8x2048     banked       289ms raced     chain
8x4096     banked       292ms raced     chain
8x8192     banked       290ms raced     chain
16x2       banked       287ms raced     chain
16x4       banked       299ms raced     chain
16x8       banked       290ms raced     chain
16x16      banked       303ms raced     chain
16x32      banked       309ms raced     chain
16x64      banked       327ms raced     chain
16x128     banked       288ms raced     chain
16x256     banked       423ms raced     chain
16x512     banked       310ms raced     chain
16x1024    banked       308ms raced     chain
16x2048    banked       299ms raced     chain
16x4096    banked       314ms raced     chain
16x8192    banked       309ms raced     chain
32x2       banked       513ms raced     chain
32x4       banked       502ms raced     chain
32x8       banked       506ms raced     chain
32x16      banked       522ms raced     chain
32x32      banked       529ms raced     chain
32x64      banked       541ms raced     chain
32x128     banked       320ms raced     chain
32x256     banked       448ms raced     chain
32x512     banked       522ms raced     chain
32x1024    banked       520ms raced     chain
32x2048    banked       525ms raced     chain
32x4096    banked       324ms raced     chain
32x8192    banked       548ms raced     chain
64x2       banked       511ms raced     chain
64x4       banked       511ms raced     chain
64x8       banked       494ms raced     chain
64x16      banked       527ms raced     chain
64x32      banked       541ms raced     chain
64x64      banked       589ms raced     chain
64x128     banked       513ms raced     chain
64x256     banked       434ms raced     chain
64x512     banked       321ms raced     chain
64x1024    banked       324ms raced     chain
64x2048    banked       526ms raced     chain
64x4096    banked       334ms raced     chain
64x8192    banked       378ms raced     chain
128x2      banked       549ms raced     chain
128x4      banked       368ms raced     chain
128x8      banked       398ms raced     chain
128x16     banked       415ms raced     chain
128x32     banked       414ms raced     chain
128x64     banked       543ms raced     chain
128x128    banked       331ms raced     chain
128x256    banked       424ms raced     chain
128x512    banked       334ms raced     chain
128x1024   banked       338ms raced     chain
128x2048   banked       353ms raced     chain
128x4096   banked       410ms raced     chain
128x8192   banked       573ms raced     chain
256x2      banked       535ms raced     chain
256x4      banked       623ms raced     chain
256x8      banked       533ms raced     chain
256x16     banked       588ms raced     chain
256x32     banked       612ms raced     chain
256x64     banked       511ms raced     chain
256x128    banked       329ms raced     chain
256x256    banked       486ms raced     chain
256x512    banked       351ms raced     chain
256x1024   banked       379ms raced     chain
256x2048   banked       446ms raced     chain
256x4096   banked       674ms raced     chain
256x8192   banked      1271ms raced     chain
512x2      banked       624ms raced     chain
512x4      banked       567ms raced     chain
512x8      banked       553ms raced     chain
512x16     banked       646ms raced     chain
512x32     banked       565ms raced     chain
512x64     banked       527ms raced     chain
512x128    banked       342ms raced     chain
512x256    banked       513ms raced     chain
512x512    banked       392ms raced     chain
512x1024   banked       466ms raced     chain
512x2048   banked       739ms raced     chain
512x4096   banked      1460ms raced     chain
512x8192   banked      2890ms raced     chain
1024x2     banked       779ms raced     chain
1024x4     banked       369ms raced     chain
1024x8     banked       439ms raced     chain
1024x16    banked       421ms raced     chain
1024x32    banked       491ms raced     chain
1024x64    banked       513ms raced     chain
1024x128   banked       357ms raced     chain
1024x256   banked       543ms raced     chain
1024x512   banked       480ms raced     chain
1024x1024  banked       740ms raced     chain
1024x2048  banked      1517ms raced     chain
1024x4096  banked      2933ms raced     chain
2048x2     banked       868ms raced     chain
2048x4     banked       622ms raced     chain
2048x8     banked       587ms raced     chain
2048x16    banked       750ms raced     chain
2048x32    banked       747ms raced     chain
2048x64    banked       832ms raced     chain
2048x128   banked       625ms raced     chain
2048x256   banked       709ms raced     chain
2048x512   banked       774ms raced     chain
2048x1024  banked      1843ms raced     chain
2048x2048  banked      3436ms raced     chain
4096x2     banked       651ms raced     chain
4096x4     banked       660ms raced     chain
4096x8     banked       657ms raced     chain
4096x16    banked       888ms raced     chain
4096x32    banked       964ms raced     chain
4096x64    banked       823ms raced     chain
4096x128   banked       724ms raced     chain
4096x256   banked      1497ms raced     chain
4096x512   banked      1962ms raced     chain
4096x1024  banked      3625ms raced     chain
8192x2     banked       937ms raced     chain
8192x4     banked       607ms raced     chain
8192x8     banked       622ms raced     chain
8192x16    banked       898ms raced     chain
8192x32    banked      1002ms raced     chain
8192x64    banked      1159ms raced     chain
8192x128   banked      1065ms raced     chain
8192x256   banked      2958ms raced     chain
8192x512   banked      4085ms raced     chain
