18         banked      1304ms raced     zr2c:child_oop_il
20         banked      1175ms raced     zr2c:child_oop_il
26         banked       475ms raced     zr2c:child_oop_il
28         banked      1207ms raced     zr2c:child_oop_il
30         banked      2154ms raced     zr2c:child_oop_il
34         banked       493ms raced     zr2c:child_oop_il
38         banked       458ms raced     zr2c:child_oop_il
42         banked      2032ms raced     zr2c:child_oop_il
44         banked      1191ms raced     zr2c:child_oop_il
46         banked       459ms raced     zr2c:child_oop_il
50         banked      1233ms raced     zr2c:child_oop_il
52         banked      1209ms raced     zr2c:child_oop_il
54         banked      2932ms raced     zr2c:child_oop_il
56         banked      1959ms raced     zr2c:child_oop_il
58         banked       469ms raced     zr2c:child_oop_il
62         banked       457ms raced     zr2c:child_oop_il
66         banked      1987ms raced     zr2c:child_oop_il
68         banked       904ms raced     zr2c:child_oop_il
70         banked      2023ms raced     zr2c:child_oop_il
74         banked       474ms raced     zr2c:child_oop_il
76         banked       924ms raced     zr2c:child_nat_ip
78         banked      2038ms raced     zr2c:child_oop_il
82         banked       478ms raced     zr2c:child_oop_il
84         banked      2601ms raced     zr2c:child_oop_il
86         banked       496ms raced     zr2c:child_oop_il
88         banked      1997ms raced     zr2c:child_oop_il
90         banked      6498ms raced     zr2c:child_oop_il
92         banked       924ms raced     zr2c:child_oop_il
94         banked       461ms raced     zr2c:child_oop_il
98         banked      1191ms raced     zr2c:child_oop_il
102        banked      1977ms raced     zr2c:child_oop_il
104        banked      1992ms raced     zr2c:child_oop_il
106        banked       889ms raced     zr2c:child_nat_ip
108        banked      3905ms raced     zr2c:child_oop_il
110        banked      1948ms raced     zr2c:child_oop_il
112        banked      2363ms raced     zr2c:child_oop_il
114        banked      2016ms raced     zr2c:child_oop_il
116        banked       928ms raced     zr2c:child_oop_il
118        banked       895ms raced     zr2c:child_oop_il
120        banked      7992ms raced     zrp:12.10:r2z
122        banked       904ms raced     zr2c:child_nat_ip
124        banked       906ms raced     zr2c:child_oop_il
126        banked      6528ms raced     zr2c:child_oop_il
128        banked      1559ms raced     zrp:8.16:r2z
130        banked      2021ms raced     zr2c:child_oop_il
132        banked      2046ms raced     zr2c:child_oop_il
134        banked       894ms raced     zr2c:child_oop_il
136        banked      2015ms raced     zr2c:child_oop_il
138        banked      1987ms raced     zr2c:child_oop_il
140        banked      2098ms raced     zr2c:child_oop_il
142        banked       893ms raced     zr2c:child_nat_ip
144        banked      6653ms raced     zrp:12.12:r2z
146        banked       916ms raced     zr2c:child_nat_ip
148        banked       924ms raced     zr2c:child_oop_il
150        banked      7013ms raced     zr2c:child_oop_il
152        banked      2031ms raced     zr2c:child_nat_ip
154        banked      2025ms raced     zr2c:child_oop_il
156        banked      2046ms raced     zr2c:child_oop_il
158        banked       866ms raced     zr2c:child_oop_il
162        banked      6355ms raced     zr2c:child_oop_il
164        banked       929ms raced     zr2c:child_oop_il
166        banked       909ms raced     zr2c:child_nat_ip
168        banked      7858ms raced     zr2c:child_oop_il
170        banked      2003ms raced     zr2c:child_oop_il
172        banked       932ms raced     zr2c:child_oop_il
174        banked      1995ms raced     zr2c:child_oop_il
176        banked      2371ms raced     zr2c:child_oop_il
178        banked       890ms raced     zr2c:child_oop_il
180        banked      7820ms raced     zr2c:child_oop_il
182        banked      2002ms raced     zr2c:child_oop_il
184        banked      1976ms raced     zr2c:child_oop_il
186        banked      2017ms raced     zr2c:child_oop_il
188        banked       941ms raced     zr2c:child_oop_il
190        banked      1956ms raced     zr2c:child_oop_il
192        banked      9366ms raced     zr2c:child_oop_il
194        banked       872ms raced     zr2c:child_oop_il
196        banked       971ms raced     zr2c:child_oop_il
198        banked      4420ms raced     zr2c:child_oop_il
200        banked      4983ms raced     zr2c:child_oop_il
202        banked       869ms raced     zr2c:child_oop_il
204        banked      2162ms raced     zr2c:child_oop_il
206        banked       861ms raced     zr2c:child_oop_il
208        banked      2373ms raced     zr2c:child_nat_ip
210        banked      9312ms raced     zr2c:child_oop_il
212        banked       872ms raced     zr2c:child_oop_il
214        banked       880ms raced     zr2c:child_nat_ip
216        banked     11707ms raced     zr2c:child_oop_il
218        banked       865ms raced     zr2c:child_oop_il
220        banked      2093ms raced     zr2c:child_oop_il
222        banked      2019ms raced     zr2c:child_oop_il
224        banked      5342ms raced     zr2c:child_oop_il
226        banked       865ms raced     zr2c:child_nat_ip
228        banked      2084ms raced     zr2c:child_oop_il
230        banked      2026ms raced     zr2c:child_oop_il
232        banked      2026ms raced     zr2c:child_oop_il
234        banked      4515ms raced     zr2c:child_oop_il
236        banked       880ms raced     zr2c:child_oop_il
238        banked      2015ms raced     zr2c:child_oop_il
240        banked     11556ms raced     zr2c:child_oop_il
242        banked      1180ms raced     zr2c:child_oop_il
244        banked       870ms raced     zr2c:child_oop_il
246        banked      1925ms raced     zr2c:child_oop_il
248        banked      1976ms raced     zr2c:child_oop_il
250        banked      3199ms raced     zr2c:child_oop_il
252        banked      6691ms raced     zr2c:child_oop_il
254        banked       893ms raced     zr2c:child_oop_il
256        banked      2800ms raced     zr2c:child_oop_il
258        banked      1940ms raced     zr2c:child_oop_il
260        banked      2079ms raced     zr2c:child_oop_il
262        banked       897ms raced     zr2c:child_oop_il
264        banked      5731ms raced     zr2c:child_oop_il
266        banked      2016ms raced     zr2c:child_oop_il
268        banked       863ms raced     zr2c:child_oop_il
270        banked     15214ms raced     zr2c:child_oop_il
272        banked      2329ms raced     zr2c:child_oop_il
274        banked       895ms raced     zr2c:child_oop_il
276        banked      2056ms raced     zr2c:child_oop_il
278        banked       895ms raced     zr2c:child_oop_il
280        banked      5422ms raced     zr2c:child_oop_il
282        banked      1998ms raced     zr2c:child_oop_il
284        banked       863ms raced     zr2c:child_oop_il
286        banked      2025ms raced     zr2c:child_oop_il
288        banked     17138ms raced     zr2c:child_oop_il
290        banked      1985ms raced     zr2c:child_oop_il
292        banked       867ms raced     zr2c:child_oop_il
294        banked      4989ms raced     zr2c:child_oop_il
296        banked      2013ms raced     zr2c:child_oop_il
298        banked       864ms raced     zr2c:child_oop_il
300        banked      8126ms raced     zr2c:child_oop_il
302        banked       898ms raced     zr2c:child_nat_ip
304        banked      2368ms raced     zr2c:child_oop_il
306        banked      4501ms raced     zr2c:child_oop_il
308        banked      1660ms raced     zr2c:child_oop_il
310        banked      1985ms raced     zr2c:child_oop_il
312        banked      5819ms raced     zr2c:child_oop_il
314        banked       890ms raced     zr2c:child_oop_il
316        banked       862ms raced     zr2c:child_oop_il
318        banked       867ms raced     zr2c:child_oop_il
322        banked      1953ms raced     zr2c:child_oop_il
324        banked      6804ms raced     zr2c:child_oop_il
326        banked       874ms raced     zr2c:child_oop_il
328        banked      1935ms raced     zr2c:child_oop_il
330        banked      7333ms raced     zr2c:child_oop_il
332        banked       864ms raced     zr2c:child_nat_ip
334        banked       877ms raced     zr2c:child_nat_ip
336        banked     10383ms raced     zr2c:child_oop_il
338        banked      1202ms raced     zr2c:child_oop_il
340        banked      2064ms raced     zr2c:child_oop_il
342        banked      4486ms raced     zr2c:child_oop_il
344        banked      1969ms raced     zr2c:child_oop_il
346        banked       868ms raced     zr2c:child_oop_il
348        banked      2087ms raced     zr2c:child_oop_il
350        banked      4921ms raced     zr2c:child_oop_il
352        banked      5145ms raced     zr2c:child_oop_il
354        banked       867ms raced     zr2c:child_oop_il
356        banked       875ms raced     zr2c:child_oop_il
358        banked       873ms raced     zr2c:child_oop_il
360        banked     23317ms raced     zr2c:child_oop_il
362        banked       866ms raced     zr2c:child_oop_il
364        banked      1701ms raced     zr2c:child_nat_ip
366        banked       861ms raced     zr2c:child_oop_il
368        banked      2302ms raced     zr2c:child_oop_il
370        banked      1982ms raced     zr2c:child_oop_il
372        banked      2056ms raced     zr2c:child_nat_ip
374        banked      1983ms raced     zr2c:child_oop_il
376        banked      2051ms raced     zr2c:child_oop_il
378        banked     15111ms raced     zr2c:child_oop_il
380        banked      2111ms raced     zr2c:child_oop_il
382        banked       894ms raced     zr2c:child_oop_il
384        banked     18272ms raced     zr2c:child_oop_il
386        banked       866ms raced     zr2c:child_oop_il
388        banked       879ms raced     zr2c:child_oop_il
390        banked      7387ms raced     zr2c:child_oop_il
392        banked      2930ms raced     zr2c:child_oop_il
394        banked       879ms raced     zr2c:child_oop_il
396        banked      4785ms raced     zr2c:child_oop_il
398        banked       867ms raced     zr2c:child_oop_il
400        banked      7162ms raced     zr2c:child_oop_il
402        banked       863ms raced     zr2c:child_oop_il
404        banked       861ms raced     zr2c:child_oop_il
406        banked      2037ms raced     zr2c:child_oop_il
408        banked      5707ms raced     zr2c:child_oop_il
410        banked      2060ms raced     zr2c:child_oop_il
412        banked       869ms raced     zr2c:child_oop_il
414        banked      4591ms raced     zr2c:child_nat_ip
416        banked      5133ms raced     zr2c:child_oop_il
418        banked      1954ms raced     zr2c:child_oop_il
420        banked     10108ms raced     zr2c:child_oop_il
422        banked       896ms raced     zr2c:child_oop_il
424        banked       863ms raced     zr2c:child_nat_ip
426        banked       865ms raced     zr2c:child_oop_il
428        banked       876ms raced     zr2c:child_oop_il
430        banked      2036ms raced     zr2c:child_oop_il
432        banked     14383ms raced     zr2c:child_oop_il
434        banked      2035ms raced     zr2c:child_oop_il
436        banked       868ms raced     zr2c:child_oop_il
438        banked       866ms raced     zr2c:child_nat_ip
440        banked      5290ms raced     zr2c:child_oop_il
442        banked      1968ms raced     zr2c:child_oop_il
444        banked      2051ms raced     zr2c:child_oop_il
446        banked       868ms raced     zr2c:child_nat_ip
450        banked     19389ms raced     zr2c:child_oop_il
452        banked       907ms raced     zr2c:child_oop_il
454        banked       893ms raced     zr2c:child_oop_il
456        banked      5785ms raced     zr2c:child_oop_il
458        banked       880ms raced     zr2c:child_oop_il
460        banked      2122ms raced     zr2c:child_oop_il
462        banked      7327ms raced     zr2c:child_oop_il
464        banked      2341ms raced     zr2c:child_oop_il
466        banked       863ms raced     zr2c:child_oop_il
468        banked      4762ms raced     zr2c:child_oop_il
470        banked      2013ms raced     zr2c:child_nat_ip
472        banked       867ms raced     zr2c:child_oop_il
474        banked       870ms raced     zr2c:child_oop_il
476        banked      1753ms raced     zr2c:child_nat_ip
478        banked       865ms raced     zr2c:child_oop_il
480        banked     28555ms raced     zr2c:child_oop_il
482        banked       905ms raced     zr2c:child_oop_il
484        banked       967ms raced     zr2c:child_oop_il
486        banked     11602ms raced     zr2c:child_oop_il
488        banked       863ms raced     zr2c:child_oop_il
490        banked      2877ms raced     zr2c:child_oop_il
492        banked      2047ms raced     zr2c:child_oop_il
494        banked      2038ms raced     zr2c:child_oop_il
496        banked      2336ms raced     zr2c:child_nat_ip
498        banked       867ms raced     zr2c:child_oop_il
500        banked      3556ms raced     zr2c:child_oop_il
502        banked       901ms raced     zr2c:child_oop_il
504        banked     22166ms raced     zr2c:child_oop_il
506        banked      2034ms raced     zr2c:child_oop_il
508        banked       867ms raced     zr2c:child_oop_il
510        banked      7563ms raced     zr2c:child_oop_il
512        banked      2822ms raced     2p
514        banked      1696ms raced     zr2c:child_oop_il
516        banked      2061ms raced     zr2c:child_oop_il
518        banked      1986ms raced     zr2c:child_oop_il
520        banked      5394ms raced     zr2c:child_oop_il
522        banked      4532ms raced     zr2c:child_oop_il
524        banked       857ms raced     zr2c:child_oop_il
526        banked       866ms raced     zr2c:child_oop_il
528        banked      7470ms raced     zr2c:child_oop_il
530        banked       865ms raced     zr2c:child_oop_il
532        banked      1728ms raced     zr2c:child_nat_ip
534        banked       878ms raced     zr2c:child_oop_il
536        banked       876ms raced     zr2c:child_oop_il
538        banked       862ms raced     zr2c:child_oop_il
540        banked     17188ms raced     zr2c:child_oop_il
542        banked       895ms raced     zr2c:child_nat_ip
544        banked      5221ms raced     zr2c:child_nat_ip
546        banked      7614ms raced     zr2c:child_oop_il
548        banked       860ms raced     zr2c:child_nat_ip
550        banked      4978ms raced     zr2c:child_oop_il
552        banked      5788ms raced     zr2c:child_oop_il
554        banked       878ms raced     zr2c:child_oop_il
556        banked       873ms raced     zr2c:child_oop_il
558        banked      4477ms raced     zr2c:child_oop_il
560        banked      7428ms raced     zr2c:child_nat_ip
562        banked       906ms raced     zr2c:child_oop_il
564        banked      2037ms raced     zr2c:child_oop_il
566        banked       879ms raced     zr2c:child_oop_il
568        banked       857ms raced     zr2c:child_oop_il
570        banked      7473ms raced     zr2c:child_oop_il
572        banked      1702ms raced     zr2c:child_oop_il
574        banked      1965ms raced     zr2c:child_oop_il
576        banked     25536ms raced     zr2c:child_oop_il
578        banked      1235ms raced     zr2c:child_nat_ip
580        banked      2073ms raced     zr2c:child_oop_il
582        banked       917ms raced     zr2c:child_oop_il
584        banked       869ms raced     zr2c:child_oop_il
586        banked       868ms raced     zr2c:child_oop_il
588        banked      4359ms raced     zr2c:child_oop_il
590        banked       877ms raced     zr2c:child_oop_il
592        banked      2403ms raced     zr2c:child_oop_il
594        banked     10247ms raced     zr2c:child_oop_il
596        banked       878ms raced     zr2c:child_nat_ip
598        banked      1957ms raced     zr2c:child_oop_il
600        banked     24149ms raced     zr2c:child_oop_il
602        banked      1964ms raced     zr2c:child_oop_il
604        banked       859ms raced     zr2c:child_nat_ip
606        banked       876ms raced     zr2c:child_oop_il
608        banked      5204ms raced     zr2c:child_oop_il
610        banked       890ms raced     zr2c:child_oop_il
612        banked      4735ms raced     zr2c:child_oop_il
614        banked       906ms raced     zr2c:child_oop_il
616        banked      5504ms raced     zr2c:child_oop_il
618        banked       875ms raced     zr2c:child_oop_il
620        banked      2103ms raced     zr2c:child_oop_il
622        banked       925ms raced     zr2c:child_oop_il
624        banked      7522ms raced     zr2c:child_oop_il
626        banked       870ms raced     zr2c:child_oop_il
628        banked       883ms raced     zr2c:child_nat_ip
630        banked     23588ms raced     zr2c:child_oop_il
632        banked       888ms raced     zr2c:child_oop_il
634        banked       868ms raced     zr2c:child_oop_il
636        banked       876ms raced     zr2c:child_oop_il
638        banked      1966ms raced     zr2c:child_oop_il
642        banked       888ms raced     zr2c:child_oop_il
644        banked      1694ms raced     zr2c:child_nat_ip
646        banked      1957ms raced     zr2c:child_oop_il
648        banked     22081ms raced     zr2c:child_oop_il
650        banked      5083ms raced     zr2c:child_oop_il
652        banked       880ms raced     zr2c:child_oop_il
654        banked       876ms raced     zr2c:child_nat_ip
656        banked      2326ms raced     zr2c:child_oop_il
658        banked      2010ms raced     zr2c:child_oop_il
660        banked      7957ms raced     zr2c:child_oop_il
662        banked       879ms raced     zr2c:child_oop_il
664        banked       877ms raced     zr2c:child_oop_il
666        banked      4604ms raced     zr2c:child_oop_il
668        banked       889ms raced     zr2c:child_oop_il
670        banked       876ms raced     zr2c:child_oop_il
672        banked     26332ms raced     zr2c:child_nat_ip
674        banked       880ms raced     zr2c:child_oop_il
676        banked       938ms raced     zr2c:child_oop_il
678        banked       870ms raced     zr2c:child_oop_il
680        banked      5494ms raced     zr2c:child_nat_ip
682        banked      2032ms raced     zr2c:child_oop_il
684        banked      4816ms raced     zr2c:child_oop_il
686        banked      1256ms raced     zr2c:child_oop_il
688        banked      2367ms raced     zr2c:child_oop_il
690        banked      7374ms raced     zr2c:child_oop_il
692        banked       865ms raced     zr2c:child_oop_il
694        banked       865ms raced     zr2c:child_oop_il
696        banked      5690ms raced     zr2c:child_oop_il
698        banked       893ms raced     zr2c:child_oop_il
700        banked      4823ms raced     zr2c:child_oop_il
702        banked     10233ms raced     zr2c:child_oop_il
704        banked      7162ms raced     zr2c:child_oop_il
706        banked       873ms raced     zr2c:child_oop_il
708        banked       864ms raced     zr2c:child_oop_il
710        banked       861ms raced     zr2c:child_oop_il
712        banked       879ms raced     zr2c:child_oop_il
714        banked      7343ms raced     zr2c:child_oop_il
716        banked       864ms raced     zr2c:child_oop_il
718        banked       885ms raced     zr2c:child_oop_il
720        banked     29301ms raced     zr2c:child_oop_il
722        banked      1164ms raced     zr2c:child_oop_il
724        banked       863ms raced     zr2c:child_oop_il
726        banked      2925ms raced     zr2c:child_nat_ip
728        banked      5452ms raced     zr2c:child_oop_il
730        banked       869ms raced     zr2c:child_nat_ip
732        banked       864ms raced     zr2c:child_oop_il
734        banked       862ms raced     zr2c:child_nat_ip
736        banked      5129ms raced     zr2c:child_oop_il
738        banked      4526ms raced     zr2c:child_oop_il
740        banked      2074ms raced     zr2c:child_oop_il
742        banked       870ms raced     zr2c:child_oop_il
744        banked      5834ms raced     zr2c:child_oop_il
746        banked       877ms raced     zr2c:child_oop_il
748        banked      1717ms raced     zr2c:child_oop_il
750        banked     14904ms raced     zr2c:child_oop_il
752        banked      2419ms raced     zr2c:child_oop_il
754        banked      2013ms raced     zr2c:child_oop_il
756        banked     15625ms raced     zr2c:child_oop_il
758        banked       894ms raced     zr2c:child_oop_il
760        banked      5269ms raced     zr2c:child_oop_il
762        banked       876ms raced     zr2c:child_oop_il
764        banked       878ms raced     zr2c:child_oop_il
766        banked       867ms raced     zr2c:child_oop_il
770        banked      5372ms raced     zr2c:child_oop_il
772        banked       871ms raced     zr2c:child_oop_il
774        banked      4492ms raced     zr2c:child_oop_il
776        banked       867ms raced     zr2c:child_oop_il
778        banked       874ms raced     zr2c:child_oop_il
780        banked      8084ms raced     zr2c:child_oop_il
782        banked      2007ms raced     zr2c:child_oop_il
784        banked      3321ms raced     zr2c:child_oop_il
786        banked       871ms raced     zr2c:child_oop_il
788        banked       869ms raced     zr2c:child_oop_il
790        banked       864ms raced     zr2c:child_oop_il
792        banked     15338ms raced     zr2c:child_oop_il
794        banked       901ms raced     zr2c:child_oop_il
796        banked       877ms raced     zr2c:child_oop_il
798        banked      7370ms raced     zr2c:child_oop_il
800        banked     17415ms raced     zr2c:child_oop_il
802        banked       894ms raced     zr2c:child_oop_il
804        banked       881ms raced     zr2c:child_oop_il
806        banked      1995ms raced     zr2c:child_oop_il
808        banked       875ms raced     zr2c:child_nat_ip
810        banked     23013ms raced     zr2c:child_oop_il
812        banked      1753ms raced     zr2c:child_oop_il
814        banked      2020ms raced     zr2c:child_oop_il
816        banked      7246ms raced     zr2c:child_oop_il
818        banked       905ms raced     zr2c:child_oop_il
820        banked      2068ms raced     zr2c:child_oop_il
822        banked       868ms raced     zr2c:child_oop_il
824        banked       870ms raced     zr2c:child_nat_ip
826        banked       862ms raced     zr2c:child_oop_il
828        banked      4844ms raced     zr2c:child_oop_il
830        banked       873ms raced     zr2c:child_oop_il
832        banked      7212ms raced     zr2c:child_oop_il
834        banked       865ms raced     zr2c:child_nat_ip
836        banked      1741ms raced     zr2c:child_oop_il
838        banked       869ms raced     zr2c:child_oop_il
840        banked     22773ms raced     zr2c:child_nat_ip
842        banked       865ms raced     zr2c:child_oop_il
844        banked       865ms raced     zr2c:child_nat_ip
846        banked      4510ms raced     zr2c:child_oop_il
848        banked       878ms raced     zr2c:child_oop_il
850        banked      4891ms raced     zr2c:child_nat_ip
852        banked       863ms raced     zr2c:child_oop_il
854        banked       908ms raced     zr2c:child_oop_il
856        banked       863ms raced     zr2c:child_oop_il
858        banked      5385ms raced     zr2c:child_oop_il
860        banked      2020ms raced     zr2c:child_oop_il
862        banked       860ms raced     zr2c:child_oop_il
864        banked     28110ms raced     zr2c:child_oop_il
866        banked       902ms raced     zr2c:child_oop_il
868        banked      1762ms raced     zr2c:child_oop_il
870        banked      7323ms raced     zr2c:child_oop_il
872        banked       861ms raced     zr2c:child_oop_il
874        banked      2040ms raced     zr2c:child_oop_il
876        banked       873ms raced     zr2c:child_oop_il
878        banked       861ms raced     zr2c:child_oop_il
880        banked      7160ms raced     zr2c:child_oop_il
882        banked     14678ms raced     zr2c:child_oop_il
884        banked      1746ms raced     zr2c:child_oop_il
886        banked       861ms raced     zr2c:child_oop_il
888        banked      5795ms raced     zr2c:child_oop_il
890        banked       870ms raced     zr2c:child_oop_il
892        banked       864ms raced     zr2c:child_oop_il
894        banked       865ms raced     zr2c:child_oop_il
898        banked       894ms raced     zr2c:child_oop_il
900        banked     22228ms raced     zr2c:child_oop_il
902        banked      2024ms raced     zr2c:child_oop_il
904        banked       875ms raced     zr2c:child_oop_il
906        banked       861ms raced     zr2c:child_oop_il
908        banked       875ms raced     zr2c:child_oop_il
910        banked      5420ms raced     zr2c:child_oop_il
912        banked      7547ms raced     zr2c:child_oop_il
914        banked       877ms raced     zr2c:child_oop_il
916        banked       871ms raced     zr2c:child_oop_il
918        banked     10367ms raced     zr2c:child_oop_il
920        banked      5545ms raced     zr2c:child_oop_il
922        banked       878ms raced     zr2c:child_oop_il
924        banked      6988ms raced     zr2c:child_oop_il
926        banked       908ms raced     zr2c:child_oop_il
928        banked      5265ms raced     zr2c:child_oop_il
930        banked      7408ms raced     zr2c:child_oop_il
932        banked       869ms raced     zr2c:child_oop_il
934        banked       871ms raced     zr2c:child_oop_il
936        banked     15398ms raced     zr2c:child_oop_il
938        banked       860ms raced     zr2c:child_oop_il
940        banked      2044ms raced     zr2c:child_oop_il
942        banked       877ms raced     zr2c:child_oop_il
944        banked       873ms raced     zr2c:child_oop_il
946        banked      1989ms raced     zr2c:child_oop_il
948        banked       867ms raced     zr2c:child_oop_il
950        banked      5049ms raced     zr2c:child_oop_il
952        banked      5528ms raced     zr2c:child_oop_il
954        banked       860ms raced     zr2c:child_oop_il
956        banked       876ms raced     zr2c:child_oop_il
958        banked       865ms raced     zr2c:child_oop_il
962        banked      2004ms raced     zr2c:child_oop_il
964        banked       876ms raced     zr2c:child_oop_il
966        banked      7426ms raced     zr2c:child_nat_ip
968        banked      2816ms raced     zr2c:child_oop_il
970        banked       872ms raced     zr2c:child_oop_il
972        banked     12327ms raced     zr2c:child_oop_il
974        banked       865ms raced     zr2c:child_nat_ip
976        banked       889ms raced     zr2c:child_nat_ip
978        banked       891ms raced     zr2c:child_oop_il
980        banked      3013ms raced     zr2c:child_oop_il
982        banked       863ms raced     zr2c:child_oop_il
984        banked      5620ms raced     zr2c:child_oop_il
986        banked      2016ms raced     zr2c:child_oop_il
988        banked      1722ms raced     zr2c:child_oop_il
990        banked     20251ms raced     zr2c:child_oop_il
992        banked      5139ms raced     zr2c:child_oop_il
994        banked       859ms raced     zr2c:child_oop_il
996        banked       868ms raced     zr2c:child_oop_il
998        banked       867ms raced     zr2c:child_oop_il
1000       banked      9780ms raced     zr2c:child_oop_il
1002       banked       869ms raced     zr2c:child_oop_il
1004       banked       877ms raced     zr2c:child_oop_il
1006       banked       875ms raced     zr2c:child_oop_il
1008       banked     26351ms raced     zr2c:child_oop_il
1010       banked       877ms raced     zr2c:child_oop_il
1012       banked      1695ms raced     zr2c:child_oop_il
1014       banked      2857ms raced     zr2c:child_nat_ip
1016       banked       876ms raced     zr2c:child_oop_il
1018       banked       862ms raced     zr2c:child_oop_il
1020       banked      8046ms raced     zr2c:child_oop_il
1022       banked       863ms raced     zr2c:child_oop_il
1024       banked      2789ms raced     zr2c:child_oop_il
1026       banked     10164ms raced     zr2c:child_oop_il
1028       banked      1705ms raced     zr2c:child_oop_il
1030       banked      1705ms raced     zr2c:child_oop_il
1032       banked      5630ms raced     zr2c:child_oop_il
1034       banked      1966ms raced     zr2c:child_oop_il
1036       banked      1715ms raced     zr2c:child_oop_il
1038       banked      1690ms raced     zr2c:child_nat_ip
1040       banked      7621ms raced     zr2c:child_oop_il
1042       banked      1674ms raced     zr2c:child_oop_il
1044       banked      4687ms raced     zr2c:child_oop_il
1046       banked      1713ms raced     zr2c:child_oop_il
1048       banked      1691ms raced     zr2c:child_oop_il
1050       banked     23690ms raced     zr2c:child_oop_il
1052       banked      1682ms raced     zr2c:child_oop_il
1054       banked      1935ms raced     zr2c:child_oop_il
1056       banked     19812ms raced     zr2c:child_oop_il
1058       banked      1159ms raced     zr2c:child_oop_il
1060       banked      1679ms raced     zr2c:child_oop_il
1062       banked      1708ms raced     zr2c:child_oop_il
1064       banked      5500ms raced     zr2c:child_oop_il
1066       banked      1971ms raced     zr2c:child_oop_il
1068       banked      1686ms raced     zr2c:child_nat_ip
1070       banked      1677ms raced     zr2c:child_oop_il
1072       banked      1674ms raced     zr2c:child_oop_il
1074       banked      1675ms raced     zr2c:child_oop_il
1076       banked      1704ms raced     zr2c:child_oop_il
1078       banked      2983ms raced     zr2c:child_nat_ip
1080       banked     26937ms raced     zr2c:child_oop_il
1082       banked      1722ms raced     zr2c:child_oop_il
1084       banked      1727ms raced     zr2c:child_oop_il
1086       banked      1703ms raced     zr2c:child_oop_il
1088       banked      7258ms raced     zr2c:child_oop_il
1090       banked      1706ms raced     zr2c:child_oop_il
1092       banked      6817ms raced     zr2c:child_oop_il
1094       banked      1688ms raced     zr2c:child_oop_il
1096       banked      1687ms raced     zr2c:child_oop_il
1098       banked      1672ms raced     zr2c:child_oop_il
1100       banked      4813ms raced     zr2c:child_nat_ip
1102       banked      1950ms raced     zr2c:child_oop_il
1104       banked      7590ms raced     zr2c:child_oop_il
1106       banked      1691ms raced     zr2c:child_oop_il
1108       banked      1691ms raced     zr2c:child_oop_il
1110       banked      7329ms raced     zr2c:child_oop_il
1112       banked      1687ms raced     zr2c:child_oop_il
1114       banked      1679ms raced     zr2c:child_oop_il
1116       banked      4760ms raced     zr2c:child_oop_il
1118       banked      1944ms raced     zr2c:child_oop_il
1120       banked     18964ms raced     zr2c:child_oop_il
1122       banked      5313ms raced     zr2c:child_nat_ip
1124       banked      1689ms raced     zr2c:child_oop_il
1126       banked      1703ms raced     zr2c:child_oop_il
1128       banked      5707ms raced     zr2c:child_oop_il
1130       banked      1687ms raced     zr2c:child_oop_il
1132       banked      1715ms raced     zr2c:child_oop_il
1134       banked     23153ms raced     zr2c:child_nat_ip
1136       banked      1689ms raced     zr2c:child_nat_ip
1138       banked      1692ms raced     zr2c:child_oop_il
1140       banked      7827ms raced     zr2c:child_oop_il
1142       banked      1721ms raced     zr2c:child_oop_il
1144       banked      5496ms raced     zr2c:child_oop_il
1146       banked      1695ms raced     zr2c:child_oop_il
1148       banked      1707ms raced     zr2c:child_oop_il
1150       banked      4815ms raced     zr2c:child_oop_il
1154       banked      1673ms raced     zr2c:child_oop_il
1156       banked       938ms raced     zr2c:child_oop_il
1158       banked      1704ms raced     zr2c:child_oop_il
1160       banked      5273ms raced     zr2c:child_oop_il
1162       banked      1715ms raced     zr2c:child_oop_il
1164       banked      1684ms raced     zr2c:child_oop_il
1166       banked      1684ms raced     zr2c:child_oop_il
1168       banked      1693ms raced     zr2c:child_nat_ip
1170       banked     19643ms raced     zr2c:child_oop_il
1172       banked      1676ms raced     zr2c:child_oop_il
1174       banked      1685ms raced     zr2c:child_oop_il
1176       banked     15407ms raced     zr2c:child_oop_il
1178       banked      1969ms raced     zr2c:child_oop_il
1180       banked      1734ms raced     zr2c:child_oop_il
1182       banked      1709ms raced     zr2c:child_oop_il
1184       banked      5131ms raced     zr2c:child_oop_il
1186       banked      1727ms raced     zr2c:child_oop_il
1188       banked      9569ms raced     zr2c:child_oop_il
1190       banked      5351ms raced     zr2c:child_oop_il
1192       banked      1694ms raced     zr2c:child_oop_il
1194       banked      1701ms raced     zr2c:child_oop_il
1196       banked      1671ms raced     zr2c:child_oop_il
1198       banked      1695ms raced     zr2c:child_oop_il
1200       banked     31238ms raced     zr2c:child_nat_ip
1202       banked      1720ms raced     zr2c:child_oop_il
1204       banked      1735ms raced     zr2c:child_oop_il
1206       banked      1701ms raced     zr2c:child_oop_il
1208       banked      1693ms raced     zr2c:child_oop_il
1210       banked      2808ms raced     zr2c:child_oop_il
1212       banked      1702ms raced     zr2c:child_oop_il
1214       banked      1688ms raced     zr2c:child_oop_il
1216       banked      7088ms raced     zr2c:child_oop_il
1218       banked      7291ms raced     zr2c:child_oop_il
1220       banked      1690ms raced     zr2c:child_oop_il
1222       banked      2016ms raced     zr2c:child_oop_il
1224       banked     14941ms raced     zr2c:child_oop_il
1226       banked      1724ms raced     zr2c:child_oop_il
1228       banked      1691ms raced     zr2c:child_oop_il
1230       banked      7461ms raced     zr2c:child_oop_il
1232       banked      6711ms raced     zr2c:child_oop_il
1234       banked      1706ms raced     zr2c:child_oop_il
1236       banked      1704ms raced     zr2c:child_oop_il
1238       banked      1692ms raced     zr2c:child_oop_il
1240       banked      5360ms raced     zr2c:child_oop_il
1242       banked     10191ms raced     zr2c:child_oop_il
1244       banked      1690ms raced     zr2c:child_oop_il
1246       banked      1716ms raced     zr2c:child_oop_il
1248       banked     19505ms raced     zr2c:child_oop_il
1250       banked      5336ms raced     zr2c:child_oop_il
1252       banked      1706ms raced     zr2c:child_oop_il
1254       banked      5280ms raced     zr2c:child_oop_il
1256       banked      1700ms raced     zr2c:child_oop_il
1258       banked      1953ms raced     zr2c:child_oop_il
1260       banked     24587ms raced     zr2c:child_nat_ip
1262       banked      1729ms raced     zr2c:child_oop_il
1264       banked      1705ms raced     zr2c:child_oop_il
1266       banked      1708ms raced     zr2c:child_oop_il
1268       banked      1707ms raced     zr2c:child_oop_il
1270       banked      1677ms raced     zr2c:child_oop_il
1272       banked      1722ms raced     zr2c:child_oop_il
1274       banked      2837ms raced     zr2c:child_oop_il
1276       banked      1710ms raced     zr2c:child_oop_il
1278       banked      1708ms raced     zr2c:child_oop_il
1282       banked      1668ms raced     zr2c:child_oop_il
1284       banked      1706ms raced     zr2c:child_oop_il
1286       banked      1679ms raced     zr2c:child_oop_il
1288       banked      5269ms raced     zr2c:child_oop_il
1290       banked      7502ms raced     zr2c:child_oop_il
1292       banked      1687ms raced     zr2c:child_oop_il
1294       banked      1717ms raced     zr2c:child_oop_il
1296       banked     25152ms raced     zr2c:child_oop_il
1298       banked      1687ms raced     zr2c:child_oop_il
1300       banked      4634ms raced     zr2c:child_oop_il
1302       banked      7459ms raced     zr2c:child_oop_il
1304       banked      1702ms raced     zr2c:child_oop_il
1306       banked      1679ms raced     zr2c:child_oop_il
1308       banked      1705ms raced     zr2c:child_oop_il
1310       banked      1723ms raced     zr2c:child_oop_il
1312       banked      5109ms raced     zr2c:child_oop_il
1314       banked      1707ms raced     zr2c:child_oop_il
1316       banked      1758ms raced     zr2c:child_oop_il
1318       banked      1718ms raced     zr2c:child_oop_il
1320       banked     20770ms raced     zr2c:child_oop_il
1322       banked      1705ms raced     zr2c:child_oop_il
1324       banked      1705ms raced     zr2c:child_oop_il
1326       banked      5357ms raced     zr2c:child_oop_il
1328       banked      1704ms raced     zr2c:child_oop_il
1330       banked      5349ms raced     zr2c:child_nat_ip
1332       banked      4838ms raced     zr2c:child_oop_il
1334       banked      2054ms raced     zr2c:child_oop_il
1336       banked      1701ms raced     zr2c:child_oop_il
1338       banked      1700ms raced     zr2c:child_oop_il
1340       banked      1704ms raced     zr2c:child_oop_il
1342       banked      1697ms raced     zr2c:child_oop_il
1346       banked      1709ms raced     zr2c:child_oop_il
1348       banked      1706ms raced     zr2c:child_oop_il
1350       banked     25439ms raced     zr2c:child_oop_il
1352       banked      2797ms raced     zr2c:child_oop_il
1354       banked      1731ms raced     zr2c:child_oop_il
1356       banked      1704ms raced     zr2c:child_nat_ip
1358       banked      1708ms raced     zr2c:child_oop_il
1360       banked      7307ms raced     zr2c:child_oop_il
1362       banked      1705ms raced     zr2c:child_oop_il
1364       banked      1732ms raced     zr2c:child_oop_il
1366       banked      1735ms raced     zr2c:child_oop_il
1368       banked     14977ms raced     zr2c:child_oop_il
1370       banked      1702ms raced     zr2c:child_oop_il
1372       banked       986ms raced     zr2c:child_oop_il
1374       banked      1720ms raced     zr2c:child_nat_ip
1376       banked      5143ms raced     zr2c:child_oop_il
1378       banked      1696ms raced     zr2c:child_oop_il
1380       banked      8047ms raced     zr2c:child_nat_ip
1382       banked      1736ms raced     zr2c:child_oop_il
1384       banked      1703ms raced     zr2c:child_oop_il
1386       banked     19654ms raced     zr2c:child_oop_il
1388       banked      1683ms raced     zr2c:child_oop_il
1390       banked      1707ms raced     zr2c:child_oop_il
1392       banked      7560ms raced     zr2c:child_oop_il
1394       banked      2014ms raced     zr2c:child_oop_il
1396       banked      1702ms raced     zr2c:child_nat_ip
1398       banked      1691ms raced     zr2c:child_oop_il
1400       banked     15111ms raced     zr2c:child_oop_il
1402       banked      1691ms raced     zr2c:child_oop_il
1404       banked      9760ms raced     zr2c:child_oop_il
1406       banked      2039ms raced     zr2c:child_oop_il
1408       banked     13320ms raced     zr2c:child_oop_il
1410       banked      7476ms raced     zr2c:child_oop_il
1412       banked      1699ms raced     zr2c:child_oop_il
1414       banked      1701ms raced     zr2c:child_oop_il
1416       banked      1698ms raced     zr2c:child_oop_il
1418       banked      1715ms raced     zr2c:child_oop_il
1420       banked      1690ms raced     zr2c:child_oop_il
1422       banked      1693ms raced     zr2c:child_oop_il
1424       banked      1705ms raced     zr2c:child_oop_il
1426       banked      2015ms raced     zr2c:child_oop_il
1428       banked      6871ms raced     zr2c:child_oop_il
1430       banked      5305ms raced     zr2c:child_oop_il
1432       banked      1701ms raced     zr2c:child_oop_il
1434       banked      1710ms raced     zr2c:child_oop_il
1436       banked      1716ms raced     zr2c:child_oop_il
1438       banked      1679ms raced     zr2c:child_oop_il
1440       banked     37472ms raced     zr2c:child_oop_il
1442       banked      1714ms raced     zr2c:child_oop_il
1444       banked       947ms raced     zr2c:child_oop_il
1446       banked      1719ms raced     zr2c:child_oop_il
1448       banked      1685ms raced     zr2c:child_oop_il
1450       banked      4927ms raced     zr2c:child_oop_il
1452       banked      2917ms raced     zr2c:child_nat_ip
1454       banked      1711ms raced     zr2c:child_oop_il
1456       banked      6253ms raced     zr2c:child_oop_il
1458       banked     20186ms raced     zr2c:child_oop_il
1460       banked      1705ms raced     zr2c:child_oop_il
1462       banked      2047ms raced     zr2c:child_oop_il
1464       banked      1683ms raced     zr2c:child_oop_il
1466       banked      1698ms raced     zr2c:child_oop_il
1468       banked      1719ms raced     zr2c:child_oop_il
1470       banked     17636ms raced     zr2c:child_oop_il
1472       banked      6888ms raced     zr2c:child_oop_il
1474       banked      1707ms raced     zr2c:child_oop_il
1476       banked      4764ms raced     zr2c:child_oop_il
1478       banked      1691ms raced     zr2c:child_nat_ip
1480       banked      5520ms raced     zr2c:child_oop_il
1482       banked      5459ms raced     zr2c:child_oop_il
1484       banked      1684ms raced     zr2c:child_oop_il
1486       banked      1707ms raced     zr2c:child_oop_il
1488       banked      7603ms raced     zr2c:child_oop_il
1490       banked      1700ms raced     zr2c:child_oop_il
1492       banked      1690ms raced     zr2c:child_oop_il
1494       banked      1715ms raced     zr2c:child_oop_il
1496       banked      5351ms raced     zr2c:child_oop_il
1498       banked      1706ms raced     zr2c:child_oop_il
1500       banked     17286ms raced     zr2c:child_nat_ip
1502       banked      1720ms raced     zr2c:child_oop_il
1504       banked      5202ms raced     zr2c:child_oop_il
1506       banked      1706ms raced     zr2c:child_oop_il
1508       banked      1737ms raced     zr2c:child_oop_il
1510       banked      1724ms raced     zr2c:child_oop_il
1512       banked     25197ms raced     zr2c:child_oop_il
1514       banked      1695ms raced     zr2c:child_oop_il
1516       banked      1721ms raced     zr2c:child_oop_il
1518       banked      5493ms raced     zr2c:child_oop_il
1520       banked      7433ms raced     zr2c:child_oop_il
1522       banked      1685ms raced     zr2c:child_oop_il
1524       banked      1713ms raced     zr2c:child_oop_il
1526       banked      1701ms raced     zr2c:child_oop_il
1528       banked      1705ms raced     zr2c:child_oop_il
1530       banked     20110ms raced     zr2c:child_oop_il
1532       banked      1698ms raced     zr2c:child_oop_il
1534       banked      1706ms raced     zr2c:child_nat_ip
1538       banked      1719ms raced     zr2c:child_oop_il
1540       banked      5483ms raced     zr2c:child_oop_il
1542       banked      1708ms raced     zr2c:child_oop_il
1544       banked      1738ms raced     zr2c:child_oop_il
1546       banked      1710ms raced     zr2c:child_nat_ip
1548       banked      4718ms raced     zr2c:child_oop_il
1550       banked      4981ms raced     zr2c:child_oop_il
1552       banked      1694ms raced     zr2c:child_oop_il
1554       banked      7400ms raced     zr2c:child_oop_il
1556       banked      1688ms raced     zr2c:child_oop_il
1558       banked      2032ms raced     zr2c:child_oop_il
1560       banked     20801ms raced     zr2c:child_oop_il
1562       banked      1709ms raced     zr2c:child_oop_il
1564       banked      1735ms raced     zr2c:child_oop_il
1566       banked     10233ms raced     zr2c:child_oop_il
1568       banked      8226ms raced     zr2c:child_oop_il
1570       banked      1688ms raced     zr2c:child_oop_il
1572       banked      1695ms raced     zr2c:child_oop_il
1574       banked      1704ms raced     zr2c:child_oop_il
1576       banked      1692ms raced     zr2c:child_oop_il
1578       banked      1728ms raced     zr2c:child_oop_il
1580       banked      1705ms raced     zr2c:child_oop_il
1582       banked      1723ms raced     zr2c:child_oop_il
1584       banked     15457ms raced     zr2c:child_oop_il
1586       banked      1704ms raced     zr2c:child_oop_il
1588       banked      1728ms raced     zr2c:child_oop_il
1590       banked      1707ms raced     zr2c:child_oop_il
1592       banked      1681ms raced     zr2c:child_oop_il
1594       banked      1716ms raced     zr2c:child_oop_il
1596       banked      7103ms raced     zr2c:child_oop_il
1598       banked      2016ms raced     zr2c:child_oop_il
1602       banked      1713ms raced     zr2c:child_oop_il
1604       banked      1701ms raced     zr2c:child_oop_il
1606       banked      1718ms raced     zr2c:child_oop_il
1608       banked      1712ms raced     zr2c:child_oop_il
1610       banked      5543ms raced     zr2c:child_nat_ip
1612       banked      1742ms raced     zr2c:child_oop_il
1614       banked      1719ms raced     zr2c:child_oop_il
1616       banked      1705ms raced     zr2c:child_oop_il
1618       banked      1697ms raced     zr2c:child_oop_il
1620       banked     24814ms raced     zr2c:child_oop_il
1622       banked      1716ms raced     zr2c:child_oop_il
1624       banked      5350ms raced     zr2c:child_nat_ip
1626       banked      1718ms raced     zr2c:child_oop_il
1628       banked      1677ms raced     zr2c:child_oop_il
1630       banked      1721ms raced     zr2c:child_oop_il
1632       banked     19787ms raced     zr2c:child_oop_il
1634       banked      2015ms raced     zr2c:child_oop_il
1636       banked      1697ms raced     zr2c:child_oop_il
1638       banked     20203ms raced     zr2c:child_oop_il
1640       banked      5415ms raced     zr2c:child_oop_il
1642       banked      1717ms raced     zr2c:child_oop_il
1644       banked      1684ms raced     zr2c:child_oop_il
1646       banked      1691ms raced     zr2c:child_oop_il
1648       banked      1699ms raced     zr2c:child_oop_il
1650       banked     21028ms raced     zr2c:child_oop_il
1652       banked      1708ms raced     zr2c:child_oop_il
1654       banked      1711ms raced     zr2c:child_oop_il
1656       banked     15423ms raced     zr2c:child_oop_il
1658       banked      1683ms raced     zr2c:child_oop_il
1660       banked      1712ms raced     zr2c:child_oop_il
1662       banked      1702ms raced     zr2c:child_oop_il
1664       banked     13481ms raced     zr2c:child_oop_il
1666       banked      3032ms raced     zr2c:child_oop_il
1668       banked      1694ms raced     zr2c:child_oop_il
1670       banked      1737ms raced     zr2c:child_oop_il
1672       banked      5464ms raced     zr2c:child_nat_ip
1674       banked     10122ms raced     zr2c:child_oop_il
1676       banked      1735ms raced     zr2c:child_oop_il
1678       banked      1694ms raced     zr2c:child_oop_il
1680       banked     28356ms raced     zr2c:child_oop_il
1682       banked      1174ms raced     zr2c:child_oop_il
1684       banked      1694ms raced     zr2c:child_oop_il
1686       banked      1698ms raced     zr2c:child_oop_il
1688       banked      1700ms raced     zr2c:child_oop_il
1690       banked      2937ms raced     zr2c:child_oop_il
1692       banked      4720ms raced     zr2c:child_oop_il
1694       banked      2901ms raced     zr2c:child_oop_il
1696       banked      1716ms raced     zr2c:child_oop_il
1698       banked      1693ms raced     zr2c:child_oop_il
1700       banked      4885ms raced     zr2c:child_oop_il
1702       banked      1962ms raced     zr2c:child_oop_il
1704       banked      1702ms raced     zr2c:child_oop_il
1706       banked      1712ms raced     zr2c:child_oop_il
1708       banked      1718ms raced     zr2c:child_oop_il
1710       banked     20264ms raced     zr2c:child_oop_il
1712       banked      1707ms raced     zr2c:child_oop_il
1714       banked      1696ms raced     zr2c:child_oop_il
1716       banked      5639ms raced     zr2c:child_nat_ip
1718       banked      1686ms raced     zr2c:child_oop_il
1720       banked      5351ms raced     zr2c:child_oop_il
1722       banked      7237ms raced     zr2c:child_oop_il
1724       banked      1721ms raced     zr2c:child_oop_il
1726       banked      1694ms raced     zr2c:child_oop_il
1730       banked      1686ms raced     zr2c:child_oop_il
1732       banked      1719ms raced     zr2c:child_oop_il
1734       banked      2901ms raced     zr2c:child_nat_ip
1736       banked      5450ms raced     zr2c:child_oop_il
1738       banked      1707ms raced     zr2c:child_oop_il
1740       banked      7881ms raced     zr2c:child_oop_il
1742       banked      1706ms raced     zr2c:child_oop_il
1744       banked      1730ms raced     zr2c:child_oop_il
1746       banked      1691ms raced     zr2c:child_oop_il
1748       banked      1698ms raced     zr2c:child_oop_il
1750       banked      9467ms raced     zr2c:child_oop_il
1752       banked      1703ms raced     zr2c:child_oop_il
1754       banked      1738ms raced     zr2c:child_oop_il
1756       banked      1740ms raced     zr2c:child_oop_il
1758       banked      1712ms raced     zr2c:child_oop_il
1760       banked     18547ms raced     zr2c:child_oop_il
1762       banked      1736ms raced     zr2c:child_oop_il
1764       banked     14316ms raced     zr2c:child_nat_ip
1766       banked      1698ms raced     zr2c:child_oop_il
1768       banked      5540ms raced     zr2c:child_oop_il
1770       banked      1704ms raced     zr2c:child_oop_il
1772       banked      1707ms raced     zr2c:child_oop_il
1774       banked      1708ms raced     zr2c:child_oop_il
1776       banked      7570ms raced     zr2c:child_oop_il
1778       banked      1676ms raced     zr2c:child_oop_il
1780       banked      1692ms raced     zr2c:child_oop_il
1782       banked     19905ms raced     zr2c:child_oop_il
1784       banked      1716ms raced     zr2c:child_oop_il
1786       banked      1963ms raced     zr2c:child_oop_il
1788       banked      1719ms raced     zr2c:child_oop_il
1790       banked      1720ms raced     zr2c:child_oop_il
1794       banked      5441ms raced     zr2c:child_oop_il
1796       banked      1705ms raced     zr2c:child_oop_il
1798       banked      1995ms raced     zr2c:child_oop_il
1800       banked     29742ms raced     zr2c:child_oop_il
1802       banked      1724ms raced     zr2c:child_oop_il
1804       banked      1713ms raced     zr2c:child_oop_il
1806       banked      7347ms raced     zr2c:child_oop_il
1808       banked      1743ms raced     zr2c:child_oop_il
1810       banked      1723ms raced     zr2c:child_oop_il
1812       banked      1713ms raced     zr2c:child_oop_il
1814       banked      1714ms raced     zr2c:child_oop_il
1816       banked      1727ms raced     zr2c:child_nat_ip
1818       banked      1721ms raced     zr2c:child_oop_il
1820       banked      5716ms raced     zr2c:child_oop_il
1822       banked      1676ms raced     zr2c:child_oop_il
1824       banked     19569ms raced     zr2c:child_oop_il
1826       banked      1693ms raced     zr2c:child_nat_ip
1828       banked      1727ms raced     zr2c:child_oop_il
1830       banked      1710ms raced     zr2c:child_oop_il
1832       banked      1705ms raced     zr2c:child_oop_il
1834       banked      1721ms raced     zr2c:child_oop_il
1836       banked      9727ms raced     zr2c:child_oop_il
1838       banked      1706ms raced     zr2c:child_oop_il
1840       banked      7660ms raced     zr2c:child_oop_il
1842       banked      1705ms raced     zr2c:child_nat_ip
1844       banked      1715ms raced     zr2c:child_oop_il
1846       banked      1703ms raced     zr2c:child_oop_il
1848       banked     20455ms raced     zr2c:child_oop_il
1850       banked      4863ms raced     zr2c:child_oop_il
1852       banked      1721ms raced     zr2c:child_oop_il
1854       banked      1719ms raced     zr2c:child_oop_il
1856       banked      7341ms raced     zr2c:child_oop_il
1858       banked      1686ms raced     zr2c:child_oop_il
1860       banked      7886ms raced     zr2c:child_oop_il
1862       banked      3015ms raced     zr2c:child_oop_il
1864       banked      1707ms raced     zr2c:child_nat_ip
1866       banked      1712ms raced     zr2c:child_oop_il
1868       banked      1722ms raced     zr2c:child_oop_il
1870       banked      5537ms raced     zr2c:child_nat_ip
1872       banked     16088ms raced     zr2c:child_oop_il
1874       banked      1683ms raced     zr2c:child_oop_il
1876       banked      1704ms raced     zr2c:child_oop_il
1878       banked      1725ms raced     zr2c:child_oop_il
1880       banked      5324ms raced     zr2c:child_oop_il
1882       banked      1735ms raced     zr2c:child_oop_il
1884       banked      1700ms raced     zr2c:child_oop_il
1886       banked      1988ms raced     zr2c:child_nat_ip
1888       banked      1723ms raced     zr2c:child_oop_il
1890       banked     28137ms raced     zr2c:child_oop_il
1892       banked      1712ms raced     zr2c:child_oop_il
1894       banked      1731ms raced     zr2c:child_oop_il
1896       banked      1693ms raced     zr2c:child_oop_il
1898       banked      1709ms raced     zr2c:child_oop_il
1900       banked      4729ms raced     zr2c:child_oop_il
1902       banked      1732ms raced     zr2c:child_oop_il
1904       banked      6727ms raced     zr2c:child_oop_il
1906       banked      1719ms raced     zr2c:child_oop_il
1908       banked      1715ms raced     zr2c:child_oop_il
1910       banked      1697ms raced     zr2c:child_oop_il
1912       banked      1710ms raced     zr2c:child_oop_il
1914       banked      5288ms raced     zr2c:child_oop_il
1916       banked      1700ms raced     zr2c:child_nat_ip
1918       banked      1717ms raced     zr2c:child_nat_ip
1922       banked      1217ms raced     zr2c:child_oop_il
1924       banked      1707ms raced     zr2c:child_oop_il
1926       banked      1732ms raced     zr2c:child_oop_il
1928       banked      1729ms raced     zr2c:child_oop_il
1930       banked      1727ms raced     zr2c:child_oop_il
1932       banked      6855ms raced     zr2c:child_oop_il
1934       banked      1728ms raced     zr2c:child_oop_il
1936       banked      3361ms raced     zr2c:child_oop_il
1938       banked      5271ms raced     zr2c:child_oop_il
1940       banked      1719ms raced     zr2c:child_oop_il
1942       banked      1707ms raced     zr2c:child_oop_il
1944       banked     23692ms raced     zr2c:child_oop_il
1946       banked      1726ms raced     zr2c:child_oop_il
1948       banked      1694ms raced     zr2c:child_oop_il
1950       banked     21038ms raced     zr2c:child_oop_il
1952       banked      1715ms raced     zr2c:child_oop_il
1954       banked      1745ms raced     zr2c:child_oop_il
1956       banked      1693ms raced     zr2c:child_oop_il
1958       banked      1726ms raced     zr2c:child_oop_il
1960       banked      8962ms raced     zr2c:child_oop_il
1962       banked      1710ms raced     zr2c:child_oop_il
1964       banked      1700ms raced     zr2c:child_oop_il
1966       banked      1731ms raced     zr2c:child_nat_ip
1968       banked      7229ms raced     zr2c:child_nat_ip
1970       banked      1707ms raced     zr2c:child_oop_il
1972       banked      1686ms raced     zr2c:child_oop_il
1974       banked      7301ms raced     zr2c:child_oop_il
1976       banked      5323ms raced     zr2c:child_oop_il
1978       banked      1964ms raced     zr2c:child_oop_il
1980       banked     20650ms raced     zr2c:child_oop_il
1982       banked      1707ms raced     zr2c:child_oop_il
1984       banked      7095ms raced     zr2c:child_oop_il
1986       banked      1712ms raced     zr2c:child_oop_il
1988       banked      1716ms raced     zr2c:child_oop_il
1990       banked      1723ms raced     zr2c:child_oop_il
1992       banked      1708ms raced     zr2c:child_oop_il
1994       banked      1692ms raced     zr2c:child_oop_il
1996       banked      1710ms raced     zr2c:child_oop_il
1998       banked     10113ms raced     zr2c:child_oop_il
2000       banked     13569ms raced     zr2c:child_oop_il
2002       banked      5534ms raced     zr2c:child_oop_il
2004       banked      1735ms raced     zr2c:child_oop_il
2006       banked      1700ms raced     zr2c:child_oop_il
2008       banked      1736ms raced     zr2c:child_oop_il
2010       banked      1733ms raced     zr2c:child_oop_il
2012       banked      1714ms raced     zr2c:child_oop_il
2014       banked      1712ms raced     zr2c:child_oop_il
2016       banked     36202ms raced     zr2c:child_oop_il
2018       banked      1722ms raced     zr2c:child_oop_il
2020       banked      1724ms raced     zr2c:child_oop_il
2022       banked      1717ms raced     zr2c:child_oop_il
2024       banked      5302ms raced     zr2c:child_oop_il
2026       banked      1726ms raced     zr2c:child_oop_il
2028       banked      3033ms raced     zr2c:child_oop_il
2030       banked      5404ms raced     zr2c:child_oop_il
2032       banked      1711ms raced     zr2c:child_oop_il
2034       banked      1717ms raced     zr2c:child_oop_il
2036       banked      1710ms raced     zr2c:child_oop_il
2038       banked      1724ms raced     zr2c:child_oop_il
2040       banked     21219ms raced     zr2c:child_oop_il
2042       banked      1730ms raced     zr2c:child_oop_il
2044       banked      1715ms raced     zr2c:child_oop_il
2046       banked      5340ms raced     zr2c:child_oop_il
2048       banked      4094ms raced     zr2c:child_oop_il
2058       banked      6208ms raced     zr2c:child_oop_il
2250       banked     25326ms raced     zr2c:child_oop_il
2430       banked     24710ms raced     zr2c:child_oop_il
2450       banked      7669ms raced     zr2c:child_oop_il
2646       banked     22815ms raced     zr2c:child_oop_il
3000       banked     26960ms raced     zr2c:child_oop_il
3150       banked     30311ms raced     zr2c:child_oop_il
3402       banked     24758ms raced     zr2c:child_oop_il
3430       banked      3206ms raced     zr2c:child_oop_il
3750       banked     23023ms raced     zr2c:child_oop_il
4000       banked     29260ms raced     zr2c:child_oop_il
4050       banked     28407ms raced     zr2c:child_oop_il
8192       banked      6472ms raced     zr2c:child_oop_il
32768      banked     11892ms raced     zr2c:child_oop_il
