2026-10-03 17:10:46 store: fresh copy of the shipped wisdom (C:\Users\Tugbars\Desktop\highSpeedFFT\src\wisdom)
2026-10-03 17:10:46 run: 1003 cells, contract out of place, bin C:\Users\Tugbars\Desktop\highSpeedFFT\gauntlet
2026-10-03 17:10:46 calibrate: 1003 cells (0 already done), RECALIBRATE (every cell re-raced)
2026-10-03 17:11:18   calibrated 25/1003 (86), 32 s elapsed
2026-10-03 17:12:15   calibrated 50/1003 (140), 89 s elapsed
2026-10-03 17:13:29   calibrated 75/1003 (192), 163 s elapsed
2026-10-03 17:14:47   calibrated 100/1003 (242), 241 s elapsed
2026-10-03 17:16:11   calibrated 125/1003 (292), 325 s elapsed
2026-10-03 17:17:28   calibrated 150/1003 (344), 402 s elapsed
2026-10-03 17:19:10   calibrated 175/1003 (394), 504 s elapsed
2026-10-03 17:20:31   calibrated 200/1003 (444), 584 s elapsed
2026-10-03 17:22:16   calibrated 225/1003 (496), 689 s elapsed
2026-10-03 17:23:58   calibrated 250/1003 (546), 791 s elapsed
2026-10-03 17:25:30   calibrated 275/1003 (596), 883 s elapsed
2026-10-03 17:27:25   calibrated 300/1003 (648), 999 s elapsed
2026-10-03 17:28:53   calibrated 325/1003 (698), 1087 s elapsed
2026-10-03 17:30:32   calibrated 350/1003 (748), 1185 s elapsed
2026-10-03 17:32:26   calibrated 375/1003 (800), 1300 s elapsed
2026-10-03 17:34:02   calibrated 400/1003 (850), 1396 s elapsed
2026-10-03 17:35:54   calibrated 425/1003 (902), 1507 s elapsed
2026-10-03 17:37:24   calibrated 450/1003 (952), 1598 s elapsed
2026-10-03 17:38:49   calibrated 475/1003 (1004), 1682 s elapsed
2026-10-03 17:40:45   calibrated 500/1003 (1054), 1798 s elapsed
2026-10-03 17:42:35   calibrated 525/1003 (1104), 1909 s elapsed
2026-10-03 17:44:26   calibrated 550/1003 (1156), 2019 s elapsed
2026-10-03 17:46:28   calibrated 575/1003 (1206), 2142 s elapsed
2026-10-03 17:48:25   calibrated 600/1003 (1256), 2258 s elapsed
2026-10-03 17:50:13   calibrated 625/1003 (1308), 2367 s elapsed
2026-10-03 17:52:00   calibrated 650/1003 (1360), 2474 s elapsed
2026-10-03 17:54:09   calibrated 675/1003 (1410), 2602 s elapsed
2026-10-03 17:56:03   calibrated 700/1003 (1460), 2717 s elapsed
2026-10-03 17:57:47   calibrated 725/1003 (1510), 2821 s elapsed
2026-10-03 17:59:57   calibrated 750/1003 (1562), 2950 s elapsed
2026-10-03 18:01:18   calibrated 775/1003 (1614), 3031 s elapsed
2026-10-03 18:03:53   calibrated 800/1003 (1664), 3187 s elapsed
2026-10-03 18:05:43   calibrated 825/1003 (1714), 3297 s elapsed
2026-10-03 18:07:28   calibrated 850/1003 (1766), 3401 s elapsed
2026-10-03 18:09:17   calibrated 875/1003 (1818), 3510 s elapsed
2026-10-03 18:11:10   calibrated 900/1003 (1868), 3624 s elapsed
2026-10-03 18:12:54   calibrated 925/1003 (1918), 3727 s elapsed
2026-10-03 18:14:41   calibrated 950/1003 (1970), 3834 s elapsed
2026-10-03 18:16:56   calibrated 975/1003 (2020), 3970 s elapsed
2026-10-03 18:21:39   calibrated 1000/1003 (4000), 4253 s elapsed
2026-10-03 18:22:26   calibrated 1003/1003 (32768), 4299 s elapsed
2026-10-03 18:22:26 bench: 1003 cells (0 already benched, 0 not banked -> not benched)
2026-10-03 18:23:06   benched 25/1003 (86), 39 s elapsed
2026-10-03 18:23:46   benched 50/1003 (140), 78 s elapsed
2026-10-03 18:24:27   benched 75/1003 (192), 120 s elapsed
2026-10-03 18:25:09   benched 100/1003 (242), 162 s elapsed
2026-10-03 18:25:51   benched 125/1003 (292), 203 s elapsed
2026-10-03 18:26:32   benched 150/1003 (344), 245 s elapsed
2026-10-03 18:27:15   benched 175/1003 (394), 287 s elapsed
2026-10-03 18:28:00   benched 200/1003 (444), 333 s elapsed
2026-10-03 18:28:42   benched 225/1003 (496), 375 s elapsed
2026-10-03 18:29:27   benched 250/1003 (546), 420 s elapsed
2026-10-03 18:30:13   benched 275/1003 (596), 465 s elapsed
2026-10-03 18:30:58   benched 300/1003 (648), 511 s elapsed
2026-10-03 18:31:42   benched 325/1003 (698), 555 s elapsed
2026-10-03 18:32:26   benched 350/1003 (748), 599 s elapsed
2026-10-03 18:33:10   benched 375/1003 (800), 643 s elapsed
2026-10-03 18:33:57   benched 400/1003 (850), 689 s elapsed
2026-10-03 18:34:41   benched 425/1003 (902), 734 s elapsed
2026-10-03 18:35:25   benched 450/1003 (952), 778 s elapsed
2026-10-03 18:36:09   benched 475/1003 (1004), 821 s elapsed
2026-10-03 18:36:56   benched 500/1003 (1054), 869 s elapsed
2026-10-03 18:37:43   benched 525/1003 (1104), 916 s elapsed
2026-10-03 18:38:30   benched 550/1003 (1156), 963 s elapsed
2026-10-03 18:39:18   benched 575/1003 (1206), 1011 s elapsed
2026-10-03 18:40:06   benched 600/1003 (1256), 1059 s elapsed
2026-10-03 18:40:54   benched 625/1003 (1308), 1107 s elapsed
2026-10-03 18:41:42   benched 650/1003 (1360), 1154 s elapsed
2026-10-03 18:42:27   benched 675/1003 (1410), 1200 s elapsed
2026-10-03 18:43:16   benched 700/1003 (1460), 1249 s elapsed
2026-10-03 18:44:03   benched 725/1003 (1510), 1296 s elapsed
2026-10-03 18:44:50   benched 750/1003 (1562), 1343 s elapsed
2026-10-03 18:45:38   benched 775/1003 (1614), 1391 s elapsed
2026-10-03 18:46:26   benched 800/1003 (1664), 1439 s elapsed
2026-10-03 18:47:13   benched 825/1003 (1714), 1485 s elapsed
2026-10-03 18:47:58   benched 850/1003 (1766), 1531 s elapsed
2026-10-03 18:48:46   benched 875/1003 (1818), 1578 s elapsed
2026-10-03 18:49:32   benched 900/1003 (1868), 1625 s elapsed
2026-10-03 18:50:18   benched 925/1003 (1918), 1670 s elapsed
2026-10-03 18:51:03   benched 950/1003 (1970), 1716 s elapsed
2026-10-03 18:51:49   benched 975/1003 (2020), 1761 s elapsed
2026-10-03 18:52:32   benched 1000/1003 (4000), 1805 s elapsed
2026-10-03 18:52:37   benched 1003/1003 (32768), 1810 s elapsed
2026-10-03 18:52:39 report: C:\Users\Tugbars\Desktop\highSpeedFFT\gauntlet\results\rebank_zr2c_r2c_2026-10-03\report_r2c.md
2026-10-03 18:52:39 merged into C:\Users\Tugbars\Desktop\highSpeedFFT\src\wisdom
