9          banked       103ms replayed  mono
11         banked        80ms replayed  mono
13         banked        81ms replayed  mono
14         banked        80ms replayed  mono
15         banked        82ms replayed  2p
17         banked        83ms replayed  mono
18         banked        82ms replayed  2p
19         banked        81ms replayed  mono
21         banked        81ms replayed  2p
22         banked        90ms replayed  mono
23         banked        81ms replayed  mono
25         banked        81ms replayed  2p
26         banked        80ms replayed  mono
27         banked        80ms replayed  flat
28         banked        80ms replayed  2p
29         banked        81ms replayed  mono
30         banked        80ms replayed  2p
31         banked        80ms replayed  mono
33         banked        80ms replayed  2p
34         banked        81ms replayed  flat
35         banked        80ms replayed  2p
36         banked        80ms replayed  2p
37         banked        80ms replayed  mono
38         banked        89ms replayed  flat
39         banked        80ms replayed  2p
41         banked        83ms replayed  mono
42         banked        80ms replayed  2p
43         banked        81ms replayed  prime
44         banked        80ms replayed  2p
45         banked        81ms replayed  2p
46         banked        81ms replayed  flat
47         banked        82ms replayed  mono
49         banked        81ms replayed  2p
50         banked        82ms replayed  2p
51         banked        83ms replayed  2p
52         banked        81ms replayed  2p
53         banked        82ms replayed  prime
54         banked        94ms replayed  2p
55         banked        82ms replayed  2p
56         banked        82ms replayed  2p
57         banked        80ms replayed  2p
58         banked        81ms replayed  flat
59         banked        81ms replayed  prime
60         banked        80ms replayed  2p
61         banked        82ms replayed  prime
62         banked        80ms replayed  flat
63         banked        82ms replayed  2p
65         banked        80ms replayed  2p
66         banked        82ms replayed  2p
67         banked        83ms replayed  prime
68         banked        80ms replayed  2p
69         banked        89ms replayed  2p
70         banked        80ms replayed  2p
71         banked        85ms replayed  prime
72         banked        85ms replayed  2p
73         banked        85ms replayed  prime
74         banked        80ms replayed  flat
75         banked        80ms replayed  2p
76         banked        82ms replayed  2p
77         banked        80ms replayed  2p
78         banked        81ms replayed  2p
79         banked        82ms replayed  prime
81         banked        80ms replayed  2p
82         banked        80ms replayed  prime
83         banked        82ms replayed  prime
84         banked        89ms replayed  2p
85         banked        82ms replayed  2p
86         banked        80ms replayed  prime
87         banked        80ms replayed  flat
88         banked        80ms replayed  2p
89         banked        81ms replayed  prime
90         banked        80ms replayed  2p
91         banked        82ms replayed  2p
92         banked        81ms replayed  2p
93         banked        82ms replayed  flat
94         banked        80ms replayed  prime
95         banked        79ms replayed  2p
97         banked        80ms replayed  prime
98         banked        80ms replayed  flat
99         banked        95ms replayed  2p
100        banked        81ms replayed  2p
101        banked        81ms replayed  prime
102        banked        81ms replayed  2p
103        banked        83ms replayed  prime
104        banked        80ms replayed  2p
105        banked        82ms replayed  2p
106        banked        80ms replayed  prime
107        banked        82ms replayed  prime
108        banked        81ms replayed  2p
109        banked        81ms replayed  prime
110        banked        80ms replayed  2p
111        banked        82ms replayed  prime
112        banked        85ms replayed  2p
113        banked        89ms replayed  prime
114        banked        82ms replayed  2p
115        banked        81ms replayed  2p
116        banked        83ms replayed  flat
117        banked        80ms replayed  2p
118        banked        82ms replayed  prime
119        banked        80ms replayed  2p
120        banked        82ms replayed  2p
121        banked        82ms replayed  2p
122        banked        81ms replayed  prime
123        banked        80ms replayed  prime
124        banked        83ms replayed  flat
125        banked        82ms replayed  2p
126        banked        80ms replayed  2p
127        banked        89ms replayed  prime
129        banked        80ms replayed  flat
130        banked        81ms replayed  2p
131        banked        80ms replayed  prime
132        banked        82ms replayed  2p
133        banked        80ms replayed  2p
134        banked        80ms replayed  prime
135        banked        81ms replayed  2p
136        banked        80ms replayed  2p
137        banked        89ms replayed  prime
138        banked        85ms replayed  2p
139        banked        80ms replayed  prime
140        banked        81ms replayed  chain3
141        banked        81ms replayed  flat
142        banked        90ms replayed  prime
143        banked        81ms replayed  2p
144        banked        81ms replayed  chain3
145        banked        80ms replayed  2p
146        banked        81ms replayed  prime
147        banked        80ms replayed  chain3
148        banked        81ms replayed  2p
149        banked        80ms replayed  prime
150        banked        79ms replayed  2p
151        banked        81ms replayed  prime
152        banked        80ms replayed  2p
153        banked        82ms replayed  2p
154        banked        81ms replayed  flat
155        banked        83ms replayed  2p
156        banked        92ms replayed  2p
157        banked        81ms replayed  prime
158        banked        81ms replayed  prime
159        banked        80ms replayed  prime
161        banked        82ms replayed  2p
162        banked        79ms replayed  2p
163        banked        86ms replayed  prime
164        banked        83ms replayed  2p
165        banked        80ms replayed  2p
166        banked        83ms replayed  prime
167        banked        81ms replayed  prime
168        banked        80ms replayed  chain3
169        banked        83ms replayed  2p
170        banked        80ms replayed  2p
171        banked        90ms replayed  2p
172        banked        80ms replayed  2p
173        banked        83ms replayed  prime
174        banked        85ms replayed  2p
175        banked        83ms replayed  chain3
176        banked        85ms replayed  2p
177        banked        82ms replayed  prime
178        banked        80ms replayed  prime
179        banked        83ms replayed  prime
180        banked        82ms replayed  2p
181        banked        81ms replayed  prime
182        banked        80ms replayed  flat
183        banked        80ms replayed  prime
184        banked        80ms replayed  2p
185        banked        95ms replayed  2p
186        banked        81ms replayed  2p
187        banked        83ms replayed  flat
188        banked        81ms replayed  2p
189        banked        83ms replayed  chain3
190        banked        82ms replayed  2p
191        banked        80ms replayed  prime
193        banked        82ms replayed  prime
194        banked        80ms replayed  prime
195        banked        81ms replayed  chain3
196        banked        82ms replayed  chain3
197        banked        81ms replayed  prime
198        banked        82ms replayed  chain3
199        banked        94ms replayed  prime
200        banked        92ms replayed  chain3
201        banked        80ms replayed  prime
202        banked        81ms replayed  prime
203        banked        80ms replayed  2p
204        banked        80ms replayed  chain3
205        banked        80ms replayed  2p
206        banked        81ms replayed  prime
207        banked        80ms replayed  2p
208        banked        80ms replayed  2p
209        banked        80ms replayed  2p
210        banked        82ms replayed  chain3
211        banked        80ms replayed  prime
212        banked        80ms replayed  prime
213        banked        83ms replayed  prime
214        banked        95ms replayed  prime
215        banked        83ms replayed  flat
216        banked        81ms replayed  2p
217        banked        83ms replayed  2p
218        banked        80ms replayed  prime
219        banked        80ms replayed  prime
220        banked        80ms replayed  chain3
221        banked        81ms replayed  2p
222        banked        81ms replayed  2p
223        banked        83ms replayed  prime
224        banked        80ms replayed  2p
225        banked        82ms replayed  2p
226        banked        82ms replayed  prime
227        banked        85ms replayed  prime
228        banked        93ms replayed  flat
229        banked        81ms replayed  prime
230        banked        80ms replayed  2p
231        banked        79ms replayed  chain3
232        banked        80ms replayed  flat
233        banked        81ms replayed  prime
234        banked        82ms replayed  chain3
235        banked        83ms replayed  2p
236        banked        84ms replayed  prime
237        banked        84ms replayed  prime
238        banked        85ms replayed  flat
239        banked        86ms replayed  prime
240        banked        82ms replayed  2p
241        banked        81ms replayed  prime
242        banked        81ms replayed  flat
243        banked        80ms replayed  2p
244        banked        82ms replayed  prime
245        banked        81ms replayed  chain3
246        banked        80ms replayed  2p
247        banked        91ms replayed  2p
248        banked        82ms replayed  flat
249        banked        79ms replayed  prime
250        banked        81ms replayed  chain3
251        banked        81ms replayed  prime
252        banked        82ms replayed  chain3
253        banked        81ms replayed  2p
254        banked        82ms replayed  prime
255        banked        81ms replayed  2p
257        banked        81ms replayed  prime
258        banked        90ms replayed  2p
259        banked        85ms replayed  2p
260        banked        83ms replayed  chain3
261        banked        80ms replayed  2p
262        banked        79ms replayed  prime
263        banked        80ms replayed  prime
264        banked        85ms replayed  chain3
265        banked        84ms replayed  prime
266        banked        80ms replayed  flat
267        banked        90ms replayed  prime
268        banked        83ms replayed  prime
269        banked        81ms replayed  prime
270        banked        79ms replayed  chain3
271        banked        82ms replayed  prime
272        banked        83ms replayed  2p
273        banked        80ms replayed  2p
274        banked        80ms replayed  prime
275        banked        80ms replayed  chain3
276        banked        91ms replayed  2p
277        banked        84ms replayed  prime
278        banked        84ms replayed  prime
279        banked        82ms replayed  2p
280        banked        81ms replayed  chain3
281        banked        82ms replayed  prime
282        banked        84ms replayed  2p
283        banked        80ms replayed  prime
284        banked        79ms replayed  prime
285        banked        80ms replayed  2p
286        banked        81ms replayed  flat
287        banked        80ms replayed  2p
288        banked        94ms replayed  2p
289        banked        94ms replayed  2p
290        banked        81ms replayed  2p
291        banked        81ms replayed  prime
292        banked        82ms replayed  prime
293        banked        80ms replayed  prime
294        banked        83ms replayed  chain3
295        banked        81ms replayed  prime
296        banked        92ms replayed  2p
297        banked        82ms replayed  chain3
298        banked        82ms replayed  prime
299        banked        82ms replayed  2p
300        banked        82ms replayed  chain3
301        banked        80ms replayed  flat
302        banked        80ms replayed  prime
303        banked        91ms replayed  prime
304        banked        81ms replayed  2p
305        banked        81ms replayed  prime
306        banked        81ms replayed  chain3
307        banked        84ms replayed  prime
308        banked        80ms replayed  chain3
309        banked        81ms replayed  prime
310        banked        90ms replayed  2p
311        banked        80ms replayed  prime
312        banked        85ms replayed  chain3
313        banked        98ms replayed  prime
314        banked        81ms replayed  prime
315        banked        81ms replayed  chain3
316        banked        81ms replayed  prime
317        banked        94ms replayed  prime
318        banked        80ms replayed  prime
319        banked        80ms replayed  2p
321        banked        81ms replayed  prime
322        banked        81ms replayed  flat
323        banked        81ms replayed  2p
324        banked        81ms replayed  chain3
325        banked        94ms replayed  2p
326        banked        82ms replayed  prime
327        banked        82ms replayed  prime
328        banked        82ms replayed  2p
329        banked        81ms replayed  flat
330        banked        80ms replayed  chain3
331        banked        81ms replayed  prime
332        banked        92ms replayed  prime
333        banked        80ms replayed  2p
334        banked        81ms replayed  prime
335        banked        83ms replayed  prime
336        banked        84ms replayed  2p
337        banked        97ms replayed  prime
338        banked        84ms replayed  flat
339        banked        92ms replayed  prime
340        banked        82ms replayed  chain3
341        banked        81ms replayed  flat
342        banked        82ms replayed  chain3
343        banked        79ms replayed  chain3
344        banked        80ms replayed  2p
345        banked        83ms replayed  2p
346        banked        94ms replayed  prime
347        banked        83ms replayed  prime
348        banked        81ms replayed  2p
349        banked        80ms replayed  prime
350        banked        83ms replayed  chain3
351        banked        88ms replayed  chain3
352        banked        84ms replayed  2p
353        banked        93ms replayed  prime
354        banked        82ms replayed  prime
355        banked        81ms replayed  prime
356        banked        80ms replayed  prime
357        banked        82ms replayed  chain3
358        banked        81ms replayed  prime
359        banked        85ms replayed  prime
360        banked        97ms replayed  chain3
361        banked        83ms replayed  2p
362        banked        83ms replayed  prime
363        banked        83ms replayed  chain3
364        banked        80ms replayed  chain3
365        banked        82ms replayed  prime
366        banked        83ms replayed  prime
367        banked        91ms replayed  prime
368        banked        80ms replayed  2p
369        banked        79ms replayed  2p
370        banked        79ms replayed  2p
371        banked        82ms replayed  prime
372        banked        80ms replayed  flat
373        banked        85ms replayed  prime
374        banked        90ms replayed  flat
375        banked        81ms replayed  chain3
376        banked        80ms replayed  2p
377        banked        79ms replayed  2p
378        banked        80ms replayed  chain3
379        banked        82ms replayed  prime
380        banked        81ms replayed  chain3
381        banked        96ms replayed  prime
382        banked        85ms replayed  prime
383        banked        85ms replayed  prime
385        banked        94ms replayed  chain3
386        banked        85ms replayed  prime
387        banked        83ms replayed  2p
388        banked        84ms replayed  prime
389        banked        90ms replayed  prime
390        banked        81ms replayed  chain3
391        banked        83ms replayed  2p
392        banked        82ms replayed  chain3
393        banked        82ms replayed  prime
394        banked        83ms replayed  prime
395        banked        81ms replayed  prime
396        banked        93ms replayed  chain3
397        banked        81ms replayed  prime
398        banked        86ms replayed  prime
399        banked        80ms replayed  chain3
400        banked        80ms replayed  2p
401        banked        80ms replayed  prime
402        banked        82ms replayed  prime
403        banked        94ms replayed  2p
404        banked        81ms replayed  prime
405        banked        80ms replayed  chain3
406        banked        80ms replayed  flat
407        banked        80ms replayed  2p
408        banked        81ms replayed  chain3
409        banked        85ms replayed  prime
410        banked        92ms replayed  2p
411        banked        80ms replayed  prime
412        banked        80ms replayed  prime
413        banked        80ms replayed  prime
414        banked        83ms replayed  chain3
415        banked        82ms replayed  prime
416        banked        82ms replayed  2p
417        banked        94ms replayed  prime
418        banked        80ms replayed  flat
419        banked        82ms replayed  prime
420        banked        80ms replayed  chain3
421        banked        81ms replayed  prime
422        banked        85ms replayed  prime
423        banked        84ms replayed  flat
424        banked        90ms replayed  prime
425        banked        80ms replayed  2p
426        banked        81ms replayed  prime
427        banked        80ms replayed  prime
428        banked        80ms replayed  prime
429        banked        81ms replayed  chain3
430        banked        83ms replayed  2p
431        banked        91ms replayed  prime
432        banked        81ms replayed  2p
433        banked        85ms replayed  prime
434        banked        85ms replayed  flat
435        banked        86ms replayed  2p
436        banked        82ms replayed  prime
437        banked        79ms replayed  2p
438        banked        90ms replayed  prime
439        banked        82ms replayed  prime
440        banked        81ms replayed  chain3
441        banked        84ms replayed  chain3
442        banked        84ms replayed  flat
443        banked        83ms replayed  prime
444        banked        81ms replayed  2p
445        banked        90ms replayed  prime
446        banked        82ms replayed  prime
447        banked        82ms replayed  prime
448        banked        80ms replayed  chain3
449        banked        81ms replayed  prime
450        banked        81ms replayed  chain3
451        banked        82ms replayed  2p
452        banked        93ms replayed  prime
453        banked        80ms replayed  prime
454        banked        83ms replayed  prime
455        banked        80ms replayed  chain3
456        banked        81ms replayed  chain3
457        banked        87ms replayed  prime
458        banked        93ms replayed  prime
459        banked        92ms replayed  chain3
460        banked        82ms replayed  flat
461        banked        80ms replayed  prime
462        banked        81ms replayed  chain3
463        banked        84ms replayed  prime
464        banked        80ms replayed  2p
465        banked        81ms replayed  2p
466        banked        92ms replayed  prime
467        banked        84ms replayed  prime
468        banked        81ms replayed  chain3
469        banked        83ms replayed  prime
470        banked        96ms replayed  2p
471        banked        83ms replayed  prime
472        banked        80ms replayed  prime
473        banked        90ms replayed  2p
474        banked        81ms replayed  prime
475        banked        82ms replayed  2p
476        banked        80ms replayed  chain3
477        banked        85ms replayed  prime
478        banked        81ms replayed  prime
479        banked        80ms replayed  prime
480        banked        89ms replayed  2p
481        banked        82ms replayed  2p
482        banked        88ms replayed  prime
483        banked        84ms replayed  2p
484        banked        82ms replayed  chain3
485        banked        80ms replayed  prime
486        banked        82ms replayed  chain3
487        banked        90ms replayed  prime
488        banked        80ms replayed  prime
489        banked        79ms replayed  prime
490        banked        80ms replayed  chain3
491        banked        81ms replayed  prime
492        banked        82ms replayed  2p
493        banked        83ms replayed  2p
494        banked       106ms replayed  flat
495        banked        82ms replayed  flat
496        banked        84ms replayed  flat
497        banked        82ms replayed  prime
498        banked        82ms replayed  prime
499        banked        82ms replayed  prime
500        banked        80ms replayed  chain3
501        banked        92ms replayed  prime
502        banked        80ms replayed  prime
503        banked        81ms replayed  prime
504        banked        82ms replayed  chain3
505        banked        81ms replayed  prime
506        banked        87ms replayed  flat
507        banked        82ms replayed  chain3
508        banked        96ms replayed  prime
509        banked        80ms replayed  prime
510        banked        82ms replayed  chain3
511        banked        82ms replayed  prime
513        banked        82ms replayed  2p
515        banked        82ms replayed  prime
517        banked        81ms replayed  flat
519        banked        93ms replayed  prime
521        banked        80ms replayed  prime
523        banked        82ms replayed  prime
525        banked        81ms replayed  2p
527        banked        83ms replayed  2p
529        banked        82ms replayed  2p
531        banked        80ms replayed  prime
533        banked        93ms replayed  2p
535        banked        82ms replayed  prime
537        banked        82ms replayed  prime
539        banked        80ms replayed  flat
541        banked        80ms replayed  prime
543        banked        80ms replayed  prime
545        banked        82ms replayed  prime
547        banked        90ms replayed  prime
549        banked        95ms replayed  prime
551        banked        83ms replayed  2p
553        banked        83ms replayed  prime
555        banked        80ms replayed  2p
557        banked        80ms replayed  prime
559        banked        81ms replayed  2p
561        banked        90ms replayed  flat
563        banked        80ms replayed  prime
565        banked        83ms replayed  prime
567        banked        82ms replayed  2p
569        banked        81ms replayed  prime
571        banked        83ms replayed  prime
573        banked        83ms replayed  prime
575        banked        98ms replayed  2p
577        banked        82ms replayed  prime
579        banked        81ms replayed  prime
581        banked        82ms replayed  prime
583        banked        80ms replayed  prime
585        banked        81ms replayed  chain3
587        banked        80ms replayed  prime
589        banked        90ms replayed  2p
591        banked        81ms replayed  prime
593        banked        81ms replayed  prime
595        banked        80ms replayed  chain3
597        banked        87ms replayed  prime
599        banked        80ms replayed  prime
601        banked        81ms replayed  prime
603        banked        92ms replayed  prime
605        banked        80ms replayed  flat
607        banked        81ms replayed  prime
609        banked        80ms replayed  2p
611        banked        81ms replayed  flat
613        banked        82ms replayed  prime
615        banked        82ms replayed  2p
617        banked        92ms replayed  prime
619        banked        80ms replayed  prime
621        banked        81ms replayed  2p
623        banked        87ms replayed  prime
625        banked        83ms replayed  2p
627        banked        81ms replayed  flat
629        banked        80ms replayed  2p
631        banked        89ms replayed  prime
633        banked        83ms replayed  prime
635        banked        81ms replayed  prime
637        banked        80ms replayed  flat
639        banked        83ms replayed  prime
641        banked        81ms replayed  prime
643        banked        83ms replayed  prime
645        banked        96ms replayed  2p
647        banked        84ms replayed  prime
649        banked        83ms replayed  prime
651        banked        80ms replayed  2p
653        banked        81ms replayed  prime
655        banked        80ms replayed  prime
657        banked        81ms replayed  prime
659        banked        80ms replayed  prime
661        banked        90ms replayed  prime
663        banked        88ms replayed  flat
665        banked        81ms replayed  flat
667        banked        80ms replayed  2p
669        banked        82ms replayed  prime
671        banked        82ms replayed  prime
673        banked        82ms replayed  prime
675        banked        81ms replayed  2p
677        banked        91ms replayed  prime
679        banked        84ms replayed  prime
681        banked        81ms replayed  prime
683        banked        83ms replayed  prime
685        banked        81ms replayed  prime
687        banked        84ms replayed  prime
689        banked        81ms replayed  prime
691        banked        83ms replayed  prime
693        banked        82ms replayed  flat
695        banked        87ms replayed  prime
697        banked        83ms replayed  2p
699        banked        93ms replayed  prime
701        banked        81ms replayed  prime
703        banked        82ms replayed  2p
705        banked        82ms replayed  2p
707        banked        80ms replayed  prime
709        banked        83ms replayed  prime
711        banked        93ms replayed  prime
713        banked        80ms replayed  2p
715        banked        83ms replayed  flat
717        banked        80ms replayed  prime
719        banked        83ms replayed  prime
721        banked        83ms replayed  prime
723        banked        81ms replayed  prime
725        banked        85ms replayed  flat
727        banked        80ms replayed  prime
729        banked        82ms replayed  2p
731        banked        91ms replayed  2p
733        banked        80ms replayed  prime
735        banked        80ms replayed  flat
737        banked        81ms replayed  prime
739        banked        80ms replayed  prime
741        banked        92ms replayed  chain3
743        banked        87ms replayed  prime
745        banked        83ms replayed  prime
747        banked        83ms replayed  prime
749        banked        81ms replayed  prime
751        banked        91ms replayed  prime
753        banked        80ms replayed  prime
755        banked        80ms replayed  prime
757        banked        81ms replayed  prime
759        banked        80ms replayed  flat
761        banked        92ms replayed  prime
763        banked        81ms replayed  prime
765        banked        81ms replayed  flat
767        banked        83ms replayed  prime
769        banked        83ms replayed  prime
771        banked        89ms replayed  prime
773        banked        80ms replayed  prime
775        banked        82ms replayed  2p
777        banked        80ms replayed  2p
779        banked        82ms replayed  2p
781        banked        91ms replayed  prime
783        banked        83ms replayed  flat
785        banked        83ms replayed  prime
787        banked        80ms replayed  prime
789        banked        92ms replayed  prime
791        banked       101ms replayed  prime
793        banked        84ms replayed  prime
795        banked        81ms replayed  prime
797        banked        81ms replayed  prime
799        banked        82ms replayed  2p
801        banked        90ms replayed  prime
803        banked        83ms replayed  prime
805        banked        80ms replayed  flat
807        banked        80ms replayed  prime
809        banked        82ms replayed  prime
811        banked        90ms replayed  prime
813        banked        82ms replayed  prime
815        banked        84ms replayed  prime
817        banked        84ms replayed  flat
819        banked        83ms replayed  flat
821        banked        91ms replayed  prime
823        banked        80ms replayed  prime
825        banked        82ms replayed  chain3
827        banked        80ms replayed  prime
829        banked        80ms replayed  prime
831        banked        92ms replayed  prime
833        banked        82ms replayed  flat
835        banked        83ms replayed  prime
837        banked        88ms replayed  flat
839        banked        82ms replayed  prime
841        banked        90ms replayed  flat
843        banked        81ms replayed  prime
845        banked        82ms replayed  flat
847        banked        81ms replayed  flat
849        banked        82ms replayed  prime
851        banked        92ms replayed  2p
853        banked        82ms replayed  prime
855        banked        80ms replayed  flat
857        banked        86ms replayed  prime
859        banked        82ms replayed  prime
861        banked        95ms replayed  2p
863        banked        83ms replayed  prime
865        banked        82ms replayed  prime
867        banked        81ms replayed  flat
869        banked        82ms replayed  prime
871        banked        92ms replayed  prime
873        banked        82ms replayed  prime
875        banked        80ms replayed  flat
877        banked        81ms replayed  prime
879        banked        82ms replayed  prime
881        banked        91ms replayed  prime
883        banked        80ms replayed  prime
885        banked        84ms replayed  prime
887        banked        81ms replayed  prime
889        banked        86ms replayed  prime
891        banked       104ms replayed  chain3
893        banked        81ms replayed  flat
895        banked        81ms replayed  prime
897        banked        81ms replayed  flat
899        banked        80ms replayed  2p
901        banked        89ms replayed  prime
903        banked        79ms replayed  flat
905        banked        82ms replayed  prime
907        banked        82ms replayed  prime
909        banked        80ms replayed  prime
911        banked        96ms replayed  prime
913        banked        82ms replayed  prime
915        banked        81ms replayed  prime
917        banked        82ms replayed  prime
919        banked        80ms replayed  prime
921        banked        91ms replayed  prime
923        banked        80ms replayed  prime
925        banked        80ms replayed  2p
927        banked        80ms replayed  prime
929        banked        80ms replayed  prime
931        banked        92ms replayed  flat
933        banked        85ms replayed  prime
935        banked        80ms replayed  flat
937        banked        87ms replayed  prime
939        banked        81ms replayed  prime
941        banked        91ms replayed  prime
943        banked        82ms replayed  2p
945        banked        80ms replayed  chain3
947        banked        83ms replayed  prime
949        banked        81ms replayed  prime
951        banked        92ms replayed  prime
953        banked        81ms replayed  prime
955        banked        83ms replayed  prime
957        banked        93ms replayed  chain3
959        banked        81ms replayed  prime
961        banked        91ms replayed  flat
963        banked        79ms replayed  prime
965        banked        84ms replayed  prime
967        banked        86ms replayed  prime
969        banked        82ms replayed  flat
971        banked        90ms replayed  prime
973        banked        80ms replayed  prime
975        banked        82ms replayed  flat
977        banked        80ms replayed  prime
979        banked        81ms replayed  prime
981        banked        97ms replayed  prime
983        banked        83ms replayed  prime
985        banked        81ms replayed  prime
987        banked        80ms replayed  2p
989        banked        82ms replayed  flat
991        banked        93ms replayed  prime
993        banked        82ms replayed  prime
995        banked        83ms replayed  prime
997        banked        80ms replayed  prime
999        banked        79ms replayed  2p
1001       banked        92ms replayed  flat
1003       banked        82ms replayed  prime
1005       banked        83ms replayed  prime
1007       banked        81ms replayed  prime
1009       banked        81ms replayed  prime
1011       banked        93ms replayed  prime
1013       banked        81ms replayed  prime
1015       banked        83ms replayed  flat
1017       banked        80ms replayed  prime
1019       banked        82ms replayed  prime
1021       banked        95ms replayed  prime
1023       banked        83ms replayed  chain3
1025       banked        83ms replayed  2p
1027       banked        84ms replayed  prime
1029       banked        81ms replayed  flat
1031       banked        92ms replayed  prime
1033       banked        81ms replayed  prime
1035       banked        80ms replayed  flat
1037       banked        81ms replayed  prime
1039       banked        80ms replayed  prime
1041       banked        91ms replayed  prime
1043       banked        82ms replayed  prime
1045       banked        81ms replayed  flat
1047       banked        81ms replayed  prime
1049       banked        82ms replayed  prime
1051       banked        92ms replayed  prime
1053       banked        83ms replayed  chain3
1055       banked        81ms replayed  prime
1057       banked        80ms replayed  prime
1059       banked        82ms replayed  prime
1061       banked        92ms replayed  prime
1063       banked        82ms replayed  prime
1065       banked        82ms replayed  prime
1067       banked        80ms replayed  prime
1069       banked        83ms replayed  prime
1071       banked        90ms replayed  flat
1073       banked        85ms replayed  2p
1075       banked        91ms replayed  2p
1077       banked        83ms replayed  prime
1079       banked        80ms replayed  prime
1081       banked        90ms replayed  2p
1083       banked        83ms replayed  chain3
1085       banked        81ms replayed  chain3
1087       banked        84ms replayed  prime
1089       banked        82ms replayed  chain3
1091       banked        89ms replayed  prime
1093       banked        82ms replayed  prime
1095       banked        81ms replayed  prime
1097       banked        82ms replayed  prime
1099       banked        87ms replayed  prime
1101       banked        91ms replayed  prime
1103       banked        81ms replayed  prime
1105       banked        81ms replayed  flat
1107       banked        79ms replayed  2p
1109       banked        80ms replayed  prime
1111       banked        95ms replayed  prime
1113       banked        81ms replayed  prime
1115       banked        83ms replayed  prime
1117       banked        80ms replayed  prime
1119       banked        81ms replayed  prime
1121       banked       103ms replayed  prime
1123       banked        82ms replayed  prime
1125       banked        84ms replayed  flat
1127       banked        82ms replayed  chain3
1129       banked        80ms replayed  prime
1131       banked        92ms replayed  chain3
1133       banked        82ms replayed  prime
1135       banked        82ms replayed  prime
1137       banked        80ms replayed  prime
1139       banked        84ms replayed  prime
1141       banked        94ms replayed  prime
1143       banked        84ms replayed  prime
1145       banked        84ms replayed  prime
1147       banked        86ms replayed  flat
1149       banked        81ms replayed  prime
1151       banked        82ms replayed  prime
1153       banked        80ms replayed  prime
1155       banked        82ms replayed  chain3
1157       banked        92ms replayed  prime
1159       banked        82ms replayed  prime
1161       banked        80ms replayed  2p
1163       banked        82ms replayed  prime
1165       banked        91ms replayed  prime
1167       banked        84ms replayed  prime
1169       banked        85ms replayed  prime
1171       banked        81ms replayed  prime
1173       banked        91ms replayed  flat
1175       banked        83ms replayed  flat
1177       banked        83ms replayed  prime
1179       banked        81ms replayed  prime
1181       banked        90ms replayed  prime
1183       banked        80ms replayed  chain3
1185       banked        81ms replayed  prime
1187       banked        80ms replayed  prime
1189       banked        89ms replayed  2p
1191       banked        82ms replayed  prime
1193       banked        81ms replayed  prime
1195       banked        82ms replayed  prime
1197       banked        96ms replayed  flat
1199       banked        83ms replayed  prime
1201       banked        81ms replayed  prime
1203       banked        84ms replayed  prime
1205       banked        91ms replayed  prime
1207       banked        83ms replayed  prime
1209       banked        84ms replayed  chain3
1211       banked        83ms replayed  prime
1213       banked        91ms replayed  prime
1215       banked        83ms replayed  chain3
1217       banked        87ms replayed  prime
1219       banked        87ms replayed  prime
1221       banked        90ms replayed  chain3
1223       banked        82ms replayed  prime
1225       banked        82ms replayed  flat
1227       banked        81ms replayed  prime
1229       banked        93ms replayed  prime
1231       banked        83ms replayed  prime
1233       banked        81ms replayed  prime
1235       banked        79ms replayed  flat
1237       banked        91ms replayed  prime
1239       banked        84ms replayed  prime
1241       banked        83ms replayed  prime
1243       banked        84ms replayed  prime
1245       banked        89ms replayed  prime
1247       banked        82ms replayed  flat
1249       banked        81ms replayed  prime
1251       banked        82ms replayed  prime
1253       banked        90ms replayed  prime
1255       banked        81ms replayed  prime
1257       banked        81ms replayed  prime
1259       banked        80ms replayed  prime
1261       banked        91ms replayed  prime
1263       banked        86ms replayed  prime
1265       banked        84ms replayed  flat
1267       banked        83ms replayed  prime
1269       banked        92ms replayed  flat
1271       banked        82ms replayed  flat
1273       banked        83ms replayed  prime
1275       banked        81ms replayed  flat
1277       banked        91ms replayed  prime
1279       banked        82ms replayed  prime
1281       banked        82ms replayed  prime
1283       banked        80ms replayed  prime
1285       banked        94ms replayed  prime
1287       banked        82ms replayed  chain3
1289       banked        84ms replayed  prime
1291       banked        80ms replayed  prime
1293       banked        90ms replayed  prime
1295       banked        81ms replayed  flat
1297       banked        82ms replayed  prime
1299       banked        80ms replayed  prime
1301       banked        93ms replayed  prime
1303       banked        82ms replayed  prime
1305       banked        83ms replayed  chain3
1307       banked        83ms replayed  prime
1309       banked        89ms replayed  flat
1311       banked        82ms replayed  chain3
1313       banked        95ms replayed  prime
1315       banked        89ms replayed  prime
1317       banked        95ms replayed  prime
1319       banked        81ms replayed  prime
1321       banked        92ms replayed  prime
1323       banked        81ms replayed  flat
1325       banked        89ms replayed  prime
1327       banked        80ms replayed  prime
1329       banked        89ms replayed  prime
1331       banked        83ms replayed  chain3
1333       banked        96ms replayed  2p
1335       banked        84ms replayed  prime
1337       banked        90ms replayed  prime
1339       banked        81ms replayed  prime
1341       banked        91ms replayed  prime
1343       banked        81ms replayed  prime
1345       banked        90ms replayed  prime
1347       banked        80ms replayed  prime
1349       banked        91ms replayed  prime
1351       banked        82ms replayed  prime
1353       banked        80ms replayed  chain3
1355       banked        93ms replayed  prime
1357       banked        81ms replayed  prime
1359       banked        87ms replayed  prime
1361       banked        93ms replayed  prime
1363       banked        83ms replayed  2p
1365       banked        80ms replayed  chain3
1367       banked        92ms replayed  prime
1369       banked        82ms replayed  2p
1371       banked        82ms replayed  prime
1373       banked        92ms replayed  prime
1375       banked        83ms replayed  chain3
1377       banked        80ms replayed  chain3
1379       banked        90ms replayed  prime
1381       banked        83ms replayed  prime
1383       banked        85ms replayed  prime
1385       banked        92ms replayed  prime
1387       banked        80ms replayed  prime
1389       banked        82ms replayed  prime
1391       banked        91ms replayed  prime
1393       banked        80ms replayed  prime
1395       banked        81ms replayed  flat
1397       banked        91ms replayed  prime
1399       banked        82ms replayed  prime
1401       banked        83ms replayed  prime
1403       banked        93ms replayed  prime
1405       banked        84ms replayed  prime
1407       banked        86ms replayed  prime
1409       banked        95ms replayed  prime
1411       banked        83ms replayed  prime
1413       banked        82ms replayed  prime
1415       banked        90ms replayed  prime
1417       banked        80ms replayed  prime
1419       banked        85ms replayed  flat
1421       banked        92ms replayed  chain3
1423       banked        81ms replayed  prime
1425       banked        80ms replayed  flat
1427       banked        93ms replayed  prime
1429       banked        82ms replayed  prime
1431       banked        84ms replayed  prime
1433       banked        92ms replayed  prime
1435       banked        83ms replayed  chain3
1437       banked        81ms replayed  prime
1439       banked        93ms replayed  prime
1441       banked        81ms replayed  prime
1443       banked        81ms replayed  flat
1445       banked        90ms replayed  chain3
1447       banked        82ms replayed  prime
1449       banked        80ms replayed  flat
1451       banked        91ms replayed  prime
1453       banked        85ms replayed  prime
1455       banked        82ms replayed  prime
1457       banked        94ms replayed  2p
1459       banked        81ms replayed  prime
1461       banked        80ms replayed  prime
1463       banked        91ms replayed  chain3
1465       banked        82ms replayed  prime
1467       banked        83ms replayed  prime
1469       banked        91ms replayed  prime
1471       banked        82ms replayed  prime
1473       banked        82ms replayed  prime
1475       banked        90ms replayed  prime
1477       banked        85ms replayed  prime
1479       banked        80ms replayed  flat
1481       banked        93ms replayed  prime
1483       banked        80ms replayed  prime
1485       banked        80ms replayed  chain3
1487       banked        91ms replayed  prime
1489       banked        80ms replayed  prime
1491       banked        80ms replayed  prime
1493       banked        91ms replayed  prime
1495       banked        82ms replayed  chain3
1497       banked        80ms replayed  prime
1499       banked        94ms replayed  prime
1501       banked        87ms replayed  prime
1503       banked        83ms replayed  prime
1505       banked        91ms replayed  chain3
1507       banked        80ms replayed  prime
1509       banked        81ms replayed  prime
1511       banked        89ms replayed  prime
1513       banked        83ms replayed  prime
1515       banked        82ms replayed  prime
1517       banked        90ms replayed  2p
1519       banked        79ms replayed  flat
1521       banked        80ms replayed  chain3
1523       banked        90ms replayed  prime
1525       banked        82ms replayed  prime
1527       banked        83ms replayed  prime
1529       banked        90ms replayed  prime
1531       banked        81ms replayed  prime
1533       banked        82ms replayed  prime
1535       banked        91ms replayed  prime
1537       banked        82ms replayed  prime
1539       banked        82ms replayed  chain3
1541       banked        89ms replayed  prime
1543       banked        80ms replayed  prime
1545       banked        80ms replayed  prime
1547       banked        94ms replayed  flat
1549       banked        86ms replayed  prime
1551       banked        82ms replayed  chain3
1553       banked        89ms replayed  prime
1555       banked        81ms replayed  prime
1557       banked        81ms replayed  prime
1559       banked        90ms replayed  prime
1561       banked        80ms replayed  prime
1563       banked        82ms replayed  prime
1565       banked        93ms replayed  prime
1567       banked        81ms replayed  prime
1569       banked        81ms replayed  prime
1571       banked       101ms replayed  prime
1573       banked        81ms replayed  chain3
1575       banked        80ms replayed  flat
1577       banked        89ms replayed  prime
1579       banked        80ms replayed  prime
1581       banked        80ms replayed  chain3
1583       banked        89ms replayed  prime
1585       banked        80ms replayed  prime
1587       banked        82ms replayed  flat
1589       banked        90ms replayed  prime
1591       banked        81ms replayed  2p
1593       banked        82ms replayed  prime
1595       banked       100ms replayed  flat
1597       banked        83ms replayed  prime
1599       banked        82ms replayed  chain3
1601       banked        91ms replayed  prime
1603       banked        82ms replayed  prime
1605       banked        83ms replayed  prime
1607       banked        92ms replayed  prime
1609       banked        81ms replayed  prime
1611       banked        83ms replayed  prime
1613       banked        90ms replayed  prime
1615       banked        81ms replayed  chain3
1617       banked        82ms replayed  chain3
1619       banked        90ms replayed  prime
1621       banked        80ms replayed  prime
1623       banked        83ms replayed  prime
1625       banked        92ms replayed  flat
1627       banked        82ms replayed  prime
1629       banked        83ms replayed  prime
1631       banked        92ms replayed  prime
1633       banked        81ms replayed  prime
1635       banked        80ms replayed  prime
1637       banked        93ms replayed  prime
1639       banked        83ms replayed  prime
1641       banked        84ms replayed  prime
1643       banked       103ms replayed  prime
1645       banked        83ms replayed  flat
1647       banked        80ms replayed  prime
1649       banked        91ms replayed  prime
1651       banked        83ms replayed  prime
1653       banked        85ms replayed  chain3
1655       banked        91ms replayed  prime
1657       banked        81ms replayed  prime
1659       banked        81ms replayed  prime
1661       banked        90ms replayed  prime
1663       banked        80ms replayed  prime
1665       banked        82ms replayed  chain3
1667       banked        90ms replayed  prime
1669       banked        83ms replayed  prime
1671       banked        80ms replayed  prime
1673       banked        91ms replayed  prime
1675       banked        81ms replayed  prime
1677       banked        80ms replayed  chain3
1679       banked        91ms replayed  prime
1681       banked        82ms replayed  2p
1683       banked        82ms replayed  chain3
1685       banked        90ms replayed  prime
1687       banked        82ms replayed  prime
1689       banked        83ms replayed  prime
1691       banked        93ms replayed  prime
1693       banked        84ms replayed  prime
1695       banked        81ms replayed  prime
1697       banked        93ms replayed  prime
1699       banked        81ms replayed  prime
1701       banked        81ms replayed  chain3
1703       banked        92ms replayed  prime
1705       banked        80ms replayed  chain3
1707       banked        80ms replayed  prime
1709       banked        92ms replayed  prime
1711       banked        82ms replayed  prime
1713       banked        93ms replayed  prime
1715       banked        90ms replayed  flat
1717       banked        80ms replayed  prime
1719       banked        81ms replayed  prime
1721       banked        90ms replayed  prime
1723       banked        80ms replayed  prime
1725       banked        81ms replayed  chain3
1727       banked        91ms replayed  prime
1729       banked        84ms replayed  chain3
1731       banked        80ms replayed  prime
1733       banked        93ms replayed  prime
1735       banked        86ms replayed  prime
1737       banked        82ms replayed  prime
1739       banked        94ms replayed  flat
1741       banked        82ms replayed  prime
1743       banked        82ms replayed  prime
1745       banked        91ms replayed  prime
1747       banked        80ms replayed  prime
1749       banked        81ms replayed  prime
1751       banked        94ms replayed  prime
1753       banked        83ms replayed  prime
1755       banked        82ms replayed  chain3
1757       banked        91ms replayed  prime
1759       banked        85ms replayed  prime
1761       banked        80ms replayed  prime
1763       banked        90ms replayed  2p
1765       banked        83ms replayed  prime
1767       banked        82ms replayed  chain3
1769       banked        89ms replayed  prime
1771       banked        80ms replayed  flat
1773       banked        83ms replayed  prime
1775       banked        92ms replayed  prime
1777       banked        83ms replayed  prime
1779       banked        81ms replayed  prime
1781       banked       102ms replayed  prime
1783       banked        83ms replayed  prime
1785       banked        90ms replayed  chain3
1787       banked        92ms replayed  prime
1789       banked        81ms replayed  prime
1791       banked        79ms replayed  prime
1793       banked        90ms replayed  prime
1795       banked        83ms replayed  prime
1797       banked        80ms replayed  prime
1799       banked        90ms replayed  prime
1801       banked        82ms replayed  prime
1803       banked        83ms replayed  prime
1805       banked        90ms replayed  flat
1807       banked        84ms replayed  prime
1809       banked        81ms replayed  prime
1811       banked        91ms replayed  prime
1813       banked        80ms replayed  chain3
1815       banked        83ms replayed  chain3
1817       banked        94ms replayed  prime
1819       banked        80ms replayed  prime
1821       banked        82ms replayed  prime
1823       banked        89ms replayed  prime
1825       banked        81ms replayed  prime
1827       banked        82ms replayed  flat
1829       banked        95ms replayed  prime
1831       banked        87ms replayed  prime
1833       banked        81ms replayed  flat
1835       banked        92ms replayed  prime
1837       banked        82ms replayed  prime
1839       banked        82ms replayed  prime
1841       banked        95ms replayed  prime
1843       banked        95ms replayed  prime
1845       banked        93ms replayed  chain3
1847       banked        94ms replayed  prime
1849       banked        89ms replayed  flat
1851       banked        92ms replayed  prime
1853       banked        94ms replayed  prime
1855       banked        92ms replayed  prime
1857       banked        92ms replayed  prime
1859       banked        90ms replayed  chain3
1861       banked        90ms replayed  prime
1863       banked        93ms replayed  chain3
1865       banked        90ms replayed  prime
1867       banked        97ms replayed  prime
1869       banked        91ms replayed  prime
1871       banked        91ms replayed  prime
1873       banked        94ms replayed  prime
1875       banked        94ms replayed  flat
1877       banked        93ms replayed  prime
1879       banked        89ms replayed  prime
1881       banked        91ms replayed  chain3
1883       banked        90ms replayed  prime
1885       banked        89ms replayed  chain3
1887       banked        89ms replayed  chain3
1889       banked        90ms replayed  prime
1891       banked        90ms replayed  prime
1893       banked        92ms replayed  prime
1895       banked        93ms replayed  prime
1897       banked        94ms replayed  prime
1899       banked        90ms replayed  prime
1901       banked        89ms replayed  prime
1903       banked        89ms replayed  prime
1905       banked        90ms replayed  prime
1907       banked        89ms replayed  prime
1909       banked        89ms replayed  prime
1911       banked        90ms replayed  chain3
1913       banked        90ms replayed  prime
1915       banked        91ms replayed  prime
1917       banked        93ms replayed  prime
1919       banked       101ms replayed  prime
1921       banked        91ms replayed  prime
1923       banked        92ms replayed  prime
1925       banked        93ms replayed  flat
1927       banked        82ms replayed  prime
1929       banked        80ms replayed  prime
1931       banked        80ms replayed  prime
1933       banked        81ms replayed  prime
1935       banked        84ms replayed  flat
1937       banked        83ms replayed  prime
1939       banked        80ms replayed  prime
1941       banked        81ms replayed  prime
1943       banked        92ms replayed  prime
1945       banked        81ms replayed  prime
1947       banked        81ms replayed  prime
1949       banked        81ms replayed  prime
1951       banked        80ms replayed  prime
1953       banked        93ms replayed  flat
1955       banked        82ms replayed  chain3
1957       banked        83ms replayed  prime
1959       banked        81ms replayed  prime
1961       banked        81ms replayed  prime
1963       banked        82ms replayed  prime
1965       banked        82ms replayed  prime
1967       banked        92ms replayed  prime
1969       banked        84ms replayed  prime
1971       banked        83ms replayed  prime
1973       banked        82ms replayed  prime
1975       banked        80ms replayed  prime
1977       banked        81ms replayed  prime
1979       banked        80ms replayed  prime
1981       banked        80ms replayed  prime
1983       banked        80ms replayed  prime
1985       banked        81ms replayed  prime
1987       banked        82ms replayed  prime
1989       banked        81ms replayed  chain3
1991       banked        83ms replayed  prime
1993       banked        82ms replayed  prime
1995       banked        81ms replayed  chain3
1997       banked        80ms replayed  prime
1999       banked        83ms replayed  prime
2001       banked        80ms replayed  chain3
2003       banked        82ms replayed  prime
2005       banked        81ms replayed  prime
2007       banked        80ms replayed  prime
2009       banked        80ms replayed  chain3
2011       banked        83ms replayed  prime
2013       banked        82ms replayed  prime
2015       banked        88ms replayed  flat
2017       banked        83ms replayed  prime
2019       banked        83ms replayed  prime
2021       banked        81ms replayed  prime
2023       banked        80ms replayed  chain3
2025       banked        80ms replayed  chain3
2027       banked        82ms replayed  prime
2029       banked        84ms replayed  prime
2031       banked        84ms replayed  prime
2033       banked        80ms replayed  prime
2035       banked        81ms replayed  chain3
2037       banked        82ms replayed  prime
2039       banked        81ms replayed  prime
2041       banked        84ms replayed  prime
2043       banked        82ms replayed  prime
2045       banked        80ms replayed  prime
2047       banked        80ms replayed  prime
7          banked        90ms replayed  mono
516        banked        80ms replayed  flat
518        banked        88ms replayed  flat
520        banked        80ms replayed  chain3
522        banked        89ms replayed  chain3
528        banked        79ms replayed  chain3
532        banked        89ms replayed  flat
544        banked        80ms replayed  2p
546        banked        89ms replayed  chain3
550        banked        79ms replayed  chain3
552        banked        88ms replayed  flat
558        banked        80ms replayed  chain3
560        banked        90ms replayed  chain3
564        banked        82ms replayed  flat
570        banked        89ms replayed  flat
572        banked        80ms replayed  chain3
574        banked        89ms replayed  flat
578        banked        80ms replayed  flat
580        banked        89ms replayed  chain3
588        banked        80ms replayed  flat
592        banked        88ms replayed  2p
594        banked        79ms replayed  chain3
598        banked        89ms replayed  flat
602        banked        79ms replayed  flat
608        banked        89ms replayed  2p
612        banked        79ms replayed  chain3
616        banked        89ms replayed  chain3
620        banked        79ms replayed  flat
624        banked        89ms replayed  chain3
630        banked        79ms replayed  chain3
638        banked        89ms replayed  flat
644        banked        79ms replayed  flat
646        banked        90ms replayed  flat
650        banked        82ms replayed  chain3
656        banked        89ms replayed  2p
658        banked        80ms replayed  flat
660        banked        92ms replayed  chain3
666        banked        86ms replayed  chain3
672        banked        90ms replayed  2p
676        banked        80ms replayed  chain3
680        banked        91ms replayed  flat
682        banked        81ms replayed  flat
684        banked        89ms replayed  chain3
686        banked        82ms replayed  flat
688        banked        94ms replayed  flat
690        banked        80ms replayed  chain3
696        banked        93ms replayed  flat
700        banked        81ms replayed  chain3
702        banked        89ms replayed  chain3
704        banked        83ms replayed  2p
714        banked        91ms replayed  chain3
722        banked        82ms replayed  flat
726        banked        90ms replayed  chain3
728        banked        82ms replayed  chain3
736        banked       106ms replayed  2p
738        banked        80ms replayed  chain3
740        banked        92ms replayed  flat
744        banked        83ms replayed  flat
748        banked        90ms replayed  flat
752        banked        81ms replayed  flat
754        banked        97ms replayed  flat
756        banked        84ms replayed  chain3
760        banked        94ms replayed  flat
770        banked        80ms replayed  chain3
774        banked        89ms replayed  chain3
780        banked        80ms replayed  chain3
782        banked        91ms replayed  flat
784        banked        81ms replayed  chain3
792        banked        92ms replayed  chain3
798        banked        82ms replayed  flat
806        banked        91ms replayed  flat
812        banked        80ms replayed  flat
814        banked        93ms replayed  flat
816        banked        83ms replayed  chain3
820        banked        90ms replayed  flat
828        banked        96ms replayed  chain3
832        banked        90ms replayed  2p
836        banked        80ms replayed  flat
840        banked        90ms replayed  chain3
846        banked        80ms replayed  flat
850        banked        89ms replayed  chain3
858        banked        80ms replayed  flat
860        banked        90ms replayed  flat
868        banked        80ms replayed  flat
870        banked        95ms replayed  flat
874        banked        82ms replayed  flat
880        banked        91ms replayed  chain3
882        banked        84ms replayed  flat
884        banked        92ms replayed  chain3
888        banked        82ms replayed  chain3
896        banked        90ms replayed  chain3
902        banked        80ms replayed  flat
910        banked        91ms replayed  chain3
912        banked        86ms replayed  chain3
918        banked        92ms replayed  flat
920        banked        83ms replayed  chain3
924        banked        92ms replayed  chain3
928        banked        90ms replayed  2p
930        banked        92ms replayed  chain3
936        banked        81ms replayed  chain3
940        banked        90ms replayed  flat
946        banked        80ms replayed  flat
950        banked        90ms replayed  flat
952        banked        79ms replayed  flat
962        banked        96ms replayed  flat
966        banked        80ms replayed  chain3
968        banked        91ms replayed  chain3
980        banked        80ms replayed  flat
984        banked        95ms replayed  chain3
986        banked        81ms replayed  flat
988        banked        94ms replayed  chain3
990        banked        82ms replayed  chain3
992        banked        90ms replayed  flat
1008       banked        80ms replayed  chain3
1012       banked        93ms replayed  chain3
1014       banked        80ms replayed  chain3
1020       banked        92ms replayed  chain3
1026       banked        81ms replayed  chain3
1032       banked        91ms replayed  chain3
1034       banked        80ms replayed  flat
1036       banked       102ms replayed  flat
1040       banked        82ms replayed  chain3
1044       banked        89ms replayed  chain3
1050       banked        81ms replayed  chain3
1054       banked        90ms replayed  flat
1056       banked        81ms replayed  chain3
1058       banked        97ms replayed  flat
1064       banked        80ms replayed  chain3
1066       banked        93ms replayed  flat
1078       banked        80ms replayed  flat
1088       banked        91ms replayed  2p
1092       banked        82ms replayed  chain3
1100       banked       127ms replayed  chain3
1102       banked        83ms replayed  flat
1104       banked        97ms replayed  chain3
1110       banked        83ms replayed  chain3
1116       banked        94ms replayed  flat
1118       banked        81ms replayed  flat
1120       banked        89ms replayed  chain3
1122       banked        81ms replayed  chain3
1128       banked        92ms replayed  flat
1134       banked        83ms replayed  chain3
1140       banked        91ms replayed  chain3
1144       banked        82ms replayed  chain3
1148       banked       105ms replayed  chain3
1150       banked        80ms replayed  chain3
1156       banked        91ms replayed  chain3
1160       banked        81ms replayed  flat
1170       banked        90ms replayed  chain3
1176       banked        81ms replayed  chain3
1178       banked        89ms replayed  flat
1184       banked        79ms replayed  2p
1188       banked        92ms replayed  chain3
1190       banked        79ms replayed  chain3
1196       banked        90ms replayed  chain3
1204       banked        95ms replayed  flat
1210       banked        96ms replayed  chain3
1216       banked        93ms replayed  2p
1218       banked        90ms replayed  flat
1222       banked        94ms replayed  flat
1224       banked        93ms replayed  chain3
1230       banked        92ms replayed  chain3
1232       banked        91ms replayed  chain3
1240       banked        99ms replayed  chain3
1242       banked        93ms replayed  flat
1248       banked        93ms replayed  chain3
1254       banked        97ms replayed  chain3
1258       banked        92ms replayed  flat
1260       banked        92ms replayed  chain3
1274       banked        82ms replayed  flat
1276       banked        92ms replayed  chain3
1288       banked        81ms replayed  chain3
1290       banked        81ms replayed  flat
1292       banked        94ms replayed  chain3
1300       banked        82ms replayed  flat
1302       banked        82ms replayed  chain3
1312       banked        95ms replayed  2p
1316       banked        84ms replayed  chain3
1320       banked        82ms replayed  chain3
1326       banked        82ms replayed  chain3
1330       banked        92ms replayed  chain3
1332       banked        80ms replayed  chain3
1334       banked        79ms replayed  flat
1344       banked        80ms replayed  2p
1352       banked        90ms replayed  chain3
1360       banked        83ms replayed  chain3
1364       banked        82ms replayed  flat
1368       banked        81ms replayed  chain3
1372       banked        90ms replayed  flat
1376       banked        86ms replayed  2p
1380       banked        80ms replayed  chain3
1386       banked        80ms replayed  chain3
1392       banked        92ms replayed  flat
1394       banked        81ms replayed  flat
1400       banked        80ms replayed  chain3
1404       banked        82ms replayed  chain3
1406       banked        89ms replayed  flat
1408       banked        81ms replayed  chain3
1410       banked        80ms replayed  flat
1426       banked        83ms replayed  flat
1428       banked        92ms replayed  chain3
1430       banked        95ms replayed  chain3
1444       banked        81ms replayed  chain3
1450       banked        83ms replayed  chain3
1452       banked        93ms replayed  chain3
1456       banked        80ms replayed  chain3
1462       banked        82ms replayed  flat
1470       banked        80ms replayed  chain3
1472       banked        94ms replayed  2p
1476       banked        80ms replayed  chain3
1480       banked        80ms replayed  flat
1482       banked        82ms replayed  chain3
1488       banked        90ms replayed  chain3
1496       banked        84ms replayed  chain3
1504       banked        83ms replayed  2p
1508       banked        81ms replayed  flat
1512       banked        91ms replayed  chain3
1518       banked        81ms replayed  chain3
1520       banked        81ms replayed  chain3
1530       banked        81ms replayed  chain3
1540       banked       105ms replayed  flat
1548       banked        82ms replayed  chain3
1550       banked        81ms replayed  chain3
1554       banked        83ms replayed  flat
1558       banked        94ms replayed  flat
1560       banked        84ms replayed  chain3
1564       banked        81ms replayed  chain3
1566       banked        80ms replayed  chain3
1568       banked        93ms replayed  chain3
1584       banked        81ms replayed  chain3
1596       banked        80ms replayed  chain3
1598       banked        81ms replayed  flat
1610       banked        92ms replayed  chain3
1612       banked        81ms replayed  flat
1624       banked        80ms replayed  flat
1628       banked        81ms replayed  chain3
1632       banked        91ms replayed  chain3
1634       banked        83ms replayed  flat
1638       banked        83ms replayed  chain3
1640       banked        82ms replayed  flat
1650       banked        91ms replayed  chain3
1656       banked        82ms replayed  chain3
1664       banked        84ms replayed  chain3
1666       banked        80ms replayed  flat
1672       banked        93ms replayed  chain3
1674       banked        80ms replayed  flat
1680       banked        80ms replayed  chain3
1682       banked        80ms replayed  flat
1690       banked        89ms replayed  chain3
1692       banked        83ms replayed  chain3
1694       banked        81ms replayed  flat
1700       banked        81ms replayed  chain3
1702       banked        91ms replayed  flat
1710       banked        83ms replayed  chain3
1716       banked        84ms replayed  chain3
1720       banked        81ms replayed  chain3
1722       banked        91ms replayed  chain3
1734       banked        80ms replayed  chain3
1736       banked        82ms replayed  flat
1740       banked        80ms replayed  flat
1748       banked        82ms replayed  chain3
1750       banked       105ms replayed  chain3
1760       banked        81ms replayed  chain3
1764       banked        80ms replayed  chain3
1768       banked        80ms replayed  chain3
1776       banked        82ms replayed  chain3
1782       banked        92ms replayed  chain3
1786       banked        80ms replayed  flat
1792       banked        84ms replayed  chain3
1794       banked        84ms replayed  chain3
1798       banked        84ms replayed  flat
1804       banked        94ms replayed  chain3
1806       banked        87ms replayed  chain3
1820       banked        85ms replayed  flat
1824       banked        90ms replayed  chain3
1836       banked        84ms replayed  chain3
1840       banked        92ms replayed  chain3
1848       banked        80ms replayed  flat
1850       banked        80ms replayed  chain3
1856       banked        81ms replayed  2p
1860       banked        82ms replayed  chain3
1862       banked        93ms replayed  flat
1870       banked        82ms replayed  chain3
1872       banked        80ms replayed  chain3
1880       banked        80ms replayed  flat
1886       banked        84ms replayed  flat
1890       banked        94ms replayed  chain3
1892       banked        80ms replayed  chain3
1900       banked        83ms replayed  flat
1904       banked        82ms replayed  chain3
1914       banked        80ms replayed  flat
1922       banked        81ms replayed  flat
1924       banked        90ms replayed  chain3
1932       banked        80ms replayed  flat
1936       banked        80ms replayed  chain3
1938       banked        80ms replayed  chain3
1950       banked        80ms replayed  chain3
1960       banked        89ms replayed  flat
1968       banked        92ms replayed  flat
1972       banked        80ms replayed  flat
1974       banked        80ms replayed  chain3
1976       banked        82ms replayed  chain3
1978       banked        80ms replayed  flat
1980       banked        81ms replayed  chain3
1984       banked        91ms replayed  2p
1998       banked        83ms replayed  chain3
2002       banked        80ms replayed  flat
2016       banked        82ms replayed  chain3
2024       banked        81ms replayed  chain3
2028       banked        81ms replayed  chain3
2030       banked        90ms replayed  flat
2040       banked        81ms replayed  chain3
2046       banked        82ms replayed  chain3
2050       banked        80ms replayed  chain3
2052       banked        80ms replayed  chain3
2057       banked        81ms replayed  flat
2058       banked        89ms replayed  flat
2064       banked        84ms replayed  flat
2068       banked        83ms replayed  chain3
2070       banked        80ms replayed  chain3
2072       banked        83ms replayed  chain3
2079       banked        83ms replayed  chain3
2080       banked        98ms replayed  chain3
2088       banked        81ms replayed  flat
2090       banked        80ms replayed  chain3
2091       banked        80ms replayed  chain3
2093       banked        80ms replayed  flat
2100       banked        80ms replayed  chain3
2106       banked        90ms replayed  chain3
2107       banked        79ms replayed  chain3
2108       banked        80ms replayed  flat
2109       banked        80ms replayed  flat
2112       banked        82ms replayed  chain3
2115       banked        81ms replayed  chain3
2116       banked        91ms replayed  flat
2125       banked        82ms replayed  chain3
2128       banked        80ms replayed  chain3
2132       banked        81ms replayed  chain3
2139       banked        82ms replayed  flat
2142       banked        81ms replayed  chain3
2145       banked        91ms replayed  chain3
2146       banked        83ms replayed  flat
2150       banked        87ms replayed  chain3
2156       banked        83ms replayed  flat
2162       banked        80ms replayed  flat
2166       banked        80ms replayed  chain3
2170       banked        91ms replayed  chain3
2175       banked        88ms replayed  chain3
2176       banked        81ms replayed  chain3
2178       banked        84ms replayed  flat
2184       banked        80ms replayed  chain3
2185       banked        82ms replayed  chain3
2193       banked        91ms replayed  chain3
2197       banked        82ms replayed  flat
2200       banked        80ms replayed  flat
2204       banked        81ms replayed  flat
2205       banked        80ms replayed  chain3
2208       banked        81ms replayed  chain3
2209       banked        92ms replayed  flat
2210       banked        82ms replayed  chain3
2214       banked        83ms replayed  chain3
2220       banked        81ms replayed  chain3
2223       banked        80ms replayed  flat
2232       banked        81ms replayed  flat
2233       banked        92ms replayed  chain3
2236       banked        80ms replayed  chain3
2240       banked        81ms replayed  ztt
2244       banked        82ms replayed  chain3
2254       banked        82ms replayed  flat
2255       banked        80ms replayed  chain3
2256       banked        94ms replayed  chain3
2261       banked        83ms replayed  flat
2262       banked        86ms replayed  chain3
2268       banked        84ms replayed  chain3
2275       banked        84ms replayed  chain3
2277       banked        82ms replayed  chain3
2280       banked        89ms replayed  chain3
2288       banked        81ms replayed  chain3
2294       banked        80ms replayed  flat
2295       banked        80ms replayed  chain3
2296       banked        83ms replayed  flat
2299       banked        82ms replayed  flat
2300       banked        91ms replayed  chain3
2303       banked        82ms replayed  chain3
2310       banked        84ms replayed  chain3
2312       banked        87ms replayed  chain3
2320       banked        80ms replayed  flat
2322       banked        82ms replayed  chain3
2325       banked        91ms replayed  chain3
2331       banked        82ms replayed  chain3
2337       banked        80ms replayed  chain3
2340       banked        81ms replayed  chain3
2346       banked        82ms replayed  chain3
2349       banked        81ms replayed  chain3
2350       banked        91ms replayed  chain3
2352       banked        87ms replayed  ztt
2356       banked        84ms replayed  chain3
2365       banked        81ms replayed  chain3
2366       banked        80ms replayed  flat
2368       banked        83ms replayed  2p
2375       banked        91ms replayed  flat
2376       banked        83ms replayed  chain3
2378       banked        84ms replayed  flat
2380       banked        84ms replayed  flat
2387       banked        90ms replayed  chain3
2392       banked        94ms replayed  chain3
2394       banked        89ms replayed  chain3
2397       banked        93ms replayed  flat
2401       banked        92ms replayed  flat
2405       banked        92ms replayed  chain3
2408       banked        92ms replayed  chain3
2415       banked        91ms replayed  chain3
2418       banked        90ms replayed  flat
2420       banked        91ms replayed  flat
2431       banked        93ms replayed  chain3
2432       banked        92ms replayed  chain3
2436       banked        89ms replayed  flat
2442       banked        91ms replayed  chain3
2444       banked        96ms replayed  flat
2448       banked        90ms replayed  chain3
2450       banked        92ms replayed  flat
2451       banked        93ms replayed  flat
2457       banked        92ms replayed  chain3
2460       banked        93ms replayed  flat
2464       banked        93ms replayed  chain3
2465       banked        93ms replayed  flat
2470       banked        90ms replayed  chain3
2475       banked        92ms replayed  chain3
2480       banked        91ms replayed  flat
2484       banked        92ms replayed  chain3
2494       banked        91ms replayed  flat
2496       banked        93ms replayed  chain3
2499       banked        93ms replayed  chain3
2508       banked        92ms replayed  flat
2511       banked        90ms replayed  flat
2516       banked        90ms replayed  chain3
2520       banked        92ms replayed  chain3
2523       banked        93ms replayed  flat
2527       banked        94ms replayed  chain3
2530       banked        90ms replayed  chain3
2535       banked        96ms replayed  chain3
2538       banked        90ms replayed  chain3
2541       banked        89ms replayed  flat
2542       banked        94ms replayed  flat
2548       banked        92ms replayed  flat
2550       banked        92ms replayed  chain3
2552       banked        90ms replayed  chain3
2553       banked        90ms replayed  flat
2565       banked        90ms replayed  chain3
2574       banked        90ms replayed  flat
2576       banked        90ms replayed  flat
2580       banked        90ms replayed  flat
2583       banked        89ms replayed  chain3
2584       banked        89ms replayed  chain3
2585       banked        91ms replayed  chain3
2590       banked        91ms replayed  flat
2600       banked        92ms replayed  flat
2601       banked        90ms replayed  chain3
2604       banked        89ms replayed  chain3
2610       banked        92ms replayed  flat
2618       banked        92ms replayed  flat
2622       banked        92ms replayed  flat
2624       banked        95ms replayed  2p
2625       banked        92ms replayed  flat
2632       banked        91ms replayed  flat
2635       banked        89ms replayed  flat
2639       banked        91ms replayed  chain3
2640       banked        92ms replayed  chain3
2645       banked       103ms replayed  flat
2646       banked        91ms replayed  chain3
2652       banked        91ms replayed  chain3
2660       banked        91ms replayed  flat
2662       banked        90ms replayed  flat
2664       banked        93ms replayed  flat
2665       banked        91ms replayed  chain3
2666       banked        90ms replayed  flat
2668       banked        89ms replayed  chain3
2673       banked        89ms replayed  chain3
2679       banked        90ms replayed  chain3
2688       banked        92ms replayed  ztt
2691       banked        92ms replayed  chain3
2695       banked        88ms replayed  flat
2697       banked        91ms replayed  flat
2704       banked        90ms replayed  chain3
2706       banked        92ms replayed  flat
2709       banked        97ms replayed  chain3
2717       banked        91ms replayed  flat
2720       banked        91ms replayed  chain3
2726       banked        90ms replayed  flat
2728       banked        90ms replayed  flat
2730       banked        90ms replayed  flat
2736       banked        98ms replayed  chain3
2737       banked        93ms replayed  flat
2738       banked        92ms replayed  flat
2744       banked        92ms replayed  flat
2750       banked        99ms replayed  chain3
2752       banked        92ms replayed  2p
2754       banked        90ms replayed  chain3
2755       banked        91ms replayed  chain3
2760       banked        89ms replayed  chain3
2772       banked        90ms replayed  chain3
2775       banked        93ms replayed  chain3
2783       banked        89ms replayed  flat
2784       banked        91ms replayed  flat
2788       banked        91ms replayed  chain3
2790       banked        91ms replayed  chain3
2793       banked        92ms replayed  chain3
2795       banked        92ms replayed  chain3
2800       banked        92ms replayed  ztt
2805       banked        90ms replayed  chain3
2808       banked        92ms replayed  flat
2812       banked        89ms replayed  chain3
2816       banked        95ms replayed  chain3
2820       banked        90ms replayed  chain3
2821       banked        93ms replayed  chain3
2829       banked        92ms replayed  flat
2835       banked        91ms replayed  chain3
2838       banked        89ms replayed  chain3
2842       banked        96ms replayed  flat
2849       banked        91ms replayed  flat
2850       banked        89ms replayed  flat
2852       banked        93ms replayed  chain3
2856       banked        92ms replayed  chain3
2860       banked        91ms replayed  flat
2870       banked        91ms replayed  flat
2871       banked        90ms replayed  flat
2873       banked        90ms replayed  chain3
2875       banked        90ms replayed  chain3
2883       banked        91ms replayed  flat
2886       banked        92ms replayed  chain3
2888       banked        94ms replayed  flat
2890       banked        92ms replayed  chain3
2898       banked        94ms replayed  flat
2900       banked        99ms replayed  flat
2904       banked        92ms replayed  flat
2907       banked        97ms replayed  flat
2912       banked        92ms replayed  chain3
2914       banked        92ms replayed  flat
2924       banked        90ms replayed  chain3
2925       banked        93ms replayed  chain3
2926       banked        99ms replayed  flat
2940       banked        93ms replayed  flat
2944       banked        90ms replayed  chain3
2945       banked        91ms replayed  chain3
2952       banked        90ms replayed  chain3
2958       banked        92ms replayed  flat
2960       banked        92ms replayed  flat
2961       banked        90ms replayed  flat
2964       banked        91ms replayed  chain3
2967       banked        92ms replayed  chain3
2970       banked        90ms replayed  chain3
2975       banked        98ms replayed  flat
2976       banked        93ms replayed  chain3
2990       banked        90ms replayed  flat
2992       banked        93ms replayed  chain3
2997       banked        89ms replayed  chain3
3003       banked        89ms replayed  chain3
3008       banked        92ms replayed  2p
3010       banked        91ms replayed  chain3
3016       banked        92ms replayed  flat
3024       banked        93ms replayed  ztt
3025       banked        92ms replayed  flat
3034       banked        97ms replayed  flat
3036       banked        97ms replayed  flat
3038       banked        93ms replayed  flat
3040       banked        93ms replayed  chain3
3042       banked        89ms replayed  flat
3045       banked        91ms replayed  flat
3055       banked        89ms replayed  chain3
3059       banked        91ms replayed  flat
3060       banked        91ms replayed  chain3
3069       banked        89ms replayed  chain3
3075       banked        93ms replayed  chain3
3078       banked        95ms replayed  chain3
3080       banked        92ms replayed  flat
3087       banked        90ms replayed  chain3
3094       banked        92ms replayed  flat
3096       banked        91ms replayed  chain3
3100       banked        89ms replayed  flat
3102       banked        92ms replayed  flat
3105       banked        91ms replayed  chain3
3108       banked        81ms replayed  chain3
3116       banked        82ms replayed  chain3
3120       banked        83ms replayed  chain3
3128       banked        84ms replayed  chain3
3132       banked        81ms replayed  chain3
3135       banked        84ms replayed  chain3
3136       banked        81ms replayed  ztt
3145       banked        82ms replayed  chain3
3146       banked        80ms replayed  flat
3150       banked        81ms replayed  chain3
3157       banked        80ms replayed  chain3
3159       banked        81ms replayed  chain3
3162       banked        80ms replayed  flat
3168       banked        80ms replayed  chain3
3174       banked        80ms replayed  chain3
3179       banked        80ms replayed  flat
3182       banked        95ms replayed  flat
3185       banked        81ms replayed  flat
3190       banked        80ms replayed  chain3
3192       banked        80ms replayed  chain3
3196       banked        80ms replayed  flat
3198       banked        80ms replayed  chain3
3211       banked        80ms replayed  flat
3213       banked        80ms replayed  chain3
3219       banked        80ms replayed  flat
3220       banked        82ms replayed  flat
3224       banked        80ms replayed  chain3
3225       banked        83ms replayed  chain3
3230       banked        83ms replayed  chain3
3234       banked        85ms replayed  flat
3243       banked        80ms replayed  chain3
3248       banked        81ms replayed  chain3
3249       banked        82ms replayed  flat
3250       banked        83ms replayed  chain3
3255       banked        83ms replayed  flat
3256       banked        80ms replayed  flat
3264       banked        80ms replayed  chain3
3267       banked        81ms replayed  flat
3268       banked        81ms replayed  flat
3276       banked        80ms replayed  chain3
3280       banked        84ms replayed  flat
3289       banked        81ms replayed  chain3
3290       banked        80ms replayed  flat
3300       banked        82ms replayed  chain3
3306       banked        80ms replayed  chain3
3311       banked        83ms replayed  chain3
3312       banked        84ms replayed  chain3
3315       banked        82ms replayed  flat
3321       banked        80ms replayed  chain3
3325       banked        81ms replayed  chain3
3328       banked        80ms replayed  chain3
3330       banked        83ms replayed  chain3
3332       banked        85ms replayed  flat
3335       banked        85ms replayed  chain3
3344       banked        83ms replayed  chain3
3348       banked        81ms replayed  flat
3354       banked        81ms replayed  chain3
3360       banked        83ms replayed  chain3
3364       banked        81ms replayed  chain3
3366       banked        80ms replayed  flat
3367       banked        81ms replayed  chain3
3380       banked        81ms replayed  flat
3381       banked        83ms replayed  flat
3384       banked        93ms replayed  flat
3388       banked        83ms replayed  flat
3393       banked        83ms replayed  flat
3400       banked        81ms replayed  chain3
3402       banked        80ms replayed  chain3
3404       banked        81ms replayed  flat
3410       banked        81ms replayed  flat
3420       banked        81ms replayed  flat
3430       banked        84ms replayed  flat
3432       banked        80ms replayed  flat
3440       banked        83ms replayed  chain3
3441       banked        82ms replayed  flat
3444       banked        81ms replayed  flat
3450       banked        81ms replayed  chain3
3451       banked        84ms replayed  chain3
3458       banked        81ms replayed  flat
3465       banked        81ms replayed  chain3
3468       banked        80ms replayed  flat
3472       banked        84ms replayed  flat
3480       banked        82ms replayed  flat
3483       banked        83ms replayed  chain3
3485       banked        81ms replayed  chain3
3496       banked        81ms replayed  chain3
3500       banked        81ms replayed  flat
3509       banked        82ms replayed  chain3
3510       banked        85ms replayed  chain3
3515       banked        85ms replayed  chain3
3519       banked        83ms replayed  flat
3520       banked        84ms replayed  chain3
3525       banked        81ms replayed  flat
3526       banked        81ms replayed  flat
3528       banked        84ms replayed  chain3
3534       banked        83ms replayed  chain3
3536       banked        81ms replayed  flat
3542       banked        82ms replayed  flat
3549       banked        81ms replayed  chain3
3552       banked        81ms replayed  flat
3553       banked        82ms replayed  chain3
3564       banked        81ms replayed  chain3
3565       banked        82ms replayed  flat
3567       banked        80ms replayed  flat
3570       banked        80ms replayed  chain3
3572       banked        81ms replayed  chain3
3575       banked        80ms replayed  chain3
3584       banked        82ms replayed  ztt
3588       banked        81ms replayed  chain3
3591       banked        82ms replayed  chain3
3596       banked        82ms replayed  chain3
3608       banked        80ms replayed  chain3
3610       banked        81ms replayed  chain3
3612       banked        86ms replayed  flat
3619       banked        85ms replayed  chain3
3625       banked        83ms replayed  chain3
3626       banked        83ms replayed  flat
3627       banked        81ms replayed  flat
3630       banked        81ms replayed  flat
3640       banked        83ms replayed  flat
3648       banked        81ms replayed  chain3
3654       banked        81ms replayed  flat
3655       banked        80ms replayed  chain3
3663       banked        80ms replayed  flat
3666       banked        83ms replayed  chain3
3672       banked        84ms replayed  chain3
3675       banked        86ms replayed  chain3
3680       banked        95ms replayed  flat
3689       banked        82ms replayed  chain3
3690       banked        81ms replayed  chain3
3696       banked        83ms replayed  chain3
3698       banked        84ms replayed  flat
3700       banked        82ms replayed  flat
3703       banked        82ms replayed  chain3
3705       banked        82ms replayed  chain3
3712       banked        83ms replayed  flat
3718       banked        82ms replayed  flat
3720       banked        83ms replayed  chain3
3724       banked        88ms replayed  flat
3726       banked        82ms replayed  chain3
3731       banked        80ms replayed  chain3
3740       banked        81ms replayed  flat
3741       banked        80ms replayed  flat
3744       banked        80ms replayed  chain3
3751       banked        81ms replayed  flat
3757       banked        81ms replayed  chain3
3760       banked        81ms replayed  chain3
3762       banked        83ms replayed  flat
3770       banked        81ms replayed  chain3
3772       banked        85ms replayed  flat
3773       banked        88ms replayed  flat
3774       banked        83ms replayed  chain3
3780       banked        80ms replayed  chain3
3784       banked        81ms replayed  chain3
3795       banked        81ms replayed  chain3
3800       banked        82ms replayed  flat
3807       banked        83ms replayed  chain3
3808       banked        82ms replayed  chain3
3813       banked        82ms replayed  flat
3822       banked        80ms replayed  flat
3825       banked        79ms replayed  chain3
3828       banked        83ms replayed  chain3
3844       banked        81ms replayed  chain3
3848       banked        86ms replayed  chain3
3850       banked        82ms replayed  flat
3857       banked        80ms replayed  chain3
3861       banked        83ms replayed  flat
3864       banked        84ms replayed  flat
3870       banked        82ms replayed  chain3
3872       banked        82ms replayed  chain3
3875       banked        84ms replayed  chain3
3876       banked        80ms replayed  chain3
3885       banked        83ms replayed  chain3
3887       banked        91ms replayed  flat
3895       banked        87ms replayed  chain3
3900       banked        81ms replayed  chain3
3906       banked        82ms replayed  chain3
3910       banked        83ms replayed  chain3
3913       banked        80ms replayed  chain3
3915       banked        80ms replayed  flat
3920       banked        82ms replayed  ztt
3927       banked        84ms replayed  chain3
3933       banked        80ms replayed  chain3
3936       banked        82ms replayed  chain3
3944       banked        82ms replayed  flat
3948       banked        80ms replayed  flat
3952       banked        83ms replayed  chain3
3956       banked        80ms replayed  chain3
3960       banked        84ms replayed  flat
3968       banked        80ms replayed  chain3
3969       banked        82ms replayed  chain3
3971       banked        90ms replayed  chain3
3978       banked        80ms replayed  flat
3990       banked        80ms replayed  chain3
3993       banked        79ms replayed  flat
3995       banked        80ms replayed  chain3
3996       banked        80ms replayed  chain3
3999       banked        81ms replayed  chain3
4002       banked        81ms replayed  flat
4004       banked        81ms replayed  flat
4018       banked        89ms replayed  flat
4025       banked        84ms replayed  chain3
4030       banked        81ms replayed  flat
4032       banked        80ms replayed  ztt
4046       banked        80ms replayed  flat
4048       banked        80ms replayed  chain3
4056       banked        81ms replayed  flat
4059       banked        86ms replayed  chain3
4060       banked        85ms replayed  flat
4070       banked        83ms replayed  chain3
4080       banked        83ms replayed  chain3
4085       banked        83ms replayed  flat
4089       banked        81ms replayed  chain3
4092       banked        81ms replayed  chain3
4095       banked        84ms replayed  chain3
