2026-09-23 10:53:54 store: fresh copy of the shipped wisdom (C:\Users\Tugbars\Desktop\highSpeedFFT\src\dag-fft-compiler\generator\generated)
2026-09-23 10:53:54 verify: 4095 cells, contract out of place, bin C:\Users\Tugbars\Desktop\highSpeedFFT\gauntlet
2026-09-23 11:01:56 verify: === 4095 cells, 203 failed: *** FAIL *** === -> verify.csv
2026-09-23 11:05:09 verify: 4095 cells, contract out of place, bin C:\Users\Tugbars\Desktop\highSpeedFFT\gauntlet
2026-09-23 11:05:57 verify: === 4095 cells, 0 failed: ALL PASS === -> verify.csv
2026-09-23 11:15:09 bench: 1254 cells, contract out of place, bin C:\Users\Tugbars\Desktop\highSpeedFFT\gauntlet
2026-09-23 11:15:09 bench: 0 cells (0 already benched, 1254 not banked -> not benched)
2026-09-23 11:15:09 report: C:\Users\Tugbars\Desktop\highSpeedFFT\gauntlet\results\oddblk_2026-09-23\report.md
2026-09-23 11:16:00 run: 1254 cells, contract out of place, bin C:\Users\Tugbars\Desktop\highSpeedFFT\gauntlet
2026-09-23 11:16:00 calibrate: 1254 cells (0 already done)
2026-09-23 11:16:02   calibrated 25/1254 (39), 2 s elapsed
2026-09-23 11:16:04   calibrated 50/1254 (67), 5 s elapsed
2026-09-23 11:16:07   calibrated 75/1254 (93), 7 s elapsed
2026-09-23 11:16:09   calibrated 100/1254 (119), 9 s elapsed
2026-09-23 11:16:11   calibrated 125/1254 (145), 12 s elapsed
2026-09-23 11:16:14   calibrated 150/1254 (171), 14 s elapsed
2026-09-23 11:16:16   calibrated 175/1254 (197), 16 s elapsed
2026-09-23 11:16:18   calibrated 200/1254 (222), 19 s elapsed
2026-09-23 11:16:21   calibrated 225/1254 (247), 21 s elapsed
2026-09-23 11:16:23   calibrated 250/1254 (273), 23 s elapsed
2026-09-23 11:16:26   calibrated 275/1254 (298), 26 s elapsed
2026-09-23 11:16:28   calibrated 300/1254 (324), 28 s elapsed
2026-09-23 11:16:30   calibrated 325/1254 (349), 31 s elapsed
2026-09-23 11:16:33   calibrated 350/1254 (374), 33 s elapsed
2026-09-23 11:16:35   calibrated 375/1254 (400), 35 s elapsed
2026-09-23 11:16:38   calibrated 400/1254 (425), 38 s elapsed
2026-09-23 11:16:40   calibrated 425/1254 (450), 40 s elapsed
2026-09-23 11:16:42   calibrated 450/1254 (475), 43 s elapsed
2026-09-23 11:16:45   calibrated 475/1254 (500), 45 s elapsed
2026-09-23 11:16:47   calibrated 500/1254 (539), 47 s elapsed
2026-09-23 11:16:49   calibrated 525/1254 (589), 50 s elapsed
2026-09-23 11:16:52   calibrated 550/1254 (639), 52 s elapsed
2026-09-23 11:16:54   calibrated 575/1254 (689), 54 s elapsed
2026-09-23 11:16:57   calibrated 600/1254 (739), 57 s elapsed
2026-09-23 11:16:59   calibrated 625/1254 (789), 59 s elapsed
2026-09-23 11:17:01   calibrated 650/1254 (839), 62 s elapsed
2026-09-23 11:17:04   calibrated 675/1254 (889), 64 s elapsed
2026-09-23 11:17:06   calibrated 700/1254 (939), 66 s elapsed
2026-09-23 11:17:09   calibrated 725/1254 (989), 69 s elapsed
2026-09-23 11:17:11   calibrated 750/1254 (1039), 71 s elapsed
2026-09-23 11:17:13   calibrated 775/1254 (1089), 74 s elapsed
2026-09-23 11:17:16   calibrated 800/1254 (1139), 76 s elapsed
2026-09-23 11:17:18   calibrated 825/1254 (1189), 79 s elapsed
2026-09-23 11:17:21   calibrated 850/1254 (1239), 81 s elapsed
2026-09-23 11:17:23   calibrated 875/1254 (1289), 83 s elapsed
2026-09-23 11:17:25   calibrated 900/1254 (1339), 86 s elapsed
2026-09-23 11:17:28   calibrated 925/1254 (1389), 88 s elapsed
2026-09-23 11:17:30   calibrated 950/1254 (1439), 91 s elapsed
2026-09-23 11:17:33   calibrated 975/1254 (1489), 93 s elapsed
2026-09-23 11:17:35   calibrated 1000/1254 (1539), 95 s elapsed
2026-09-23 11:17:38   calibrated 1025/1254 (1589), 98 s elapsed
2026-09-23 11:17:40   calibrated 1050/1254 (1639), 100 s elapsed
2026-09-23 11:17:42   calibrated 1075/1254 (1689), 103 s elapsed
2026-09-23 11:17:45   calibrated 1100/1254 (1739), 105 s elapsed
2026-09-23 11:17:47   calibrated 1125/1254 (1789), 108 s elapsed
2026-09-23 11:17:50   calibrated 1150/1254 (1839), 110 s elapsed
2026-09-23 11:17:52   calibrated 1175/1254 (1889), 113 s elapsed
2026-09-23 11:17:55   calibrated 1200/1254 (1939), 115 s elapsed
2026-09-23 11:17:57   calibrated 1225/1254 (1989), 118 s elapsed
2026-09-23 11:18:00   calibrated 1250/1254 (2039), 120 s elapsed
2026-09-23 11:18:00   calibrated 1254/1254 (2047), 120 s elapsed
2026-09-23 11:18:00 bench: 1254 cells (0 already benched, 0 not banked -> not benched)
2026-09-23 11:18:33   benched 25/1254 (39), 32 s elapsed
2026-09-23 11:19:08   benched 50/1254 (67), 66 s elapsed
2026-09-23 11:19:43   benched 75/1254 (93), 102 s elapsed
2026-09-23 11:20:19   benched 100/1254 (119), 138 s elapsed
2026-09-23 11:20:54   benched 125/1254 (145), 173 s elapsed
2026-09-23 11:21:31   benched 150/1254 (171), 209 s elapsed
2026-09-23 11:22:07   benched 175/1254 (197), 246 s elapsed
2026-09-23 11:22:47   benched 200/1254 (222), 285 s elapsed
2026-09-23 11:23:23   benched 225/1254 (247), 322 s elapsed
2026-09-23 11:24:02   benched 250/1254 (273), 361 s elapsed
2026-09-23 11:24:42   benched 275/1254 (298), 401 s elapsed
2026-09-23 11:25:21   benched 300/1254 (324), 440 s elapsed
2026-09-23 11:26:00   benched 325/1254 (349), 479 s elapsed
2026-09-23 11:26:38   benched 350/1254 (374), 517 s elapsed
2026-09-23 11:27:16   benched 375/1254 (400), 555 s elapsed
2026-09-23 11:27:56   benched 400/1254 (425), 595 s elapsed
2026-09-23 11:28:35   benched 425/1254 (450), 634 s elapsed
2026-09-23 11:29:13   benched 450/1254 (475), 672 s elapsed
2026-09-23 11:29:50   benched 475/1254 (500), 709 s elapsed
2026-09-23 11:30:31   benched 500/1254 (539), 750 s elapsed
2026-09-23 11:31:14   benched 525/1254 (589), 793 s elapsed
2026-09-23 11:31:55   benched 550/1254 (639), 834 s elapsed
2026-09-23 11:32:38   benched 575/1254 (689), 877 s elapsed
2026-09-23 11:33:21   benched 600/1254 (739), 920 s elapsed
2026-09-23 11:34:04   benched 625/1254 (789), 962 s elapsed
2026-09-23 11:34:45   benched 650/1254 (839), 1004 s elapsed
2026-09-23 11:35:26   benched 675/1254 (889), 1045 s elapsed
2026-09-23 11:36:08   benched 700/1254 (939), 1086 s elapsed
2026-09-23 11:36:48   benched 725/1254 (989), 1127 s elapsed
2026-09-23 11:37:30   benched 750/1254 (1039), 1169 s elapsed
2026-09-23 11:38:14   benched 775/1254 (1089), 1213 s elapsed
2026-09-23 11:39:01   benched 800/1254 (1139), 1260 s elapsed
2026-09-23 11:39:47   benched 825/1254 (1189), 1305 s elapsed
2026-09-23 11:40:31   benched 850/1254 (1239), 1350 s elapsed
2026-09-23 11:41:16   benched 875/1254 (1289), 1395 s elapsed
2026-09-23 11:42:02   benched 900/1254 (1339), 1441 s elapsed
2026-09-23 11:42:48   benched 925/1254 (1389), 1486 s elapsed
2026-09-23 11:43:32   benched 950/1254 (1439), 1531 s elapsed
2026-09-23 11:44:15   benched 975/1254 (1489), 1574 s elapsed
2026-09-23 11:45:01   benched 1000/1254 (1539), 1620 s elapsed
2026-09-23 11:45:46   benched 1025/1254 (1589), 1664 s elapsed
2026-09-23 11:46:28   benched 1050/1254 (1639), 1707 s elapsed
2026-09-23 11:47:11   benched 1075/1254 (1689), 1750 s elapsed
2026-09-23 11:47:55   benched 1100/1254 (1739), 1794 s elapsed
2026-09-23 11:48:37   benched 1125/1254 (1789), 1836 s elapsed
2026-09-23 11:49:20   benched 1150/1254 (1839), 1879 s elapsed
2026-09-23 11:50:01   benched 1175/1254 (1889), 1920 s elapsed
2026-09-23 11:50:44   benched 1200/1254 (1939), 1963 s elapsed
2026-09-23 11:51:26   benched 1225/1254 (1989), 2005 s elapsed
2026-09-23 11:52:07   benched 1250/1254 (2039), 2045 s elapsed
2026-09-23 11:52:14   benched 1254/1254 (2047), 2053 s elapsed
2026-09-23 11:52:15 report: C:\Users\Tugbars\Desktop\highSpeedFFT\gauntlet\results\oddblk_2026-09-23\report.md
2026-09-23 12:44:06 run: 796 cells, contract out of place, bin C:\Users\Tugbars\Desktop\highSpeedFFT\gauntlet
2026-09-23 12:44:06 calibrate: 796 cells (1254 already done)
2026-09-23 12:44:08   calibrated 25/796 (608), 2 s elapsed
2026-09-23 12:44:11   calibrated 50/796 (704), 5 s elapsed
2026-09-23 12:44:13   calibrated 75/796 (820), 7 s elapsed
2026-09-23 12:44:16   calibrated 100/796 (936), 10 s elapsed
2026-09-23 12:44:18   calibrated 125/796 (1054), 12 s elapsed
2026-09-23 12:44:21   calibrated 150/796 (1176), 15 s elapsed
2026-09-23 12:44:23   calibrated 175/796 (1300), 17 s elapsed
2026-09-23 12:44:26   calibrated 200/796 (1426), 20 s elapsed
2026-09-23 12:44:28   calibrated 225/796 (1558), 22 s elapsed
2026-09-23 12:44:30   calibrated 250/796 (1692), 25 s elapsed
2026-09-23 12:44:33   calibrated 275/796 (1824), 27 s elapsed
2026-09-23 12:44:35   calibrated 300/796 (1972), 30 s elapsed
2026-09-23 12:44:38   calibrated 325/796 (2090), 32 s elapsed
2026-09-23 12:44:40   calibrated 350/796 (2178), 34 s elapsed
2026-09-23 12:44:43   calibrated 375/796 (2275), 37 s elapsed
2026-09-23 12:44:45   calibrated 400/796 (2368), 39 s elapsed
2026-09-23 12:44:48   calibrated 425/796 (2464), 42 s elapsed
2026-09-23 12:44:50   calibrated 450/796 (2574), 44 s elapsed
2026-09-23 12:44:53   calibrated 475/796 (2665), 47 s elapsed
2026-09-23 12:44:55   calibrated 500/796 (2760), 50 s elapsed
2026-09-23 12:44:58   calibrated 525/796 (2870), 52 s elapsed
2026-09-23 12:45:01   calibrated 550/796 (2967), 55 s elapsed
2026-09-23 12:45:03   calibrated 575/796 (3080), 57 s elapsed
2026-09-23 12:45:06   calibrated 600/796 (3190), 60 s elapsed
2026-09-23 12:45:08   calibrated 625/796 (3300), 62 s elapsed
2026-09-23 12:45:10   calibrated 650/796 (3404), 65 s elapsed
2026-09-23 12:45:13   calibrated 675/796 (3526), 67 s elapsed
2026-09-23 12:45:15   calibrated 700/796 (3630), 69 s elapsed
2026-09-23 12:45:17   calibrated 725/796 (3744), 72 s elapsed
2026-09-23 12:45:20   calibrated 750/796 (3870), 74 s elapsed
2026-09-23 12:45:22   calibrated 775/796 (3990), 76 s elapsed
2026-09-23 12:45:24   calibrated 796/796 (4095), 78 s elapsed
2026-09-23 12:45:24 bench: 796 cells (0 already benched, 0 not banked -> not benched)
2026-09-23 12:45:59   benched 25/796 (608), 34 s elapsed
2026-09-23 12:46:33   benched 50/796 (704), 68 s elapsed
2026-09-23 12:47:07   benched 75/796 (820), 102 s elapsed
2026-09-23 12:47:42   benched 100/796 (936), 137 s elapsed
2026-09-23 12:48:17   benched 125/796 (1054), 172 s elapsed
2026-09-23 12:48:51   benched 150/796 (1176), 206 s elapsed
2026-09-23 12:49:26   benched 175/796 (1300), 241 s elapsed
2026-09-23 12:50:02   benched 200/796 (1426), 277 s elapsed
2026-09-23 12:50:37   benched 225/796 (1558), 312 s elapsed
2026-09-23 12:51:12   benched 250/796 (1692), 347 s elapsed
2026-09-23 12:51:47   benched 275/796 (1824), 382 s elapsed
2026-09-23 12:52:23   benched 300/796 (1972), 418 s elapsed
2026-09-23 12:52:59   benched 325/796 (2090), 453 s elapsed
2026-09-23 12:53:35   benched 350/796 (2178), 489 s elapsed
2026-09-23 12:54:11   benched 375/796 (2275), 525 s elapsed
2026-09-23 12:54:48   benched 400/796 (2368), 563 s elapsed
2026-09-23 12:55:24   benched 425/796 (2464), 598 s elapsed
2026-09-23 12:55:59   benched 450/796 (2574), 634 s elapsed
2026-09-23 12:56:35   benched 475/796 (2665), 670 s elapsed
2026-09-23 12:57:13   benched 500/796 (2760), 707 s elapsed
2026-09-23 12:57:49   benched 525/796 (2870), 743 s elapsed
2026-09-23 12:58:25   benched 550/796 (2967), 780 s elapsed
2026-09-23 12:59:01   benched 575/796 (3080), 816 s elapsed
2026-09-23 12:59:38   benched 600/796 (3190), 853 s elapsed
2026-09-23 13:00:14   benched 625/796 (3300), 889 s elapsed
2026-09-23 13:00:50   benched 650/796 (3404), 925 s elapsed
2026-09-23 13:01:27   benched 675/796 (3526), 962 s elapsed
2026-09-23 13:02:05   benched 700/796 (3630), 999 s elapsed
2026-09-23 13:02:41   benched 725/796 (3744), 1035 s elapsed
2026-09-23 13:03:17   benched 750/796 (3870), 1072 s elapsed
2026-09-23 13:03:53   benched 775/796 (3990), 1108 s elapsed
2026-09-23 13:04:24   benched 796/796 (4095), 1139 s elapsed
2026-09-23 13:04:25 report: C:\Users\Tugbars\Desktop\highSpeedFFT\gauntlet\results\oddblk_2026-09-23\report.md
