2x2        banked       352ms raced     chain
2x4        banked       290ms raced     chain
2x8        banked       294ms raced     chain
2x16       banked       301ms raced     chain
2x32       banked       314ms raced     chain
2x64       banked       322ms raced     chain
2x128      banked       287ms raced     chain
2x256      banked       317ms raced     chain
2x512      banked       279ms raced     chain
2x1024     banked       290ms raced     chain
2x2048     banked       290ms raced     chain
2x4096     banked       288ms raced     chain
2x8192     banked      8113ms raced     chain
4x2        banked       299ms raced     chain
4x4        banked       297ms raced     chain
4x8        banked       288ms raced     chain
4x16       banked       295ms raced     chain
4x32       banked       311ms raced     chain
4x64       banked       313ms raced     chain
4x128      banked       286ms raced     chain
4x256      banked       317ms raced     chain
4x512      banked       287ms raced     chain
4x1024     banked       288ms raced     chain
4x2048     banked       291ms raced     chain
4x4096     banked       300ms raced     chain
4x8192     banked       302ms raced     chain
8x2        banked       295ms raced     chain
8x4        banked       291ms raced     chain
8x8        banked       283ms raced     chain
8x16       banked       303ms raced     chain
8x32       banked       325ms raced     chain
8x64       banked       332ms raced     chain
8x128      banked       294ms raced     chain
8x256      banked       330ms raced     chain
8x512      banked       289ms raced     chain
8x1024     banked       287ms raced     chain
8x2048     banked       290ms raced     chain
8x4096     banked       300ms raced     chain
8x8192     banked       298ms raced     chain
16x2       banked       301ms raced     chain
16x4       banked       287ms raced     chain
16x8       banked       283ms raced     chain
16x16      banked       302ms raced     chain
16x32      banked       315ms raced     chain
16x64      banked       337ms raced     chain
16x128     banked       289ms raced     chain
16x256     banked       412ms raced     chain
16x512     banked       324ms raced     chain
16x1024    banked       314ms raced     chain
16x2048    banked       316ms raced     chain
16x4096    banked       319ms raced     chain
16x8192    banked       311ms raced     chain
32x2       banked       498ms raced     chain
32x4       banked       508ms raced     chain
32x8       banked       504ms raced     chain
32x16      banked       511ms raced     chain
32x32      banked       521ms raced     chain
32x64      banked       551ms raced     chain
32x128     banked       500ms raced     chain
32x256     banked       595ms raced     chain
32x512     banked       513ms raced     chain
32x1024    banked       522ms raced     chain
32x2048    banked       518ms raced     chain
32x4096    banked       527ms raced     chain
32x8192    banked       328ms raced     chain
64x2       banked       523ms raced     chain
64x4       banked       500ms raced     chain
64x8       banked       507ms raced     chain
64x16      banked       512ms raced     chain
64x32      banked       548ms raced     chain
64x64      banked       615ms raced     chain
64x128     banked       522ms raced     chain
64x256     banked       451ms raced     chain
64x512     banked       317ms raced     chain
64x1024    banked       332ms raced     chain
64x2048    banked       338ms raced     chain
64x4096    banked       339ms raced     chain
64x8192    banked       380ms raced     chain
128x2      banked       446ms raced     chain
128x4      banked       564ms raced     chain
128x8      banked       589ms raced     chain
128x16     banked       522ms raced     chain
128x32     banked       523ms raced     chain
128x64     banked       611ms raced     chain
128x128    banked       314ms raced     chain
128x256    banked       465ms raced     chain
128x512    banked       325ms raced     chain
128x1024   banked       349ms raced     chain
128x2048   banked       364ms raced     chain
128x4096   banked       424ms raced     chain
128x8192   banked       634ms raced     chain
256x2      banked       561ms raced     chain
256x4      banked       540ms raced     chain
256x8      banked       580ms raced     chain
256x16     banked       745ms raced     chain
256x32     banked       763ms raced     chain
256x64     banked       536ms raced     chain
256x128    banked       337ms raced     chain
256x256    banked       483ms raced     chain
256x512    banked       357ms raced     chain
256x1024   banked       384ms raced     chain
256x2048   banked       456ms raced     chain
256x4096   banked       747ms raced     chain
256x8192   banked      1376ms raced     chain
512x2      banked       635ms raced     chain
512x4      banked       647ms raced     chain
512x8      banked       600ms raced     chain
512x16     banked       598ms raced     chain
512x32     banked       476ms raced     chain
512x64     banked       477ms raced     chain
512x128    banked       349ms raced     chain
512x256    banked       537ms raced     chain
512x512    banked       402ms raced     chain
512x1024   banked       491ms raced     chain
512x2048   banked       857ms raced     chain
512x4096   banked      1640ms raced     chain
512x8192   banked      3182ms raced     chain
1024x2     banked       370ms raced     chain
1024x4     banked       457ms raced     chain
1024x8     banked       460ms raced     chain
1024x16    banked       528ms raced     chain
1024x32    banked       570ms raced     chain
1024x64    banked       572ms raced     chain
1024x128   banked       361ms raced     chain
1024x256   banked       540ms raced     chain
1024x512   banked       512ms raced     chain
1024x1024  banked       869ms raced     chain
1024x2048  banked      1665ms raced     chain
1024x4096  banked      3159ms raced     chain
2048x2     banked       558ms raced     chain
2048x4     banked       480ms raced     chain
2048x8     banked       440ms raced     chain
2048x16    banked       734ms raced     chain
2048x32    banked       775ms raced     chain
2048x64    banked       844ms raced     chain
2048x128   banked       413ms raced     chain
2048x256   banked       977ms raced     chain
2048x512   banked       901ms raced     chain
2048x1024  banked      1993ms raced     chain
2048x2048  banked      3816ms raced     chain
4096x2     banked       651ms raced     chain
4096x4     banked       402ms raced     chain
4096x8     banked       665ms raced     chain
4096x16    banked       902ms raced     chain
4096x32    banked       964ms raced     chain
4096x64    banked       831ms raced     chain
4096x128   banked       753ms raced     chain
4096x256   banked      1705ms raced     chain
4096x512   banked      2153ms raced     chain
4096x1024  banked      3628ms raced     chain
8192x2     banked       941ms raced     chain
8192x4     banked       645ms raced     chain
8192x8     banked       651ms raced     chain
8192x16    banked       912ms raced     chain
8192x32    banked      1012ms raced     chain
8192x64    banked      1085ms raced     chain
8192x128   banked      1440ms raced     chain
8192x256   banked      3351ms raced     chain
8192x512   banked      4369ms raced     chain
