67         banked       137ms replayed  2p
71         banked       136ms replayed  2p
73         banked       138ms replayed  2p
79         banked       134ms replayed  2p
83         banked       134ms replayed  mono
89         banked       135ms replayed  2p
97         banked       135ms replayed  2p
101        banked       135ms replayed  2p
103        banked       134ms replayed  2p
107        banked       137ms replayed  prime
109        banked       135ms replayed  2p
113        banked       137ms replayed  2p
127        banked       134ms replayed  2p
131        banked       134ms replayed  2p
137        banked       134ms replayed  2p
139        banked       134ms replayed  2p
149        banked       134ms replayed  flat
151        banked       134ms replayed  2p
157        banked       134ms replayed  2p
159        banked       137ms replayed  prime
163        banked       138ms replayed  2p
167        banked       135ms replayed  prime
173        banked       134ms replayed  prime
177        banked       134ms replayed  2p
179        banked       134ms replayed  prime
181        banked       134ms replayed  2p
183        banked       136ms replayed  2p
191        banked       137ms replayed  2p
193        banked       136ms replayed  2p
197        banked       136ms replayed  flat
199        banked       136ms replayed  2p
201        banked       134ms replayed  2p
211        banked       134ms replayed  2p
213        banked       136ms replayed  prime
219        banked       135ms replayed  prime
223        banked       135ms replayed  prime
227        banked       138ms replayed  prime
229        banked       137ms replayed  2p
233        banked       135ms replayed  flat
237        banked       134ms replayed  prime
239        banked       136ms replayed  2p
241        banked       134ms replayed  2p
249        banked       136ms replayed  flat
251        banked       135ms replayed  2p
257        banked       136ms replayed  2p
263        banked       137ms replayed  prime
265        banked       135ms replayed  2p
267        banked       137ms replayed  2p
269        banked       134ms replayed  prime
271        banked       134ms replayed  2p
277        banked       133ms replayed  2p
281        banked       134ms replayed  chain3
283        banked       135ms replayed  flat
291        banked       138ms replayed  2p
293        banked       136ms replayed  prime
295        banked       136ms replayed  chain3
303        banked       134ms replayed  prime
305        banked       134ms replayed  2p
307        banked       134ms replayed  2p
309        banked       134ms replayed  flat
311        banked       137ms replayed  2p
313        banked       136ms replayed  2p
317        banked       136ms replayed  prime
321        banked       136ms replayed  2p
327        banked       135ms replayed  prime
331        banked       133ms replayed  2p
335        banked       134ms replayed  prime
337        banked       136ms replayed  chain3
339        banked       134ms replayed  2p
347        banked       139ms replayed  prime
349        banked       138ms replayed  2p
353        banked       140ms replayed  2p
355        banked       134ms replayed  prime
359        banked       137ms replayed  prime
365        banked       134ms replayed  flat
367        banked       134ms replayed  prime
371        banked       134ms replayed  2p
373        banked       135ms replayed  2p
379        banked       136ms replayed  chain3
381        banked       135ms replayed  2p
383        banked       137ms replayed  prime
389        banked       134ms replayed  prime
393        banked       135ms replayed  chain3
395        banked       138ms replayed  prime
397        banked       136ms replayed  chain3
401        banked       137ms replayed  chain3
409        banked       135ms replayed  chain3
411        banked       141ms replayed  2p
413        banked       146ms replayed  prime
415        banked       138ms replayed  2p
417        banked       134ms replayed  2p
419        banked       135ms replayed  2p
421        banked       134ms replayed  chain3
427        banked       133ms replayed  prime
431        banked       135ms replayed  flat
433        banked       137ms replayed  2p
439        banked       135ms replayed  prime
443        banked       137ms replayed  2p
445        banked       135ms replayed  2p
447        banked       134ms replayed  prime
449        banked       134ms replayed  2p
453        banked       134ms replayed  prime
457        banked       134ms replayed  flat
461        banked       135ms replayed  2p
463        banked       136ms replayed  chain3
467        banked       141ms replayed  prime
469        banked       134ms replayed  chain3
471        banked       138ms replayed  2p
477        banked       134ms replayed  flat
479        banked       135ms replayed  prime
485        banked       137ms replayed  flat
487        banked       134ms replayed  2p
489        banked       134ms replayed  prime
491        banked       137ms replayed  chain3
497        banked       135ms replayed  flat
499        banked       134ms replayed  prime
501        banked       135ms replayed  chain3
503        banked       135ms replayed  prime
505        banked       134ms replayed  chain3
509        banked       134ms replayed  prime
511        banked       139ms replayed  2p
515        banked       140ms replayed  prime
519        banked       139ms replayed  2p
521        banked       136ms replayed  chain3
523        banked       138ms replayed  2p
531        banked       136ms replayed  prime
535        banked       134ms replayed  prime
537        banked       134ms replayed  prime
541        banked       133ms replayed  chain3
543        banked       137ms replayed  prime
545        banked       137ms replayed  2p
547        banked       134ms replayed  2p
549        banked       134ms replayed  prime
553        banked       134ms replayed  2p
557        banked       134ms replayed  prime
563        banked       137ms replayed  prime
565        banked       134ms replayed  2p
569        banked       134ms replayed  prime
571        banked       137ms replayed  2p
573        banked       141ms replayed  flat
577        banked       136ms replayed  2p
579        banked       136ms replayed  2p
581        banked       134ms replayed  2p
583        banked       135ms replayed  prime
587        banked       134ms replayed  prime
591        banked       137ms replayed  prime
593        banked       137ms replayed  2p
597        banked       135ms replayed  prime
599        banked       136ms replayed  2p
601        banked       140ms replayed  chain3
603        banked       135ms replayed  flat
607        banked       135ms replayed  prime
613        banked       137ms replayed  chain3
617        banked       135ms replayed  chain3
619        banked       135ms replayed  prime
623        banked       137ms replayed  prime
631        banked       145ms replayed  chain3
633        banked       138ms replayed  prime
635        banked       136ms replayed  prime
639        banked       134ms replayed  2p
641        banked       134ms replayed  2p
643        banked       136ms replayed  prime
647        banked       135ms replayed  2p
649        banked       135ms replayed  chain3
653        banked       135ms replayed  prime
655        banked       137ms replayed  prime
657        banked       137ms replayed  2p
659        banked       136ms replayed  flat
661        banked       135ms replayed  chain3
669        banked       135ms replayed  prime
671        banked       134ms replayed  prime
673        banked       134ms replayed  2p
677        banked       136ms replayed  flat
679        banked       136ms replayed  prime
681        banked       137ms replayed  chain3
683        banked       136ms replayed  flat
685        banked       133ms replayed  chain3
687        banked       135ms replayed  chain3
689        banked       135ms replayed  2p
691        banked       135ms replayed  2p
695        banked       135ms replayed  prime
699        banked       135ms replayed  prime
701        banked       133ms replayed  chain3
707        banked       137ms replayed  prime
709        banked       134ms replayed  prime
711        banked       138ms replayed  prime
717        banked       134ms replayed  prime
719        banked       134ms replayed  prime
721        banked       136ms replayed  chain3
723        banked       139ms replayed  2p
727        banked       142ms replayed  chain3
733        banked       134ms replayed  prime
737        banked       141ms replayed  2p
739        banked       133ms replayed  2p
743        banked       137ms replayed  prime
745        banked       133ms replayed  flat
747        banked       134ms replayed  prime
749        banked       139ms replayed  flat
751        banked       135ms replayed  chain3
753        banked       135ms replayed  2p
755        banked       135ms replayed  2p
757        banked       137ms replayed  chain3
761        banked       134ms replayed  chain3
763        banked       134ms replayed  prime
767        banked       134ms replayed  prime
769        banked       136ms replayed  2p
771        banked       138ms replayed  chain3
773        banked       163ms replayed  prime
781        banked       135ms replayed  chain3
785        banked       135ms replayed  chain3
787        banked       135ms replayed  prime
789        banked       137ms replayed  prime
791        banked       135ms replayed  prime
793        banked       134ms replayed  chain3
795        banked       134ms replayed  prime
797        banked       137ms replayed  prime
801        banked       134ms replayed  2p
803        banked       135ms replayed  prime
807        banked       134ms replayed  2p
809        banked       134ms replayed  prime
811        banked       136ms replayed  chain3
813        banked       134ms replayed  flat
815        banked       136ms replayed  2p
821        banked       139ms replayed  2p
823        banked       139ms replayed  prime
827        banked       134ms replayed  prime
829        banked       135ms replayed  chain3
831        banked       134ms replayed  prime
835        banked       135ms replayed  prime
839        banked       135ms replayed  prime
843        banked       134ms replayed  prime
849        banked       135ms replayed  prime
853        banked       135ms replayed  prime
857        banked       135ms replayed  prime
859        banked       138ms replayed  chain3
863        banked       136ms replayed  prime
865        banked       134ms replayed  2p
869        banked       134ms replayed  flat
871        banked       134ms replayed  2p
873        banked       135ms replayed  prime
877        banked       140ms replayed  prime
879        banked       140ms replayed  prime
881        banked       135ms replayed  chain3
883        banked       134ms replayed  chain3
885        banked       135ms replayed  flat
887        banked       136ms replayed  prime
889        banked       138ms replayed  2p
895        banked       135ms replayed  prime
901        banked       135ms replayed  chain3
905        banked       137ms replayed  prime
907        banked       137ms replayed  prime
909        banked       136ms replayed  prime
911        banked       135ms replayed  chain3
913        banked       134ms replayed  chain3
915        banked       134ms replayed  prime
917        banked       135ms replayed  prime
919        banked       135ms replayed  chain3
921        banked       136ms replayed  flat
923        banked       138ms replayed  prime
927        banked       134ms replayed  prime
929        banked       134ms replayed  2p
933        banked       133ms replayed  prime
937        banked       134ms replayed  chain3
939        banked       133ms replayed  prime
941        banked       133ms replayed  2p
947        banked       134ms replayed  2p
949        banked       137ms replayed  prime
951        banked       135ms replayed  2p
953        banked       134ms replayed  chain3
955        banked       136ms replayed  prime
959        banked       135ms replayed  prime
963        banked       135ms replayed  2p
965        banked       139ms replayed  prime
967        banked       134ms replayed  2p
971        banked       134ms replayed  prime
973        banked       144ms replayed  chain3
977        banked       138ms replayed  prime
979        banked       138ms replayed  prime
981        banked       134ms replayed  chain3
983        banked       134ms replayed  prime
985        banked       136ms replayed  2p
991        banked       135ms replayed  flat
993        banked       134ms replayed  flat
995        banked       138ms replayed  prime
997        banked       137ms replayed  prime
1003       banked       136ms replayed  prime
1005       banked       134ms replayed  prime
1007       banked       136ms replayed  prime
1009       banked       135ms replayed  chain3
1011       banked       134ms replayed  prime
1013       banked       136ms replayed  flat
1017       banked       134ms replayed  prime
1019       banked       137ms replayed  prime
1021       banked       134ms replayed  chain3
1027       banked       136ms replayed  2p
1031       banked       135ms replayed  prime
1033       banked       137ms replayed  flat
1037       banked       138ms replayed  flat
1039       banked       138ms replayed  prime
1041       banked       133ms replayed  chain3
1043       banked       134ms replayed  prime
1047       banked       138ms replayed  prime
1049       banked       136ms replayed  prime
1051       banked       134ms replayed  2p
1055       banked       135ms replayed  2p
1057       banked       133ms replayed  chain3
1059       banked       136ms replayed  2p
1061       banked       134ms replayed  prime
1063       banked       134ms replayed  prime
1065       banked       139ms replayed  flat
1067       banked       138ms replayed  2p
1069       banked       134ms replayed  prime
1077       banked       133ms replayed  prime
1079       banked       135ms replayed  flat
1087       banked       134ms replayed  prime
1091       banked       134ms replayed  prime
1093       banked       134ms replayed  chain3
1095       banked       134ms replayed  prime
1097       banked       138ms replayed  prime
1099       banked       134ms replayed  prime
1101       banked       136ms replayed  chain3
1103       banked       134ms replayed  2p
1109       banked       134ms replayed  prime
1111       banked       136ms replayed  2p
1113       banked       133ms replayed  prime
1115       banked       134ms replayed  prime
1117       banked       137ms replayed  chain3
1119       banked       142ms replayed  2p
1121       banked       134ms replayed  chain3
1123       banked       135ms replayed  flat
1129       banked       134ms replayed  flat
1133       banked       136ms replayed  prime
1135       banked       140ms replayed  2p
1137       banked       133ms replayed  prime
1139       banked       135ms replayed  prime
1141       banked       137ms replayed  flat
1143       banked       140ms replayed  prime
1145       banked       137ms replayed  chain3
1149       banked       137ms replayed  flat
1151       banked       134ms replayed  2p
1153       banked       137ms replayed  2p
1157       banked       137ms replayed  flat
1159       banked       134ms replayed  prime
1163       banked       144ms replayed  prime
1165       banked       142ms replayed  prime
1167       banked       136ms replayed  prime
1169       banked       137ms replayed  prime
1171       banked       134ms replayed  chain3
1177       banked       134ms replayed  flat
1179       banked       134ms replayed  2p
1181       banked       134ms replayed  prime
1185       banked       134ms replayed  2p
1187       banked       137ms replayed  prime
1191       banked       135ms replayed  chain3
1193       banked       134ms replayed  prime
1195       banked       136ms replayed  prime
1199       banked       136ms replayed  prime
1201       banked       136ms replayed  chain3
1203       banked       136ms replayed  prime
1205       banked       137ms replayed  flat
1207       banked       140ms replayed  prime
1211       banked       147ms replayed  flat
1213       banked       133ms replayed  prime
1217       banked       134ms replayed  2p
1219       banked       133ms replayed  2p
1223       banked       133ms replayed  flat
1227       banked       134ms replayed  prime
1229       banked       133ms replayed  prime
1231       banked       137ms replayed  2p
1233       banked       136ms replayed  chain3
1237       banked       147ms replayed  prime
1239       banked       134ms replayed  prime
1241       banked       136ms replayed  flat
1243       banked       137ms replayed  2p
1245       banked       134ms replayed  prime
1249       banked       135ms replayed  chain3
1251       banked       134ms replayed  2p
1253       banked       136ms replayed  prime
1255       banked       149ms replayed  flat
1257       banked       135ms replayed  prime
1259       banked       136ms replayed  2p
1261       banked       138ms replayed  chain3
1263       banked       136ms replayed  prime
1267       banked       134ms replayed  prime
1273       banked       135ms replayed  prime
1277       banked       139ms replayed  flat
1279       banked       137ms replayed  prime
1281       banked       135ms replayed  2p
1283       banked       134ms replayed  prime
1285       banked       134ms replayed  prime
1289       banked       137ms replayed  flat
1291       banked       134ms replayed  2p
1293       banked       136ms replayed  flat
1297       banked       137ms replayed  chain3
1299       banked       142ms replayed  prime
1301       banked       137ms replayed  chain3
1303       banked       136ms replayed  2p
1307       banked       134ms replayed  prime
1313       banked       134ms replayed  2p
1315       banked       135ms replayed  prime
1317       banked       136ms replayed  flat
1319       banked       136ms replayed  prime
1321       banked       136ms replayed  chain3
1325       banked       137ms replayed  prime
1327       banked       135ms replayed  flat
1329       banked       136ms replayed  prime
1335       banked       134ms replayed  2p
1337       banked       134ms replayed  prime
1339       banked       136ms replayed  prime
1341       banked       135ms replayed  prime
1343       banked       137ms replayed  prime
1345       banked       137ms replayed  2p
1347       banked       139ms replayed  prime
1349       banked       134ms replayed  prime
1351       banked       134ms replayed  2p
1355       banked       134ms replayed  prime
1357       banked       135ms replayed  prime
1359       banked       137ms replayed  prime
1361       banked       135ms replayed  flat
1367       banked       136ms replayed  prime
1371       banked       137ms replayed  prime
1373       banked       135ms replayed  flat
1379       banked       137ms replayed  prime
1381       banked       136ms replayed  chain3
1383       banked       137ms replayed  prime
1385       banked       135ms replayed  prime
1387       banked       134ms replayed  flat
1389       banked       134ms replayed  prime
1391       banked       137ms replayed  prime
1393       banked       135ms replayed  flat
1397       banked       135ms replayed  prime
1399       banked       134ms replayed  prime
1401       banked       134ms replayed  chain3
1403       banked       135ms replayed  prime
1405       banked       135ms replayed  chain3
1407       banked       135ms replayed  2p
1409       banked       135ms replayed  2p
1411       banked       136ms replayed  2p
1413       banked       134ms replayed  prime
1415       banked       138ms replayed  prime
1417       banked       139ms replayed  prime
1423       banked       134ms replayed  prime
1427       banked       135ms replayed  2p
1429       banked       136ms replayed  chain3
1431       banked       136ms replayed  flat
1433       banked       136ms replayed  prime
1437       banked       140ms replayed  prime
1439       banked       136ms replayed  prime
1441       banked       134ms replayed  chain3
1447       banked       134ms replayed  prime
1451       banked       135ms replayed  flat
1453       banked       134ms replayed  chain3
1455       banked       135ms replayed  prime
1459       banked       137ms replayed  2p
1461       banked       138ms replayed  prime
1465       banked       135ms replayed  prime
1467       banked       137ms replayed  prime
1469       banked       134ms replayed  prime
1471       banked       134ms replayed  flat
1473       banked       135ms replayed  2p
1475       banked       134ms replayed  prime
1477       banked       134ms replayed  chain3
1481       banked       137ms replayed  flat
1483       banked       144ms replayed  chain3
1487       banked       138ms replayed  prime
1489       banked       134ms replayed  flat
1491       banked       134ms replayed  prime
1493       banked       135ms replayed  prime
1497       banked       135ms replayed  flat
1499       banked       134ms replayed  prime
1501       banked       134ms replayed  chain3
1503       banked       137ms replayed  prime
1507       banked       139ms replayed  prime
1509       banked       134ms replayed  flat
1511       banked       134ms replayed  prime
1513       banked       135ms replayed  chain3
1515       banked       134ms replayed  prime
1523       banked       136ms replayed  prime
1525       banked       137ms replayed  prime
1527       banked       138ms replayed  prime
1529       banked       139ms replayed  prime
1531       banked       135ms replayed  flat
1533       banked       136ms replayed  prime
1535       banked       134ms replayed  prime
1537       banked       136ms replayed  2p
1541       banked       138ms replayed  chain3
1543       banked       138ms replayed  prime
1545       banked       135ms replayed  prime
1549       banked       137ms replayed  chain3
1553       banked       136ms replayed  prime
1555       banked       137ms replayed  2p
1557       banked       134ms replayed  prime
1559       banked       137ms replayed  2p
1561       banked       137ms replayed  chain3
1563       banked       136ms replayed  prime
1565       banked       134ms replayed  flat
1567       banked       137ms replayed  flat
1569       banked       141ms replayed  chain3
1571       banked       151ms replayed  prime
1577       banked       134ms replayed  prime
1579       banked       134ms replayed  prime
1583       banked       135ms replayed  prime
1585       banked       133ms replayed  chain3
1589       banked       134ms replayed  prime
1593       banked       134ms replayed  prime
1597       banked       138ms replayed  flat
1601       banked       136ms replayed  2p
1603       banked       140ms replayed  prime
1605       banked       134ms replayed  prime
1607       banked       137ms replayed  prime
1609       banked       134ms replayed  prime
1611       banked       137ms replayed  flat
1613       banked       136ms replayed  flat
1619       banked       135ms replayed  prime
1621       banked       145ms replayed  chain3
1623       banked       134ms replayed  prime
1627       banked       137ms replayed  prime
1629       banked       136ms replayed  flat
1631       banked       137ms replayed  prime
1633       banked       137ms replayed  chain3
1635       banked       138ms replayed  flat
1637       banked       134ms replayed  prime
1639       banked       138ms replayed  flat
1641       banked       149ms replayed  flat
1643       banked       135ms replayed  prime
1647       banked       135ms replayed  prime
1649       banked       134ms replayed  prime
1651       banked       135ms replayed  chain3
1655       banked       137ms replayed  prime
1657       banked       135ms replayed  chain3
1659       banked       136ms replayed  prime
1661       banked       136ms replayed  prime
1663       banked       171ms replayed  prime
1667       banked       134ms replayed  flat
1669       banked       134ms replayed  prime
1671       banked       136ms replayed  prime
1673       banked       135ms replayed  flat
1675       banked       134ms replayed  flat
1679       banked       137ms replayed  prime
1685       banked       137ms replayed  prime
1687       banked       135ms replayed  prime
1689       banked       135ms replayed  prime
1691       banked       136ms replayed  flat
1693       banked       136ms replayed  flat
1695       banked       138ms replayed  flat
1697       banked       135ms replayed  prime
1699       banked       134ms replayed  prime
1703       banked       139ms replayed  2p
1707       banked       142ms replayed  prime
1709       banked       137ms replayed  prime
1711       banked       137ms replayed  flat
1713       banked       134ms replayed  prime
1717       banked       134ms replayed  flat
1719       banked       134ms replayed  prime
1721       banked       137ms replayed  flat
1723       banked       135ms replayed  2p
1727       banked       138ms replayed  prime
1731       banked       139ms replayed  prime
1733       banked       136ms replayed  prime
1735       banked       137ms replayed  flat
1737       banked       138ms replayed  flat
1741       banked       134ms replayed  flat
1743       banked       137ms replayed  prime
1745       banked       136ms replayed  prime
1747       banked       141ms replayed  prime
1749       banked       137ms replayed  flat
1751       banked       135ms replayed  flat
1753       banked       135ms replayed  prime
1757       banked       134ms replayed  prime
1759       banked       136ms replayed  prime
1761       banked       137ms replayed  chain3
1765       banked       134ms replayed  flat
1769       banked       134ms replayed  chain3
1773       banked       143ms replayed  prime
1775       banked       138ms replayed  prime
1777       banked       135ms replayed  chain3
1779       banked       134ms replayed  prime
1781       banked       135ms replayed  prime
1783       banked       136ms replayed  chain3
1787       banked       134ms replayed  flat
1789       banked       136ms replayed  prime
1791       banked       143ms replayed  prime
1793       banked       134ms replayed  chain3
1795       banked       138ms replayed  flat
1797       banked       135ms replayed  prime
1799       banked       134ms replayed  2p
1801       banked       142ms replayed  chain3
1803       banked       138ms replayed  prime
1807       banked       135ms replayed  flat
1809       banked       140ms replayed  prime
1811       banked       143ms replayed  prime
1817       banked       134ms replayed  prime
1819       banked       135ms replayed  prime
1821       banked       136ms replayed  chain3
1823       banked       138ms replayed  prime
1825       banked       138ms replayed  chain3
1829       banked       134ms replayed  prime
1831       banked       134ms replayed  prime
1835       banked       140ms replayed  prime
1837       banked       137ms replayed  flat
1839       banked       134ms replayed  prime
1841       banked       135ms replayed  chain3
1843       banked       136ms replayed  prime
1847       banked       134ms replayed  prime
1851       banked       136ms replayed  2p
1853       banked       139ms replayed  prime
1855       banked       136ms replayed  prime
1857       banked       138ms replayed  2p
1861       banked       137ms replayed  chain3
1865       banked       136ms replayed  prime
1867       banked       135ms replayed  prime
1869       banked       135ms replayed  prime
1871       banked       136ms replayed  flat
1873       banked       134ms replayed  chain3
1877       banked       135ms replayed  prime
1879       banked       137ms replayed  prime
1883       banked       136ms replayed  prime
1889       banked       134ms replayed  prime
1891       banked       134ms replayed  chain3
1893       banked       134ms replayed  flat
1895       banked       134ms replayed  prime
1897       banked       138ms replayed  prime
1899       banked       134ms replayed  prime
1901       banked       135ms replayed  flat
1903       banked       139ms replayed  prime
1905       banked       134ms replayed  flat
1907       banked       135ms replayed  prime
1909       banked       134ms replayed  prime
1913       banked       134ms replayed  prime
1915       banked       135ms replayed  chain3
1917       banked       135ms replayed  prime
1919       banked       136ms replayed  prime
1921       banked       137ms replayed  2p
1923       banked       140ms replayed  flat
1929       banked       139ms replayed  prime
1931       banked       135ms replayed  prime
1933       banked       136ms replayed  chain3
1937       banked       139ms replayed  chain3
1939       banked       134ms replayed  flat
1941       banked       134ms replayed  prime
1943       banked       135ms replayed  prime
1945       banked       136ms replayed  chain3
1947       banked       136ms replayed  prime
1949       banked       136ms replayed  prime
1951       banked       136ms replayed  flat
1957       banked       134ms replayed  prime
1959       banked       136ms replayed  prime
1961       banked       135ms replayed  flat
1963       banked       136ms replayed  prime
1965       banked       136ms replayed  prime
1967       banked       138ms replayed  prime
1969       banked       138ms replayed  chain3
1971       banked       134ms replayed  prime
1973       banked       134ms replayed  flat
1975       banked       135ms replayed  2p
1977       banked       135ms replayed  chain3
1979       banked       135ms replayed  flat
1981       banked       138ms replayed  chain3
1983       banked       134ms replayed  prime
1985       banked       135ms replayed  flat
1987       banked       136ms replayed  prime
1991       banked       134ms replayed  prime
1993       banked       135ms replayed  prime
1997       banked       134ms replayed  prime
1999       banked       134ms replayed  2p
2003       banked       134ms replayed  flat
2005       banked       135ms replayed  prime
2007       banked       138ms replayed  prime
2011       banked       141ms replayed  prime
2013       banked       135ms replayed  prime
2017       banked       136ms replayed  chain3
2019       banked       134ms replayed  prime
2027       banked       135ms replayed  prime
2029       banked       134ms replayed  chain3
2031       banked       135ms replayed  flat
2033       banked       136ms replayed  prime
2037       banked       136ms replayed  prime
2039       banked       137ms replayed  prime
2041       banked       138ms replayed  chain3
2043       banked       136ms replayed  prime
2045       banked       135ms replayed  prime
2047       banked       135ms replayed  chain3
