2026-10-01 11:49:20 run: 682 cells, contract out of place, bin C:\Users\Tugbars\Desktop\highSpeedFFT\gauntlet
2026-10-01 11:49:20 calibrate: 682 cells (0 already done)
2026-10-01 11:49:23   calibrated 25/682 (179), 4 s elapsed
2026-10-01 11:49:27   calibrated 50/682 (271), 7 s elapsed
2026-10-01 11:49:30   calibrated 75/682 (365), 11 s elapsed
2026-10-01 11:49:34   calibrated 100/682 (447), 14 s elapsed
2026-10-01 11:49:38   calibrated 125/682 (523), 18 s elapsed
2026-10-01 11:49:41   calibrated 150/682 (601), 22 s elapsed
2026-10-01 11:49:45   calibrated 175/682 (681), 25 s elapsed
2026-10-01 11:49:49   calibrated 200/682 (753), 29 s elapsed
2026-10-01 11:49:52   calibrated 225/682 (823), 33 s elapsed
2026-10-01 11:49:56   calibrated 250/682 (905), 36 s elapsed
2026-10-01 11:49:59   calibrated 275/682 (971), 40 s elapsed
2026-10-01 11:50:03   calibrated 300/682 (1041), 43 s elapsed
2026-10-01 11:50:07   calibrated 325/682 (1113), 47 s elapsed
2026-10-01 11:50:10   calibrated 350/682 (1179), 51 s elapsed
2026-10-01 11:50:14   calibrated 375/682 (1245), 54 s elapsed
2026-10-01 11:50:17   calibrated 400/682 (1315), 58 s elapsed
2026-10-01 11:50:21   calibrated 425/682 (1383), 62 s elapsed
2026-10-01 11:50:25   calibrated 450/682 (1447), 65 s elapsed
2026-10-01 11:50:28   calibrated 475/682 (1511), 69 s elapsed
2026-10-01 11:50:32   calibrated 500/682 (1577), 72 s elapsed
2026-10-01 11:50:36   calibrated 525/682 (1643), 76 s elapsed
2026-10-01 11:50:39   calibrated 550/682 (1709), 80 s elapsed
2026-10-01 11:50:43   calibrated 575/682 (1775), 83 s elapsed
2026-10-01 11:50:47   calibrated 600/682 (1837), 87 s elapsed
2026-10-01 11:50:50   calibrated 625/682 (1903), 91 s elapsed
2026-10-01 11:50:54   calibrated 650/682 (1965), 94 s elapsed
2026-10-01 11:50:57   calibrated 675/682 (2031), 98 s elapsed
2026-10-01 11:50:58   calibrated 682/682 (2047), 99 s elapsed
2026-10-01 11:50:58 bench: 682 cells (0 already benched, 0 not banked -> not benched)
2026-10-01 11:52:03   benched 25/682 (179), 63 s elapsed
2026-10-01 11:53:08   benched 50/682 (271), 128 s elapsed
2026-10-01 11:54:15   benched 75/682 (365), 195 s elapsed
2026-10-01 11:55:25   benched 100/682 (447), 265 s elapsed
2026-10-01 11:56:35   benched 125/682 (523), 335 s elapsed
2026-10-01 11:57:43   benched 150/682 (601), 403 s elapsed
2026-10-01 11:58:52   benched 175/682 (681), 472 s elapsed
2026-10-01 12:00:06   benched 200/682 (753), 546 s elapsed
2026-10-01 12:01:17   benched 225/682 (823), 617 s elapsed
2026-10-01 12:02:31   benched 250/682 (905), 691 s elapsed
2026-10-01 12:03:46   benched 275/682 (971), 766 s elapsed
2026-10-01 12:05:00   benched 300/682 (1041), 840 s elapsed
2026-10-01 12:06:14   benched 325/682 (1113), 914 s elapsed
2026-10-01 12:07:28   benched 350/682 (1179), 988 s elapsed
2026-10-01 12:08:39   benched 375/682 (1245), 1059 s elapsed
2026-10-01 12:09:54   benched 400/682 (1315), 1134 s elapsed
2026-10-01 12:11:08   benched 425/682 (1383), 1208 s elapsed
2026-10-01 12:12:21   benched 450/682 (1447), 1281 s elapsed
2026-10-01 12:13:36   benched 475/682 (1511), 1356 s elapsed
2026-10-01 12:14:50   benched 500/682 (1577), 1430 s elapsed
2026-10-01 12:16:04   benched 525/682 (1643), 1504 s elapsed
2026-10-01 12:17:16   benched 550/682 (1709), 1576 s elapsed
2026-10-01 12:18:31   benched 575/682 (1775), 1651 s elapsed
2026-10-01 12:19:48   benched 600/682 (1837), 1728 s elapsed
2026-10-01 12:21:03   benched 625/682 (1903), 1803 s elapsed
2026-10-01 12:22:16   benched 650/682 (1965), 1876 s elapsed
2026-10-01 12:23:31   benched 675/682 (2031), 1951 s elapsed
2026-10-01 12:23:51   benched 682/682 (2047), 1971 s elapsed
2026-10-01 12:23:53 report: C:\Users\Tugbars\Desktop\highSpeedFFT\gauntlet\results\zrb_odd_r2c_fftw_2026-10-01\report_r2c_fftw.md
