48         banked       119ms replayed  2p
80         banked        95ms replayed  2p
96         banked        88ms replayed  2p
112        banked        88ms replayed  2p
144        banked        89ms replayed  chain3
160        banked        88ms replayed  2p
192        banked        89ms replayed  2p
224        banked        89ms replayed  2p
240        banked        90ms replayed  2p
288        banked        88ms replayed  2p
320        banked        89ms replayed  2p
384        banked        88ms replayed  2p
400        banked        88ms replayed  2p
432        banked        88ms replayed  2p
448        banked        88ms replayed  chain3
480        banked        89ms replayed  2p
576        banked        88ms replayed  2p
640        banked        88ms replayed  2p
720        banked        88ms replayed  chain3
768        banked        90ms replayed  2p
800        banked        89ms replayed  2p
864        banked        89ms replayed  2p
896        banked        89ms replayed  chain3
960        banked        88ms replayed  2p
1152       banked        90ms replayed  chain3
1280       banked        89ms replayed  chain3
1440       banked        89ms replayed  chain3
1536       banked        88ms replayed  chain3
1600       banked        89ms replayed  chain3
1728       banked        89ms replayed  chain3
1792       banked        88ms replayed  chain3
1920       banked        88ms replayed  chain3
2304       banked        90ms replayed  ztt
2560       banked        89ms replayed  ztt
2880       banked        89ms replayed  ztt
3072       banked        90ms replayed  ztt
3200       banked        89ms replayed  ztt
3456       banked        89ms replayed  ztt
3584       banked        88ms replayed  ztt
3840       banked        89ms replayed  ztt
4608       banked     14159ms raced     ztt
5120       banked     23329ms raced     ztt
5760       banked     10231ms raced     ztt
6144       banked     41077ms raced     ztt
6400       banked     13234ms raced     ztt
6912       banked     13248ms raced     ztt
7168       banked     15774ms raced     ztt
7680       banked     11916ms raced     ztt
9216       banked     20281ms raced     ztt
10240      banked     27990ms raced     ztt
11520      banked      6710ms raced     ztt
12800      banked     14470ms raced     ztt
13824      banked     14339ms raced     ztt
14336      banked     21792ms raced     ztt
15360      banked     20190ms raced     ztt
18432      banked     28411ms raced     ztt
23040      banked      9330ms raced     ztt
25600      banked     25437ms raced     ztt
27648      banked     32775ms raced     ztt
30720      banked     31862ms raced     ztt
46080      banked     27695ms raced     ztt
51200      banked     47203ms raced     ztt
55296      banked     61779ms raced     ztt
92160      banked     62895ms raced     ztt
