2x2        banked       366ms raced     chain
2x4        banked       298ms raced     chain
2x8        banked       300ms raced     chain
2x16       banked       307ms raced     chain
2x32       banked       324ms raced     chain
2x64       banked       326ms raced     chain
2x128      banked       279ms raced     chain
2x256      banked       325ms raced     chain
2x512      banked       286ms raced     chain
2x1024     banked       289ms raced     chain
2x2048     banked       305ms raced     chain
2x4096     banked       298ms raced     chain
2x8192     banked      8069ms raced     chain
4x2        banked       306ms raced     chain
4x4        banked       290ms raced     chain
4x8        banked       282ms raced     chain
4x16       banked       304ms raced     chain
4x32       banked       311ms raced     chain
4x64       banked       327ms raced     chain
4x128      banked       294ms raced     chain
4x256      banked       342ms raced     chain
4x512      banked       295ms raced     chain
4x1024     banked       306ms raced     chain
4x2048     banked       301ms raced     chain
4x4096     banked       293ms raced     chain
4x8192     banked       316ms raced     chain
8x2        banked       308ms raced     chain
8x4        banked       304ms raced     chain
8x8        banked       300ms raced     chain
8x16       banked       322ms raced     chain
8x32       banked       328ms raced     chain
8x64       banked       336ms raced     chain
8x128      banked       283ms raced     chain
8x256      banked       366ms raced     chain
8x512      banked       307ms raced     chain
8x1024     banked       308ms raced     chain
8x2048     banked       302ms raced     chain
8x4096     banked       302ms raced     chain
8x8192     banked       302ms raced     chain
16x2       banked       304ms raced     chain
16x4       banked       299ms raced     chain
16x8       banked       298ms raced     chain
16x16      banked       317ms raced     chain
16x32      banked       332ms raced     chain
16x64      banked       353ms raced     chain
16x128     banked       296ms raced     chain
16x256     banked       398ms raced     chain
16x512     banked       310ms raced     chain
16x1024    banked       318ms raced     chain
16x2048    banked       315ms raced     chain
16x4096    banked       306ms raced     chain
16x8192    banked       320ms raced     chain
32x2       banked       518ms raced     chain
32x4       banked       512ms raced     chain
32x8       banked       506ms raced     chain
32x16      banked       527ms raced     chain
32x32      banked       536ms raced     chain
32x64      banked       586ms raced     chain
32x128     banked       313ms raced     chain
32x256     banked       628ms raced     chain
32x512     banked       504ms raced     chain
32x1024    banked       535ms raced     chain
32x2048    banked       533ms raced     chain
32x4096    banked       538ms raced     chain
32x8192    banked       338ms raced     chain
64x2       banked       530ms raced     chain
64x4       banked       510ms raced     chain
64x8       banked       517ms raced     chain
64x16      banked       530ms raced     chain
64x32      banked       617ms raced     chain
64x64      banked       447ms raced     chain
64x128     banked       519ms raced     chain
64x256     banked       448ms raced     chain
64x512     banked       322ms raced     chain
64x1024    banked       325ms raced     chain
64x2048    banked       548ms raced     chain
64x4096    banked       340ms raced     chain
64x8192    banked       403ms raced     chain
128x2      banked       385ms raced     chain
128x4      banked       532ms raced     chain
128x8      banked       321ms raced     chain
128x16     banked       416ms raced     chain
128x32     banked       427ms raced     chain
128x64     banked       426ms raced     chain
128x128    banked       322ms raced     chain
128x256    banked       421ms raced     chain
128x512    banked       346ms raced     chain
128x1024   banked       345ms raced     chain
128x2048   banked       355ms raced     chain
128x4096   banked       420ms raced     chain
128x8192   banked       662ms raced     chain
256x2      banked       555ms raced     chain
256x4      banked       586ms raced     chain
256x8      banked       567ms raced     chain
256x16     banked       597ms raced     chain
256x32     banked       637ms raced     chain
256x64     banked       481ms raced     chain
256x128    banked       325ms raced     chain
256x256    banked       469ms raced     chain
256x512    banked       356ms raced     chain
256x1024   banked       382ms raced     chain
256x2048   banked       469ms raced     chain
256x4096   banked       763ms raced     chain
256x8192   banked      1458ms raced     chain
512x2      banked       561ms raced     chain
512x4      banked       553ms raced     chain
512x8      banked       551ms raced     chain
512x16     banked       611ms raced     chain
512x32     banked       487ms raced     chain
512x64     banked       503ms raced     chain
512x128    banked       343ms raced     chain
512x256    banked       511ms raced     chain
512x512    banked       384ms raced     chain
512x1024   banked       504ms raced     chain
512x2048   banked       877ms raced     chain
512x4096   banked      1684ms raced     chain
512x8192   banked      3202ms raced     chain
1024x2     banked       373ms raced     chain
1024x4     banked       402ms raced     chain
1024x8     banked       366ms raced     chain
1024x16    banked       427ms raced     chain
1024x32    banked       464ms raced     chain
1024x64    banked       504ms raced     chain
1024x128   banked       358ms raced     chain
1024x256   banked       536ms raced     chain
1024x512   banked       506ms raced     chain
1024x1024  banked       918ms raced     chain
1024x2048  banked      1694ms raced     chain
1024x4096  banked      3306ms raced     chain
2048x2     banked       776ms raced     chain
2048x4     banked       626ms raced     chain
2048x8     banked       416ms raced     chain
2048x16    banked       740ms raced     chain
2048x32    banked       785ms raced     chain
2048x64    banked       825ms raced     chain
2048x128   banked       408ms raced     chain
2048x256   banked       757ms raced     chain
2048x512   banked       948ms raced     chain
2048x1024  banked      1768ms raced     chain
2048x2048  banked      3406ms raced     chain
4096x2     banked       649ms raced     chain
4096x4     banked       658ms raced     chain
4096x8     banked       611ms raced     chain
4096x16    banked       877ms raced     chain
4096x32    banked       956ms raced     chain
4096x64    banked       864ms raced     chain
4096x128   banked       766ms raced     chain
4096x256   banked      1799ms raced     chain
4096x512   banked      2237ms raced     chain
4096x1024  banked      3725ms raced     chain
8192x2     banked       869ms raced     chain
8192x4     banked       659ms raced     chain
8192x8     banked       796ms raced     chain
8192x16    banked       891ms raced     chain
8192x32    banked      1024ms raced     chain
8192x64    banked      1274ms raced     chain
8192x128   banked      1486ms raced     chain
8192x256   banked      3602ms raced     chain
8192x512   banked      4625ms raced     chain
