2026-09-29 13:39:31 store: fresh copy of the shipped wisdom (C:\Users\Tugbars\Desktop\highSpeedFFT\src\wisdom)
2026-09-29 13:39:31 run: 12 cells, contract out of place, bin C:\Users\Tugbars\Desktop\highSpeedFFT\gauntlet
2026-09-29 13:39:31 calibrate: 12 cells (0 already done)
2026-09-29 13:39:32   calibrated 12/12 (4096), 1 s elapsed
2026-09-29 13:39:32 bench: 12 cells (0 already benched, 0 not banked -> not benched)
2026-09-29 13:39:51   benched 12/12 (4096), 17 s elapsed
2026-09-29 13:39:52 report: C:\Users\Tugbars\Desktop\highSpeedFFT\gauntlet\results\realk_base_2026-09-29\report_r2c_k8_fftw.md
2026-09-29 13:39:53 run: 12 cells, contract out of place, bin C:\Users\Tugbars\Desktop\highSpeedFFT\gauntlet
2026-09-29 13:39:53 calibrate: 12 cells (0 already done)
2026-09-29 13:39:54   calibrated 12/12 (4096), 1 s elapsed
2026-09-29 13:39:54 bench: 12 cells (0 already benched, 0 not banked -> not benched)
2026-09-29 13:40:15   benched 12/12 (4096), 19 s elapsed
2026-09-29 13:40:17 report: C:\Users\Tugbars\Desktop\highSpeedFFT\gauntlet\results\realk_base_2026-09-29\report_c2r_k8_fftw.md
2026-09-29 13:40:17 run: 12 cells, contract out of place, bin C:\Users\Tugbars\Desktop\highSpeedFFT\gauntlet
2026-09-29 13:40:17 calibrate: 12 cells (0 already done)
2026-09-29 13:40:18   calibrated 12/12 (4096), 1 s elapsed
2026-09-29 13:40:18 bench: 12 cells (0 already benched, 0 not banked -> not benched)
2026-09-29 13:40:35   benched 12/12 (4096), 16 s elapsed
2026-09-29 13:40:36 report: C:\Users\Tugbars\Desktop\highSpeedFFT\gauntlet\results\realk_base_2026-09-29\report_r2c_k8.md
2026-09-29 13:40:36 run: 12 cells, contract out of place, bin C:\Users\Tugbars\Desktop\highSpeedFFT\gauntlet
2026-09-29 13:40:36 calibrate: 12 cells (0 already done)
2026-09-29 13:40:38   calibrated 12/12 (4096), 1 s elapsed
2026-09-29 13:40:38 bench: 12 cells (0 already benched, 0 not banked -> not benched)
2026-09-29 13:40:38   bench 4096 flip 0: exit 3221225477: ['[wisdom2] C:\\Users\\Tugbars\\Desktop\\highSpeedFFT\\gauntlet\\results\\realk_base_2026-09-29\\store: 14902 record(s) loaded, writable']
2026-09-29 13:40:38   bench 4096 flip 1: exit 3221225477: ['[wisdom2] C:\\Users\\Tugbars\\Desktop\\highSpeedFFT\\gauntlet\\results\\realk_base_2026-09-29\\store: 14902 record(s) loaded, writable']
2026-09-29 13:40:52   bench 2048 flip 0: exit 3221225477: ['[wisdom2] C:\\Users\\Tugbars\\Desktop\\highSpeedFFT\\gauntlet\\results\\realk_base_2026-09-29\\store: 14902 record(s) loaded, writable']
2026-09-29 13:40:52   bench 2048 flip 1: exit 3221225477: ['[wisdom2] C:\\Users\\Tugbars\\Desktop\\highSpeedFFT\\gauntlet\\results\\realk_base_2026-09-29\\store: 14902 record(s) loaded, writable']
2026-09-29 13:40:53   bench 4096 flip 0: exit 3221225477: ['[wisdom2] C:\\Users\\Tugbars\\Desktop\\highSpeedFFT\\gauntlet\\results\\realk_base_2026-09-29\\store: 14902 record(s) loaded, writable']
2026-09-29 13:40:53   bench 4096 flip 1: exit 3221225477: ['[wisdom2] C:\\Users\\Tugbars\\Desktop\\highSpeedFFT\\gauntlet\\results\\realk_base_2026-09-29\\store: 14902 record(s) loaded, writable']
2026-09-29 13:40:53   benched 12/12 (4096), 15 s elapsed
2026-09-29 13:40:54   bench 4096 flip 0: exit 3221225477: ['[wisdom2] C:\\Users\\Tugbars\\Desktop\\highSpeedFFT\\gauntlet\\results\\realk_base_2026-09-29\\store: 14902 record(s) loaded, writable']
2026-09-29 13:40:54   bench 4096 flip 1: exit 3221225477: ['[wisdom2] C:\\Users\\Tugbars\\Desktop\\highSpeedFFT\\gauntlet\\results\\realk_base_2026-09-29\\store: 14902 record(s) loaded, writable']
2026-09-29 13:40:54 report: C:\Users\Tugbars\Desktop\highSpeedFFT\gauntlet\results\realk_base_2026-09-29\report_c2r_k8.md
2026-09-29 13:40:54 run: 12 cells, contract out of place, bin C:\Users\Tugbars\Desktop\highSpeedFFT\gauntlet
2026-09-29 13:40:54 calibrate: 12 cells (0 already done)
2026-09-29 13:40:55   calibrated 12/12 (4096), 1 s elapsed
2026-09-29 13:40:55 bench: 12 cells (0 already benched, 0 not banked -> not benched)
2026-09-29 13:41:14   benched 12/12 (4096), 17 s elapsed
2026-09-29 13:41:16 report: C:\Users\Tugbars\Desktop\highSpeedFFT\gauntlet\results\realk_base_2026-09-29\report_r2c_k32_fftw.md
2026-09-29 13:41:16 run: 12 cells, contract out of place, bin C:\Users\Tugbars\Desktop\highSpeedFFT\gauntlet
2026-09-29 13:41:16 calibrate: 12 cells (0 already done)
2026-09-29 13:41:17   calibrated 12/12 (4096), 1 s elapsed
2026-09-29 13:41:17 bench: 12 cells (0 already benched, 0 not banked -> not benched)
2026-09-29 13:41:38   benched 12/12 (4096), 19 s elapsed
2026-09-29 13:41:40 report: C:\Users\Tugbars\Desktop\highSpeedFFT\gauntlet\results\realk_base_2026-09-29\report_c2r_k32_fftw.md
2026-09-29 13:41:40 run: 12 cells, contract out of place, bin C:\Users\Tugbars\Desktop\highSpeedFFT\gauntlet
2026-09-29 13:41:40 calibrate: 12 cells (0 already done)
2026-09-29 13:41:41   calibrated 12/12 (4096), 1 s elapsed
2026-09-29 13:41:41 bench: 12 cells (0 already benched, 0 not banked -> not benched)
2026-09-29 13:41:58   benched 12/12 (4096), 16 s elapsed
2026-09-29 13:42:00 report: C:\Users\Tugbars\Desktop\highSpeedFFT\gauntlet\results\realk_base_2026-09-29\report_r2c_k32.md
2026-09-29 13:42:00 run: 12 cells, contract out of place, bin C:\Users\Tugbars\Desktop\highSpeedFFT\gauntlet
2026-09-29 13:42:00 calibrate: 12 cells (0 already done)
2026-09-29 13:42:01   calibrated 12/12 (4096), 1 s elapsed
2026-09-29 13:42:01 bench: 12 cells (0 already benched, 0 not banked -> not benched)
2026-09-29 13:42:01   bench 4096 flip 0: exit 3221225477: ['[wisdom2] C:\\Users\\Tugbars\\Desktop\\highSpeedFFT\\gauntlet\\results\\realk_base_2026-09-29\\store: 14902 record(s) loaded, writable']
2026-09-29 13:42:02   bench 4096 flip 1: exit 3221225477: ['[wisdom2] C:\\Users\\Tugbars\\Desktop\\highSpeedFFT\\gauntlet\\results\\realk_base_2026-09-29\\store: 14902 record(s) loaded, writable']
2026-09-29 13:42:05   bench 64 flip 0: exit 3221225477: ['[wisdom2] C:\\Users\\Tugbars\\Desktop\\highSpeedFFT\\gauntlet\\results\\realk_base_2026-09-29\\store: 14902 record(s) loaded, writable']
2026-09-29 13:42:14   bench 1215 flip 0: exit 3221225477: ['[wisdom2] C:\\Users\\Tugbars\\Desktop\\highSpeedFFT\\gauntlet\\results\\realk_base_2026-09-29\\store: 14902 record(s) loaded, writable']
2026-09-29 13:42:14   bench 1215 flip 1: exit 3221225477: ['[wisdom2] C:\\Users\\Tugbars\\Desktop\\highSpeedFFT\\gauntlet\\results\\realk_base_2026-09-29\\store: 14902 record(s) loaded, writable']
2026-09-29 13:42:15   bench 2048 flip 0: exit 3221225477: ['[wisdom2] C:\\Users\\Tugbars\\Desktop\\highSpeedFFT\\gauntlet\\results\\realk_base_2026-09-29\\store: 14902 record(s) loaded, writable']
2026-09-29 13:42:15   bench 2048 flip 1: exit 3221225477: ['[wisdom2] C:\\Users\\Tugbars\\Desktop\\highSpeedFFT\\gauntlet\\results\\realk_base_2026-09-29\\store: 14902 record(s) loaded, writable']
2026-09-29 13:42:16   bench 4096 flip 0: exit 3221225477: ['[wisdom2] C:\\Users\\Tugbars\\Desktop\\highSpeedFFT\\gauntlet\\results\\realk_base_2026-09-29\\store: 14902 record(s) loaded, writable']
2026-09-29 13:42:16   bench 4096 flip 1: exit 3221225477: ['[wisdom2] C:\\Users\\Tugbars\\Desktop\\highSpeedFFT\\gauntlet\\results\\realk_base_2026-09-29\\store: 14902 record(s) loaded, writable']
2026-09-29 13:42:16   benched 12/12 (4096), 14 s elapsed
2026-09-29 13:42:16   bench 4096 flip 0: exit 3221225477: ['[wisdom2] C:\\Users\\Tugbars\\Desktop\\highSpeedFFT\\gauntlet\\results\\realk_base_2026-09-29\\store: 14902 record(s) loaded, writable']
2026-09-29 13:42:16   bench 4096 flip 1: exit 3221225477: ['[wisdom2] C:\\Users\\Tugbars\\Desktop\\highSpeedFFT\\gauntlet\\results\\realk_base_2026-09-29\\store: 14902 record(s) loaded, writable']
2026-09-29 13:42:16 report: C:\Users\Tugbars\Desktop\highSpeedFFT\gauntlet\results\realk_base_2026-09-29\report_c2r_k32.md
2026-09-29 14:01:37 run: 12 cells, contract out of place, bin C:\Users\Tugbars\Desktop\highSpeedFFT\gauntlet
2026-09-29 14:01:37 calibrate: 0 cells (12 already done)
2026-09-29 14:01:37 bench: 12 cells (0 already benched, 0 not banked -> not benched)
2026-09-29 14:01:54   benched 12/12 (4096), 16 s elapsed
2026-09-29 14:01:55 report: C:\Users\Tugbars\Desktop\highSpeedFFT\gauntlet\results\realk_base_2026-09-29\report_c2r_k8.md
2026-09-29 14:01:55 run: 12 cells, contract out of place, bin C:\Users\Tugbars\Desktop\highSpeedFFT\gauntlet
2026-09-29 14:01:55 calibrate: 0 cells (12 already done)
2026-09-29 14:01:55 bench: 12 cells (0 already benched, 0 not banked -> not benched)
2026-09-29 14:02:13   benched 12/12 (4096), 16 s elapsed
2026-09-29 14:02:14 report: C:\Users\Tugbars\Desktop\highSpeedFFT\gauntlet\results\realk_base_2026-09-29\report_c2r_k32.md
