3          banked       114ms replayed  mono
5          banked        89ms replayed  mono
7          banked        89ms replayed  mono
9          banked        89ms replayed  mono
11         banked        91ms replayed  mono
13         banked        89ms replayed  mono
15         banked        89ms replayed  2p
17         banked        91ms replayed  mono
19         banked        90ms replayed  mono
21         banked        88ms replayed  2p
23         banked        91ms replayed  mono
25         banked        89ms replayed  2p
27         banked        89ms replayed  flat
29         banked        89ms replayed  mono
31         banked        89ms replayed  mono
33         banked        90ms replayed  2p
35         banked        90ms replayed  2p
37         banked        91ms replayed  mono
39         banked        91ms replayed  2p
41         banked        90ms replayed  mono
45         banked        90ms replayed  2p
47         banked        89ms replayed  mono
49         banked        91ms replayed  2p
51         banked        90ms replayed  2p
55         banked        89ms replayed  2p
57         banked        89ms replayed  2p
63         banked        89ms replayed  2p
65         banked        90ms replayed  2p
69         banked        91ms replayed  2p
75         banked        90ms replayed  2p
77         banked        94ms replayed  2p
81         banked        94ms replayed  2p
85         banked        93ms replayed  2p
87         banked        91ms replayed  flat
91         banked        92ms replayed  2p
93         banked        93ms replayed  flat
95         banked        93ms replayed  2p
99         banked        91ms replayed  2p
105        banked        92ms replayed  2p
115        banked        91ms replayed  2p
117        banked        89ms replayed  2p
119        banked        90ms replayed  2p
121        banked        90ms replayed  2p
125        banked        90ms replayed  2p
129        banked        92ms replayed  flat
133        banked        92ms replayed  2p
135        banked        91ms replayed  2p
141        banked        92ms replayed  flat
143        banked        97ms replayed  2p
145        banked        92ms replayed  2p
147        banked        91ms replayed  chain3
153        banked        92ms replayed  2p
155        banked        99ms replayed  2p
161        banked        91ms replayed  2p
165        banked        91ms replayed  2p
169        banked        96ms replayed  2p
171        banked        93ms replayed  2p
175        banked        92ms replayed  chain3
185        banked        93ms replayed  2p
187        banked        90ms replayed  flat
189        banked        89ms replayed  chain3
195        banked        89ms replayed  chain3
203        banked        93ms replayed  2p
205        banked        92ms replayed  2p
207        banked        95ms replayed  2p
209        banked        94ms replayed  2p
215        banked        89ms replayed  flat
217        banked        93ms replayed  2p
221        banked        91ms replayed  2p
225        banked        91ms replayed  2p
231        banked        92ms replayed  chain3
235        banked        95ms replayed  2p
243        banked        91ms replayed  2p
245        banked        97ms replayed  chain3
247        banked        92ms replayed  2p
253        banked        88ms replayed  2p
255        banked        90ms replayed  2p
259        banked        90ms replayed  2p
261        banked        92ms replayed  2p
273        banked        92ms replayed  2p
275        banked        91ms replayed  chain3
279        banked        92ms replayed  2p
285        banked        94ms replayed  2p
287        banked        91ms replayed  2p
289        banked        92ms replayed  2p
297        banked        91ms replayed  chain3
299        banked        98ms replayed  2p
301        banked        89ms replayed  flat
315        banked        95ms replayed  chain3
319        banked        89ms replayed  2p
323        banked        90ms replayed  2p
325        banked        94ms replayed  2p
329        banked        90ms replayed  flat
333        banked        92ms replayed  2p
341        banked        93ms replayed  flat
343        banked        91ms replayed  chain3
345        banked        92ms replayed  2p
351        banked        91ms replayed  chain3
357        banked        96ms replayed  chain3
361        banked        98ms replayed  2p
363        banked        99ms replayed  chain3
369        banked        92ms replayed  2p
375        banked        96ms replayed  chain3
377        banked        92ms replayed  2p
385        banked        90ms replayed  chain3
387        banked        91ms replayed  2p
391        banked        92ms replayed  2p
399        banked        94ms replayed  chain3
403        banked        90ms replayed  2p
405        banked        90ms replayed  chain3
407        banked        89ms replayed  2p
423        banked        91ms replayed  flat
425        banked        91ms replayed  2p
429        banked        89ms replayed  chain3
435        banked        97ms replayed  2p
437        banked        91ms replayed  2p
441        banked        92ms replayed  chain3
451        banked        91ms replayed  2p
455        banked        90ms replayed  chain3
459        banked        96ms replayed  chain3
465        banked        91ms replayed  2p
473        banked        93ms replayed  2p
475        banked        91ms replayed  2p
481        banked        92ms replayed  2p
483        banked        91ms replayed  2p
493        banked        92ms replayed  2p
495        banked        91ms replayed  flat
507        banked        91ms replayed  chain3
513        banked        91ms replayed  2p
517        banked        92ms replayed  flat
525        banked        90ms replayed  2p
527        banked        90ms replayed  2p
529        banked        93ms replayed  2p
533        banked        90ms replayed  2p
539        banked        91ms replayed  flat
551        banked        92ms replayed  2p
555        banked        93ms replayed  2p
559        banked        92ms replayed  2p
561        banked        93ms replayed  flat
567        banked        93ms replayed  2p
575        banked        94ms replayed  2p
585        banked        90ms replayed  chain3
589        banked        92ms replayed  2p
595        banked        89ms replayed  chain3
605        banked        90ms replayed  flat
609        banked        93ms replayed  2p
611        banked        93ms replayed  flat
615        banked        92ms replayed  2p
621        banked        91ms replayed  2p
625        banked        94ms replayed  2p
627        banked        92ms replayed  flat
629        banked        92ms replayed  2p
637        banked        90ms replayed  flat
645        banked        92ms replayed  2p
651        banked        91ms replayed  2p
663        banked        91ms replayed  flat
665        banked        89ms replayed  flat
667        banked        91ms replayed  2p
675        banked        91ms replayed  2p
693        banked        90ms replayed  flat
697        banked        92ms replayed  2p
703        banked        93ms replayed  2p
705        banked        90ms replayed  2p
713        banked        92ms replayed  2p
715        banked        90ms replayed  flat
725        banked        91ms replayed  flat
729        banked        91ms replayed  2p
731        banked        92ms replayed  2p
735        banked        89ms replayed  flat
741        banked        95ms replayed  chain3
759        banked        95ms replayed  flat
765        banked        91ms replayed  flat
775        banked        91ms replayed  2p
777        banked        94ms replayed  2p
779        banked        92ms replayed  2p
783        banked        95ms replayed  flat
799        banked        92ms replayed  2p
805        banked        96ms replayed  flat
817        banked        94ms replayed  flat
819        banked        93ms replayed  flat
825        banked        92ms replayed  chain3
833        banked        89ms replayed  flat
837        banked        89ms replayed  flat
841        banked        90ms replayed  flat
845        banked        92ms replayed  flat
847        banked        89ms replayed  flat
851        banked        94ms replayed  2p
855        banked        94ms replayed  flat
861        banked        92ms replayed  2p
867        banked        91ms replayed  flat
875        banked        92ms replayed  flat
891        banked        90ms replayed  chain3
893        banked        91ms replayed  flat
897        banked        89ms replayed  flat
899        banked        91ms replayed  2p
903        banked        90ms replayed  flat
925        banked        90ms replayed  2p
931        banked        90ms replayed  flat
935        banked        90ms replayed  flat
943        banked        92ms replayed  2p
945        banked        91ms replayed  chain3
957        banked        90ms replayed  chain3
961        banked        90ms replayed  flat
969        banked        90ms replayed  flat
975        banked        94ms replayed  flat
987        banked        93ms replayed  2p
989        banked        91ms replayed  flat
999        banked        91ms replayed  2p
1001       banked        97ms replayed  flat
1015       banked        91ms replayed  flat
1023       banked        91ms replayed  chain3
1025       banked        92ms replayed  2p
1029       banked        90ms replayed  flat
1035       banked        90ms replayed  flat
1045       banked        91ms replayed  flat
1053       banked        92ms replayed  chain3
1071       banked        90ms replayed  flat
1073       banked        89ms replayed  2p
1075       banked        94ms replayed  2p
1081       banked        90ms replayed  2p
1083       banked        90ms replayed  chain3
1085       banked        92ms replayed  chain3
1089       banked        91ms replayed  chain3
1105       banked        91ms replayed  flat
1107       banked        93ms replayed  2p
1125       banked        95ms replayed  flat
1127       banked        89ms replayed  chain3
1131       banked        91ms replayed  chain3
1147       banked        92ms replayed  flat
1155       banked        90ms replayed  chain3
1161       banked        90ms replayed  2p
1173       banked        91ms replayed  flat
1175       banked        91ms replayed  flat
1183       banked        91ms replayed  chain3
1189       banked        91ms replayed  2p
1197       banked        92ms replayed  flat
1209       banked        91ms replayed  chain3
1215       banked        89ms replayed  chain3
1221       banked        92ms replayed  chain3
1225       banked        91ms replayed  flat
1235       banked        91ms replayed  flat
1247       banked        93ms replayed  flat
1265       banked        92ms replayed  flat
1269       banked        89ms replayed  flat
1271       banked        90ms replayed  flat
1275       banked        93ms replayed  flat
1287       banked        93ms replayed  chain3
1295       banked        91ms replayed  flat
1305       banked        93ms replayed  chain3
1309       banked        90ms replayed  flat
1311       banked        93ms replayed  chain3
1323       banked        90ms replayed  flat
1331       banked        93ms replayed  chain3
1333       banked        89ms replayed  2p
1353       banked        89ms replayed  chain3
1363       banked        91ms replayed  2p
1365       banked        92ms replayed  chain3
1369       banked        92ms replayed  2p
1375       banked        92ms replayed  chain3
1377       banked        94ms replayed  chain3
1395       banked        91ms replayed  flat
1419       banked        92ms replayed  flat
1421       banked        90ms replayed  chain3
1425       banked        98ms replayed  flat
1435       banked        89ms replayed  chain3
1443       banked        91ms replayed  flat
1445       banked        90ms replayed  chain3
1449       banked        96ms replayed  flat
1457       banked        89ms replayed  2p
1463       banked        90ms replayed  chain3
1479       banked        92ms replayed  flat
1485       banked        93ms replayed  chain3
1495       banked        93ms replayed  chain3
1505       banked        93ms replayed  chain3
1517       banked        89ms replayed  2p
1519       banked        93ms replayed  flat
1521       banked        92ms replayed  chain3
1539       banked        90ms replayed  chain3
1547       banked        93ms replayed  flat
1551       banked        97ms replayed  chain3
1573       banked        91ms replayed  chain3
1575       banked        92ms replayed  flat
1581       banked        95ms replayed  chain3
1587       banked        92ms replayed  flat
1591       banked        92ms replayed  2p
1595       banked        90ms replayed  flat
1599       banked        91ms replayed  chain3
1615       banked        91ms replayed  chain3
1617       banked        89ms replayed  chain3
1625       banked        91ms replayed  flat
1645       banked        95ms replayed  flat
1653       banked        91ms replayed  chain3
1665       banked        89ms replayed  chain3
1677       banked        90ms replayed  chain3
1681       banked        95ms replayed  2p
1683       banked        92ms replayed  chain3
1701       banked        90ms replayed  chain3
1705       banked        89ms replayed  chain3
1715       banked        89ms replayed  flat
1725       banked        89ms replayed  chain3
1729       banked        91ms replayed  chain3
1739       banked        91ms replayed  flat
1755       banked        90ms replayed  chain3
1763       banked        89ms replayed  2p
1767       banked        91ms replayed  chain3
1771       banked        93ms replayed  flat
1785       banked        92ms replayed  chain3
1805       banked        93ms replayed  flat
1813       banked       104ms replayed  chain3
1815       banked        89ms replayed  chain3
1827       banked        88ms replayed  flat
1833       banked        92ms replayed  flat
1845       banked        90ms replayed  chain3
1849       banked        89ms replayed  flat
1859       banked        89ms replayed  chain3
1863       banked        90ms replayed  chain3
1875       banked        91ms replayed  flat
1881       banked        89ms replayed  chain3
1885       banked        88ms replayed  chain3
1887       banked        92ms replayed  chain3
1911       banked        92ms replayed  chain3
1925       banked        89ms replayed  flat
1935       banked        89ms replayed  flat
1953       banked        89ms replayed  flat
1955       banked        92ms replayed  chain3
1989       banked        91ms replayed  chain3
1995       banked        91ms replayed  chain3
2001       banked        95ms replayed  chain3
2009       banked        88ms replayed  chain3
2015       banked        89ms replayed  flat
2023       banked        91ms replayed  chain3
2025       banked        91ms replayed  chain3
2035       banked        90ms replayed  chain3
2057       banked        90ms replayed  flat
2079       banked        89ms replayed  chain3
2091       banked        89ms replayed  chain3
2093       banked        91ms replayed  flat
2107       banked        90ms replayed  chain3
2109       banked        91ms replayed  flat
2115       banked        94ms replayed  chain3
2125       banked        90ms replayed  chain3
2139       banked        89ms replayed  flat
2145       banked        89ms replayed  chain3
2175       banked        89ms replayed  chain3
2185       banked        90ms replayed  chain3
2187       banked        89ms replayed  chain3
2193       banked        90ms replayed  chain3
2197       banked        89ms replayed  flat
2205       banked        89ms replayed  chain3
2209       banked        89ms replayed  flat
2223       banked        89ms replayed  flat
2233       banked        90ms replayed  chain3
2255       banked        89ms replayed  chain3
2261       banked        89ms replayed  flat
2275       banked        89ms replayed  chain3
2277       banked        89ms replayed  chain3
2295       banked        89ms replayed  chain3
2299       banked        90ms replayed  flat
2303       banked        89ms replayed  chain3
2325       banked        89ms replayed  chain3
2331       banked        89ms replayed  chain3
2337       banked        89ms replayed  chain3
2349       banked        89ms replayed  chain3
2365       banked        89ms replayed  chain3
2375       banked        90ms replayed  flat
2387       banked        90ms replayed  chain3
2397       banked        89ms replayed  flat
2401       banked        89ms replayed  flat
2405       banked        89ms replayed  chain3
2415       banked        89ms replayed  chain3
2431       banked        90ms replayed  chain3
2451       banked        89ms replayed  flat
2457       banked        90ms replayed  chain3
2465       banked        89ms replayed  flat
2475       banked        90ms replayed  chain3
2499       banked        89ms replayed  chain3
2511       banked        89ms replayed  flat
2523       banked        89ms replayed  flat
2527       banked        89ms replayed  chain3
2535       banked        88ms replayed  chain3
2541       banked        90ms replayed  flat
2553       banked        90ms replayed  flat
2565       banked        89ms replayed  chain3
2583       banked        89ms replayed  chain3
2585       banked        89ms replayed  chain3
2601       banked        90ms replayed  chain3
2625       banked        89ms replayed  flat
2635       banked        89ms replayed  flat
2639       banked        89ms replayed  chain3
2645       banked        89ms replayed  flat
2665       banked        90ms replayed  chain3
2673       banked        89ms replayed  chain3
2679       banked        88ms replayed  chain3
2691       banked        88ms replayed  chain3
2695       banked        92ms replayed  flat
2697       banked        88ms replayed  flat
2709       banked        91ms replayed  chain3
2717       banked        89ms replayed  flat
2737       banked        89ms replayed  flat
2755       banked        90ms replayed  chain3
2775       banked        89ms replayed  chain3
2783       banked        89ms replayed  flat
2793       banked        89ms replayed  chain3
2795       banked        89ms replayed  chain3
2805       banked        90ms replayed  chain3
2821       banked        89ms replayed  chain3
2829       banked        91ms replayed  flat
2835       banked        91ms replayed  chain3
2849       banked        95ms replayed  flat
2871       banked        99ms replayed  flat
2873       banked        89ms replayed  chain3
2875       banked        89ms replayed  chain3
2883       banked        91ms replayed  flat
2907       banked        89ms replayed  flat
2925       banked        89ms replayed  chain3
2945       banked        92ms replayed  chain3
2961       banked        91ms replayed  flat
2967       banked        90ms replayed  chain3
2975       banked        91ms replayed  flat
2997       banked        91ms replayed  chain3
3003       banked        99ms replayed  chain3
3025       banked        89ms replayed  flat
3045       banked        89ms replayed  flat
3055       banked        89ms replayed  chain3
3059       banked        91ms replayed  flat
3069       banked        90ms replayed  chain3
3075       banked        88ms replayed  chain3
3087       banked        94ms replayed  chain3
3105       banked        93ms replayed  chain3
3125       banked        94ms replayed  flat
3135       banked        92ms replayed  chain3
3145       banked        94ms replayed  chain3
3157       banked        93ms replayed  chain3
3159       banked        92ms replayed  chain3
3179       banked        89ms replayed  flat
3185       banked        89ms replayed  flat
3211       banked        89ms replayed  flat
3213       banked        90ms replayed  chain3
3219       banked        91ms replayed  flat
3225       banked        91ms replayed  chain3
3243       banked        90ms replayed  chain3
3249       banked        89ms replayed  flat
3255       banked        91ms replayed  flat
3267       banked        92ms replayed  flat
3289       banked        91ms replayed  chain3
3311       banked        89ms replayed  chain3
3315       banked        91ms replayed  flat
3321       banked        90ms replayed  chain3
3325       banked        93ms replayed  chain3
3335       banked        90ms replayed  chain3
3367       banked        93ms replayed  chain3
3375       banked        93ms replayed  chain3
3381       banked        90ms replayed  flat
3393       banked        91ms replayed  flat
3441       banked        91ms replayed  flat
3451       banked        91ms replayed  chain3
3465       banked        92ms replayed  chain3
3483       banked        94ms replayed  chain3
3485       banked        89ms replayed  chain3
3509       banked        89ms replayed  chain3
3515       banked        91ms replayed  chain3
3519       banked        91ms replayed  flat
3525       banked        89ms replayed  flat
3549       banked        90ms replayed  chain3
3553       banked        91ms replayed  chain3
3565       banked        89ms replayed  flat
3567       banked        91ms replayed  flat
3575       banked        92ms replayed  chain3
3591       banked        92ms replayed  chain3
3619       banked        94ms replayed  chain3
3625       banked        91ms replayed  chain3
3627       banked        91ms replayed  flat
3645       banked        91ms replayed  chain3
3655       banked        90ms replayed  chain3
3663       banked        90ms replayed  flat
3675       banked        89ms replayed  chain3
3689       banked        92ms replayed  chain3
3703       banked        94ms replayed  chain3
3705       banked        91ms replayed  chain3
3731       banked        93ms replayed  chain3
3741       banked        92ms replayed  flat
3751       banked        90ms replayed  flat
3757       banked        90ms replayed  chain3
3773       banked        91ms replayed  flat
3795       banked        91ms replayed  chain3
3807       banked        93ms replayed  chain3
3813       banked        89ms replayed  flat
3825       banked        92ms replayed  chain3
3857       banked        89ms replayed  chain3
3861       banked        90ms replayed  flat
3875       banked        89ms replayed  chain3
3885       banked        91ms replayed  chain3
3887       banked        91ms replayed  flat
3895       banked        95ms replayed  chain3
3913       banked        93ms replayed  chain3
3915       banked        91ms replayed  flat
3927       banked        91ms replayed  chain3
3933       banked        91ms replayed  chain3
3969       banked        91ms replayed  chain3
3971       banked        94ms replayed  chain3
3993       banked        92ms replayed  flat
3995       banked        89ms replayed  chain3
3999       banked        92ms replayed  chain3
4025       banked        93ms replayed  chain3
4059       banked        91ms replayed  chain3
4085       banked        91ms replayed  flat
4089       banked        91ms replayed  chain3
4095       banked        89ms replayed  chain3
