2026-09-29 00:22:16 run: 508 cells, contract out of place, bin C:\Users\Tugbars\Desktop\highSpeedFFT\gauntlet
2026-09-29 00:22:16 calibrate: 508 cells (0 already done)
2026-09-29 00:22:18   calibrated 25/508 (55), 2 s elapsed
2026-09-29 00:22:21   calibrated 50/508 (145), 5 s elapsed
2026-09-29 00:22:24   calibrated 75/508 (247), 8 s elapsed
2026-09-29 00:22:26   calibrated 100/508 (361), 10 s elapsed
2026-09-29 00:22:29   calibrated 125/508 (483), 13 s elapsed
2026-09-29 00:22:31   calibrated 150/508 (625), 15 s elapsed
2026-09-29 00:22:34   calibrated 175/508 (779), 18 s elapsed
2026-09-29 00:22:36   calibrated 200/508 (943), 20 s elapsed
2026-09-29 00:22:39   calibrated 225/508 (1107), 23 s elapsed
2026-09-29 00:22:41   calibrated 250/508 (1309), 25 s elapsed
2026-09-29 00:22:44   calibrated 275/508 (1517), 28 s elapsed
2026-09-29 00:22:47   calibrated 300/508 (1725), 31 s elapsed
2026-09-29 00:22:49   calibrated 325/508 (1955), 33 s elapsed
2026-09-29 00:22:52   calibrated 350/508 (2209), 36 s elapsed
2026-09-29 00:22:54   calibrated 375/508 (2475), 38 s elapsed
2026-09-29 00:22:57   calibrated 400/508 (2755), 41 s elapsed
2026-09-29 00:22:59   calibrated 425/508 (3059), 43 s elapsed
2026-09-29 00:23:02   calibrated 450/508 (3335), 46 s elapsed
2026-09-29 00:23:04   calibrated 475/508 (3663), 48 s elapsed
2026-09-29 00:23:07   calibrated 500/508 (3971), 51 s elapsed
2026-09-29 00:23:08   calibrated 508/508 (4095), 52 s elapsed
2026-09-29 00:23:08 bench: 508 cells (0 already benched, 0 not banked -> not benched)
2026-09-29 00:23:42   benched 25/508 (55), 33 s elapsed
2026-09-29 00:24:16   benched 50/508 (145), 67 s elapsed
2026-09-29 00:24:51   benched 75/508 (247), 102 s elapsed
2026-09-29 00:25:27   benched 100/508 (361), 138 s elapsed
2026-09-29 00:26:03   benched 125/508 (483), 174 s elapsed
2026-09-29 00:26:39   benched 150/508 (625), 210 s elapsed
2026-09-29 00:27:15   benched 175/508 (779), 246 s elapsed
2026-09-29 00:27:53   benched 200/508 (943), 284 s elapsed
2026-09-29 00:28:30   benched 225/508 (1107), 322 s elapsed
2026-09-29 00:29:08   benched 250/508 (1309), 359 s elapsed
2026-09-29 00:29:46   benched 275/508 (1517), 397 s elapsed
2026-09-29 00:30:25   benched 300/508 (1725), 436 s elapsed
2026-09-29 00:31:02   benched 325/508 (1955), 474 s elapsed
2026-09-29 00:31:40   benched 350/508 (2209), 512 s elapsed
2026-09-29 00:32:18   benched 375/508 (2475), 549 s elapsed
2026-09-29 00:32:58   benched 400/508 (2755), 589 s elapsed
2026-09-29 00:33:36   benched 425/508 (3059), 627 s elapsed
2026-09-29 00:34:14   benched 450/508 (3335), 665 s elapsed
2026-09-29 00:34:52   benched 475/508 (3663), 704 s elapsed
2026-09-29 00:35:32   benched 500/508 (3971), 743 s elapsed
2026-09-29 00:35:45   benched 508/508 (4095), 756 s elapsed
2026-09-29 00:35:46 report: C:\Users\Tugbars\Desktop\highSpeedFFT\gauntlet\results\oddtail_after_2026-09-29\report.md
