[wisdom2] C:\Users\Tugbars\AppData\Local\Temp\vfft_gates_91q4wsvd\zturn_tcut_gate: 539 record(s) loaded, writable
[tcut] N=2048 nf=5 tiled=2 tcut=0 tfuse=0 tw=reset w=0 NT=0
[tcut] N=2048 nf=5 tiled=2 tcut=0 tfuse=0 tw=honest w=0 NT=0
[tcut] N=2048 nf=5 tiled=1 tcut=0 tfuse=0 tw=reset w=512 NT=1
[tcut] N=2048 nf=5 tiled=1 tcut=0 tfuse=0 tw=honest w=512 NT=1
[tcut] N=2048 nf=5 tiled=1 tcut=0 tfuse=1 tw=reset w=512 NT=1
[tcut] N=2048 nf=5 tiled=1 tcut=1 tfuse=0 tw=reset w=128 NT=4
[tcut] N=2048 nf=5 tiled=1 tcut=1 tfuse=1 tw=reset w=128 NT=4
[tcut] N=2048 nf=5 tiled=1 tcut=2 tfuse=0 tw=reset w=32 NT=16
[tcut] N=2048 nf=5 tiled=1 tcut=2 tfuse=1 tw=reset w=32 NT=16
[tcut] N=2048 nf=5: REFUSED VFFT_TCUT=3 (illegal for this chain) -> running UNTILED
[tcut] N=2048 nf=5: REFUSED VFFT_TCUT=3:1 (illegal for this chain) -> running UNTILED
[tcut] N=2048 nf=5: REFUSED VFFT_TCUT=4 (illegal for this chain) -> running UNTILED
[tcut] N=2048 nf=5 tiled=1 tcut=1 tfuse=0 tw=reset w=256 NT=2
[tcut] N=2048 nf=5 tiled=1 tcut=0 tfuse=0 tw=reset w=512 NT=1
[tcut] N=2048 nf=5: REFUSED VFFT_TCUT=0 VFFT_TCUT_W=16 (illegal for this chain) -> running UNTILED
[tcut] N=2048 nf=5: REFUSED VFFT_TCUT=0:1 VFFT_TCUT_W=16 (illegal for this chain) -> running UNTILED
[tcut] N=2048 nf=5: REFUSED VFFT_TCUT=0 VFFT_TCUT_W=16 (illegal for this chain) -> running UNTILED
[tcut] N=2048 nf=5: REFUSED VFFT_TCUT=0 VFFT_TCUT_W=32 (illegal for this chain) -> running UNTILED
[tcut] N=2048 nf=5: REFUSED VFFT_TCUT=0 VFFT_TCUT_W=64 (illegal for this chain) -> running UNTILED
[tcut] N=2048 nf=5: REFUSED VFFT_TCUT=0 VFFT_TCUT_W=3 (illegal for this chain) -> running UNTILED
[tcut] N=4096: banked width 1024 cplx SUPPRESSED by explicit VFFT_TCUT=off (env override beats wisdom)
[tcut] N=4096 nf=6 tiled=2 tcut=0 tfuse=0 tw=reset w=0 NT=0
[tcut] N=4096: banked width 1024 cplx SUPPRESSED by explicit VFFT_TCUT=a1 (env override beats wisdom)
[tcut] N=4096 nf=6 tiled=2 tcut=0 tfuse=0 tw=honest w=0 NT=0
[tcut] N=4096: banked width 1024 cplx SUPPRESSED by explicit VFFT_TCUT=a1 (env override beats wisdom)
[tcut] N=4096 nf=6 tiled=1 tcut=0 tfuse=0 tw=reset w=1024 NT=1
[tcut] N=4096: banked width 1024 cplx SUPPRESSED by explicit VFFT_TCUT=0 (env override beats wisdom)
[tcut] N=4096 nf=6 tiled=1 tcut=0 tfuse=0 tw=honest w=1024 NT=1
[tcut] N=4096: banked width 1024 cplx SUPPRESSED by explicit VFFT_TCUT=0 (env override beats wisdom)
[tcut] N=4096 nf=6 tiled=1 tcut=0 tfuse=1 tw=reset w=1024 NT=1
[tcut] N=4096: banked width 1024 cplx SUPPRESSED by explicit VFFT_TCUT=0:1 (env override beats wisdom)
[tcut] N=4096 nf=6 tiled=1 tcut=1 tfuse=0 tw=reset w=256 NT=4
[tcut] N=4096: banked width 1024 cplx SUPPRESSED by explicit VFFT_TCUT=1 (env override beats wisdom)
[tcut] N=4096 nf=6 tiled=1 tcut=1 tfuse=1 tw=reset w=256 NT=4
[tcut] N=4096: banked width 1024 cplx SUPPRESSED by explicit VFFT_TCUT=1:1 (env override beats wisdom)
[tcut] N=4096 nf=6 tiled=1 tcut=2 tfuse=0 tw=reset w=64 NT=16
[tcut] N=4096: banked width 1024 cplx SUPPRESSED by explicit VFFT_TCUT=2 (env override beats wisdom)
[tcut] N=4096 nf=6 tiled=1 tcut=2 tfuse=1 tw=reset w=64 NT=16
[tcut] N=4096: banked width 1024 cplx SUPPRESSED by explicit VFFT_TCUT=2:1 (env override beats wisdom)
[tcut] N=4096 nf=6 tiled=1 tcut=3 tfuse=0 tw=reset w=16 NT=64
[tcut] N=4096: banked width 1024 cplx SUPPRESSED by explicit VFFT_TCUT=3 (env override beats wisdom)
[tcut] N=4096 nf=6 tiled=1 tcut=3 tfuse=1 tw=reset w=16 NT=64
[tcut] N=4096: banked width 1024 cplx SUPPRESSED by explicit VFFT_TCUT=3:1 (env override beats wisdom)
[tcut] N=4096 nf=6: REFUSED VFFT_TCUT=4 (illegal for this chain) -> running UNTILED
[tcut] N=4096: banked width 1024 cplx SUPPRESSED by explicit VFFT_TCUT=4 (env override beats wisdom)
[tcut] N=4096 nf=6 tiled=1 tcut=1 tfuse=0 tw=reset w=256 NT=4
[tcut] N=4096: banked width 1024 cplx SUPPRESSED by explicit VFFT_TCUT=0 (env override beats wisdom)
[tcut] N=4096 nf=6 tiled=1 tcut=1 tfuse=0 tw=reset w=512 NT=2
[tcut] N=4096: banked width 1024 cplx SUPPRESSED by explicit VFFT_TCUT=0 (env override beats wisdom)
[tcut] N=4096 nf=6 tiled=1 tcut=0 tfuse=0 tw=reset w=1024 NT=1
[tcut] N=4096: banked width 1024 cplx SUPPRESSED by explicit VFFT_TCUT=0 (env override beats wisdom)
[tcut] N=4096 nf=6 tiled=1 tcut=0 tfuse=1 tw=reset w=1024 NT=1
[tcut] N=4096: banked width 1024 cplx SUPPRESSED by explicit VFFT_TCUT=0:1 (env override beats wisdom)
[tcut] N=4096 nf=6 tiled=1 tcut=0 tfuse=0 tw=honest w=1024 NT=1
[tcut] N=4096: banked width 1024 cplx SUPPRESSED by explicit VFFT_TCUT=0 (env override beats wisdom)
[tcut] N=4096 nf=6: REFUSED VFFT_TCUT=0 VFFT_TCUT_W=32 (illegal for this chain) -> running UNTILED
[tcut] N=4096: banked width 1024 cplx SUPPRESSED by explicit VFFT_TCUT=0 (env override beats wisdom)
[tcut] N=4096 nf=6: REFUSED VFFT_TCUT=0 VFFT_TCUT_W=64 (illegal for this chain) -> running UNTILED
[tcut] N=4096: banked width 1024 cplx SUPPRESSED by explicit VFFT_TCUT=0 (env override beats wisdom)
[tcut] N=4096 nf=6: REFUSED VFFT_TCUT=0 VFFT_TCUT_W=3 (illegal for this chain) -> running UNTILED
[tcut] N=4096: banked width 1024 cplx SUPPRESSED by explicit VFFT_TCUT=0 (env override beats wisdom)
[tcut] N=8192: banked width 1024 cplx SUPPRESSED by explicit VFFT_TCUT=off (env override beats wisdom)
[tcut] N=8192 nf=6 tiled=2 tcut=0 tfuse=0 tw=reset w=0 NT=0
[tcut] N=8192: banked width 1024 cplx SUPPRESSED by explicit VFFT_TCUT=a1 (env override beats wisdom)
[tcut] N=8192 nf=6 tiled=2 tcut=0 tfuse=0 tw=honest w=0 NT=0
[tcut] N=8192: banked width 1024 cplx SUPPRESSED by explicit VFFT_TCUT=a1 (env override beats wisdom)
[tcut] N=8192 nf=6 tiled=1 tcut=0 tfuse=0 tw=reset w=2048 NT=1
[tcut] N=8192: banked width 1024 cplx SUPPRESSED by explicit VFFT_TCUT=0 (env override beats wisdom)
[tcut] N=8192 nf=6 tiled=1 tcut=0 tfuse=0 tw=honest w=2048 NT=1
[tcut] N=8192: banked width 1024 cplx SUPPRESSED by explicit VFFT_TCUT=0 (env override beats wisdom)
[tcut] N=8192 nf=6 tiled=1 tcut=0 tfuse=1 tw=reset w=2048 NT=1
[tcut] N=8192: banked width 1024 cplx SUPPRESSED by explicit VFFT_TCUT=0:1 (env override beats wisdom)
[tcut] N=8192 nf=6 tiled=1 tcut=1 tfuse=0 tw=reset w=256 NT=8
[tcut] N=8192: banked width 1024 cplx SUPPRESSED by explicit VFFT_TCUT=1 (env override beats wisdom)
[tcut] N=8192 nf=6 tiled=1 tcut=1 tfuse=1 tw=reset w=256 NT=8
[tcut] N=8192: banked width 1024 cplx SUPPRESSED by explicit VFFT_TCUT=1:1 (env override beats wisdom)
[tcut] N=8192 nf=6 tiled=1 tcut=2 tfuse=0 tw=reset w=64 NT=32
[tcut] N=8192: banked width 1024 cplx SUPPRESSED by explicit VFFT_TCUT=2 (env override beats wisdom)
[tcut] N=8192 nf=6 tiled=1 tcut=2 tfuse=1 tw=reset w=64 NT=32
[tcut] N=8192: banked width 1024 cplx SUPPRESSED by explicit VFFT_TCUT=2:1 (env override beats wisdom)
[tcut] N=8192 nf=6 tiled=1 tcut=3 tfuse=0 tw=reset w=16 NT=128
[tcut] N=8192: banked width 1024 cplx SUPPRESSED by explicit VFFT_TCUT=3 (env override beats wisdom)
