[wisdom2] C:\Users\Tugbars\AppData\Local\Temp\vfft_gates_91q4wsvd\zturn_wisdom_width_gate: 539 record(s) loaded, read-only
[wisdom2] C:\Users\Tugbars\AppData\Local\Temp\vfft_gates_91q4wsvd\zturn_wisdom_width_gate: 539 record(s) loaded, writable
[wisdom2] note: replacement changes eng=zturn -> eng=zsplit on an existing cell
[wisdom2] note: replacement changes eng=zturn -> eng=zsplit on an existing cell
[wisdom2] C:\Users\Tugbars\AppData\Local\Temp\vfft_gates_91q4wsvd\zturn_wisdom_width_gate: 539 record(s) loaded, writable
[wisdom2] C:\Users\Tugbars\AppData\Local\Temp\vfft_gates_91q4wsvd\zturn_wisdom_width_gate: 539 record(s) loaded, writable
[wisdom2] note: replacement changes eng=zsplit -> eng=zturn on an existing cell
[wisdom2] note: replacement changes eng=zsplit -> eng=zturn on an existing cell
[wisdom2] C:\Users\Tugbars\AppData\Local\Temp\vfft_gates_91q4wsvd\zturn_wisdom_width_gate: 539 record(s) loaded, writable
[wisdom2] C:\Users\Tugbars\AppData\Local\Temp\vfft_gates_91q4wsvd\zturn_wisdom_width_gate: 539 record(s) loaded, writable
[wisdom2] C:\Users\Tugbars\AppData\Local\Temp\vfft_gates_91q4wsvd\zturn_wisdom_width_gate: 539 record(s) loaded, writable
[tcut] N=16384 nf=6 tiled=1 tcut=1 tfuse=0 tw=reset w=1024 NT=4 src=wisdom l1=49152
[wisdom2] C:\Users\Tugbars\AppData\Local\Temp\vfft_gates_91q4wsvd\zturn_wisdom_width_gate: 539 record(s) loaded, writable
[wisdom2] C:\Users\Tugbars\AppData\Local\Temp\vfft_gates_91q4wsvd\zturn_wisdom_width_gate: 539 record(s) loaded, writable
[tcut] N=16384 nf=6 tiled=1 tcut=1 tfuse=0 tw=reset w=2048 NT=2 src=wisdom l1=49152
[wisdom2] C:\Users\Tugbars\AppData\Local\Temp\vfft_gates_91q4wsvd\zturn_wisdom_width_gate: 539 record(s) loaded, writable
[wisdom2] C:\Users\Tugbars\AppData\Local\Temp\vfft_gates_91q4wsvd\zturn_wisdom_width_gate: 539 record(s) loaded, writable
[tcut] N=16384: banked width 1024 cplx was tuned for L1d=32768 B, this machine has 49152 B -> running UNTILED, re-measure this cell
[wisdom2] C:\Users\Tugbars\AppData\Local\Temp\vfft_gates_91q4wsvd\zturn_wisdom_width_gate: 539 record(s) loaded, writable
[wisdom2] C:\Users\Tugbars\AppData\Local\Temp\vfft_gates_91q4wsvd\zturn_wisdom_width_gate: 539 record(s) loaded, writable
[tcut] N=16384: banked width 1536 cplx is ILLEGAL for the banked chain -> running UNTILED
