2x2        banked       349ms raced     chain
2x4        banked       297ms raced     chain
2x8        banked       288ms raced     chain
2x16       banked       309ms raced     chain
2x32       banked       315ms raced     chain
2x64       banked       327ms raced     chain
2x128      banked       287ms raced     chain
2x256      banked       318ms raced     chain
2x512      banked       299ms raced     chain
2x1024     banked       299ms raced     chain
2x2048     banked       290ms raced     chain
2x4096     banked       291ms raced     chain
2x8192     banked      8078ms raced     chain
4x2        banked       298ms raced     chain
4x4        banked       294ms raced     chain
4x8        banked       285ms raced     chain
4x16       banked       304ms raced     chain
4x32       banked       312ms raced     chain
4x64       banked       329ms raced     chain
4x128      banked       283ms raced     chain
4x256      banked       343ms raced     chain
4x512      banked       294ms raced     chain
4x1024     banked       299ms raced     chain
4x2048     banked       346ms raced     chain
4x4096     banked       299ms raced     chain
4x8192     banked       306ms raced     chain
8x2        banked       313ms raced     chain
8x4        banked       304ms raced     chain
8x8        banked       302ms raced     chain
8x16       banked       304ms raced     chain
8x32       banked       331ms raced     chain
8x64       banked       331ms raced     chain
8x128      banked       298ms raced     chain
8x256      banked       358ms raced     chain
8x512      banked       307ms raced     chain
8x1024     banked       304ms raced     chain
8x2048     banked       295ms raced     chain
8x4096     banked       308ms raced     chain
8x8192     banked       315ms raced     chain
16x2       banked       298ms raced     chain
16x4       banked       297ms raced     chain
16x8       banked       300ms raced     chain
16x16      banked       304ms raced     chain
16x32      banked       317ms raced     chain
16x64      banked       347ms raced     chain
16x128     banked       302ms raced     chain
16x256     banked       401ms raced     chain
16x512     banked       316ms raced     chain
16x1024    banked       315ms raced     chain
16x2048    banked       314ms raced     chain
16x4096    banked       312ms raced     chain
16x8192    banked       310ms raced     chain
32x2       banked       531ms raced     chain
32x4       banked       547ms raced     chain
32x8       banked       518ms raced     chain
32x16      banked       542ms raced     chain
32x32      banked       554ms raced     chain
32x64      banked       598ms raced     chain
32x128     banked       308ms raced     chain
32x256     banked       433ms raced     chain
32x512     banked       319ms raced     chain
32x1024    banked       534ms raced     chain
32x2048    banked       322ms raced     chain
32x4096    banked       546ms raced     chain
32x8192    banked       346ms raced     chain
64x2       banked       524ms raced     chain
64x4       banked       532ms raced     chain
64x8       banked       522ms raced     chain
64x16      banked       552ms raced     chain
64x32      banked       582ms raced     chain
64x64      banked       470ms raced     chain
64x128     banked       326ms raced     chain
64x256     banked       452ms raced     chain
64x512     banked       330ms raced     chain
64x1024    banked       335ms raced     chain
64x2048    banked       549ms raced     chain
64x4096    banked       370ms raced     chain
64x8192    banked       414ms raced     chain
128x2      banked       413ms raced     chain
128x4      banked       333ms raced     chain
128x8      banked       323ms raced     chain
128x16     banked       383ms raced     chain
128x32     banked       440ms raced     chain
128x64     banked       466ms raced     chain
128x128    banked       320ms raced     chain
128x256    banked       433ms raced     chain
128x512    banked       349ms raced     chain
128x1024   banked       351ms raced     chain
128x2048   banked       372ms raced     chain
128x4096   banked       437ms raced     chain
128x8192   banked       630ms raced     chain
256x2      banked       583ms raced     chain
256x4      banked       357ms raced     chain
256x8      banked       537ms raced     chain
256x16     banked       601ms raced     chain
256x32     banked       462ms raced     chain
256x64     banked       481ms raced     chain
256x128    banked       327ms raced     chain
256x256    banked       496ms raced     chain
256x512    banked       375ms raced     chain
256x1024   banked       390ms raced     chain
256x2048   banked       480ms raced     chain
256x4096   banked       757ms raced     chain
256x8192   banked      1367ms raced     chain
512x2      banked       605ms raced     chain
512x4      banked       566ms raced     chain
512x8      banked       544ms raced     chain
512x16     banked       602ms raced     chain
512x32     banked       457ms raced     chain
512x64     banked       511ms raced     chain
512x128    banked       345ms raced     chain
512x256    banked       540ms raced     chain
512x512    banked       417ms raced     chain
512x1024   banked       509ms raced     chain
512x2048   banked       803ms raced     chain
512x4096   banked      1587ms raced     chain
512x8192   banked      3246ms raced     chain
1024x2     banked       626ms raced     chain
1024x4     banked       558ms raced     chain
1024x8     banked       347ms raced     chain
1024x16    banked       419ms raced     chain
1024x32    banked       463ms raced     chain
1024x64    banked       523ms raced     chain
1024x128   banked       383ms raced     chain
1024x256   banked       569ms raced     chain
1024x512   banked       527ms raced     chain
1024x1024  banked       836ms raced     chain
1024x2048  banked      1678ms raced     chain
1024x4096  banked      3379ms raced     chain
2048x2     banked       819ms raced     chain
2048x4     banked       627ms raced     chain
2048x8     banked       397ms raced     chain
2048x16    banked       739ms raced     chain
2048x32    banked       784ms raced     chain
2048x64    banked       864ms raced     chain
2048x128   banked       425ms raced     chain
2048x256   banked       760ms raced     chain
2048x512   banked       918ms raced     chain
2048x1024  banked      2306ms raced     chain
2048x2048  banked      3766ms raced     chain
4096x2     banked       710ms raced     chain
4096x4     banked       610ms raced     chain
4096x8     banked       606ms raced     chain
4096x16    banked       911ms raced     chain
4096x32    banked      1001ms raced     chain
4096x64    banked       863ms raced     chain
4096x128   banked       787ms raced     chain
4096x256   banked      1672ms raced     chain
4096x512   banked      2211ms raced     chain
4096x1024  banked      4029ms raced     chain
8192x2     banked       929ms raced     chain
8192x4     banked       797ms raced     chain
8192x8     banked       806ms raced     chain
8192x16    banked       908ms raced     chain
8192x32    banked      1053ms raced     chain
8192x64    banked      1278ms raced     chain
8192x128   banked      1199ms raced     chain
8192x256   banked      3412ms raced     chain
8192x512   banked      4542ms raced     chain
