4x4        banked       365ms raced     chain
7x64       banked       793ms raced     chain
8x8        banked       324ms raced     chain
8x1024     banked       328ms raced     chain
9x9        banked       964ms raced     chain
12x12      banked       327ms raced     chain
15x64      banked       828ms raced     chain
16x16      banked       347ms raced     chain
16x4096    banked       354ms raced     chain
17x17      banked       755ms raced     chain
21x35      banked       732ms raced     chain
23x64      banked       833ms raced     chain
24x24      banked       322ms raced     chain
27x81      banked       755ms raced     chain
31x31      banked       767ms raced     chain
32x32      banked       592ms raced     chain
32x8192    banked      8166ms raced     chain
37x64      banked       869ms raced     chain
45x128     banked       744ms raced     chain
48x64      banked       392ms raced     chain
60x60      banked       752ms raced     chain
64x7       banked       334ms raced     chain
64x23      banked       334ms raced     chain
64x37      banked       353ms raced     chain
64x48      banked       318ms raced     chain
64x64      banked       483ms raced     chain
64x256     banked       477ms raced     chain
81x27      banked       746ms raced     chain
96x96      banked       330ms raced     chain
96x128     banked       331ms raced     chain
97x128     banked       326ms raced     tpc
101x256    banked       325ms raced     tpc
120x120    banked       743ms raced     chain
125x125    banked       958ms raced     chain
127x127    banked       539ms raced     blu
128x45     banked       333ms raced     chain
128x97     banked       344ms raced     chain
128x128    banked       347ms raced     chain
128x2048   banked       393ms raced     chain
180x180    banked       753ms raced     chain
225x225    banked       754ms raced     chain
240x256    banked       906ms raced     chain
243x243    banked       755ms raced     chain
256x64     banked       529ms raced     chain
256x101    banked       596ms raced     chain
256x256    banked       512ms raced     chain
360x360    banked       832ms raced     chain
512x512    banked       431ms raced     chain
640x480    banked       403ms raced     chain
720x720    banked      1434ms raced     chain
1000x1000  banked      1877ms raced     chain
1009x64    banked       554ms raced     tpc
1024x8     banked       408ms raced     chain
1024x1024  banked       877ms raced     chain
1920x1080  banked     62128ms raced     chain
2048x128   banked       672ms raced     chain
2048x2048  banked      3569ms raced     chain
4096x16    banked       962ms raced     chain
8192x32    banked      1097ms raced     chain
