2x2x2      banked      1172ms raced     chain
2x16x2048  banked      4652ms raced     chain
2x32x512   banked      3260ms raced     chain
2x64x512   banked      3275ms raced     chain
2x128x4096 banked      7411ms raced     chain
2x128x8192 banked     10702ms raced     chain
2x256x128  banked      2558ms raced     chain
2x256x2048 banked      4850ms raced     chain
2x256x4096 banked      8000ms raced     chain
2x256x8192 banked     10696ms raced     chain
2x512x2048 banked      5485ms raced     chain
2x512x4096 banked      9761ms raced     chain
2x1024x32  banked      2660ms raced     chain
2x1024x2048 banked      7190ms raced     chain
2x2048x128 banked      2759ms raced     chain
2x2048x512 banked      4370ms raced     chain
2x2048x1024 banked      6755ms raced     chain
2x4096x16  banked      3056ms raced     chain
2x4096x128 banked      3902ms raced     chain
2x4096x256 banked      5321ms raced     chain
2x8192x16  banked      2706ms raced     chain
2x8192x64  banked      3826ms raced     chain
2x8192x128 banked      5403ms raced     chain
2x8192x256 banked      8343ms raced     chain
4x4x4      banked      1106ms raced     chain
4x32x8192  banked      8893ms raced     chain
4x64x8192  banked      8992ms raced     chain
4x128x2048 banked      4729ms raced     chain
4x128x4096 banked      7588ms raced     chain
4x128x8192 banked      9554ms raced     chain
4x256x1024 banked      3989ms raced     chain
4x256x2048 banked      4904ms raced     chain
4x256x4096 banked      8235ms raced     chain
4x512x32   banked      2030ms raced     chain
4x512x512  banked      3403ms raced     chain
4x512x1024 banked      4116ms raced     chain
4x512x2048 banked      5690ms raced     chain
4x1024x16  banked      1681ms raced     chain
4x1024x256 banked      3191ms raced     chain
4x1024x512 banked      3628ms raced     chain
4x1024x1024 banked      4924ms raced     chain
4x2048x128 banked      2774ms raced     chain
4x2048x256 banked      3572ms raced     chain
4x2048x512 banked      4587ms raced     chain
4x4096x4   banked      1577ms raced     chain
4x4096x8   banked      1528ms raced     chain
4x4096x16  banked      1969ms raced     chain
4x4096x64  banked      2969ms raced     chain
4x4096x128 banked      3788ms raced     chain
4x4096x256 banked      4999ms raced     chain
4x8192x16  banked      2577ms raced     chain
4x8192x32  banked      3302ms raced     chain
4x8192x64  banked      4139ms raced     chain
4x8192x128 banked      4899ms raced     chain
8x8x8      banked      1093ms raced     chain
8x16x8192  banked      8873ms raced     chain
8x32x256   banked      2976ms raced     chain
8x32x8192  banked      9001ms raced     chain
8x64x512   banked      3243ms raced     chain
8x64x4096  banked      7446ms raced     chain
8x64x8192  banked      9343ms raced     chain
8x128x512  banked      3224ms raced     chain
8x128x1024 banked      3872ms raced     chain
8x128x2048 banked      4863ms raced     chain
8x128x4096 banked      7942ms raced     chain
8x256x512  banked      3358ms raced     chain
8x256x1024 banked      4094ms raced     chain
8x256x2048 banked      5283ms raced     chain
8x512x16   banked      1635ms raced     chain
8x512x256  banked      3170ms raced     chain
8x512x512  banked      3507ms raced     chain
8x512x1024 banked      4571ms raced     chain
8x1024x128 banked      2674ms raced     chain
8x1024x256 banked      3372ms raced     chain
8x1024x512 banked      4088ms raced     chain
8x2048x16  banked      2385ms raced     chain
8x2048x64  banked      2950ms raced     chain
8x2048x128 banked      2893ms raced     chain
8x2048x256 banked      4005ms raced     chain
8x4096x2   banked      1346ms raced     chain
8x4096x16  banked      2030ms raced     chain
8x4096x32  banked      3129ms raced     chain
8x4096x64  banked      3137ms raced     chain
8x4096x128 banked      4213ms raced     chain
8x8192x16  banked      2530ms raced     chain
8x8192x32  banked      3796ms raced     chain
8x8192x64  banked      4620ms raced     chain
16x8x128   banked      2550ms raced     chain
16x16x16   banked      1482ms raced     chain
16x16x32   banked      1889ms raced     chain
16x16x64   banked      2027ms raced     chain
16x16x128  banked      2624ms raced     chain
16x16x8192 banked      9501ms raced     chain
16x32x16   banked      2157ms raced     chain
16x32x32   banked      2544ms raced     chain
16x32x64   banked      2653ms raced     chain
16x32x4096 banked      8720ms raced     chain
16x32x8192 banked      9314ms raced     chain
16x64x8    banked      1193ms raced     chain
16x64x16   banked      1648ms raced     chain
16x64x32   banked      2020ms raced     chain
16x64x64   banked      2148ms raced     chain
16x64x4096 banked      7733ms raced     chain
16x128x16  banked      1794ms raced     chain
16x128x32  banked      2146ms raced     chain
16x128x512 banked      3561ms raced     chain
16x128x1024 banked      4437ms raced     chain
16x128x2048 banked      5149ms raced     chain
16x256x16  banked      1982ms raced     chain
16x256x512 banked      4013ms raced     chain
16x256x1024 banked      4296ms raced     chain
16x512x8   banked      1462ms raced     chain
16x512x256 banked      3836ms raced     chain
16x512x512 banked      3913ms raced     chain
16x1024x128 banked      3318ms raced     chain
16x1024x256 banked      3665ms raced     chain
16x2048x2  banked      2230ms raced     chain
16x2048x4  banked      2166ms raced     chain
16x2048x32 banked      3135ms raced     chain
16x2048x64 banked      3504ms raced     chain
16x2048x128 banked      3503ms raced     chain
16x4096x8  banked      2152ms raced     chain
16x4096x16 banked      3223ms raced     chain
16x4096x32 banked      4087ms raced     chain
16x4096x64 banked      5352ms raced     chain
16x8192x2  banked      2931ms raced     chain
16x8192x8  banked      3000ms raced     chain
16x8192x16 banked      3581ms raced     chain
16x8192x32 banked      3884ms raced     chain
32x4x512   banked      3365ms raced     chain
32x8x32    banked      1826ms raced     chain
32x8x64    banked      1982ms raced     chain
32x8x128   banked      2994ms raced     chain
32x8x256   banked      3048ms raced     chain
32x8x512   banked      3362ms raced     chain
32x8x1024  banked      3782ms raced     chain
32x8x2048  banked      4733ms raced     chain
32x8x8192  banked      9511ms raced     chain
32x16x16   banked      1559ms raced     chain
32x16x32   banked      1914ms raced     chain
32x16x64   banked      2065ms raced     chain
32x16x128  banked      2739ms raced     chain
32x16x4096 banked      8060ms raced     chain
32x32x16   banked      2222ms raced     chain
32x32x32   banked      2710ms raced     chain
32x32x64   banked      2725ms raced     chain
32x64x16   banked      1768ms raced     chain
32x64x32   banked      2060ms raced     chain
32x64x64   banked      2136ms raced     chain
32x64x128  banked      2714ms raced     chain
32x64x1024 banked      4462ms raced     chain
32x128x2   banked      1319ms raced     chain
32x128x16  banked      2224ms raced     chain
32x128x32  banked      2595ms raced     chain
32x128x128 banked      2712ms raced     chain
32x128x512 banked      3994ms raced     chain
32x128x1024 banked      5718ms raced     chain
32x256x8   banked      1489ms raced     chain
32x256x16  banked      2446ms raced     chain
32x256x32  banked      2179ms raced     chain
32x256x256 banked      3826ms raced     chain
32x256x512 banked      5428ms raced     chain
32x512x2   banked      2226ms raced     chain
32x512x4   banked      2156ms raced     chain
32x512x8   banked      1513ms raced     chain
32x512x16  banked      1869ms raced     chain
32x512x32  banked      2203ms raced     chain
32x512x128 banked      3376ms raced     chain
32x512x256 banked      5070ms raced     chain
32x1024x4  banked      2154ms raced     chain
32x1024x8  banked      1493ms raced     chain
32x1024x64 banked      2979ms raced     chain
32x1024x128 banked      4776ms raced     chain
32x2048x4  banked      2253ms raced     chain
32x2048x32 banked      3723ms raced     chain
32x4096x2  banked      1603ms raced     chain
32x4096x16 banked      3838ms raced     chain
32x4096x32 banked      5372ms raced     chain
32x8192x8  banked      3021ms raced     chain
32x8192x16 banked      5143ms raced     chain
64x8x32    banked      2002ms raced     chain
64x8x64    banked      2025ms raced     chain
64x8x128   banked      2691ms raced     chain
64x8x4096  banked      8026ms raced     chain
64x16x16   banked      1645ms raced     chain
64x16x32   banked      1972ms raced     chain
64x16x64   banked      2105ms raced     chain
64x16x128  banked      2662ms raced     chain
64x16x2048 banked      5386ms raced     chain
64x16x4096 banked      9210ms raced     chain
64x32x8    banked      1755ms raced     chain
64x32x16   banked      2351ms raced     chain
64x32x32   banked      2749ms raced     chain
64x32x64   banked      2734ms raced     chain
64x32x1024 banked      4648ms raced     chain
64x64x4    banked      1376ms raced     chain
64x64x8    banked      1380ms raced     chain
64x64x16   banked      1763ms raced     chain
64x64x32   banked      2095ms raced     chain
64x64x1024 banked      5807ms raced     chain
64x128x4   banked      1699ms raced     chain
64x128x8   banked      1469ms raced     chain
64x128x16  banked      1813ms raced     chain
64x128x512 banked      5509ms raced     chain
64x256x256 banked      5128ms raced     chain
64x512x4   banked      2134ms raced     chain
64x512x128 banked      4825ms raced     chain
64x1024x4  banked      2192ms raced     chain
64x1024x64 banked      4456ms raced     chain
64x2048x16 banked      2753ms raced     chain
64x2048x32 banked      5302ms raced     chain
64x4096x4  banked      2508ms raced     chain
64x4096x8  banked      3035ms raced     chain
64x4096x16 banked      4863ms raced     chain
64x8192x4  banked      3344ms raced     chain
64x8192x8  banked      4735ms raced     chain
128x4x64   banked      2159ms raced     chain
128x4x128  banked      2659ms raced     chain
128x4x8192 banked     11235ms raced     chain
128x8x32   banked      2012ms raced     chain
128x8x64   banked      2160ms raced     chain
128x8x128  banked      2719ms raced     chain
128x8x256  banked      3076ms raced     chain
128x8x4096 banked      9526ms raced     chain
128x16x8   banked      1371ms raced     chain
128x16x16  banked      1820ms raced     chain
128x16x32  banked      2160ms raced     chain
128x16x64  banked      2157ms raced     chain
128x16x128 banked      2747ms raced     chain
128x16x2048 banked      6867ms raced     chain
128x32x8   banked      1465ms raced     chain
128x32x16  banked      2423ms raced     chain
128x32x32  banked      2740ms raced     chain
128x32x64  banked      2866ms raced     chain
128x32x1024 banked      6632ms raced     chain
128x64x4   banked      1533ms raced     chain
128x64x8   banked      1549ms raced     chain
128x64x16  banked      1843ms raced     chain
128x64x32  banked      2127ms raced     chain
128x64x64  banked      2282ms raced     chain
128x64x512 banked      5749ms raced     chain
128x128x2  banked      2186ms raced     chain
128x128x4  banked      1536ms raced     chain
128x128x8  banked      1750ms raced     chain
128x128x16 banked      1900ms raced     chain
128x128x32 banked      2219ms raced     chain
128x128x64 banked      2485ms raced     chain
128x128x128 banked      3542ms raced     chain
128x128x256 banked      5284ms raced     chain
128x256x2  banked      2331ms raced     chain
128x256x4  banked      1786ms raced     chain
128x256x8  banked      1578ms raced     chain
128x256x16 banked      2531ms raced     chain
128x256x128 banked      5018ms raced     chain
128x512x2  banked      2365ms raced     chain
128x512x4  banked      2211ms raced     chain
128x512x8  banked      1503ms raced     chain
128x512x64 banked      4408ms raced     chain
128x1024x4 banked      1997ms raced     chain
128x1024x16 banked      2739ms raced     chain
128x1024x32 banked      5069ms raced     chain
128x2048x2 banked      2280ms raced     chain
128x2048x8 banked      2662ms raced     chain
128x2048x16 banked      5070ms raced     chain
128x4096x8 banked      4884ms raced     chain
128x8192x4 banked      5616ms raced     chain
256x4x32   banked      2022ms raced     chain
256x4x128  banked      2782ms raced     chain
256x8x16   banked      1761ms raced     chain
256x8x32   banked      2189ms raced     chain
256x8x64   banked      2158ms raced     chain
