2x2x2      banked      1299ms replayed  chain
2x128x8192 banked      9522ms raced     chain
2x256x4096 banked      8136ms raced     chain
2x512x4096 banked      9819ms raced     chain
2x1024x2048 banked      7196ms raced     chain
2x8192x128 banked      5372ms raced     chain
2x8192x256 banked      8286ms raced     chain
4x64x8192  banked      9232ms raced     chain
4x128x4096 banked      7737ms raced     chain
4x128x8192 banked      9816ms raced     chain
4x256x2048 banked      5116ms raced     chain
4x256x4096 banked      8419ms raced     chain
4x512x1024 banked      4361ms raced     chain
4x512x2048 banked      5920ms raced     chain
4x1024x512 banked      3826ms raced     chain
4x1024x1024 banked      4970ms raced     chain
4x2048x256 banked      3750ms raced     chain
4x4096x128 banked      3749ms raced     chain
4x4096x256 banked      5277ms raced     chain
4x8192x64  banked      3868ms raced     chain
4x8192x128 banked      4753ms raced     chain
8x32x8192  banked      9201ms raced     chain
8x64x4096  banked      7754ms raced     chain
8x64x8192  banked      9572ms raced     chain
8x128x2048 banked      5018ms raced     chain
8x128x4096 banked      8119ms raced     chain
8x256x512  banked      3509ms raced     chain
8x256x1024 banked      4038ms raced     chain
8x256x2048 banked      5540ms raced     chain
8x512x512  banked      3698ms raced     chain
8x512x1024 banked      4586ms raced     chain
8x1024x256 banked      3507ms raced     chain
8x1024x512 banked      4291ms raced     chain
8x2048x128 banked      3114ms raced     chain
8x2048x256 banked      4234ms raced     chain
8x4096x16  banked      2342ms raced     chain
8x4096x64  banked      3211ms raced     chain
8x4096x128 banked      4245ms raced     chain
8x8192x32  banked      3337ms raced     chain
8x8192x64  banked      4016ms raced     chain
16x16x32   banked      1981ms raced     chain
16x16x128  banked      2761ms raced     chain
16x32x8192 banked      9583ms raced     chain
16x64x32   banked      2174ms raced     chain
16x64x4096 banked      8063ms raced     chain
16x128x1024 banked      4858ms raced     chain
16x128x2048 banked      5475ms raced     chain
16x256x512 banked      4231ms raced     chain
16x512x256 banked      4102ms raced     chain
16x512x512 banked      4175ms raced     chain
16x1024x128 banked      3615ms raced     chain
16x2048x2  banked      2230ms raced     chain
16x2048x4  banked      1881ms raced     chain
16x2048x64 banked      3531ms raced     chain
16x4096x32 banked      3839ms raced     chain
16x8192x2  banked      2721ms raced     chain
16x8192x16 banked      3429ms raced     chain
16x8192x32 banked      3905ms raced     chain
32x4x512   banked      3534ms raced     chain
32x16x16   banked      1690ms raced     chain
32x16x32   banked      2114ms raced     chain
32x16x64   banked      2196ms raced     chain
32x32x16   banked      2231ms raced     chain
32x32x32   banked      2614ms raced     chain
32x32x64   banked      2674ms raced     chain
32x64x16   banked      1829ms raced     chain
32x64x32   banked      2205ms raced     chain
32x128x16  banked      2010ms raced     chain
32x128x1024 banked      5876ms raced     chain
32x512x4   banked      2130ms raced     chain
32x512x8   banked      1674ms raced     chain
32x2048x4  banked      2139ms raced     chain
32x4096x2  banked      1759ms raced     chain
32x4096x16 banked      3813ms raced     chain
32x4096x32 banked      5376ms raced     chain
64x16x32   banked      2120ms raced     chain
64x32x8    banked      1941ms raced     chain
64x32x16   banked      2314ms raced     chain
64x32x32   banked      2657ms raced     chain
64x64x8    banked      1513ms raced     chain
64x64x16   banked      1891ms raced     chain
64x128x512 banked      5652ms raced     chain
64x256x256 banked      5392ms raced     chain
64x512x128 banked      4977ms raced     chain
64x1024x64 banked      4600ms raced     chain
64x2048x32 banked      5269ms raced     chain
64x4096x4  banked      2441ms raced     chain
64x4096x16 banked      5447ms raced     chain
128x4x64   banked      2190ms raced     chain
128x4x128  banked      2877ms raced     chain
128x8x32   banked      2202ms raced     chain
128x8x64   banked      2172ms raced     chain
128x8x128  banked      2875ms raced     chain
128x8x4096 banked      9933ms raced     chain
128x16x16  banked      1882ms raced     chain
128x16x32  banked      2186ms raced     chain
128x16x64  banked      2274ms raced     chain
128x16x2048 banked      7324ms raced     chain
128x32x8   banked      2044ms raced     chain
128x32x16  banked      2393ms raced     chain
128x32x32  banked      2719ms raced     chain
128x32x64  banked      2720ms raced     chain
128x64x4   banked      1624ms raced     chain
128x64x8   banked      1619ms raced     chain
128x64x16  banked      1926ms raced     chain
128x64x32  banked      2259ms raced     chain
128x128x2  banked      1908ms raced     chain
128x128x4  banked      2113ms raced     chain
128x128x8  banked      1900ms raced     chain
128x128x16 banked      2270ms raced     chain
128x128x64 banked      2651ms raced     chain
128x256x2  banked      2004ms raced     chain
128x256x128 banked      5371ms raced     chain
128x2048x2 banked      2269ms raced     chain
128x2048x8 banked      2977ms raced     chain
128x4096x8 banked      5128ms raced     chain
256x4x32   banked      2200ms raced     chain
256x8x16   banked      1887ms raced     chain
256x8x32   banked      2212ms raced     chain
256x8x64   banked      2275ms raced     chain
