2x65536    banked     20370ms raced     chain
3x4096     banked       750ms raced     chain
3x65536    banked       801ms raced     chain
4x16384    banked     10832ms raced     chain
4x65536    banked       343ms raced     chain
5x2048     banked       747ms raced     chain
7x16384    banked       752ms raced     chain
8x8192     banked      8141ms raced     chain
9x8192     banked       772ms raced     chain
15x4096    banked       778ms raced     chain
16x4096    banked       354ms raced     chain
27x2048    banked       786ms raced     chain
32x2048    banked       581ms raced     chain
45x1024    banked       776ms raced     chain
61x4096    banked       369ms raced     tpc
64x16384   banked       581ms raced     chain
81x4096    banked       947ms raced     chain
97x8192    banked       725ms raced     tpc
125x2048   banked       839ms raced     chain
128x8192   banked       636ms raced     chain
243x2048   banked      1054ms raced     chain
243x4096   banked      1522ms raced     chain
256x2187   banked     60543ms raced     chain
256x4096   banked       719ms raced     chain
405x405    banked       826ms raced     chain
512x135    banked       344ms raced     chain
512x2048   banked       783ms raced     chain
625x1024   banked      1802ms raced     chain
700x3000   banked     59522ms raced     chain
729x1024   banked      1646ms raced     chain
1009x1024  banked      1022ms raced     tpc
1024x3     banked       422ms raced     chain
1024x45    banked       340ms raced     chain
1024x625   banked       931ms raced     chain
1024x729   banked       963ms raced     chain
1024x1009  banked      1189ms raced     chain
1500x1500  banked     62024ms raced     chain
2048x27    banked       401ms raced     chain
2048x32    banked       819ms raced     chain
2048x81    banked       386ms raced     chain
2048x125   banked       396ms raced     chain
2048x243   banked       681ms raced     chain
2048x512   banked       853ms raced     chain
2187x256   banked      2096ms raced     chain
3000x700   banked      3821ms raced     chain
4096x5     banked       677ms raced     chain
4096x15    banked       840ms raced     chain
4096x16    banked       979ms raced     chain
4096x21    banked       852ms raced     chain
4096x61    banked       671ms raced     chain
4096x81    banked       681ms raced     chain
4096x243   banked       647ms raced     chain
4096x256   banked      1721ms raced     chain
8192x7     banked       475ms raced     chain
8192x8     banked       672ms raced     chain
8192x25    banked       458ms raced     chain
8192x64    banked      1177ms raced     chain
8192x97    banked       888ms raced     chain
8192x128   banked      1209ms raced     chain
16384x3    banked       975ms raced     chain
16384x4    banked       749ms raced     chain
16384x9    banked       759ms raced     chain
16384x16   banked       587ms raced     chain
16384x64   banked      2290ms raced     chain
32768x4    banked     15604ms raced     chain
65536x2    banked       737ms raced     chain
