2x2x2      banked      1156ms raced     chain
2x2x4      banked      1108ms raced     chain
2x2x8      banked      1106ms raced     chain
2x2x16     banked      1436ms raced     chain
2x2x32     banked      1754ms raced     chain
2x2x64     banked      1750ms raced     chain
2x2x128    banked      2393ms raced     chain
2x2x256    banked      2776ms raced     chain
2x2x512    banked      3124ms raced     chain
2x2x1024   banked      3525ms raced     chain
2x2x2048   banked      4489ms raced     chain
2x2x4096   banked      7302ms raced     chain
2x2x8192   banked     10178ms raced     chain
2x4x2      banked      1087ms raced     chain
2x4x4      banked      1109ms raced     chain
2x4x8      banked      1086ms raced     chain
2x4x16     banked      1435ms raced     chain
2x4x32     banked      1758ms raced     chain
2x4x64     banked      1759ms raced     chain
2x4x128    banked      2385ms raced     chain
2x4x256    banked      2777ms raced     chain
2x4x512    banked      3110ms raced     chain
2x4x1024   banked      3686ms raced     chain
2x4x2048   banked      4557ms raced     chain
2x4x4096   banked      7330ms raced     chain
2x4x8192   banked      8813ms raced     chain
2x8x2      banked      1096ms raced     chain
2x8x4      banked      1128ms raced     chain
2x8x8      banked      1118ms raced     chain
2x8x16     banked      1447ms raced     chain
2x8x32     banked      1771ms raced     chain
2x8x64     banked      1783ms raced     chain
2x8x128    banked      2410ms raced     chain
2x8x256    banked      2841ms raced     chain
2x8x512    banked      3129ms raced     chain
2x8x1024   banked      3762ms raced     chain
2x8x2048   banked      4582ms raced     chain
2x8x4096   banked      7474ms raced     chain
2x8x8192   banked      9050ms raced     chain
2x16x2     banked      1343ms raced     chain
2x16x4     banked      1279ms raced     chain
2x16x8     banked      1247ms raced     chain
2x16x16    banked      1606ms raced     chain
2x16x32    banked      2007ms raced     chain
2x16x64    banked      2040ms raced     chain
2x16x128   banked      2840ms raced     chain
2x16x256   banked      3055ms raced     chain
2x16x512   banked      3258ms raced     chain
2x16x1024  banked      3848ms raced     chain
2x16x2048  banked      4635ms raced     chain
2x16x4096  banked      7382ms raced     chain
2x16x8192  banked      8826ms raced     chain
2x32x2     banked      1735ms raced     chain
2x32x4     banked      1760ms raced     chain
2x32x8     banked      1774ms raced     chain
2x32x16    banked      2073ms raced     chain
2x32x32    banked      2367ms raced     chain
2x32x64    banked      2490ms raced     chain
2x32x128   banked      2583ms raced     chain
2x32x256   banked      2942ms raced     chain
2x32x512   banked      3212ms raced     chain
2x32x1024  banked      3879ms raced     chain
2x32x2048  banked      4833ms raced     chain
2x32x4096  banked      7929ms raced     chain
2x32x8192  banked      8885ms raced     chain
2x64x2     banked      1743ms raced     chain
2x64x4     banked      1773ms raced     chain
2x64x8     banked      1756ms raced     chain
2x64x16    banked      2064ms raced     chain
2x64x32    banked      2449ms raced     chain
2x64x64    banked      1964ms raced     chain
2x64x128   banked      2509ms raced     chain
2x64x256   banked      3008ms raced     chain
2x64x512   banked      3286ms raced     chain
2x64x1024  banked      3882ms raced     chain
2x64x2048  banked      5249ms raced     chain
2x64x4096  banked      7478ms raced     chain
2x64x8192  banked      8987ms raced     chain
2x128x2    banked      1831ms raced     chain
2x128x4    banked      1544ms raced     chain
2x128x8    banked      1127ms raced     chain
2x128x16   banked      1769ms raced     chain
2x128x32   banked      1923ms raced     chain
2x128x64   banked      2028ms raced     chain
2x128x128  banked      2536ms raced     chain
2x128x256  banked      3022ms raced     chain
2x128x512  banked      3309ms raced     chain
2x128x1024 banked      3927ms raced     chain
2x128x2048 banked      4686ms raced     chain
2x128x4096 banked      7579ms raced     chain
2x128x8192 banked      9362ms raced     chain
2x256x2    banked      1816ms raced     chain
2x256x4    banked      1793ms raced     chain
2x256x8    banked      1577ms raced     chain
2x256x16   banked      2224ms raced     chain
2x256x32   banked      1966ms raced     chain
2x256x64   banked      2000ms raced     chain
2x256x128  banked      2589ms raced     chain
2x256x256  banked      3040ms raced     chain
2x256x512  banked      3317ms raced     chain
2x256x1024 banked      3762ms raced     chain
2x256x2048 banked      4939ms raced     chain
2x256x4096 banked      8046ms raced     chain
2x256x8192 banked     10778ms raced     chain
2x512x2    banked      1829ms raced     chain
2x512x4    banked      1825ms raced     chain
2x512x8    banked      1582ms raced     chain
2x512x16   banked      2176ms raced     chain
2x512x32   banked      2059ms raced     chain
2x512x64   banked      2064ms raced     chain
2x512x128  banked      2613ms raced     chain
2x512x256  banked      3113ms raced     chain
2x512x512  banked      3393ms raced     chain
2x512x1024 banked      4202ms raced     chain
2x512x2048 banked      5410ms raced     chain
2x512x4096 banked      9652ms raced     chain
2x1024x2   banked      2112ms raced     chain
2x1024x4   banked      1847ms raced     chain
2x1024x8   banked      1260ms raced     chain
2x1024x16  banked      1727ms raced     chain
2x1024x32  banked      2069ms raced     chain
2x1024x64  banked      2157ms raced     chain
2x1024x128 banked      2562ms raced     chain
2x1024x256 banked      3220ms raced     chain
2x1024x512 banked      3636ms raced     chain
2x1024x1024 banked      4743ms raced     chain
2x1024x2048 banked      7142ms raced     chain
2x2048x2   banked      2492ms raced     chain
2x2048x4   banked      2320ms raced     chain
2x2048x8   banked      1350ms raced     chain
2x2048x16  banked      2061ms raced     chain
2x2048x32  banked      2776ms raced     chain
2x2048x64  banked      2930ms raced     chain
2x2048x128 banked      2715ms raced     chain
2x2048x256 banked      3551ms raced     chain
2x2048x512 banked      4317ms raced     chain
2x2048x1024 banked      6664ms raced     chain
2x4096x2   banked      2266ms raced     chain
2x4096x4   banked      2013ms raced     chain
2x4096x8   banked      2055ms raced     chain
2x4096x16  banked      2708ms raced     chain
2x4096x32  banked      3411ms raced     chain
2x4096x64  banked      3044ms raced     chain
2x4096x128 banked      3662ms raced     chain
2x4096x256 banked      5253ms raced     chain
2x4096x512 banked      7182ms raced     chain
2x8192x2   banked      2717ms raced     chain
2x8192x4   banked      2503ms raced     chain
2x8192x8   banked      2642ms raced     chain
2x8192x16  banked      3071ms raced     chain
2x8192x32  banked      3275ms raced     chain
2x8192x64  banked      3675ms raced     chain
2x8192x128 banked      4578ms raced     chain
2x8192x256 banked      8259ms raced     chain
4x2x2      banked      1116ms raced     chain
4x2x4      banked      1132ms raced     chain
4x2x8      banked      1121ms raced     chain
4x2x16     banked      1464ms raced     chain
4x2x32     banked      1768ms raced     chain
4x2x64     banked      1747ms raced     chain
4x2x128    banked      2649ms raced     chain
4x2x256    banked      2774ms raced     chain
4x2x512    banked      3135ms raced     chain
4x2x1024   banked      3754ms raced     chain
4x2x2048   banked      4545ms raced     chain
4x2x4096   banked      7272ms raced     chain
4x2x8192   banked      8804ms raced     chain
4x4x2      banked      1129ms raced     chain
4x4x4      banked      1132ms raced     chain
4x4x8      banked      1113ms raced     chain
4x4x16     banked      1458ms raced     chain
4x4x32     banked      1756ms raced     chain
4x4x64     banked      1762ms raced     chain
4x4x128    banked      2440ms raced     chain
4x4x256    banked      2500ms raced     chain
4x4x512    banked      3140ms raced     chain
4x4x1024   banked      3684ms raced     chain
4x4x2048   banked      4594ms raced     chain
4x4x4096   banked      7334ms raced     chain
4x4x8192   banked      8811ms raced     chain
4x8x2      banked      1125ms raced     chain
4x8x4      banked      1132ms raced     chain
4x8x8      banked      1109ms raced     chain
4x8x16     banked      1463ms raced     chain
4x8x32     banked      1777ms raced     chain
4x8x64     banked      1759ms raced     chain
4x8x128    banked      2400ms raced     chain
4x8x256    banked      2752ms raced     chain
4x8x512    banked      3178ms raced     chain
4x8x1024   banked      3773ms raced     chain
4x8x2048   banked      4622ms raced     chain
4x8x4096   banked      7466ms raced     chain
4x8x8192   banked      8803ms raced     chain
4x16x2     banked      1200ms raced     chain
4x16x4     banked      1135ms raced     chain
4x16x8     banked      1102ms raced     chain
4x16x16    banked      1478ms raced     chain
4x16x32    banked      1780ms raced     chain
4x16x64    banked      1775ms raced     chain
4x16x128   banked      2435ms raced     chain
4x16x256   banked      2882ms raced     chain
4x16x512   banked      3228ms raced     chain
4x16x1024  banked      3625ms raced     chain
4x16x2048  banked      4650ms raced     chain
4x16x4096  banked      7339ms raced     chain
4x16x8192  banked      8776ms raced     chain
4x32x2     banked      1746ms raced     chain
4x32x4     banked      1763ms raced     chain
4x32x8     banked      1757ms raced     chain
4x32x16    banked      2080ms raced     chain
4x32x32    banked      2432ms raced     chain
4x32x64    banked      2483ms raced     chain
4x32x128   banked      2489ms raced     chain
4x32x256   banked      2926ms raced     chain
4x32x512   banked      3458ms raced     chain
4x32x1024  banked      3865ms raced     chain
4x32x2048  banked      5297ms raced     chain
4x32x4096  banked      7954ms raced     chain
4x32x8192  banked      8866ms raced     chain
4x64x2     banked      1762ms raced     chain
4x64x4     banked      1786ms raced     chain
4x64x8     banked      1780ms raced     chain
4x64x16    banked      2105ms raced     chain
4x64x32    banked      2451ms raced     chain
4x64x64    banked      2318ms raced     chain
4x64x128   banked      3150ms raced     chain
4x64x256   banked      3038ms raced     chain
4x64x512   banked      3254ms raced     chain
4x64x1024  banked      3866ms raced     chain
4x64x2048  banked      5213ms raced     chain
4x64x4096  banked      7344ms raced     chain
4x64x8192  banked      9055ms raced     chain
4x128x2    banked      1623ms raced     chain
4x128x4    banked      1589ms raced     chain
4x128x8    banked      1145ms raced     chain
4x128x16   banked      2176ms raced     chain
4x128x32   banked      2335ms raced     chain
4x128x64   banked      2015ms raced     chain
4x128x128  banked      2549ms raced     chain
4x128x256  banked      2993ms raced     chain
4x128x512  banked      3271ms raced     chain
4x128x1024 banked      3937ms raced     chain
4x128x2048 banked      4704ms raced     chain
4x128x4096 banked      7646ms raced     chain
4x128x8192 banked      9584ms raced     chain
4x256x2    banked      1833ms raced     chain
4x256x4    banked      1818ms raced     chain
4x256x8    banked      1405ms raced     chain
4x256x16   banked      2192ms raced     chain
4x256x32   banked      2017ms raced     chain
4x256x64   banked      2070ms raced     chain
4x256x128  banked      2557ms raced     chain
4x256x256  banked      3050ms raced     chain
4x256x512  banked      3320ms raced     chain
4x256x1024 banked      3975ms raced     chain
4x256x2048 banked      4973ms raced     chain
4x256x4096 banked      8204ms raced     chain
4x512x2    banked      1896ms raced     chain
4x512x4    banked      1836ms raced     chain
4x512x8    banked      1838ms raced     chain
4x512x16   banked      2055ms raced     chain
4x512x32   banked      1989ms raced     chain
4x512x64   banked      2028ms raced     chain
4x512x128  banked      2568ms raced     chain
4x512x256  banked      3125ms raced     chain
4x512x512  banked      3414ms raced     chain
4x512x1024 banked      4255ms raced     chain
4x512x2048 banked      5663ms raced     chain
4x1024x2   banked      2325ms raced     chain
4x1024x4   banked      1882ms raced     chain
4x1024x8   banked      1293ms raced     chain
4x1024x16  banked      1698ms raced     chain
4x1024x32  banked      2265ms raced     chain
4x1024x64  banked      2107ms raced     chain
4x1024x128 banked      2649ms raced     chain
4x1024x256 banked      3219ms raced     chain
4x1024x512 banked      3640ms raced     chain
4x1024x1024 banked      5034ms raced     chain
4x2048x2   banked      2520ms raced     chain
4x2048x4   banked      1550ms raced     chain
4x2048x8   banked      2013ms raced     chain
4x2048x16  banked      2440ms raced     chain
4x2048x32  banked      2785ms raced     chain
4x2048x64  banked      2901ms raced     chain
4x2048x128 banked      2743ms raced     chain
4x2048x256 banked      3827ms raced     chain
4x2048x512 banked      4592ms raced     chain
4x4096x2   banked      2484ms raced     chain
4x4096x4   banked      2005ms raced     chain
4x4096x8   banked      1994ms raced     chain
4x4096x16  banked      3254ms raced     chain
4x4096x32  banked      3471ms raced     chain
4x4096x64  banked      2971ms raced     chain
4x4096x128 banked      3751ms raced     chain
4x4096x256 banked      5453ms raced     chain
4x8192x2   banked      2755ms raced     chain
4x8192x4   banked      2071ms raced     chain
4x8192x8   banked      2077ms raced     chain
4x8192x16  banked      3087ms raced     chain
4x8192x32  banked      3612ms raced     chain
4x8192x64  banked      4018ms raced     chain
4x8192x128 banked      4743ms raced     chain
8x2x2      banked      1140ms raced     chain
8x2x4      banked      1138ms raced     chain
8x2x8      banked      1113ms raced     chain
8x2x16     banked      1464ms raced     chain
8x2x32     banked      1774ms raced     chain
8x2x64     banked      1778ms raced     chain
8x2x128    banked      2397ms raced     chain
8x2x256    banked      2777ms raced     chain
8x2x512    banked      3143ms raced     chain
8x2x1024   banked      3812ms raced     chain
8x2x2048   banked      4468ms raced     chain
8x2x4096   banked      7302ms raced     chain
8x2x8192   banked      8796ms raced     chain
8x4x2      banked      1129ms raced     chain
8x4x4      banked      1137ms raced     chain
8x4x8      banked      1117ms raced     chain
8x4x16     banked      1462ms raced     chain
8x4x32     banked      1772ms raced     chain
8x4x64     banked      1761ms raced     chain
8x4x128    banked      2417ms raced     chain
8x4x256    banked      2803ms raced     chain
8x4x512    banked      3137ms raced     chain
8x4x1024   banked      3592ms raced     chain
8x4x2048   banked      4599ms raced     chain
8x4x4096   banked      7243ms raced     chain
8x4x8192   banked      8835ms raced     chain
8x8x2      banked      1133ms raced     chain
8x8x4      banked      1133ms raced     chain
8x8x8      banked      1116ms raced     chain
8x8x16     banked      1462ms raced     chain
8x8x32     banked      1799ms raced     chain
8x8x64     banked      1769ms raced     chain
8x8x128    banked      2442ms raced     chain
8x8x256    banked      2841ms raced     chain
8x8x512    banked      3174ms raced     chain
8x8x1024   banked      3652ms raced     chain
8x8x2048   banked      4569ms raced     chain
8x8x4096   banked      7362ms raced     chain
8x8x8192   banked      8790ms raced     chain
8x16x2     banked      1140ms raced     chain
8x16x4     banked      1135ms raced     chain
8x16x8     banked      1124ms raced     chain
8x16x16    banked      1462ms raced     chain
8x16x32    banked      1793ms raced     chain
8x16x64    banked      1858ms raced     chain
8x16x128   banked      2464ms raced     chain
8x16x256   banked      2934ms raced     chain
8x16x512   banked      3260ms raced     chain
8x16x1024  banked      3763ms raced     chain
8x16x2048  banked      4635ms raced     chain
8x16x4096  banked      7376ms raced     chain
8x16x8192  banked      8878ms raced     chain
8x32x2     banked      1789ms raced     chain
8x32x4     banked      1794ms raced     chain
8x32x8     banked      1776ms raced     chain
8x32x16    banked      2102ms raced     chain
8x32x32    banked      2446ms raced     chain
8x32x64    banked      2501ms raced     chain
8x32x128   banked      2550ms raced     chain
8x32x256   banked      2967ms raced     chain
8x32x512   banked      3262ms raced     chain
8x32x1024  banked      3647ms raced     chain
8x32x2048  banked      5257ms raced     chain
8x32x4096  banked      7958ms raced     chain
8x32x8192  banked      9030ms raced     chain
8x64x2     banked      1797ms raced     chain
8x64x4     banked      1790ms raced     chain
8x64x8     banked      1772ms raced     chain
8x64x16    banked      2143ms raced     chain
8x64x32    banked      2500ms raced     chain
8x64x64    banked      1951ms raced     chain
8x64x128   banked      2539ms raced     chain
8x64x256   banked      2976ms raced     chain
8x64x512   banked      3252ms raced     chain
8x64x1024  banked      4061ms raced     chain
8x64x2048  banked      5313ms raced     chain
8x64x4096  banked      7566ms raced     chain
8x64x8192  banked      9416ms raced     chain
8x128x2    banked      1617ms raced     chain
8x128x4    banked      1585ms raced     chain
8x128x8    banked      1158ms raced     chain
8x128x16   banked      1597ms raced     chain
8x128x32   banked      2001ms raced     chain
8x128x64   banked      2010ms raced     chain
8x128x128  banked      2573ms raced     chain
8x128x256  banked      3006ms raced     chain
8x128x512  banked      3297ms raced     chain
8x128x1024 banked      3928ms raced     chain
8x128x2048 banked      4872ms raced     chain
8x128x4096 banked      8025ms raced     chain
8x256x2    banked      1635ms raced     chain
8x256x4    banked      1442ms raced     chain
8x256x8    banked      1452ms raced     chain
8x256x16   banked      2277ms raced     chain
8x256x32   banked      2044ms raced     chain
8x256x64   banked      2078ms raced     chain
8x256x128  banked      2566ms raced     chain
8x256x256  banked      3057ms raced     chain
8x256x512  banked      3373ms raced     chain
8x256x1024 banked      4131ms raced     chain
8x256x2048 banked      5278ms raced     chain
8x512x2    banked      1701ms raced     chain
8x512x4    banked      1671ms raced     chain
8x512x8    banked      1516ms raced     chain
8x512x16   banked      2039ms raced     chain
8x512x32   banked      2095ms raced     chain
8x512x64   banked      2074ms raced     chain
8x512x128  banked      2579ms raced     chain
8x512x256  banked      3142ms raced     chain
8x512x512  banked      3558ms raced     chain
8x512x1024 banked      4467ms raced     chain
8x1024x2   banked      1910ms raced     chain
8x1024x4   banked      1933ms raced     chain
8x1024x8   banked      1309ms raced     chain
8x1024x16  banked      1689ms raced     chain
8x1024x32  banked      2271ms raced     chain
8x1024x64  banked      2139ms raced     chain
8x1024x128 banked      2882ms raced     chain
8x1024x256 banked      3371ms raced     chain
8x1024x512 banked      4097ms raced     chain
8x2048x2   banked      2072ms raced     chain
8x2048x4   banked      1773ms raced     chain
8x2048x8   banked      1358ms raced     chain
8x2048x16  banked      2220ms raced     chain
8x2048x32  banked      2564ms raced     chain
8x2048x64  banked      2940ms raced     chain
8x2048x128 banked      3127ms raced     chain
8x2048x256 banked      4005ms raced     chain
8x4096x2   banked      2632ms raced     chain
8x4096x4   banked      2009ms raced     chain
8x4096x8   banked      1973ms raced     chain
8x4096x16  banked      2825ms raced     chain
8x4096x32  banked      2918ms raced     chain
8x4096x64  banked      3221ms raced     chain
8x4096x128 banked      4265ms raced     chain
8x8192x2   banked      2671ms raced     chain
8x8192x4   banked      2247ms raced     chain
8x8192x8   banked      2623ms raced     chain
8x8192x16  banked      2854ms raced     chain
8x8192x32  banked      3189ms raced     chain
8x8192x64  banked      4258ms raced     chain
16x2x2     banked      1152ms raced     chain
16x2x4     banked      1154ms raced     chain
16x2x8     banked      1131ms raced     chain
16x2x16    banked      1477ms raced     chain
16x2x32    banked      1800ms raced     chain
16x2x64    banked      1793ms raced     chain
16x2x128   banked      2464ms raced     chain
16x2x256   banked      2876ms raced     chain
16x2x512   banked      3365ms raced     chain
16x2x1024  banked      3826ms raced     chain
16x2x2048  banked      4769ms raced     chain
16x2x4096  banked      7471ms raced     chain
16x2x8192  banked      8980ms raced     chain
16x4x2     banked      1130ms raced     chain
16x4x4     banked      1149ms raced     chain
16x4x8     banked      1135ms raced     chain
16x4x16    banked      1480ms raced     chain
16x4x32    banked      1784ms raced     chain
16x4x64    banked      1835ms raced     chain
16x4x128   banked      2503ms raced     chain
16x4x256   banked      2924ms raced     chain
16x4x512   banked      3319ms raced     chain
16x4x1024  banked      3827ms raced     chain
16x4x2048  banked      4744ms raced     chain
16x4x4096  banked      7472ms raced     chain
16x4x8192  banked      8912ms raced     chain
16x8x2     banked      1151ms raced     chain
16x8x4     banked      1154ms raced     chain
16x8x8     banked      1142ms raced     chain
16x8x16    banked      1484ms raced     chain
16x8x32    banked      1812ms raced     chain
16x8x64    banked      1892ms raced     chain
16x8x128   banked      2578ms raced     chain
16x8x256   banked      2995ms raced     chain
16x8x512   banked      3393ms raced     chain
16x8x1024  banked      3935ms raced     chain
16x8x2048  banked      4738ms raced     chain
16x8x4096  banked      7375ms raced     chain
16x8x8192  banked      9061ms raced     chain
16x16x2    banked      1150ms raced     chain
16x16x4    banked      1163ms raced     chain
16x16x8    banked      1133ms raced     chain
16x16x16   banked      1528ms raced     chain
16x16x32   banked      1873ms raced     chain
16x16x64   banked      1959ms raced     chain
16x16x128  banked      2638ms raced     chain
16x16x256  banked      3171ms raced     chain
16x16x512  banked      3477ms raced     chain
16x16x1024 banked      4041ms raced     chain
16x16x2048 banked      4717ms raced     chain
16x16x4096 banked      7592ms raced     chain
16x16x8192 banked      9507ms raced     chain
16x32x2    banked      1792ms raced     chain
16x32x4    banked      1774ms raced     chain
16x32x8    banked      1937ms raced     chain
16x32x16   banked      2200ms raced     chain
16x32x32   banked      2667ms raced     chain
16x32x64   banked      2643ms raced     chain
16x32x128  banked      2687ms raced     chain
16x32x256  banked      3188ms raced     chain
16x32x512  banked      3391ms raced     chain
16x32x1024 banked      4561ms raced     chain
16x32x2048 banked      5550ms raced     chain
16x32x4096 banked      8640ms raced     chain
16x32x8192 banked      9425ms raced     chain
16x64x2    banked      1782ms raced     chain
16x64x4    banked      1842ms raced     chain
16x64x8    banked      1851ms raced     chain
16x64x16   banked      2333ms raced     chain
16x64x32   banked      2739ms raced     chain
16x64x64   banked      2445ms raced     chain
16x64x128  banked      3321ms raced     chain
16x64x256  banked      3158ms raced     chain
16x64x512  banked      3423ms raced     chain
16x64x1024 banked      4610ms raced     chain
16x64x2048 banked      5972ms raced     chain
16x64x4096 banked      7852ms raced     chain
16x128x2   banked      1267ms raced     chain
16x128x4   banked      1300ms raced     chain
16x128x8   banked      1357ms raced     chain
16x128x16  banked      1899ms raced     chain
16x128x32  banked      2210ms raced     chain
16x128x64  banked      2158ms raced     chain
16x128x128 banked      2854ms raced     chain
16x128x256 banked      3127ms raced     chain
16x128x512 banked      3632ms raced     chain
16x128x1024 banked      4427ms raced     chain
16x128x2048 banked      5231ms raced     chain
16x256x2   banked      1999ms raced     chain
16x256x4   banked      1812ms raced     chain
16x256x8   banked      1831ms raced     chain
16x256x16  banked      2506ms raced     chain
16x256x32  banked      2168ms raced     chain
16x256x64  banked      2178ms raced     chain
16x256x128 banked      2672ms raced     chain
16x256x256 banked      3407ms raced     chain
16x256x512 banked      4092ms raced     chain
16x256x1024 banked      4521ms raced     chain
16x512x2   banked      2143ms raced     chain
16x512x4   banked      2142ms raced     chain
16x512x8   banked      2083ms raced     chain
16x512x16  banked      2508ms raced     chain
16x512x32  banked      2196ms raced     chain
16x512x64  banked      2159ms raced     chain
16x512x128 banked      2906ms raced     chain
16x512x256 banked      3887ms raced     chain
16x512x512 banked      3907ms raced     chain
16x1024x2  banked      2429ms raced     chain
16x1024x4  banked      2176ms raced     chain
16x1024x8  banked      1543ms raced     chain
16x1024x16 banked      1830ms raced     chain
16x1024x32 banked      2845ms raced     chain
16x1024x64 banked      2458ms raced     chain
16x1024x128 banked      3380ms raced     chain
16x1024x256 banked      3727ms raced     chain
16x2048x2  banked      2660ms raced     chain
16x2048x4  banked      2792ms raced     chain
16x2048x8  banked      1730ms raced     chain
16x2048x16 banked      2565ms raced     chain
16x2048x32 banked      3193ms raced     chain
16x2048x64 banked      3676ms raced     chain
16x2048x128 banked      3277ms raced     chain
16x4096x2  banked      2939ms raced     chain
16x4096x4  banked      2491ms raced     chain
16x4096x8  banked      2164ms raced     chain
16x4096x16 banked      3049ms raced     chain
16x4096x32 banked      3721ms raced     chain
16x4096x64 banked      3603ms raced     chain
16x8192x2  banked      2905ms raced     chain
16x8192x4  banked      2260ms raced     chain
16x8192x8  banked      3008ms raced     chain
16x8192x16 banked      3400ms raced     chain
16x8192x32 banked      3943ms raced     chain
32x2x2     banked      1146ms raced     chain
32x2x4     banked      1155ms raced     chain
32x2x8     banked      1140ms raced     chain
32x2x16    banked      1691ms raced     chain
32x2x32    banked      2025ms raced     chain
32x2x64    banked      1840ms raced     chain
32x2x128   banked      2726ms raced     chain
32x2x256   banked      2957ms raced     chain
32x2x512   banked      3326ms raced     chain
32x2x1024  banked      4022ms raced     chain
32x2x2048  banked      4795ms raced     chain
32x2x4096  banked      7533ms raced     chain
32x2x8192  banked      8977ms raced     chain
32x4x2     banked      1145ms raced     chain
32x4x4     banked      1378ms raced     chain
32x4x8     banked      1371ms raced     chain
32x4x16    banked      1492ms raced     chain
32x4x32    banked      1776ms raced     chain
32x4x64    banked      1894ms raced     chain
32x4x128   banked      2876ms raced     chain
32x4x256   banked      3015ms raced     chain
32x4x512   banked      2719ms raced     chain
32x4x1024  banked      3903ms raced     chain
32x4x2048  banked      4746ms raced     chain
32x4x4096  banked      7543ms raced     chain
32x4x8192  banked      9046ms raced     chain
32x8x2     banked      1372ms raced     chain
32x8x4     banked      1366ms raced     chain
32x8x8     banked      1173ms raced     chain
32x8x16    banked      1502ms raced     chain
32x8x32    banked      1874ms raced     chain
32x8x64    banked      2001ms raced     chain
32x8x128   banked      2709ms raced     chain
32x8x256   banked      3033ms raced     chain
32x8x512   banked      3400ms raced     chain
32x8x1024  banked      3853ms raced     chain
32x8x2048  banked      4769ms raced     chain
32x8x4096  banked      7682ms raced     chain
32x8x8192  banked      9487ms raced     chain
32x16x2    banked      1154ms raced     chain
32x16x4    banked      1387ms raced     chain
32x16x8    banked      1189ms raced     chain
32x16x16   banked      1566ms raced     chain
32x16x32   banked      1970ms raced     chain
32x16x64   banked      2133ms raced     chain
32x16x128  banked      2731ms raced     chain
32x16x256  banked      3145ms raced     chain
32x16x512  banked      3444ms raced     chain
32x16x1024 banked      3971ms raced     chain
32x16x2048 banked      4920ms raced     chain
32x16x4096 banked      8075ms raced     chain
32x16x8192 banked     10688ms raced     chain
32x32x2    banked      1993ms raced     chain
32x32x4    banked      1638ms raced     chain
32x32x8    banked      1855ms raced     chain
32x32x16   banked      2341ms raced     chain
32x32x32   banked      2672ms raced     chain
32x32x64   banked      2699ms raced     chain
32x32x128  banked      2718ms raced     chain
32x32x256  banked      3127ms raced     chain
32x32x512  banked      4083ms raced     chain
32x32x1024 banked      4632ms raced     chain
32x32x2048 banked      6034ms raced     chain
32x32x4096 banked      9846ms raced     chain
32x64x2    banked      1831ms raced     chain
32x64x4    banked      1906ms raced     chain
32x64x8    banked      1977ms raced     chain
32x64x16   banked      2433ms raced     chain
32x64x32   banked      2714ms raced     chain
32x64x64   banked      2245ms raced     chain
32x64x128  banked      2988ms raced     chain
32x64x256  banked      3220ms raced     chain
32x64x512  banked      3602ms raced     chain
32x64x1024 banked      4571ms raced     chain
32x64x2048 banked      7362ms raced     chain
32x128x2   banked      1957ms raced     chain
32x128x4   banked      1362ms raced     chain
32x128x8   banked      1441ms raced     chain
32x128x16  banked      1841ms raced     chain
32x128x32  banked      2170ms raced     chain
32x128x64  banked      2300ms raced     chain
32x128x128 banked      2782ms raced     chain
32x128x256 banked      3379ms raced     chain
32x128x512 banked      4119ms raced     chain
32x128x1024 banked      5770ms raced     chain
32x256x2   banked      2091ms raced     chain
32x256x4   banked      1843ms raced     chain
32x256x8   banked      1510ms raced     chain
32x256x16  banked      2474ms raced     chain
32x256x32  banked      2238ms raced     chain
32x256x64  banked      2279ms raced     chain
32x256x128 banked      3158ms raced     chain
32x256x256 banked      3910ms raced     chain
32x256x512 banked      5361ms raced     chain
32x512x2   banked      2251ms raced     chain
32x512x4   banked      2145ms raced     chain
32x512x8   banked      2076ms raced     chain
32x512x16  banked      2280ms raced     chain
32x512x32  banked      2306ms raced     chain
32x512x64  banked      2449ms raced     chain
32x512x128 banked      3552ms raced     chain
32x512x256 banked      5089ms raced     chain
32x1024x2  banked      2669ms raced     chain
32x1024x4  banked      2241ms raced     chain
32x1024x8  banked      1516ms raced     chain
32x1024x16 banked      1885ms raced     chain
32x1024x32 banked      3022ms raced     chain
32x1024x64 banked      2995ms raced     chain
32x1024x128 banked      4689ms raced     chain
32x2048x2  banked      2938ms raced     chain
32x2048x4  banked      2835ms raced     chain
32x2048x8  banked      1602ms raced     chain
32x2048x16 banked      2167ms raced     chain
32x2048x32 banked      3752ms raced     chain
32x2048x64 banked      4608ms raced     chain
32x4096x2  banked      2918ms raced     chain
32x4096x4  banked      1851ms raced     chain
32x4096x8  banked      2037ms raced     chain
32x4096x16 banked      3987ms raced     chain
32x4096x32 banked      5521ms raced     chain
32x8192x2  banked      2973ms raced     chain
32x8192x4  banked      3127ms raced     chain
32x8192x8  banked      3643ms raced     chain
32x8192x16 banked      5258ms raced     chain
64x2x2     banked      1366ms raced     chain
64x2x4     banked      1383ms raced     chain
64x2x8     banked      1365ms raced     chain
64x2x16    banked      1700ms raced     chain
64x2x32    banked      1807ms raced     chain
64x2x64    banked      1886ms raced     chain
64x2x128   banked      2607ms raced     chain
64x2x256   banked      3107ms raced     chain
64x2x512   banked      3476ms raced     chain
64x2x1024  banked      3970ms raced     chain
64x2x2048  banked      4812ms raced     chain
64x2x4096  banked      7454ms raced     chain
64x2x8192  banked      9187ms raced     chain
64x4x2     banked      1352ms raced     chain
64x4x4     banked      1395ms raced     chain
64x4x8     banked      1379ms raced     chain
64x4x16    banked      1512ms raced     chain
64x4x32    banked      1854ms raced     chain
64x4x64    banked      1953ms raced     chain
64x4x128   banked      2683ms raced     chain
64x4x256   banked      3041ms raced     chain
64x4x512   banked      3455ms raced     chain
64x4x1024  banked      3937ms raced     chain
64x4x2048  banked      4750ms raced     chain
64x4x4096  banked      7715ms raced     chain
64x4x8192  banked      9588ms raced     chain
64x8x2     banked      1168ms raced     chain
64x8x4     banked      1388ms raced     chain
64x8x8     banked      1215ms raced     chain
64x8x16    banked      1555ms raced     chain
64x8x32    banked      1950ms raced     chain
64x8x64    banked      2031ms raced     chain
64x8x128   banked      2705ms raced     chain
64x8x256   banked      3129ms raced     chain
64x8x512   banked      3409ms raced     chain
64x8x1024  banked      3925ms raced     chain
64x8x2048  banked      4932ms raced     chain
64x8x4096  banked      8047ms raced     chain
64x8x8192  banked     10645ms raced     chain
64x16x2    banked      1377ms raced     chain
64x16x4    banked      1222ms raced     chain
64x16x8    banked      1240ms raced     chain
64x16x16   banked      1684ms raced     chain
64x16x32   banked      2005ms raced     chain
64x16x64   banked      2044ms raced     chain
64x16x128  banked      2723ms raced     chain
64x16x256  banked      3198ms raced     chain
64x16x512  banked      3415ms raced     chain
64x16x1024 banked      4222ms raced     chain
64x16x2048 banked      5402ms raced     chain
64x16x4096 banked      9297ms raced     chain
64x32x2    banked      1866ms raced     chain
64x32x4    banked      1919ms raced     chain
64x32x8    banked      1966ms raced     chain
64x32x16   banked      2389ms raced     chain
64x32x32   banked      2686ms raced     chain
64x32x64   banked      2741ms raced     chain
64x32x128  banked      2793ms raced     chain
64x32x256  banked      3223ms raced     chain
64x32x512  banked      3631ms raced     chain
64x32x1024 banked      4904ms raced     chain
64x32x2048 banked      7159ms raced     chain
64x64x2    banked      1929ms raced     chain
64x64x4    banked      2032ms raced     chain
64x64x8    banked      2036ms raced     chain
64x64x16   banked      2473ms raced     chain
64x64x32   banked      2707ms raced     chain
64x64x64   banked      2340ms raced     chain
64x64x128  banked      2735ms raced     chain
64x64x256  banked      3378ms raced     chain
64x64x512  banked      4146ms raced     chain
64x64x1024 banked      5957ms raced     chain
64x128x2   banked      2143ms raced     chain
64x128x4   banked      1764ms raced     chain
64x128x8   banked      1935ms raced     chain
64x128x16  banked      2309ms raced     chain
64x128x32  banked      2221ms raced     chain
64x128x64  banked      2206ms raced     chain
64x128x128 banked      2899ms raced     chain
64x128x256 banked      3823ms raced     chain
64x128x512 banked      5354ms raced     chain
64x256x2   banked      2245ms raced     chain
64x256x4   banked      2165ms raced     chain
64x256x8   banked      1554ms raced     chain
64x256x16  banked      2533ms raced     chain
64x256x32  banked      2282ms raced     chain
64x256x64  banked      2417ms raced     chain
64x256x128 banked      3434ms raced     chain
64x256x256 banked      5138ms raced     chain
64x512x2   banked      2270ms raced     chain
64x512x4   banked      2186ms raced     chain
64x512x8   banked      2178ms raced     chain
64x512x16  banked      2319ms raced     chain
64x512x32  banked      2483ms raced     chain
64x512x64  banked      2933ms raced     chain
64x512x128 banked      4711ms raced     chain
64x1024x2  banked      2916ms raced     chain
64x1024x4  banked      2221ms raced     chain
64x1024x8  banked      1585ms raced     chain
64x1024x16 banked      2121ms raced     chain
64x1024x32 banked      2940ms raced     chain
64x1024x64 banked      4600ms raced     chain
64x2048x2  banked      2518ms raced     chain
64x2048x4  banked      2022ms raced     chain
64x2048x8  banked      1824ms raced     chain
64x2048x16 banked      2982ms raced     chain
64x2048x32 banked      5124ms raced     chain
64x4096x2  banked      2918ms raced     chain
64x4096x4  banked      2896ms raced     chain
64x4096x8  banked      3023ms raced     chain
64x4096x16 banked      5383ms raced     chain
64x8192x2  banked      3266ms raced     chain
64x8192x4  banked      3428ms raced     chain
64x8192x8  banked      5306ms raced     chain
128x2x2    banked      1184ms raced     chain
128x2x4    banked      1176ms raced     chain
128x2x8    banked      1188ms raced     chain
128x2x16   banked      1531ms raced     chain
128x2x32   banked      1933ms raced     chain
128x2x64   banked      2059ms raced     chain
128x2x128  banked      2752ms raced     chain
128x2x256  banked      3110ms raced     chain
128x2x512  banked      3472ms raced     chain
128x2x1024 banked      4108ms raced     chain
128x2x2048 banked      4796ms raced     chain
128x2x4096 banked      7749ms raced     chain
128x2x8192 banked      9740ms raced     chain
128x4x2    banked      1396ms raced     chain
128x4x4    banked      1195ms raced     chain
128x4x8    banked      1426ms raced     chain
128x4x16   banked      1574ms raced     chain
128x4x32   banked      1955ms raced     chain
128x4x64   banked      2103ms raced     chain
128x4x128  banked      2737ms raced     chain
128x4x256  banked      3134ms raced     chain
128x4x512  banked      3477ms raced     chain
128x4x1024 banked      4061ms raced     chain
128x4x2048 banked      5012ms raced     chain
128x4x4096 banked      8164ms raced     chain
128x4x8192 banked     11018ms raced     chain
128x8x2    banked      1414ms raced     chain
128x8x4    banked      1260ms raced     chain
128x8x8    banked      1241ms raced     chain
128x8x16   banked      1666ms raced     chain
128x8x32   banked      2118ms raced     chain
128x8x64   banked      2189ms raced     chain
128x8x128  banked      2799ms raced     chain
128x8x256  banked      3169ms raced     chain
128x8x512  banked      3439ms raced     chain
128x8x1024 banked      4215ms raced     chain
128x8x2048 banked      5493ms raced     chain
128x8x4096 banked      9524ms raced     chain
128x16x2   banked      1225ms raced     chain
128x16x4   banked      1283ms raced     chain
128x16x8   banked      1369ms raced     chain
128x16x16  banked      1824ms raced     chain
128x16x32  banked      2071ms raced     chain
128x16x64  banked      2209ms raced     chain
128x16x128 banked      2794ms raced     chain
128x16x256 banked      3217ms raced     chain
128x16x512 banked      3685ms raced     chain
128x16x1024 banked      4593ms raced     chain
128x16x2048 banked      6924ms raced     chain
128x32x2   banked      1930ms raced     chain
128x32x4   banked      2109ms raced     chain
128x32x8   banked      2170ms raced     chain
128x32x16  banked      2502ms raced     chain
128x32x32  banked      2758ms raced     chain
128x32x64  banked      2824ms raced     chain
128x32x128 banked      2813ms raced     chain
128x32x256 banked      3457ms raced     chain
128x32x512 banked      4251ms raced     chain
128x32x1024 banked      6304ms raced     chain
128x64x2   banked      2105ms raced     chain
128x64x4   banked      2195ms raced     chain
128x64x8   banked      2229ms raced     chain
128x64x16  banked      2533ms raced     chain
128x64x32  banked      2761ms raced     chain
128x64x64  banked      2230ms raced     chain
128x64x128 banked      3454ms raced     chain
128x64x256 banked      4031ms raced     chain
128x64x512 banked      5788ms raced     chain
128x128x2  banked      1938ms raced     chain
128x128x4  banked      1999ms raced     chain
128x128x8  banked      1557ms raced     chain
128x128x16 banked      2213ms raced     chain
128x128x32 banked      2537ms raced     chain
128x128x64 banked      2434ms raced     chain
128x128x128 banked      3548ms raced     chain
128x128x256 banked      5467ms raced     chain
128x256x2  banked      2289ms raced     chain
128x256x4  banked      2226ms raced     chain
128x256x8  banked      1572ms raced     chain
128x256x16 banked      2571ms raced     chain
128x256x32 banked      2552ms raced     chain
128x256x64 banked      3066ms raced     chain
128x256x128 banked      5105ms raced     chain
128x512x2  banked      2380ms raced     chain
128x512x4  banked      2274ms raced     chain
128x512x8  banked      2164ms raced     chain
128x512x16 banked      2600ms raced     chain
128x512x32 banked      3168ms raced     chain
128x512x64 banked      4620ms raced     chain
128x1024x2 banked      2535ms raced     chain
128x1024x4 banked      2262ms raced     chain
128x1024x8 banked      1839ms raced     chain
128x1024x16 banked      2797ms raced     chain
128x1024x32 banked      5236ms raced     chain
128x2048x2 banked      2938ms raced     chain
128x2048x4 banked      2781ms raced     chain
128x2048x8 banked      2730ms raced     chain
128x2048x16 banked      4549ms raced     chain
128x4096x2 banked      2961ms raced     chain
128x4096x4 banked      3295ms raced     chain
128x4096x8 banked      5015ms raced     chain
128x8192x2 banked      4143ms raced     chain
128x8192x4 banked      5478ms raced     chain
256x2x2    banked      1409ms raced     chain
256x2x4    banked      1436ms raced     chain
256x2x8    banked      1427ms raced     chain
256x2x16   banked      1644ms raced     chain
256x2x32   banked      1982ms raced     chain
256x2x64   banked      2183ms raced     chain
256x2x128  banked      2954ms raced     chain
256x2x256  banked      3123ms raced     chain
256x2x512  banked      3483ms raced     chain
256x2x1024 banked      3895ms raced     chain
256x2x2048 banked      5080ms raced     chain
256x2x4096 banked      8467ms raced     chain
256x2x8192 banked     11429ms raced     chain
256x4x2    banked      1235ms raced     chain
256x4x4    banked      1443ms raced     chain
256x4x8    banked      1477ms raced     chain
256x4x16   banked      1706ms raced     chain
256x4x32   banked      2182ms raced     chain
256x4x64   banked      2182ms raced     chain
256x4x128  banked      2784ms raced     chain
256x4x256  banked      3142ms raced     chain
256x4x512  banked      3514ms raced     chain
256x4x1024 banked      4313ms raced     chain
256x4x2048 banked      5671ms raced     chain
256x4x4096 banked      9864ms raced     chain
256x8x2    banked      1437ms raced     chain
256x8x4    banked      1481ms raced     chain
256x8x8    banked      1393ms raced     chain
256x8x16   banked      1828ms raced     chain
256x8x32   banked      2105ms raced     chain
256x8x64   banked      2206ms raced     chain
256x8x128  banked      2793ms raced     chain
256x8x256  banked      3170ms raced     chain
256x8x512  banked      3711ms raced     chain
256x8x1024 banked      4884ms raced     chain
256x8x2048 banked      6957ms raced     chain
256x16x2   banked      1520ms raced     chain
256x16x4   banked      1471ms raced     chain
256x16x8   banked      1520ms raced     chain
256x16x16  banked      1844ms raced     chain
256x16x32  banked      2238ms raced     chain
256x16x64  banked      2168ms raced     chain
256x16x128 banked      2786ms raced     chain
256x16x256 banked      3483ms raced     chain
256x16x512 banked      4416ms raced     chain
256x16x1024 banked      6308ms raced     chain
256x32x2   banked      2116ms raced     chain
256x32x4   banked      2274ms raced     chain
256x32x8   banked      2152ms raced     chain
256x32x16  banked      2435ms raced     chain
256x32x32  banked      2827ms raced     chain
256x32x64  banked      2822ms raced     chain
256x32x128 banked      3077ms raced     chain
256x32x256 banked      4167ms raced     chain
256x32x512 banked      6175ms raced     chain
256x64x2   banked      2204ms raced     chain
256x64x4   banked      2275ms raced     chain
256x64x8   banked      2212ms raced     chain
256x64x16  banked      2494ms raced     chain
256x64x32  banked      2821ms raced     chain
256x64x64  banked      2510ms raced     chain
256x64x128 banked      4145ms raced     chain
256x64x256 banked      5678ms raced     chain
256x128x2  banked      2061ms raced     chain
256x128x4  banked      1630ms raced     chain
256x128x8  banked      1972ms raced     chain
256x128x16 banked      1966ms raced     chain
256x128x32 banked      2537ms raced     chain
256x128x64 banked      3336ms raced     chain
256x128x128 banked      5349ms raced     chain
256x256x2  banked      2308ms raced     chain
256x256x4  banked      2017ms raced     chain
256x256x8  banked      1584ms raced     chain
256x256x16 banked      2853ms raced     chain
256x256x32 banked      3250ms raced     chain
256x256x64 banked      4905ms raced     chain
256x512x2  banked      2378ms raced     chain
256x512x4  banked      2273ms raced     chain
256x512x8  banked      2497ms raced     chain
256x512x16 banked      3502ms raced     chain
256x512x32 banked      4751ms raced     chain
256x1024x2 banked      2806ms raced     chain
256x1024x4 banked      2158ms raced     chain
256x1024x8 banked      2643ms raced     chain
256x1024x16 banked      4653ms raced     chain
256x2048x2 banked      3307ms raced     chain
256x2048x4 banked      3983ms raced     chain
256x2048x8 banked      4848ms raced     chain
256x4096x2 banked      4211ms raced     chain
256x4096x4 banked      5752ms raced     chain
256x8192x2 banked      6327ms raced     chain
512x2x2    banked      1442ms raced     chain
512x2x4    banked      1287ms raced     chain
512x2x8    banked      1321ms raced     chain
512x2x16   banked      1794ms raced     chain
512x2x32   banked      2204ms raced     chain
512x2x64   banked      2187ms raced     chain
512x2x128  banked      2874ms raced     chain
512x2x256  banked      3163ms raced     chain
512x2x512  banked      3544ms raced     chain
512x2x1024 banked      4381ms raced     chain
512x2x2048 banked      5826ms raced     chain
512x2x4096 banked     10213ms raced     chain
512x4x2    banked      1300ms raced     chain
512x4x4    banked      1304ms raced     chain
512x4x8    banked      1389ms raced     chain
512x4x16   banked      1895ms raced     chain
512x4x32   banked      2154ms raced     chain
512x4x64   banked      2226ms raced     chain
512x4x128  banked      2812ms raced     chain
512x4x256  banked      3172ms raced     chain
512x4x512  banked      3776ms raced     chain
512x4x1024 banked      5038ms raced     chain
512x4x2048 banked      7382ms raced     chain
512x8x2    banked      1334ms raced     chain
512x8x4    banked      1478ms raced     chain
512x8x8    banked      1563ms raced     chain
512x8x16   banked      1960ms raced     chain
512x8x32   banked      2143ms raced     chain
512x8x64   banked      2176ms raced     chain
512x8x128  banked      2813ms raced     chain
512x8x256  banked      3466ms raced     chain
512x8x512  banked      4399ms raced     chain
512x8x1024 banked      6485ms raced     chain
512x16x2   banked      1506ms raced     chain
512x16x4   banked      1580ms raced     chain
512x16x8   banked      1637ms raced     chain
512x16x16  banked      1893ms raced     chain
512x16x32  banked      2145ms raced     chain
512x16x64  banked      2174ms raced     chain
512x16x128 banked      3050ms raced     chain
512x16x256 banked      4226ms raced     chain
512x16x512 banked      6029ms raced     chain
512x32x2   banked      2285ms raced     chain
512x32x4   banked      2283ms raced     chain
512x32x8   banked      2213ms raced     chain
512x32x16  banked      2534ms raced     chain
512x32x32  banked      2807ms raced     chain
512x32x64  banked      3126ms raced     chain
512x32x128 banked      3753ms raced     chain
512x32x256 banked      5951ms raced     chain
512x64x2   banked      2278ms raced     chain
512x64x4   banked      2260ms raced     chain
512x64x8   banked      2197ms raced     chain
512x64x16  banked      2536ms raced     chain
512x64x32  banked      3113ms raced     chain
512x64x64  banked      3219ms raced     chain
512x64x128 banked      6192ms raced     chain
512x128x2  banked      2280ms raced     chain
512x128x4  banked      1611ms raced     chain
512x128x8  banked      1574ms raced     chain
512x128x16 banked      2717ms raced     chain
512x128x32 banked      3491ms raced     chain
512x128x64 banked      5214ms raced     chain
512x256x2  banked      2325ms raced     chain
512x256x4  banked      2048ms raced     chain
512x256x8  banked      1879ms raced     chain
512x256x16 banked      3589ms raced     chain
512x256x32 banked      4989ms raced     chain
512x512x2  banked      2356ms raced     chain
512x512x4  banked      2585ms raced     chain
512x512x8  banked      3237ms raced     chain
512x512x16 banked      5134ms raced     chain
512x1024x2 banked      2884ms raced     chain
512x1024x4 banked      3321ms raced     chain
512x1024x8 banked      5044ms raced     chain
512x2048x2 banked      3854ms raced     chain
512x2048x4 banked      5927ms raced     chain
512x4096x2 banked      6288ms raced     chain
1024x2x2   banked      1291ms raced     chain
1024x2x4   banked      1373ms raced     chain
1024x2x8   banked      1485ms raced     chain
1024x2x16  banked      1969ms raced     chain
1024x2x32  banked      2170ms raced     chain
1024x2x64  banked      2257ms raced     chain
1024x2x128 banked      2874ms raced     chain
1024x2x256 banked      3202ms raced     chain
1024x2x512 banked      3800ms raced     chain
1024x2x1024 banked      5015ms raced     chain
1024x2x2048 banked      7621ms raced     chain
1024x4x2   banked      1367ms raced     chain
1024x4x4   banked      1481ms raced     chain
1024x4x8   banked      1547ms raced     chain
1024x4x16  banked      1949ms raced     chain
1024x4x32  banked      2163ms raced     chain
1024x4x64  banked      2230ms raced     chain
1024x4x128 banked      2819ms raced     chain
1024x4x256 banked      3480ms raced     chain
1024x4x512 banked      4465ms raced     chain
1024x4x1024 banked      6729ms raced     chain
1024x8x2   banked      1538ms raced     chain
1024x8x4   banked      1644ms raced     chain
1024x8x8   banked      1662ms raced     chain
1024x8x16  banked      1932ms raced     chain
1024x8x32  banked      2248ms raced     chain
1024x8x64  banked      2470ms raced     chain
1024x8x128 banked      3059ms raced     chain
1024x8x256 banked      4153ms raced     chain
1024x8x512 banked      6230ms raced     chain
1024x16x2  banked      1654ms raced     chain
1024x16x4  banked      1681ms raced     chain
1024x16x8  banked      1663ms raced     chain
1024x16x16 banked      1922ms raced     chain
1024x16x32 banked      2189ms raced     chain
1024x16x64 banked      2447ms raced     chain
1024x16x128 banked      3750ms raced     chain
1024x16x256 banked      5990ms raced     chain
1024x32x2  banked      2335ms raced     chain
1024x32x4  banked      2322ms raced     chain
1024x32x8  banked      1993ms raced     chain
1024x32x16 banked      2486ms raced     chain
1024x32x32 banked      3126ms raced     chain
1024x32x64 banked      3862ms raced     chain
1024x32x128 banked      5693ms raced     chain
1024x64x2  banked      2230ms raced     chain
1024x64x4  banked      2271ms raced     chain
1024x64x8  banked      2241ms raced     chain
1024x64x16 banked      2798ms raced     chain
1024x64x32 banked      3901ms raced     chain
1024x64x64 banked      5242ms raced     chain
1024x128x2 banked      2374ms raced     chain
1024x128x4 banked      1630ms raced     chain
1024x128x8 banked      2214ms raced     chain
1024x128x16 banked      2941ms raced     chain
1024x128x32 banked      5875ms raced     chain
1024x256x2 banked      2361ms raced     chain
1024x256x4 banked      2548ms raced     chain
1024x256x8 banked      2613ms raced     chain
1024x256x16 banked      5568ms raced     chain
1024x512x2 banked      2700ms raced     chain
1024x512x4 banked      3423ms raced     chain
1024x512x8 banked      5239ms raced     chain
1024x1024x2 banked      3473ms raced     chain
1024x1024x4 banked      5407ms raced     chain
1024x2048x2 banked      6464ms raced     chain
2048x2x2   banked      1840ms raced     chain
2048x2x4   banked      1830ms raced     chain
2048x2x8   banked      1886ms raced     chain
2048x2x16  banked      2165ms raced     chain
2048x2x32  banked      2264ms raced     chain
2048x2x64  banked      2256ms raced     chain
2048x2x128 banked      3107ms raced     chain
2048x2x256 banked      3514ms raced     chain
2048x2x512 banked      4646ms raced     chain
2048x2x1024 banked      6985ms raced     chain
2048x4x2   banked      1829ms raced     chain
2048x4x4   banked      1862ms raced     chain
2048x4x8   banked      1830ms raced     chain
2048x4x16  banked      2186ms raced     chain
2048x4x32  banked      2259ms raced     chain
2048x4x64  banked      2284ms raced     chain
2048x4x128 banked      3127ms raced     chain
2048x4x256 banked      4242ms raced     chain
2048x4x512 banked      6450ms raced     chain
2048x8x2   banked      1951ms raced     chain
2048x8x4   banked      1850ms raced     chain
2048x8x8   banked      1631ms raced     chain
2048x8x16  banked      1949ms raced     chain
2048x8x32  banked      2270ms raced     chain
2048x8x64  banked      2528ms raced     chain
2048x8x128 banked      3859ms raced     chain
2048x8x256 banked      6116ms raced     chain
2048x16x2  banked      1841ms raced     chain
2048x16x4  banked      1876ms raced     chain
2048x16x8  banked      1619ms raced     chain
2048x16x16 banked      1954ms raced     chain
2048x16x32 banked      2536ms raced     chain
2048x16x64 banked      3273ms raced     chain
2048x16x128 banked      5804ms raced     chain
2048x32x2  banked      2421ms raced     chain
2048x32x4  banked      2289ms raced     chain
2048x32x8  banked      2284ms raced     chain
2048x32x16 banked      2835ms raced     chain
2048x32x32 banked      3877ms raced     chain
2048x32x64 banked      6421ms raced     chain
2048x64x2  banked      2294ms raced     chain
2048x64x4  banked      2310ms raced     chain
2048x64x8  banked      2570ms raced     chain
2048x64x16 banked      3616ms raced     chain
2048x64x32 banked      6045ms raced     chain
2048x128x2 banked      2176ms raced     chain
2048x128x4 banked      2186ms raced     chain
2048x128x8 banked      3163ms raced     chain
2048x128x16 banked      5091ms raced     chain
2048x256x2 banked      2665ms raced     chain
2048x256x4 banked      3356ms raced     chain
2048x256x8 banked      4859ms raced     chain
2048x512x2 banked      3621ms raced     chain
2048x512x4 banked      5555ms raced     chain
2048x1024x2 banked      5813ms raced     chain
4096x2x2   banked      1796ms raced     chain
4096x2x4   banked      1886ms raced     chain
4096x2x8   banked      1884ms raced     chain
4096x2x16  banked      2164ms raced     chain
4096x2x32  banked      2524ms raced     chain
4096x2x64  banked      2514ms raced     chain
4096x2x128 banked      3453ms raced     chain
4096x2x256 banked      4420ms raced     chain
4096x2x512 banked      6672ms raced     chain
4096x4x2   banked      1940ms raced     chain
4096x4x4   banked      1869ms raced     chain
4096x4x8   banked      1872ms raced     chain
4096x4x16  banked      2195ms raced     chain
4096x4x32  banked      2552ms raced     chain
4096x4x64  banked      2862ms raced     chain
4096x4x128 banked      4402ms raced     chain
4096x4x256 banked      6333ms raced     chain
4096x8x2   banked      1966ms raced     chain
4096x8x4   banked      1886ms raced     chain
4096x8x8   banked      1873ms raced     chain
4096x8x16  banked      2224ms raced     chain
4096x8x32  banked      2802ms raced     chain
4096x8x64  banked      3665ms raced     chain
4096x8x128 banked      6040ms raced     chain
4096x16x2  banked      1866ms raced     chain
4096x16x4  banked      1906ms raced     chain
4096x16x8  banked      1890ms raced     chain
4096x16x16 banked      2572ms raced     chain
4096x16x32 banked      3657ms raced     chain
4096x16x64 banked      5567ms raced     chain
4096x32x2  banked      2600ms raced     chain
4096x32x4  banked      2570ms raced     chain
4096x32x8  banked      2918ms raced     chain
4096x32x16 banked      4036ms raced     chain
4096x32x32 banked      6016ms raced     chain
4096x64x2  banked      2532ms raced     chain
4096x64x4  banked      2910ms raced     chain
4096x64x8  banked      3697ms raced     chain
4096x64x16 banked      5867ms raced     chain
4096x128x2 banked      2980ms raced     chain
4096x128x4 banked      2916ms raced     chain
4096x128x8 banked      5176ms raced     chain
4096x256x2 banked      3971ms raced     chain
4096x256x4 banked      5471ms raced     chain
4096x512x2 banked      5910ms raced     chain
8192x2x2   banked      2048ms raced     chain
8192x2x4   banked      1930ms raced     chain
8192x2x8   banked      1855ms raced     chain
8192x2x16  banked      2418ms raced     chain
8192x2x32  banked      2715ms raced     chain
8192x2x64  banked      2867ms raced     chain
8192x2x128 banked      4324ms raced     chain
8192x2x256 banked      6758ms raced     chain
8192x4x2   banked      1966ms raced     chain
8192x4x4   banked      2123ms raced     chain
8192x4x8   banked      2072ms raced     chain
8192x4x16  banked      2452ms raced     chain
8192x4x32  banked      2838ms raced     chain
8192x4x64  banked      3640ms raced     chain
8192x4x128 banked      6588ms raced     chain
8192x8x2   banked      1923ms raced     chain
8192x8x4   banked      2099ms raced     chain
8192x8x8   banked      2118ms raced     chain
8192x8x16  banked      2589ms raced     chain
8192x8x32  banked      3628ms raced     chain
8192x8x64  banked      5788ms raced     chain
8192x16x2  banked      2106ms raced     chain
8192x16x4  banked      2115ms raced     chain
8192x16x8  banked      2241ms raced     chain
8192x16x16 banked      3343ms raced     chain
8192x16x32 banked      5599ms raced     chain
8192x32x2  banked      2777ms raced     chain
8192x32x4  banked      2938ms raced     chain
8192x32x8  banked      3701ms raced     chain
8192x32x16 banked      6079ms raced     chain
8192x64x2  banked      2958ms raced     chain
8192x64x4  banked      3763ms raced     chain
8192x64x8  banked      5974ms raced     chain
8192x128x2 banked      3306ms raced     chain
8192x128x4 banked      5295ms raced     chain
8192x256x2 banked      6193ms raced     chain
