2026-09-24 20:51:10 store: fresh copy of the shipped wisdom (C:\Users\Tugbars\Desktop\highSpeedFFT\src\wisdom)
2026-09-24 20:51:10 run: 1288 cells, contract out of place, T=8, bin C:\Users\Tugbars\Desktop\highSpeedFFT\gauntlet
2026-09-24 20:51:10 calibrate: 1288 cells (0 already done), RECALIBRATE (every cell re-raced)
2026-09-24 20:52:24   calibrated 25/1288 (2x4x4096), 74 s elapsed
2026-09-24 20:53:42   calibrated 50/1288 (2x16x2048), 152 s elapsed
2026-09-24 20:55:09   calibrated 75/1288 (2x64x1024), 239 s elapsed
2026-09-24 20:56:36   calibrated 100/1288 (2x256x512), 326 s elapsed
2026-09-24 20:58:04   calibrated 125/1288 (2x1024x512), 414 s elapsed
2026-09-24 20:59:30   calibrated 150/1288 (2x8192x16), 500 s elapsed
2026-09-24 21:00:44   calibrated 175/1288 (4x4x256), 574 s elapsed
2026-09-24 21:02:04   calibrated 200/1288 (4x16x128), 654 s elapsed
2026-09-24 21:03:34   calibrated 225/1288 (4x64x64), 744 s elapsed
2026-09-24 21:05:04   calibrated 250/1288 (4x256x32), 834 s elapsed
2026-09-24 21:06:17   calibrated 275/1288 (4x1024x128), 908 s elapsed
2026-09-24 21:07:34   calibrated 300/1288 (4x8192x32), 984 s elapsed
2026-09-24 21:08:44   calibrated 325/1288 (8x4x1024), 1054 s elapsed
2026-09-24 21:10:03   calibrated 350/1288 (8x16x512), 1134 s elapsed
2026-09-24 21:11:33   calibrated 375/1288 (8x64x256), 1223 s elapsed
2026-09-24 21:12:55   calibrated 400/1288 (8x256x256), 1305 s elapsed
2026-09-24 21:13:59   calibrated 425/1288 (8x2048x8), 1369 s elapsed
2026-09-24 21:15:03   calibrated 450/1288 (16x2x128), 1433 s elapsed
2026-09-24 21:16:25   calibrated 475/1288 (16x8x64), 1515 s elapsed
2026-09-24 21:17:54   calibrated 500/1288 (16x32x32), 1604 s elapsed
2026-09-24 21:19:23   calibrated 525/1288 (16x128x32), 1694 s elapsed
2026-09-24 21:20:36   calibrated 550/1288 (16x512x512), 1766 s elapsed
2026-09-24 21:21:46   calibrated 575/1288 (16x8192x16), 1836 s elapsed
2026-09-24 21:23:00   calibrated 600/1288 (32x4x2048), 1910 s elapsed
2026-09-24 21:24:24   calibrated 625/1288 (32x16x1024), 1994 s elapsed
2026-09-24 21:25:59   calibrated 650/1288 (32x64x1024), 2089 s elapsed
2026-09-24 21:27:09   calibrated 675/1288 (32x512x32), 2159 s elapsed
2026-09-24 21:28:29   calibrated 700/1288 (32x8192x16), 2239 s elapsed
2026-09-24 21:29:48   calibrated 725/1288 (64x4x4096), 2318 s elapsed
2026-09-24 21:31:12   calibrated 750/1288 (64x16x2048), 2403 s elapsed
2026-09-24 21:32:33   calibrated 775/1288 (64x128x8), 2483 s elapsed
2026-09-24 21:33:41   calibrated 800/1288 (64x1024x16), 2552 s elapsed
2026-09-24 21:34:57   calibrated 825/1288 (128x2x2048), 2627 s elapsed
2026-09-24 21:36:26   calibrated 850/1288 (128x8x1024), 2716 s elapsed
2026-09-24 21:37:47   calibrated 875/1288 (128x64x4), 2798 s elapsed
2026-09-24 21:38:59   calibrated 900/1288 (128x512x8), 2869 s elapsed
2026-09-24 21:40:14   calibrated 925/1288 (256x2x256), 2944 s elapsed
2026-09-24 21:41:42   calibrated 950/1288 (256x8x256), 3033 s elapsed
2026-09-24 21:43:01   calibrated 975/1288 (256x64x8), 3111 s elapsed
2026-09-24 21:44:15   calibrated 1000/1288 (256x1024x4), 3185 s elapsed
2026-09-24 21:45:39   calibrated 1025/1288 (512x4x32), 3269 s elapsed
2026-09-24 21:46:55   calibrated 1050/1288 (512x16x512), 3346 s elapsed
2026-09-24 21:48:09   calibrated 1075/1288 (512x256x16), 3419 s elapsed
2026-09-24 21:49:32   calibrated 1100/1288 (1024x4x8), 3503 s elapsed
2026-09-24 21:50:45   calibrated 1125/1288 (1024x32x2), 3575 s elapsed
2026-09-24 21:52:06   calibrated 1150/1288 (1024x1024x2), 3657 s elapsed
2026-09-24 21:53:22   calibrated 1175/1288 (2048x8x16), 3733 s elapsed
2026-09-24 21:54:41   calibrated 1200/1288 (2048x128x8), 3811 s elapsed
2026-09-24 21:56:05   calibrated 1225/1288 (4096x8x2), 3895 s elapsed
2026-09-24 21:57:30   calibrated 1250/1288 (4096x256x2), 3980 s elapsed
2026-09-24 21:58:50   calibrated 1275/1288 (8192x16x4), 4060 s elapsed
2026-09-24 21:59:44   calibrated 1288/1288 (8192x256x2), 4115 s elapsed
2026-09-24 21:59:44 bench: 1288 cells (0 already benched, 0 not banked -> not benched)
2026-09-24 22:00:37   benched 25/1288 (2x4x4096), 51 s elapsed
2026-09-24 22:01:35   benched 50/1288 (2x16x2048), 109 s elapsed
2026-09-24 22:02:17   benched 75/1288 (2x64x1024), 151 s elapsed
2026-09-24 22:02:59   benched 100/1288 (2x256x512), 193 s elapsed
2026-09-24 22:03:50   benched 125/1288 (2x1024x512), 244 s elapsed
2026-09-24 22:04:47   benched 150/1288 (2x8192x16), 301 s elapsed
2026-09-24 22:05:43   benched 175/1288 (4x4x256), 357 s elapsed
2026-09-24 22:06:30   benched 200/1288 (4x16x128), 404 s elapsed
2026-09-24 22:07:11   benched 225/1288 (4x64x64), 445 s elapsed
2026-09-24 22:07:55   benched 250/1288 (4x256x32), 489 s elapsed
2026-09-24 22:08:43   benched 275/1288 (4x1024x128), 537 s elapsed
2026-09-24 22:09:37   benched 300/1288 (4x8192x32), 591 s elapsed
2026-09-24 22:10:35   benched 325/1288 (8x4x1024), 649 s elapsed
2026-09-24 22:11:14   benched 350/1288 (8x16x512), 688 s elapsed
2026-09-24 22:11:53   benched 375/1288 (8x64x256), 727 s elapsed
2026-09-24 22:12:41   benched 400/1288 (8x256x256), 775 s elapsed
2026-09-24 22:13:30   benched 425/1288 (8x2048x8), 824 s elapsed
2026-09-24 22:14:26   benched 450/1288 (16x2x128), 880 s elapsed
2026-09-24 22:15:07   benched 475/1288 (16x8x64), 921 s elapsed
2026-09-24 22:15:48   benched 500/1288 (16x32x32), 962 s elapsed
2026-09-24 22:16:41   benched 525/1288 (16x128x32), 1015 s elapsed
2026-09-24 22:17:34   benched 550/1288 (16x512x512), 1068 s elapsed
2026-09-24 22:18:28   benched 575/1288 (16x8192x16), 1122 s elapsed
2026-09-24 22:19:19   benched 600/1288 (32x4x2048), 1173 s elapsed
2026-09-24 22:20:00   benched 625/1288 (32x16x1024), 1214 s elapsed
2026-09-24 22:20:48   benched 650/1288 (32x64x1024), 1262 s elapsed
2026-09-24 22:21:35   benched 675/1288 (32x512x32), 1309 s elapsed
2026-09-24 22:22:30   benched 700/1288 (32x8192x16), 1364 s elapsed
2026-09-24 22:23:12   benched 725/1288 (64x4x4096), 1406 s elapsed
2026-09-24 22:23:57   benched 750/1288 (64x16x2048), 1451 s elapsed
2026-09-24 22:24:44   benched 775/1288 (64x128x8), 1498 s elapsed
2026-09-24 22:25:34   benched 800/1288 (64x1024x16), 1548 s elapsed
2026-09-24 22:26:24   benched 825/1288 (128x2x2048), 1598 s elapsed
2026-09-24 22:27:09   benched 850/1288 (128x8x1024), 1643 s elapsed
2026-09-24 22:27:58   benched 875/1288 (128x64x4), 1692 s elapsed
2026-09-24 22:28:54   benched 900/1288 (128x512x8), 1748 s elapsed
2026-09-24 22:29:55   benched 925/1288 (256x2x256), 1809 s elapsed
2026-09-24 22:30:51   benched 950/1288 (256x8x256), 1865 s elapsed
2026-09-24 22:31:15 report: 1288 cells, contract out of place, T=8, bin C:\Users\Tugbars\Desktop\highSpeedFFT\gauntlet
2026-09-24 22:31:15 report: C:\Users\Tugbars\Desktop\highSpeedFFT\gauntlet\results\3d-pow2_mt8_2026-09-24\report_3d_mt8.md
