2026-09-30 08:55:22 store: fresh copy of the shipped wisdom (C:\Users\Tugbars\Desktop\highSpeedFFT\src\wisdom)
2026-09-30 08:55:22 run: 2047 cells, contract out of place, bin C:\Users\Tugbars\Desktop\highSpeedFFT\gauntlet
2026-09-30 08:55:22 calibrate: 2047 cells (0 already done)
2026-09-30 08:55:25   calibrated 25/2047 (26), 3 s elapsed
2026-09-30 08:55:27   calibrated 50/2047 (51), 5 s elapsed
2026-09-30 08:55:31   calibrated 75/2047 (76), 9 s elapsed
2026-09-30 08:55:35   calibrated 100/2047 (101), 12 s elapsed
2026-09-30 08:55:39   calibrated 125/2047 (126), 16 s elapsed
2026-09-30 08:55:42   calibrated 150/2047 (151), 20 s elapsed
2026-09-30 08:55:46   calibrated 175/2047 (176), 24 s elapsed
2026-09-30 08:55:51   calibrated 200/2047 (201), 29 s elapsed
2026-09-30 08:55:55   calibrated 225/2047 (226), 33 s elapsed
2026-09-30 08:56:00   calibrated 250/2047 (251), 37 s elapsed
2026-09-30 08:56:04   calibrated 275/2047 (276), 41 s elapsed
2026-09-30 08:56:08   calibrated 300/2047 (301), 45 s elapsed
2026-09-30 08:56:12   calibrated 325/2047 (326), 50 s elapsed
2026-09-30 08:56:16   calibrated 350/2047 (351), 54 s elapsed
2026-09-30 08:56:21   calibrated 375/2047 (376), 58 s elapsed
2026-09-30 08:56:25   calibrated 400/2047 (401), 63 s elapsed
2026-09-30 08:56:29   calibrated 425/2047 (426), 67 s elapsed
2026-09-30 08:56:34   calibrated 450/2047 (451), 72 s elapsed
2026-09-30 08:56:38   calibrated 475/2047 (476), 76 s elapsed
2026-09-30 08:56:43   calibrated 500/2047 (501), 81 s elapsed
2026-09-30 08:56:48   calibrated 525/2047 (526), 85 s elapsed
2026-09-30 08:56:52   calibrated 550/2047 (551), 90 s elapsed
2026-09-30 08:56:57   calibrated 575/2047 (576), 94 s elapsed
2026-09-30 08:57:02   calibrated 600/2047 (601), 99 s elapsed
2026-09-30 08:57:06   calibrated 625/2047 (626), 104 s elapsed
2026-09-30 08:57:11   calibrated 650/2047 (651), 108 s elapsed
2026-09-30 08:57:16   calibrated 675/2047 (676), 113 s elapsed
2026-09-30 08:57:21   calibrated 700/2047 (701), 119 s elapsed
2026-09-30 08:57:26   calibrated 725/2047 (726), 123 s elapsed
2026-09-30 08:57:31   calibrated 750/2047 (751), 128 s elapsed
2026-09-30 08:57:36   calibrated 775/2047 (776), 133 s elapsed
2026-09-30 08:57:41   calibrated 800/2047 (801), 138 s elapsed
2026-09-30 08:57:46   calibrated 825/2047 (826), 143 s elapsed
2026-09-30 08:57:50   calibrated 850/2047 (851), 148 s elapsed
2026-09-30 08:57:56   calibrated 875/2047 (876), 153 s elapsed
2026-09-30 08:58:00   calibrated 900/2047 (901), 158 s elapsed
2026-09-30 08:58:06   calibrated 925/2047 (926), 164 s elapsed
2026-09-30 08:58:11   calibrated 950/2047 (951), 169 s elapsed
2026-09-30 08:58:16   calibrated 975/2047 (976), 174 s elapsed
2026-09-30 08:58:21   calibrated 1000/2047 (1001), 179 s elapsed
2026-09-30 08:58:26   calibrated 1025/2047 (1026), 184 s elapsed
2026-09-30 08:58:32   calibrated 1050/2047 (1051), 189 s elapsed
2026-09-30 08:58:37   calibrated 1075/2047 (1076), 195 s elapsed
2026-09-30 08:58:42   calibrated 1100/2047 (1101), 200 s elapsed
2026-09-30 08:58:48   calibrated 1125/2047 (1126), 205 s elapsed
2026-09-30 08:58:53   calibrated 1150/2047 (1151), 211 s elapsed
2026-09-30 08:58:58   calibrated 1175/2047 (1176), 216 s elapsed
2026-09-30 08:59:04   calibrated 1200/2047 (1201), 221 s elapsed
2026-09-30 08:59:09   calibrated 1225/2047 (1226), 227 s elapsed
2026-09-30 08:59:15   calibrated 1250/2047 (1251), 233 s elapsed
2026-09-30 08:59:21   calibrated 1275/2047 (1276), 238 s elapsed
2026-09-30 08:59:26   calibrated 1300/2047 (1301), 244 s elapsed
2026-09-30 08:59:32   calibrated 1325/2047 (1326), 249 s elapsed
2026-09-30 08:59:38   calibrated 1350/2047 (1351), 256 s elapsed
2026-09-30 08:59:43   calibrated 1375/2047 (1376), 261 s elapsed
2026-09-30 08:59:49   calibrated 1400/2047 (1401), 267 s elapsed
2026-09-30 08:59:55   calibrated 1425/2047 (1426), 272 s elapsed
2026-09-30 09:00:00   calibrated 1450/2047 (1451), 278 s elapsed
2026-09-30 09:00:06   calibrated 1475/2047 (1476), 284 s elapsed
2026-09-30 09:00:12   calibrated 1500/2047 (1501), 289 s elapsed
2026-09-30 09:00:17   calibrated 1525/2047 (1526), 295 s elapsed
2026-09-30 09:00:23   calibrated 1550/2047 (1551), 301 s elapsed
2026-09-30 09:00:29   calibrated 1575/2047 (1576), 307 s elapsed
2026-09-30 09:00:35   calibrated 1600/2047 (1601), 312 s elapsed
2026-09-30 09:00:41   calibrated 1625/2047 (1626), 318 s elapsed
2026-09-30 09:00:47   calibrated 1650/2047 (1651), 325 s elapsed
2026-09-30 09:00:53   calibrated 1675/2047 (1676), 331 s elapsed
2026-09-30 09:00:59   calibrated 1700/2047 (1701), 337 s elapsed
2026-09-30 09:01:05   calibrated 1725/2047 (1726), 343 s elapsed
2026-09-30 09:01:11   calibrated 1750/2047 (1751), 349 s elapsed
2026-09-30 09:01:17   calibrated 1775/2047 (1776), 355 s elapsed
2026-09-30 09:01:25   calibrated 1800/2047 (1801), 363 s elapsed
2026-09-30 09:01:32   calibrated 1825/2047 (1826), 370 s elapsed
2026-09-30 09:01:40   calibrated 1850/2047 (1851), 377 s elapsed
2026-09-30 09:01:48   calibrated 1875/2047 (1876), 386 s elapsed
2026-09-30 09:01:55   calibrated 1900/2047 (1901), 393 s elapsed
2026-09-30 09:02:02   calibrated 1925/2047 (1926), 399 s elapsed
2026-09-30 09:02:08   calibrated 1950/2047 (1951), 406 s elapsed
2026-09-30 09:02:14   calibrated 1975/2047 (1976), 412 s elapsed
2026-09-30 09:02:21   calibrated 2000/2047 (2001), 418 s elapsed
2026-09-30 09:02:26   calibrated 2025/2047 (2026), 424 s elapsed
2026-09-30 09:02:32   calibrated 2047/2047 (2048), 430 s elapsed
2026-09-30 09:02:32 bench: 2046 cells (0 already benched, 1 not banked -> not benched)
2026-09-30 09:03:08   benched 25/2046 (27), 34 s elapsed
2026-09-30 09:03:46   benched 50/2046 (52), 73 s elapsed
2026-09-30 09:04:29   benched 75/2046 (77), 115 s elapsed
2026-09-30 09:05:13   benched 100/2046 (102), 159 s elapsed
2026-09-30 09:05:55   benched 125/2046 (127), 202 s elapsed
2026-09-30 09:06:38   benched 150/2046 (152), 244 s elapsed
2026-09-30 09:07:22   benched 175/2046 (177), 289 s elapsed
2026-09-30 09:08:08   benched 200/2046 (202), 335 s elapsed
2026-09-30 09:08:54   benched 225/2046 (227), 380 s elapsed
2026-09-30 09:09:38   benched 250/2046 (252), 425 s elapsed
2026-09-30 09:10:25   benched 275/2046 (277), 471 s elapsed
2026-09-30 09:11:13   benched 300/2046 (302), 519 s elapsed
2026-09-30 09:12:01   benched 325/2046 (327), 567 s elapsed
2026-09-30 09:12:46   benched 350/2046 (352), 613 s elapsed
2026-09-30 09:13:34   benched 375/2046 (377), 661 s elapsed
2026-09-30 09:14:23   benched 400/2046 (402), 710 s elapsed
2026-09-30 09:15:12   benched 425/2046 (427), 759 s elapsed
2026-09-30 09:16:00   benched 450/2046 (452), 806 s elapsed
2026-09-30 09:16:46   benched 475/2046 (477), 853 s elapsed
2026-09-30 09:17:34   benched 500/2046 (502), 900 s elapsed
2026-09-30 09:18:23   benched 525/2046 (527), 949 s elapsed
2026-09-30 09:19:15   benched 550/2046 (552), 1002 s elapsed
2026-09-30 09:20:07   benched 575/2046 (577), 1053 s elapsed
2026-09-30 09:21:00   benched 600/2046 (602), 1106 s elapsed
2026-09-30 09:21:50   benched 625/2046 (627), 1156 s elapsed
2026-09-30 09:22:41   benched 650/2046 (652), 1207 s elapsed
2026-09-30 09:23:33   benched 675/2046 (677), 1259 s elapsed
2026-09-30 09:24:25   benched 700/2046 (702), 1312 s elapsed
2026-09-30 09:25:17   benched 725/2046 (727), 1364 s elapsed
2026-09-30 09:26:08   benched 750/2046 (752), 1414 s elapsed
2026-09-30 09:26:59   benched 775/2046 (777), 1465 s elapsed
2026-09-30 09:27:53   benched 800/2046 (802), 1520 s elapsed
2026-09-30 09:28:44   benched 825/2046 (827), 1570 s elapsed
2026-09-30 09:29:32   benched 850/2046 (852), 1618 s elapsed
2026-09-30 09:30:22   benched 875/2046 (877), 1668 s elapsed
2026-09-30 09:31:12   benched 900/2046 (902), 1719 s elapsed
2026-09-30 09:32:04   benched 925/2046 (927), 1770 s elapsed
2026-09-30 09:32:52   benched 950/2046 (952), 1819 s elapsed
2026-09-30 09:33:40   benched 975/2046 (977), 1867 s elapsed
2026-09-30 09:34:31   benched 1000/2046 (1002), 1917 s elapsed
2026-09-30 09:35:22   benched 1025/2046 (1027), 1968 s elapsed
2026-09-30 09:36:17   benched 1050/2046 (1052), 2024 s elapsed
2026-09-30 09:37:15   benched 1075/2046 (1077), 2081 s elapsed
2026-09-30 09:38:11   benched 1100/2046 (1102), 2137 s elapsed
2026-09-30 09:39:06   benched 1125/2046 (1127), 2193 s elapsed
2026-09-30 09:40:01   benched 1150/2046 (1152), 2247 s elapsed
2026-09-30 09:40:58   benched 1175/2046 (1177), 2304 s elapsed
2026-09-30 09:41:54   benched 1200/2046 (1202), 2361 s elapsed
2026-09-30 09:42:49   benched 1225/2046 (1227), 2415 s elapsed
2026-09-30 09:43:45   benched 1250/2046 (1252), 2472 s elapsed
2026-09-30 09:44:40   benched 1275/2046 (1277), 2526 s elapsed
2026-09-30 09:45:36   benched 1300/2046 (1302), 2583 s elapsed
2026-09-30 09:46:31   benched 1325/2046 (1327), 2637 s elapsed
2026-09-30 09:47:28   benched 1350/2046 (1352), 2695 s elapsed
2026-09-30 09:48:22   benched 1375/2046 (1377), 2748 s elapsed
2026-09-30 09:49:20   benched 1400/2046 (1402), 2806 s elapsed
2026-09-30 09:50:16   benched 1425/2046 (1427), 2863 s elapsed
2026-09-30 09:51:09   benched 1450/2046 (1452), 2915 s elapsed
2026-09-30 09:52:04   benched 1475/2046 (1477), 2970 s elapsed
2026-09-30 09:52:59   benched 1500/2046 (1502), 3025 s elapsed
2026-09-30 09:53:54   benched 1525/2046 (1527), 3080 s elapsed
2026-09-30 09:54:48   benched 1550/2046 (1552), 3134 s elapsed
2026-09-30 09:55:43   benched 1575/2046 (1577), 3189 s elapsed
2026-09-30 09:56:38   benched 1600/2046 (1602), 3244 s elapsed
2026-09-30 09:57:30   benched 1625/2046 (1627), 3296 s elapsed
2026-09-30 09:58:24   benched 1650/2046 (1652), 3351 s elapsed
2026-09-30 09:59:18   benched 1675/2046 (1677), 3404 s elapsed
2026-09-30 10:00:11   benched 1700/2046 (1702), 3457 s elapsed
2026-09-30 10:01:03   benched 1725/2046 (1727), 3509 s elapsed
2026-09-30 10:01:56   benched 1750/2046 (1752), 3562 s elapsed
2026-09-30 10:02:48   benched 1775/2046 (1777), 3614 s elapsed
2026-09-30 10:03:41   benched 1800/2046 (1802), 3667 s elapsed
2026-09-30 10:04:33   benched 1825/2046 (1827), 3720 s elapsed
2026-09-30 10:05:25   benched 1850/2046 (1852), 3772 s elapsed
2026-09-30 10:06:16   benched 1875/2046 (1877), 3822 s elapsed
2026-09-30 10:07:08   benched 1900/2046 (1902), 3875 s elapsed
2026-09-30 10:08:00   benched 1925/2046 (1927), 3926 s elapsed
2026-09-30 10:08:51   benched 1950/2046 (1952), 3977 s elapsed
2026-09-30 10:09:44   benched 1975/2046 (1977), 4030 s elapsed
2026-09-30 10:10:34   benched 2000/2046 (2002), 4080 s elapsed
2026-09-30 10:11:25   benched 2025/2046 (2027), 4132 s elapsed
2026-09-30 10:12:09   benched 2046/2046 (2048), 4175 s elapsed
2026-09-30 10:12:10 report: C:\Users\Tugbars\Desktop\highSpeedFFT\gauntlet\results\real_2_2048_c2r_2026-09-30\report_c2r.md
2026-09-30 10:23:22 merge: 0 cells, contract out of place, bin C:\Users\Tugbars\Desktop\highSpeedFFT\gauntlet
2026-09-30 10:23:22 merged into C:\Users\Tugbars\Desktop\highSpeedFFT\src\wisdom
