16x16      banked       543ms raced     chain
32x16      banked       634ms raced     chain
32x32      banked       593ms raced     chain
128x64     banked       317ms raced     chain
128x128    banked       296ms raced     chain
128x256    banked       297ms raced     chain
128x512    banked       301ms raced     chain
256x32     banked       341ms raced     chain
256x64     banked       315ms raced     chain
256x128    banked       305ms raced     chain
256x256    banked       319ms raced     chain
256x8192   banked      8807ms raced     chain
512x64     banked       323ms raced     chain
512x128    banked       314ms raced     chain
1024x64    banked       324ms raced     chain
2048x2048  banked      2916ms raced     chain
4096x128   banked       726ms raced     chain
4096x256   banked      1059ms raced     chain
4096x1024  banked      3181ms raced     chain
8192x128   banked      1082ms raced     chain
8192x256   banked      2094ms raced     chain
8192x512   banked      3887ms raced     chain
