2x2x2      banked      1205ms raced     chain
2x16x2048  banked      4652ms raced     chain
2x32x512   banked      3258ms raced     chain
2x64x512   banked      3273ms raced     chain
2x128x4096 banked      7566ms raced     chain
2x128x8192 banked     10680ms raced     chain
2x256x128  banked      2573ms raced     chain
2x256x2048 banked      4816ms raced     chain
2x256x4096 banked      7948ms raced     chain
2x256x8192 banked     10781ms raced     chain
2x512x2048 banked      5432ms raced     chain
2x512x4096 banked      9526ms raced     chain
2x1024x32  banked      2658ms raced     chain
2x1024x2048 banked      7151ms raced     chain
2x2048x128 banked      2733ms raced     chain
2x2048x512 banked      4289ms raced     chain
2x2048x1024 banked      6551ms raced     chain
2x4096x16  banked      3076ms raced     chain
2x4096x128 banked      3878ms raced     chain
2x4096x256 banked      5310ms raced     chain
2x8192x16  banked      2436ms raced     chain
2x8192x64  banked      3813ms raced     chain
2x8192x128 banked      5406ms raced     chain
2x8192x256 banked      8351ms raced     chain
4x4x4      banked      1129ms raced     chain
4x32x8192  banked      8863ms raced     chain
4x64x8192  banked      9038ms raced     chain
4x128x2048 banked      4721ms raced     chain
4x128x4096 banked      7515ms raced     chain
4x128x8192 banked      9554ms raced     chain
4x256x1024 banked      3978ms raced     chain
4x256x2048 banked      4977ms raced     chain
4x256x4096 banked      8261ms raced     chain
4x512x32   banked      2040ms raced     chain
4x512x512  banked      3395ms raced     chain
4x512x1024 banked      4241ms raced     chain
4x512x2048 banked      5718ms raced     chain
4x1024x16  banked      1699ms raced     chain
4x1024x256 banked      3215ms raced     chain
4x1024x512 banked      3687ms raced     chain
4x1024x1024 banked      4832ms raced     chain
4x2048x128 banked      2782ms raced     chain
4x2048x256 banked      3600ms raced     chain
4x2048x512 banked      4531ms raced     chain
4x4096x4   banked      1983ms raced     chain
4x4096x8   banked      1998ms raced     chain
4x4096x16  banked      2608ms raced     chain
4x4096x64  banked      3004ms raced     chain
4x4096x128 banked      3744ms raced     chain
4x4096x256 banked      5583ms raced     chain
4x8192x16  banked      2596ms raced     chain
4x8192x32  banked      3248ms raced     chain
4x8192x64  banked      3543ms raced     chain
4x8192x128 banked      4729ms raced     chain
8x8x8      banked      1109ms raced     chain
8x16x8192  banked      8797ms raced     chain
8x32x256   banked      2951ms raced     chain
8x32x8192  banked      9030ms raced     chain
8x64x512   banked      3214ms raced     chain
8x64x4096  banked      7418ms raced     chain
8x64x8192  banked      9372ms raced     chain
8x128x512  banked      3244ms raced     chain
8x128x1024 banked      3833ms raced     chain
8x128x2048 banked      4824ms raced     chain
8x128x4096 banked      8011ms raced     chain
8x256x512  banked      3364ms raced     chain
8x256x1024 banked      4095ms raced     chain
8x256x2048 banked      5341ms raced     chain
8x512x16   banked      1638ms raced     chain
8x512x256  banked      3142ms raced     chain
8x512x512  banked      3522ms raced     chain
8x512x1024 banked      4432ms raced     chain
8x1024x128 banked      2670ms raced     chain
8x1024x256 banked      3341ms raced     chain
8x1024x512 banked      4054ms raced     chain
8x2048x16  banked      1966ms raced     chain
8x2048x64  banked      2945ms raced     chain
8x2048x128 banked      2927ms raced     chain
8x2048x256 banked      4024ms raced     chain
8x4096x2   banked      1420ms raced     chain
8x4096x16  banked      2181ms raced     chain
8x4096x32  banked      3127ms raced     chain
8x4096x64  banked      3162ms raced     chain
8x4096x128 banked      4279ms raced     chain
8x8192x16  banked      2618ms raced     chain
8x8192x32  banked      3202ms raced     chain
8x8192x64  banked      4540ms raced     chain
16x8x128   banked      2591ms raced     chain
16x16x16   banked      1482ms raced     chain
16x16x32   banked      1827ms raced     chain
16x16x64   banked      1987ms raced     chain
16x16x128  banked      2674ms raced     chain
16x16x8192 banked      9452ms raced     chain
16x32x16   banked      2149ms raced     chain
16x32x32   banked      2538ms raced     chain
16x32x64   banked      2697ms raced     chain
16x32x4096 banked      8618ms raced     chain
16x32x8192 banked      9285ms raced     chain
16x64x8    banked      1204ms raced     chain
16x64x16   banked      1661ms raced     chain
16x64x32   banked      2003ms raced     chain
16x64x64   banked      2100ms raced     chain
16x64x4096 banked      7749ms raced     chain
16x128x16  banked      1873ms raced     chain
16x128x32  banked      2134ms raced     chain
16x128x512 banked      3596ms raced     chain
16x128x1024 banked      4570ms raced     chain
16x128x2048 banked      5174ms raced     chain
16x256x16  banked      2431ms raced     chain
16x256x512 banked      4024ms raced     chain
16x256x1024 banked      4248ms raced     chain
16x512x8   banked      1519ms raced     chain
16x512x256 banked      3816ms raced     chain
16x512x512 banked      3869ms raced     chain
16x1024x128 banked      3384ms raced     chain
16x1024x256 banked      3714ms raced     chain
16x2048x2  banked      2280ms raced     chain
16x2048x4  banked      2172ms raced     chain
16x2048x32 banked      2928ms raced     chain
16x2048x64 banked      3260ms raced     chain
16x2048x128 banked      3315ms raced     chain
16x4096x8  banked      2123ms raced     chain
16x4096x16 banked      3423ms raced     chain
16x4096x32 banked      4313ms raced     chain
16x4096x64 banked      3648ms raced     chain
16x8192x2  banked      2966ms raced     chain
16x8192x8  banked      2368ms raced     chain
16x8192x16 banked      3483ms raced     chain
16x8192x32 banked      4226ms raced     chain
32x4x512   banked      3373ms raced     chain
32x8x32    banked      1856ms raced     chain
32x8x64    banked      1968ms raced     chain
32x8x128   banked      2623ms raced     chain
32x8x256   banked      3002ms raced     chain
32x8x512   banked      3361ms raced     chain
32x8x1024  banked      4015ms raced     chain
32x8x2048  banked      4627ms raced     chain
32x8x8192  banked      9457ms raced     chain
32x16x16   banked      1547ms raced     chain
32x16x32   banked      1961ms raced     chain
32x16x64   banked      2081ms raced     chain
32x16x128  banked      2871ms raced     chain
32x16x4096 banked      8126ms raced     chain
32x32x16   banked      2262ms raced     chain
32x32x32   banked      2608ms raced     chain
32x32x64   banked      2718ms raced     chain
32x64x16   banked      1766ms raced     chain
32x64x32   banked      2116ms raced     chain
32x64x64   banked      2136ms raced     chain
32x64x128  banked      3093ms raced     chain
32x64x1024 banked      4506ms raced     chain
32x128x2   banked      1720ms raced     chain
32x128x16  banked      1830ms raced     chain
32x128x32  banked      2120ms raced     chain
32x128x128 banked      2833ms raced     chain
32x128x512 banked      4088ms raced     chain
32x128x1024 banked      5923ms raced     chain
32x256x8   banked      1674ms raced     chain
32x256x16  banked      2463ms raced     chain
32x256x32  banked      2165ms raced     chain
32x256x256 banked      3823ms raced     chain
32x256x512 banked      5282ms raced     chain
32x512x2   banked      1992ms raced     chain
32x512x4   banked      2160ms raced     chain
32x512x8   banked      1477ms raced     chain
32x512x16  banked      1849ms raced     chain
32x512x32  banked      2180ms raced     chain
32x512x128 banked      3416ms raced     chain
32x512x256 banked      5053ms raced     chain
32x1024x4  banked      1977ms raced     chain
32x1024x8  banked      1516ms raced     chain
32x1024x64 banked      2960ms raced     chain
32x1024x128 banked      4658ms raced     chain
32x2048x4  banked      2203ms raced     chain
32x2048x32 banked      3305ms raced     chain
32x4096x2  banked      1605ms raced     chain
32x4096x16 banked      3702ms raced     chain
32x4096x32 banked      5426ms raced     chain
32x8192x8  banked      3185ms raced     chain
32x8192x16 banked      5031ms raced     chain
64x8x32    banked      1896ms raced     chain
64x8x64    banked      2039ms raced     chain
64x8x128   banked      2696ms raced     chain
64x8x4096  banked      8026ms raced     chain
64x16x16   banked      1688ms raced     chain
64x16x32   banked      1984ms raced     chain
64x16x64   banked      2058ms raced     chain
64x16x128  banked      2679ms raced     chain
64x16x2048 banked      5397ms raced     chain
64x16x4096 banked      9192ms raced     chain
64x32x8    banked      1958ms raced     chain
64x32x16   banked      2362ms raced     chain
64x32x32   banked      2672ms raced     chain
64x32x64   banked      2748ms raced     chain
64x32x1024 banked      5075ms raced     chain
64x64x4    banked      1335ms raced     chain
64x64x8    banked      1428ms raced     chain
64x64x16   banked      1793ms raced     chain
64x64x32   banked      2091ms raced     chain
64x64x1024 banked      5785ms raced     chain
64x128x4   banked      1688ms raced     chain
64x128x8   banked      1699ms raced     chain
64x128x16  banked      2113ms raced     chain
64x128x512 banked      5339ms raced     chain
64x256x256 banked      5207ms raced     chain
64x512x4   banked      2178ms raced     chain
64x512x128 banked      4757ms raced     chain
64x1024x4  banked      2609ms raced     chain
64x1024x64 banked      4388ms raced     chain
64x2048x16 banked      2693ms raced     chain
64x2048x32 banked      5283ms raced     chain
64x4096x4  banked      2849ms raced     chain
64x4096x8  banked      3057ms raced     chain
64x4096x16 banked      5184ms raced     chain
64x8192x4  banked      3360ms raced     chain
64x8192x8  banked      5011ms raced     chain
128x4x64   banked      2101ms raced     chain
128x4x128  banked      2787ms raced     chain
128x4x8192 banked     11072ms raced     chain
128x8x32   banked      2006ms raced     chain
128x8x64   banked      2153ms raced     chain
128x8x128  banked      2781ms raced     chain
128x8x256  banked      3154ms raced     chain
128x8x4096 banked      9453ms raced     chain
128x16x8   banked      1355ms raced     chain
128x16x16  banked      1808ms raced     chain
128x16x32  banked      2107ms raced     chain
128x16x64  banked      2210ms raced     chain
128x16x128 banked      2758ms raced     chain
128x16x2048 banked      6814ms raced     chain
128x32x8   banked      2098ms raced     chain
128x32x16  banked      2403ms raced     chain
128x32x32  banked      2700ms raced     chain
128x32x64  banked      2802ms raced     chain
128x32x1024 banked      6755ms raced     chain
128x64x4   banked      1483ms raced     chain
128x64x8   banked      1491ms raced     chain
128x64x16  banked      1814ms raced     chain
128x64x32  banked      2159ms raced     chain
128x64x64  banked      2252ms raced     chain
128x64x512 banked      5612ms raced     chain
128x128x2  banked      1881ms raced     chain
128x128x4  banked      1890ms raced     chain
128x128x8  banked      1953ms raced     chain
128x128x16 banked      2316ms raced     chain
128x128x32 banked      2212ms raced     chain
128x128x64 banked      2476ms raced     chain
128x128x128 banked      3486ms raced     chain
128x128x256 banked      5354ms raced     chain
128x256x2  banked      1648ms raced     chain
128x256x4  banked      1972ms raced     chain
128x256x8  banked      1986ms raced     chain
128x256x16 banked      2535ms raced     chain
128x256x128 banked      4808ms raced     chain
128x512x2  banked      2127ms raced     chain
128x512x4  banked      2231ms raced     chain
128x512x8  banked      1561ms raced     chain
128x512x64 banked      4341ms raced     chain
128x1024x4 banked      1797ms raced     chain
128x1024x16 banked      2768ms raced     chain
128x1024x32 banked      4541ms raced     chain
128x2048x2 banked      2311ms raced     chain
128x2048x8 banked      2496ms raced     chain
128x2048x16 banked      5158ms raced     chain
128x4096x8 banked      4826ms raced     chain
128x8192x4 banked      5691ms raced     chain
256x4x32   banked      2030ms raced     chain
256x4x128  banked      2796ms raced     chain
256x8x16   banked      1747ms raced     chain
256x8x32   banked      2092ms raced     chain
256x8x64   banked      2120ms raced     chain
