9x9        banked       798ms raced     chain
9x15       banked       748ms raced     chain
9x21       banked       963ms raced     chain
9x25       banked       740ms raced     chain
9x27       banked       952ms raced     chain
9x33       banked       735ms raced     chain
9x35       banked       726ms raced     chain
9x45       banked       732ms raced     chain
9x49       banked       729ms raced     chain
9x63       banked       738ms raced     chain
9x75       banked       721ms raced     chain
9x99       banked       732ms raced     chain
9x121      banked       728ms raced     chain
15x9       banked       751ms raced     chain
15x15      banked       743ms raced     chain
15x21      banked       750ms raced     chain
15x25      banked       748ms raced     chain
15x27      banked       744ms raced     chain
15x33      banked       730ms raced     chain
15x35      banked       735ms raced     chain
15x45      banked       736ms raced     chain
15x49      banked       736ms raced     chain
15x63      banked       961ms raced     chain
15x75      banked       951ms raced     chain
15x99      banked       726ms raced     chain
15x121     banked       963ms raced     chain
21x9       banked       744ms raced     chain
21x15      banked       744ms raced     chain
21x21      banked       747ms raced     chain
21x25      banked       745ms raced     chain
21x27      banked       751ms raced     chain
21x33      banked       743ms raced     chain
21x35      banked       734ms raced     chain
21x45      banked       743ms raced     chain
21x49      banked       727ms raced     chain
21x63      banked       734ms raced     chain
21x75      banked       732ms raced     chain
21x99      banked       730ms raced     chain
21x121     banked       730ms raced     chain
25x9       banked       740ms raced     chain
25x15      banked       751ms raced     chain
25x21      banked       748ms raced     chain
25x25      banked       755ms raced     chain
25x27      banked       746ms raced     chain
25x33      banked       733ms raced     chain
25x35      banked       731ms raced     chain
25x45      banked       742ms raced     chain
25x49      banked       735ms raced     chain
25x63      banked       736ms raced     chain
25x75      banked       732ms raced     chain
25x99      banked       742ms raced     chain
25x121     banked       727ms raced     chain
27x9       banked       751ms raced     chain
27x15      banked       753ms raced     chain
27x21      banked       761ms raced     chain
27x25      banked       751ms raced     chain
27x27      banked       768ms raced     chain
27x33      banked       746ms raced     chain
27x35      banked       743ms raced     chain
27x45      banked       761ms raced     chain
27x49      banked       748ms raced     chain
27x63      banked       750ms raced     chain
27x75      banked       739ms raced     chain
27x99      banked       742ms raced     chain
27x121     banked       732ms raced     chain
33x9       banked       742ms raced     chain
33x15      banked       735ms raced     chain
33x21      banked       973ms raced     chain
33x25      banked       753ms raced     chain
33x27      banked       754ms raced     chain
33x33      banked       743ms raced     chain
33x35      banked       743ms raced     chain
33x45      banked       746ms raced     chain
33x49      banked       744ms raced     chain
33x63      banked       740ms raced     chain
33x75      banked       743ms raced     chain
33x99      banked       949ms raced     chain
33x121     banked       735ms raced     chain
35x9       banked       955ms raced     chain
35x15      banked       735ms raced     chain
35x21      banked       744ms raced     chain
35x25      banked       742ms raced     chain
35x27      banked       746ms raced     chain
35x33      banked       738ms raced     chain
35x35      banked       743ms raced     chain
35x45      banked       733ms raced     chain
35x49      banked       730ms raced     chain
35x63      banked       737ms raced     chain
35x75      banked       945ms raced     chain
35x99      banked       744ms raced     chain
35x121     banked       732ms raced     chain
45x9       banked       753ms raced     chain
45x15      banked       757ms raced     chain
45x21      banked       750ms raced     chain
45x25      banked       752ms raced     chain
45x27      banked       966ms raced     chain
45x33      banked       731ms raced     chain
45x35      banked       731ms raced     chain
45x45      banked       744ms raced     chain
45x49      banked       732ms raced     chain
45x63      banked       748ms raced     chain
45x75      banked       746ms raced     chain
45x99      banked       741ms raced     chain
45x121     banked       967ms raced     chain
49x9       banked       964ms raced     chain
49x15      banked       971ms raced     chain
49x21      banked       751ms raced     chain
49x25      banked       966ms raced     chain
49x27      banked       747ms raced     chain
49x33      banked       724ms raced     chain
49x35      banked       745ms raced     chain
49x45      banked       746ms raced     chain
49x49      banked       747ms raced     chain
49x63      banked       744ms raced     chain
49x75      banked       753ms raced     chain
49x99      banked       744ms raced     chain
49x121     banked       743ms raced     chain
63x9       banked       745ms raced     chain
63x15      banked       760ms raced     chain
63x21      banked       737ms raced     chain
63x25      banked       753ms raced     chain
63x27      banked       749ms raced     chain
63x33      banked       734ms raced     chain
63x35      banked       747ms raced     chain
63x45      banked       950ms raced     chain
63x49      banked       740ms raced     chain
63x63      banked       737ms raced     chain
63x75      banked       966ms raced     chain
63x99      banked       745ms raced     chain
63x121     banked       745ms raced     chain
75x9       banked       765ms raced     chain
75x15      banked       762ms raced     chain
75x21      banked       763ms raced     chain
75x25      banked       749ms raced     chain
75x27      banked       757ms raced     chain
75x33      banked       747ms raced     chain
75x35      banked       749ms raced     chain
75x45      banked       731ms raced     chain
75x49      banked       962ms raced     chain
75x63      banked       977ms raced     chain
75x75      banked       970ms raced     chain
75x99      banked       976ms raced     chain
75x121     banked       954ms raced     chain
99x9       banked       981ms raced     chain
99x15      banked       971ms raced     chain
99x21      banked       760ms raced     chain
99x25      banked       764ms raced     chain
99x27      banked       759ms raced     chain
99x33      banked       965ms raced     chain
99x35      banked       747ms raced     chain
99x45      banked       963ms raced     chain
99x49      banked       969ms raced     chain
99x63      banked       967ms raced     chain
99x75      banked       950ms raced     chain
99x99      banked       957ms raced     chain
99x121     banked       961ms raced     chain
121x9      banked       758ms raced     chain
121x15     banked       990ms raced     chain
121x21     banked       755ms raced     chain
121x25     banked       761ms raced     chain
121x27     banked       761ms raced     chain
121x33     banked       742ms raced     chain
121x35     banked       746ms raced     chain
121x45     banked       958ms raced     chain
121x49     banked       966ms raced     chain
121x63     banked       963ms raced     chain
121x75     banked       969ms raced     chain
121x99     banked       961ms raced     chain
121x121    banked       960ms raced     chain
