3          banked        90ms replayed  mono
5          banked        91ms replayed  mono
6          banked        91ms raced     zr2c:child_oop_il
7          banked        88ms replayed  mono
9          banked        91ms replayed  mono
10         banked        93ms raced     zr2c:child_oop_il
11         banked        89ms replayed  mono
12         banked        93ms raced     zr2c:child_oop_il
13         banked        89ms replayed  mono
14         banked        91ms raced     zr2c:child_oop_il
15         banked        88ms replayed  mono
16         banked       294ms raced     zrp:4.4:n1t
18         banked        91ms raced     zr2c:child_oop_il
20         banked        93ms raced     zr2c:child_oop_il
21         banked        89ms replayed  mono
24         banked       300ms raced     zrp:4.6:r2z
25         banked        90ms replayed  2p
27         banked        88ms replayed  mono
28         banked        91ms raced     zr2c:child_oop_il
30         banked        91ms raced     zr2c:child_nat_ip
32         banked       301ms raced     zrp:4.8:r2z
33         banked        89ms replayed  ztt
36         banked       308ms raced     zrp:6.6:r2z
40         banked       307ms raced     zrp:4.10:r2z
42         banked        96ms raced     zr2c:child_oop_il
45         banked        90ms replayed  mono
48         banked       295ms raced     zrp:4.12:r2z
50         banked        92ms raced     zr2c:child_oop_il
54         banked        92ms raced     zr2c:child_nat_ip
56         banked        91ms raced     zr2c:child_oop_il
60         banked       300ms raced     zrp:6.10:r2z
63         banked        89ms replayed  mono
64         banked       310ms raced     zrp:4.16:r2z
70         banked        93ms raced     zr2c:child_oop_il
72         banked       303ms raced     zrp:12.6:r2z
80         banked       300ms raced     zrp:8.10:r2z
81         banked        89ms replayed  2p
90         banked        92ms raced     zr2c:child_oop_il
96         banked       301ms raced     zrp:8.12:r2z
98         banked        92ms raced     zr2c:child_oop_il
99         banked        91ms replayed  2p
100        banked       305ms raced     zr2c:child_oop_il
105        banked        90ms replayed  2p
108        banked        91ms raced     zr2c:child_nat_ip
112        banked        91ms raced     zr2c:child_nat_ip
120        banked       306ms raced     zrp:12.10:r2z
125        banked        89ms replayed  flat
126        banked        93ms raced     zr2c:child_oop_il
128        banked       304ms raced     zr2c:child_oop_il
135        banked        90ms replayed  2p
144        banked       294ms raced     zrp:12.12:r2z
150        banked        92ms raced     zr2c:child_oop_il
160        banked       301ms raced     zrp:16.10:r2z
162        banked        91ms raced     zr2c:child_oop_il
180        banked        92ms raced     zr2c:child_oop_il
189        banked        89ms replayed  prime
192        banked       313ms raced     zr2c:child_nat_ip
197        banked       262ms raced     flat
199        banked       260ms raced     2p
200        banked        92ms raced     zr2c:child_oop_il
210        banked        92ms raced     zr2c:child_oop_il
216        banked        92ms raced     zr2c:child_oop_il
224        banked        92ms raced     zr2c:child_oop_il
225        banked        90ms replayed  2p
240        banked        92ms raced     zr2c:child_oop_il
243        banked        93ms replayed  2p
250        banked        93ms raced     zr2c:child_oop_il
255        banked        91ms replayed  2p
256        banked       307ms raced     zr2c:child_oop_il
270        banked        91ms raced     zr2c:child_oop_il
288        banked        94ms raced     zr2c:child_nat_ip
293        banked       253ms raced     prime
294        banked        93ms raced     zr2c:child_nat_ip
315        banked        92ms replayed  chain3
320        banked       299ms raced     zr2c:child_oop_il
350        banked        92ms raced     zr2c:child_nat_ip
360        banked        93ms raced     zr2c:child_oop_il
378        banked        92ms raced     zr2c:child_oop_il
384        banked       302ms raced     zr2c:child_oop_il
389        banked       255ms raced     prime
400        banked        93ms raced     zr2c:child_oop_il
405        banked        90ms replayed  chain3
432        banked        93ms raced     zr2c:child_oop_il
441        banked        89ms replayed  chain3
448        banked       311ms raced     2p
450        banked        95ms raced     zr2c:child_nat_ip
480        banked        94ms raced     zr2c:child_nat_ip
486        banked        92ms raced     zr2c:child_oop_il
487        banked       257ms raced     2p
490        banked        93ms raced     zr2c:child_oop_il
512        banked       304ms raced     2p
525        banked        90ms replayed  2p
576        banked       307ms raced     zr2c:child_nat_ip
587        banked       263ms raced     prime
593        banked       291ms raced     2p
625        banked        90ms replayed  chain3
630        banked        94ms raced     zr2c:child_oop_il
640        banked       309ms raced     zr2c:child_oop_il
675        banked        90ms replayed  2p
686        banked        92ms raced     zr2c:child_nat_ip
720        banked        95ms raced     zr2c:child_nat_ip
729        banked        89ms replayed  chain3
750        banked        93ms raced     zr2c:child_nat_ip
768        banked       310ms raced     2p
787        banked       266ms raced     prime
800        banked        93ms raced     zr2c:child_nat_ip
810        banked        94ms raced     zr2c:child_nat_ip
864        banked        93ms raced     zr2c:child_oop_il
882        banked        94ms raced     zr2c:child_nat_ip
896        banked       306ms raced     chain3
945        banked        89ms replayed  chain3
960        banked       305ms raced     2p
971        banked       272ms raced     prime
977        banked       268ms raced     prime
1000       banked        93ms raced     zr2c:child_nat_ip
1001       banked        90ms replayed  chain3
1024       banked       313ms raced     2p
1050       banked        93ms raced     zr2c:child_oop_il
1069       banked       279ms raced     prime
1134       banked        94ms raced     zr2c:child_oop_il
1152       banked       314ms raced     2p
1171       banked       263ms raced     chain3
1215       banked        90ms replayed  chain3
1250       banked        92ms raced     zr2c:child_oop_il
1280       banked       302ms raced     2p
1331       banked        92ms replayed  flat
1350       banked        93ms raced     zr2c:child_oop_il
1361       banked       280ms raced     flat
1440       banked        93ms raced     zr2c:child_nat_ip
1458       banked        92ms raced     zr2c:child_oop_il
1470       banked        94ms raced     zr2c:child_nat_ip
1536       banked       313ms raced     2p
1553       banked       270ms raced     prime
1559       banked       275ms raced     2p
1575       banked        92ms replayed  prime
1600       banked       311ms raced     2p
1701       banked        92ms replayed  chain3
1728       banked       322ms raced     2p
1747       banked       280ms raced     prime
1750       banked        98ms raced     zr2c:child_nat_ip
1753       banked       294ms raced     prime
1792       banked       313ms raced     chain3
1890       banked        97ms raced     zr2c:child_nat_ip
1920       banked       316ms raced     2p
1951       banked       282ms raced     flat
2000       banked        97ms raced     zr2c:child_nat_ip
2039       banked       280ms raced     prime
2048       banked       327ms raced     2p
2058       banked       102ms raced     zr2c:child_nat_ip
2137       banked        95ms replayed  prime
2141       banked        92ms replayed  prime
2187       banked        99ms replayed  chain3
2250       banked     57956ms raced     zr2c:child_oop_il
2304       banked     60832ms raced     chain3
2333       banked        98ms replayed  prime
2339       banked        97ms replayed  prime
2401       banked        96ms replayed  chain3
2430       banked     60412ms raced     zr2c:child_nat_ip
2450       banked     18073ms raced     zr2c:child_nat_ip
2560       banked     57387ms raced     chain3
2621       banked       102ms replayed  prime
2646       banked     53527ms raced     zr2c:child_nat_ip
2719       banked        95ms replayed  prime
2835       banked        90ms replayed  chain3
2880       banked     73557ms raced     chain3
2917       banked       101ms replayed  chain3
3000       banked     58651ms raced     zr2c:child_nat_ip
3072       banked     68819ms raced     chain3
3109       banked        95ms replayed  flat
3125       banked        93ms replayed  flat
3150       banked     63051ms raced     zr2c:child_oop_il
3200       banked     53449ms raced     chain3
3203       banked        97ms replayed  prime
3299       banked        94ms replayed  prime
3301       banked        97ms replayed  chain3
3375       banked        94ms replayed  chain3
3402       banked     59885ms raced     zr2c:child_oop_il
3430       banked      9043ms raced     zr2c:child_nat_ip
3456       banked     64491ms raced     chain3
3499       banked       101ms replayed  prime
3584       banked     47770ms raced     chain3
3691       banked        97ms replayed  chain3
3697       banked        98ms replayed  flat
3750       banked     52860ms raced     zr2c:child_nat_ip
3840       banked     72878ms raced     chain3
3881       banked        96ms replayed  prime
3969       banked        98ms replayed  2p
4000       banked     54131ms raced     zr2c:child_oop_il
4050       banked     63629ms raced     zr2c:child_oop_il
4079       banked        97ms replayed  prime
4095       banked        94ms replayed  chain3
4096       banked       351ms raced     2p
8192       banked       360ms raced     2p
16384      banked      8256ms raced     ztt
32768      banked     11013ms raced     ztt
65536      banked     15592ms raced     ztt
