2x2        banked       213ms replayed  mono
2x4        banked       152ms replayed  mono
2x8        banked       152ms replayed  mono
2x16       banked       151ms replayed  2p
2x32       banked       151ms replayed  2p
2x64       banked       151ms replayed  2p
2x128      banked       153ms replayed  2p
2x256      banked       151ms replayed  2p
2x512      banked       150ms replayed  2p
2x1024     banked       149ms replayed  ztt
2x2048     banked       149ms replayed  ztt
2x4096     banked       150ms replayed  ztt
2x8192     banked       150ms replayed  ztt
4x2        banked       151ms replayed  mono
4x4        banked       150ms replayed  mono
4x8        banked       150ms replayed  mono
4x16       banked       151ms replayed  2p
4x32       banked       150ms replayed  2p
4x64       banked       151ms replayed  2p
4x128      banked       151ms replayed  2p
4x256      banked       151ms replayed  2p
4x512      banked       159ms replayed  2p
4x1024     banked       154ms replayed  ztt
4x2048     banked       150ms replayed  ztt
4x4096     banked       152ms replayed  ztt
4x8192     banked       150ms replayed  ztt
8x2        banked       154ms replayed  mono
8x4        banked       157ms replayed  mono
8x8        banked       155ms replayed  mono
8x16       banked       154ms replayed  2p
8x32       banked       154ms replayed  2p
8x64       banked       154ms replayed  2p
8x128      banked       154ms replayed  2p
8x256      banked       154ms replayed  2p
8x512      banked       150ms replayed  2p
8x1024     banked       151ms replayed  ztt
8x2048     banked       154ms replayed  ztt
8x4096     banked       155ms replayed  ztt
8x8192     banked       155ms replayed  ztt
16x2       banked       164ms replayed  mono
16x4       banked       150ms replayed  mono
16x8       banked       154ms replayed  mono
16x16      banked       151ms replayed  2p
16x32      banked       149ms replayed  2p
16x64      banked       151ms replayed  2p
16x128     banked       151ms replayed  2p
16x256     banked       153ms replayed  2p
16x512     banked       155ms replayed  2p
16x1024    banked       152ms replayed  ztt
16x2048    banked       154ms replayed  ztt
16x4096    banked       155ms replayed  ztt
16x8192    banked       157ms replayed  ztt
32x2       banked       153ms replayed  mono
32x4       banked       156ms replayed  mono
32x8       banked       156ms replayed  mono
32x16      banked       159ms replayed  2p
32x32      banked       152ms replayed  2p
32x64      banked       151ms replayed  2p
32x128     banked       150ms replayed  2p
32x256     banked       151ms replayed  2p
32x512     banked       155ms replayed  2p
32x1024    banked       151ms replayed  ztt
32x2048    banked       154ms replayed  ztt
32x4096    banked       152ms replayed  ztt
32x8192    banked       159ms replayed  ztt
64x2       banked       151ms replayed  mono
64x4       banked       176ms replayed  mono
64x8       banked       153ms replayed  mono
64x16      banked       152ms replayed  2p
64x32      banked       155ms replayed  2p
64x64      banked       156ms replayed  2p
64x128     banked       150ms replayed  2p
64x256     banked       154ms replayed  2p
64x512     banked       153ms replayed  2p
64x1024    banked       155ms replayed  ztt
64x2048    banked       158ms replayed  ztt
64x4096    banked       151ms replayed  ztt
64x8192    banked       156ms replayed  ztt
128x2      banked       188ms replayed  mono
128x4      banked       150ms replayed  mono
128x8      banked       152ms replayed  mono
128x16     banked       152ms replayed  2p
128x32     banked       153ms replayed  2p
128x64     banked       151ms replayed  2p
128x128    banked       150ms replayed  2p
128x256    banked       157ms replayed  2p
128x512    banked       158ms replayed  2p
128x1024   banked       151ms replayed  ztt
128x2048   banked       150ms replayed  ztt
128x4096   banked       153ms replayed  ztt
128x8192   banked       153ms replayed  ztt
256x2      banked       155ms replayed  mono
256x4      banked       150ms replayed  mono
256x8      banked       150ms replayed  mono
256x16     banked       166ms replayed  2p
256x32     banked       154ms replayed  2p
256x64     banked       152ms replayed  2p
256x128    banked       152ms replayed  2p
256x256    banked       149ms replayed  2p
256x512    banked       151ms replayed  2p
256x1024   banked       153ms replayed  ztt
256x2048   banked       150ms replayed  ztt
256x4096   banked       157ms replayed  ztt
256x8192   banked       155ms replayed  ztt
512x2      banked       159ms replayed  mono
512x4      banked       150ms replayed  mono
512x8      banked       150ms replayed  mono
512x16     banked       150ms replayed  2p
512x32     banked       153ms replayed  2p
512x64     banked       154ms replayed  2p
512x128    banked       157ms replayed  2p
512x256    banked       157ms replayed  2p
512x512    banked       150ms replayed  2p
512x1024   banked       156ms replayed  ztt
512x2048   banked       156ms replayed  ztt
512x4096   banked       153ms replayed  ztt
512x8192   banked       162ms replayed  ztt
1024x2     banked       158ms replayed  mono
1024x4     banked       156ms replayed  mono
1024x8     banked       150ms replayed  mono
1024x16    banked       149ms replayed  2p
1024x32    banked       155ms replayed  2p
1024x64    banked       151ms replayed  2p
1024x128   banked       152ms replayed  2p
1024x256   banked       150ms replayed  2p
1024x512   banked       151ms replayed  2p
1024x1024  banked       149ms replayed  ztt
1024x2048  banked       152ms replayed  ztt
1024x4096  banked       151ms replayed  ztt
2048x2     banked       150ms replayed  mono
2048x4     banked       150ms replayed  mono
2048x8     banked       152ms replayed  mono
2048x16    banked       156ms replayed  2p
2048x32    banked       154ms replayed  2p
2048x64    banked       154ms replayed  2p
2048x128   banked       158ms replayed  2p
2048x256   banked       151ms replayed  2p
2048x512   banked       151ms replayed  2p
2048x1024  banked       155ms replayed  ztt
2048x2048  banked       151ms replayed  ztt
4096x2     banked       151ms replayed  mono
4096x4     banked       151ms replayed  mono
4096x8     banked       150ms replayed  mono
4096x16    banked       157ms replayed  2p
4096x32    banked       162ms replayed  2p
4096x64    banked       153ms replayed  2p
4096x128   banked       151ms replayed  2p
4096x256   banked       153ms replayed  2p
4096x512   banked       157ms replayed  2p
4096x1024  banked       151ms replayed  ztt
8192x2     banked       152ms replayed  mono
8192x4     banked       154ms replayed  mono
8192x8     banked       154ms replayed  mono
8192x16    banked       153ms replayed  2p
8192x32    banked       162ms replayed  2p
8192x64    banked       156ms replayed  2p
8192x128   banked       153ms replayed  2p
8192x256   banked       160ms replayed  2p
8192x512   banked       159ms replayed  2p
