AVX2 IL tail sizing: the leftover column's cost / an ordinary column's (1.0 = free, 2.0 = a full pass)
kernel R      c=1                                                        
n1     3     1.69   3.62   3.07   3.24   2.84   3.18   2.62   5.24   5.28   | ns: c=2 2, c=18 7
t2     3     1.67   2.71   2.84   2.80   2.82   2.81   2.76   2.36   3.25   | ns: c=2 3, c=18 10
n1     5     1.92   3.90   3.69   3.37   4.04   3.38   4.78   2.97   3.63   | ns: c=2 4, c=18 14
t2     5     2.05   3.69   3.43   2.68   2.63   2.72   2.74   2.60   2.92   | ns: c=2 4, c=18 21
n1     7     2.06   3.54   2.76   4.33   2.99   3.17   3.82   3.45   3.10   | ns: c=2 5, c=18 24
t2     7     2.06   2.73   2.36   2.59   2.46   2.75   2.63   2.73   2.52   | ns: c=2 5, c=18 37
n1     9     2.22   3.15   2.79   2.35   3.19   3.06   3.52   3.23   3.91   | ns: c=2 6, c=18 39
t2     9     2.11   2.27   2.48   2.44   2.70   2.52   3.47   2.91   3.88   | ns: c=2 7, c=18 58
n1     11    2.30   2.67   2.41   3.11   2.93   2.93   3.38   2.72   3.97   | ns: c=2 8, c=18 57
t2     11    2.33   2.50   2.59   2.70   2.95   2.75   2.78   2.82   2.82   | ns: c=2 10, c=18 82
n1     13    2.31   2.72   2.93   2.88   3.09   3.02   3.32   3.18   3.62   | ns: c=2 10, c=18 77
t2     13    2.30   2.28   2.30   2.24   2.54   2.78   2.22   2.23   2.27   | ns: c=2 13, c=18 112
n1     15    2.20   2.37   2.68   2.51   2.54   2.59   3.00   2.72   3.20   | ns: c=2 14, c=18 105
t2     15    2.19   2.16   2.29   2.12   2.16   2.24   2.17   2.21   2.12   | ns: c=2 16, c=18 140
n1     25    2.18   2.60   2.68   2.66   2.84   2.69   2.80   2.95   2.91   | ns: c=2 40, c=18 303
t2     25    1.78   2.22   2.33   2.31   2.41   2.33   2.48   2.41   2.89   | ns: c=2 51, c=18 377
n1     27    2.37   2.78   2.79   2.73   2.83   2.77   2.89   2.83   2.89   | ns: c=2 44, c=18 343
t2     27    1.86   2.51   2.55   2.53   2.73   2.68   2.90   2.80   3.01   | ns: c=2 60, c=18 427
n1     43    2.45   2.91   2.92   2.76   3.04   3.07   3.25   2.96   2.82   | ns: c=2 113, c=18 988
t2     43    2.53   3.60   3.69   3.56   3.75   3.92   3.31   3.68   3.65   | ns: c=2 117, c=18 1033
columns: c = 1, 3, 5, ..., 17
