odd blocked frame variants: ns per call at stack state 0 / 16; spread = max/min of the two
n1 R=9   c=24  | base    49.0    49.4 x1.01 | roll    61.6    61.6 x1.00 | p1    49.5    49.5 x1.00 | both    61.7    61.6 x1.00
t2 R=9   c=24  | base    78.8    78.8 x1.00 | roll    90.4    90.2 x1.00 | p1    72.6    72.6 x1.00 | both    83.5    83.7 x1.00
n1 R=11  c=24  | base    77.4    75.3 x1.03 | roll    83.8    83.8 x1.00 | p1    78.6    76.3 x1.03 | both    83.0    83.0 x1.00
t2 R=11  c=24  | base   109.3   109.3 x1.00 | roll   121.2   121.2 x1.00 | p1    97.4    96.8 x1.01 | both   103.8   103.8 x1.00
n1 R=13  c=24  | base   104.0   102.0 x1.02 | roll   114.6   114.3 x1.00 | p1   115.4   110.6 x1.04 | both   109.4   109.4 x1.00
t2 R=13  c=24  | base   149.8   149.8 x1.00 | roll   155.6   156.4 x1.00 | p1   133.5   130.2 x1.03 | both   132.7   132.7 x1.00
n1 R=15  c=24  | base   136.8   141.4 x1.03 | roll   158.6   158.3 x1.00 | p1   142.9   140.2 x1.02 | both   156.0   156.0 x1.00
t2 R=15  c=24  | base   186.3   185.8 x1.00 | roll   191.2   190.7 x1.00 | p1   166.8   176.1 x1.06 | both   174.3   174.3 x1.00
n1 R=17  c=24  | base   184.8   176.7 x1.05 | roll   197.8   197.8 x1.00 | p1   187.9   176.2 x1.07 | both   191.9   191.9 x1.00
t2 R=17  c=24  | base   227.2   224.6 x1.01 | roll   239.8   239.8 x1.00 | p1   213.1   205.8 x1.04 | both   225.7   225.1 x1.00
n1 R=19  c=24  | base   232.4   218.9 x1.06 | roll   245.4   243.8 x1.01 | p1   253.0   231.9 x1.09 | both   228.1   228.1 x1.00
t2 R=19  c=24  | base   274.3   273.7 x1.00 | roll   288.0   288.0 x1.00 | p1   254.5   266.5 x1.05 | both   272.5   271.9 x1.00
n1 R=21  c=24  | base   273.8   262.2 x1.04 | roll   289.6   289.6 x1.00 | p1   279.9   270.1 x1.04 | both   276.8   276.8 x1.00
t2 R=21  c=24  | base   361.7   323.5 x1.12 | roll   334.9   335.6 x1.00 | p1   337.6   315.4 x1.07 | both   320.8   320.8 x1.00
n1 R=23  c=24  | base   331.7   348.6 x1.05 | roll   352.1   352.1 x1.00 | p1   315.5   328.9 x1.04 | both   338.0   338.0 x1.00
t2 R=23  c=24  | base   481.8   413.2 x1.17 | roll   417.4   419.0 x1.00 | p1   500.8   398.3 x1.26 | both   400.0   400.0 x1.00
n1 R=25  c=24  | base   398.5   408.4 x1.02 | roll   403.8   405.3 x1.00 | p1   383.2   387.8 x1.01 | both   389.3   389.3 x1.00
t2 R=25  c=24  | base   618.6   491.9 x1.26 | roll   469.8   472.1 x1.00 | p1   610.5   493.0 x1.24 | both   461.6   462.8 x1.00
n1 R=27  c=24  | base   522.8   513.9 x1.02 | roll   482.2   481.2 x1.00 | p1   462.4   439.6 x1.05 | both   480.2   480.2 x1.00
t2 R=27  c=24  | base   705.7   573.6 x1.23 | roll   565.5   560.9 x1.01 | p1   751.7   565.5 x1.33 | both   539.1   539.1 x1.00
n1 R=29  c=24  | base   557.3   552.1 x1.01 | roll   557.3   558.3 x1.00 | p1   537.5   532.3 x1.01 | both   553.1   554.2 x1.00
t2 R=29  c=24  | base   857.1   670.1 x1.28 | roll   649.4   645.5 x1.01 | p1   837.7   649.4 x1.29 | both   614.3   614.3 x1.00
n1 R=31  c=24  | base   618.2   619.3 x1.00 | roll   622.7   622.7 x1.00 | p1   583.0   588.6 x1.01 | both   612.5   611.4 x1.00
t2 R=31  c=24  | base  1326.8   763.4 x1.74 | roll   733.8   740.8 x1.01 | p1  1305.6   773.2 x1.69 | both   677.5   677.5 x1.00
n1 R=37  c=24  | base   893.3   925.0 x1.04 | roll   900.0   903.3 x1.00 | p1   845.0   871.7 x1.03 | both   821.7   821.7 x1.00
t2 R=37  c=24  | base  1004.8  1006.3 x1.00 | roll  1009.5   995.2 x1.01 | p1   949.2   971.4 x1.02 | both   952.4   949.2 x1.00
n1 R=41  c=24  | base  1059.3  1266.7 x1.20 | roll  1061.1  1237.0 x1.17 | p1   998.1  1005.6 x1.01 | both  1016.7  1016.7 x1.00
t2 R=41  c=24  | base  1377.8  1244.4 x1.11 | roll  1306.7  1226.7 x1.07 | p1  1144.4  1151.1 x1.01 | both  1133.3  1135.6 x1.00
n1 R=43  c=24  | base  1146.8  1285.1 x1.12 | roll  1155.3  1274.5 x1.10 | p1  1104.3  1114.9 x1.01 | both  1108.5  1108.5 x1.00
t2 R=43  c=24  | base  1438.1  1340.5 x1.07 | roll  1340.5  1464.3 x1.09 | p1  1261.9  1276.2 x1.01 | both  1247.6  1252.4 x1.00
n1 R=47  c=24  | base  1358.5  1517.1 x1.12 | roll  1382.9  1548.8 x1.12 | p1  1302.4  1412.2 x1.08 | both  1317.1  1395.1 x1.06
t2 R=47  c=24  | base  1720.5  1597.4 x1.08 | roll  1689.7  1600.0 x1.06 | p1  1492.3  1559.0 x1.04 | both  1492.3  1525.6 x1.02
n1 R=9   c=25  | base    55.5    56.1 x1.01 | roll    67.7    67.7 x1.00 | p1    57.1    57.1 x1.00 | both    67.7    67.5 x1.00
t2 R=9   c=25  | base    88.0    88.0 x1.00 | roll    98.2    98.2 x1.00 | p1    81.2    81.2 x1.00 | both    90.6    90.6 x1.00
n1 R=11  c=25  | base    88.7    86.8 x1.02 | roll   100.9   100.9 x1.00 | p1    90.6    89.6 x1.01 | both    99.5    99.5 x1.00
t2 R=11  c=25  | base   123.5   123.5 x1.00 | roll   137.7   137.3 x1.00 | p1   112.0   111.4 x1.01 | both   123.1   123.1 x1.00
n1 R=13  c=25  | base   118.9   116.7 x1.02 | roll   130.2   130.2 x1.00 | p1   131.1   125.5 x1.05 | both   126.4   126.4 x1.00
t2 R=13  c=25  | base   163.8   163.8 x1.00 | roll   172.4   172.0 x1.00 | p1   154.7   150.0 x1.03 | both   153.1   153.5 x1.00
n1 R=15  c=25  | base   154.3   158.5 x1.03 | roll   173.0   173.0 x1.00 | p1   159.2   157.4 x1.01 | both   173.0   172.7 x1.00
t2 R=15  c=25  | base   202.3   201.9 x1.00 | roll   208.0   207.5 x1.00 | p1   189.7   197.7 x1.04 | both   194.8   194.8 x1.00
n1 R=17  c=25  | base   209.7   201.4 x1.04 | roll   217.9   217.9 x1.00 | p1   233.8   218.8 x1.07 | both   214.0   214.0 x1.00
t2 R=17  c=25  | base   248.6   245.8 x1.01 | roll   261.6   261.6 x1.00 | p1   264.4   257.6 x1.03 | both   254.8   254.8 x1.00
n1 R=19  c=25  | base   257.7   245.1 x1.05 | roll   261.7   261.7 x1.00 | p1   284.6   267.4 x1.06 | both   256.0   256.0 x1.00
t2 R=19  c=25  | base   300.6   298.7 x1.01 | roll   316.4   315.7 x1.00 | p1   286.8   296.2 x1.03 | both   305.7   305.7 x1.00
n1 R=21  c=25  | base   305.7   296.2 x1.03 | roll   320.8   320.8 x1.00 | p1   311.3   300.0 x1.04 | both   307.5   307.5 x1.00
t2 R=21  c=25  | base   404.3   358.3 x1.13 | roll   369.8   372.7 x1.01 | p1   374.8   350.4 x1.07 | both   361.2   360.4 x1.00
n1 R=23  c=25  | base   378.5   405.4 x1.07 | roll   391.5   390.8 x1.00 | p1   353.1   367.7 x1.04 | both   373.8   373.1 x1.00
t2 R=23  c=25  | base   529.5   457.1 x1.16 | roll   462.5   464.3 x1.00 | p1   538.4   440.2 x1.22 | both   441.1   441.1 x1.00
n1 R=25  c=25  | base   446.6   455.1 x1.02 | roll   451.7   452.5 x1.00 | p1   426.3   429.7 x1.01 | both   429.7   430.5 x1.00
t2 R=25  c=25  | base   672.9   544.8 x1.24 | roll   521.9   525.0 x1.01 | p1   664.6   541.7 x1.23 | both   507.3   508.3 x1.00
n1 R=27  c=25  | base   538.8   530.6 x1.02 | roll   556.1   551.0 x1.01 | p1   523.5   512.2 x1.02 | both   536.7   536.7 x1.00
t2 R=27  c=25  | base   789.9   660.8 x1.20 | roll   631.6   626.6 x1.01 | p1   817.7   641.8 x1.27 | both   603.8   603.8 x1.00
n1 R=29  c=25  | base   640.5   635.4 x1.01 | roll   634.2   636.7 x1.00 | p1   615.2   611.4 x1.01 | both   627.8   627.8 x1.00
t2 R=29  c=25  | base   953.6   775.4 x1.23 | roll   746.4   737.7 x1.01 | p1   926.1   742.0 x1.25 | both   702.9   704.3 x1.00
n1 R=31  c=25  | base   701.3   703.8 x1.00 | roll   709.0   705.1 x1.01 | p1   662.8   666.7 x1.01 | both   688.5   688.5 x1.00
t2 R=31  c=25  | base  1416.4   877.0 x1.61 | roll   893.4   895.1 x1.00 | p1  1390.2   877.0 x1.59 | both   855.7   854.1 x1.00
n1 R=37  c=25  | base   961.4   971.9 x1.01 | roll   963.2   970.2 x1.01 | p1   922.8   928.1 x1.01 | both   935.1   935.1 x1.00
t2 R=37  c=25  | base  1142.9  1149.0 x1.01 | roll  1155.1  1146.9 x1.01 | p1  1069.4  1085.7 x1.02 | both  1100.0  1100.0 x1.00
n1 R=41  c=25  | base  1217.8  1442.2 x1.18 | roll  1208.9  1393.3 x1.15 | p1  1155.6  1162.2 x1.01 | both  1173.3  1171.1 x1.00
t2 R=41  c=25  | base  1594.9  1428.2 x1.12 | roll  1528.2  1405.1 x1.09 | p1  1330.8  1338.5 x1.01 | both  1320.5  1325.6 x1.00
n1 R=43  c=25  | base  1324.4  1473.2 x1.11 | roll  1324.4  1453.7 x1.10 | p1  1292.7  1300.0 x1.01 | both  1292.7  1290.2 x1.00
t2 R=43  c=25  | base  1694.4  1597.2 x1.06 | roll  1580.6  1686.1 x1.07 | p1  1486.1  1500.0 x1.01 | both  1502.8  1505.6 x1.00
n1 R=47  c=25  | base  1682.8  1848.3 x1.10 | roll  1710.3  1865.5 x1.09 | p1  1613.8  1737.9 x1.08 | both  1624.1  1720.7 x1.06
t2 R=47  c=25  | base  2113.8  1955.2 x1.08 | roll  2055.2  1937.9 x1.06 | p1  1831.0  1920.7 x1.05 | both  1834.5  1900.0 x1.04
n1 R=9   c=5   | base    15.6    15.6 x1.00 | roll    19.4    19.4 x1.00 | p1    15.7    15.7 x1.00 | both    19.4    19.4 x1.00
t2 R=9   c=5   | base    21.9    21.9 x1.00 | roll    24.6    24.6 x1.00 | p1    20.4    20.4 x1.00 | both    22.7    22.7 x1.00
n1 R=11  c=5   | base    22.4    21.9 x1.02 | roll    28.0    28.0 x1.00 | p1    22.8    22.2 x1.03 | both    27.7    27.8 x1.00
t2 R=11  c=5   | base    30.4    30.4 x1.00 | roll    34.1    34.1 x1.00 | p1    28.2    28.0 x1.01 | both    32.0    32.0 x1.00
n1 R=13  c=5   | base    31.5    31.0 x1.02 | roll    36.9    36.8 x1.00 | p1    34.0    33.5 x1.01 | both    36.2    36.2 x1.00
t2 R=13  c=5   | base    39.2    39.1 x1.00 | roll    42.7    42.7 x1.00 | p1    39.8    39.2 x1.02 | both    41.4    41.4 x1.00
n1 R=15  c=5   | base    39.8    41.0 x1.03 | roll    43.2    43.4 x1.00 | p1    41.8    40.7 x1.03 | both    45.8    45.8 x1.00
t2 R=15  c=5   | base    49.8    49.8 x1.00 | roll    49.6    49.8 x1.00 | p1    48.1    49.3 x1.03 | both    50.7    51.2 x1.01
n1 R=17  c=5   | base    56.0    54.3 x1.03 | roll    57.1    57.0 x1.00 | p1    56.5    55.1 x1.02 | both    58.6    58.5 x1.00
t2 R=17  c=5   | base    63.1    62.5 x1.01 | roll    64.8    64.8 x1.00 | p1    64.4    62.7 x1.03 | both    67.9    67.9 x1.00
n1 R=19  c=5   | base    67.1    65.0 x1.03 | roll    68.4    68.6 x1.00 | p1    68.8    66.3 x1.04 | both    71.4    71.6 x1.00
t2 R=19  c=5   | base    76.3    75.5 x1.01 | roll    78.4    78.6 x1.00 | p1    75.4    76.8 x1.02 | both    81.1    80.9 x1.00
n1 R=21  c=5   | base    82.3    79.5 x1.04 | roll    81.0    81.7 x1.01 | p1    82.3    79.7 x1.03 | both    82.3    82.3 x1.00
t2 R=21  c=5   | base    98.8    91.3 x1.08 | roll    91.7    92.2 x1.01 | p1    96.0    90.5 x1.06 | both    92.4    92.2 x1.00
n1 R=23  c=5   | base    96.5   100.0 x1.04 | roll   100.0   100.0 x1.00 | p1    93.5    95.5 x1.02 | both    95.5    95.5 x1.00
t2 R=23  c=5   | base   128.5   115.7 x1.11 | roll   114.9   115.4 x1.00 | p1   129.0   112.0 x1.15 | both   108.2   108.2 x1.00
n1 R=25  c=5   | base   114.8   115.9 x1.01 | roll   115.3   115.3 x1.00 | p1   109.6   110.1 x1.00 | both   110.1   110.1 x1.00
t2 R=25  c=5   | base   160.2   138.0 x1.16 | roll   130.1   131.0 x1.01 | p1   156.9   136.6 x1.15 | both   124.5   124.5 x1.00
n1 R=27  c=5   | base   136.6   133.6 x1.02 | roll   136.6   136.3 x1.00 | p1   132.7   130.7 x1.02 | both   133.6   133.0 x1.00
t2 R=27  c=5   | base   184.0   161.3 x1.14 | roll   155.7   153.8 x1.01 | p1   192.5   161.3 x1.19 | both   147.2   147.2 x1.00
n1 R=29  c=5   | base   162.7   161.7 x1.01 | roll   162.3   163.0 x1.00 | p1   157.6   157.0 x1.00 | both   159.5   159.8 x1.00
t2 R=29  c=5   | base   225.2   194.9 x1.16 | roll   182.3   180.7 x1.01 | p1   219.3   189.0 x1.16 | both   172.0   172.4 x1.00
n1 R=31  c=5   | base   178.2   178.2 x1.00 | roll   179.2   178.9 x1.00 | p1   171.6   172.3 x1.00 | both   176.1   175.4 x1.00
t2 R=31  c=5   | base   300.4   215.1 x1.40 | roll   202.5   202.5 x1.00 | p1   294.1   213.0 x1.38 | both   189.5   189.1 x1.00
n1 R=37  c=5   | base   256.4   256.4 x1.00 | roll   254.0   257.3 x1.01 | p1   244.5   245.5 x1.00 | both   246.4   246.4 x1.00
t2 R=37  c=5   | base   284.7   285.2 x1.00 | roll   284.7   284.2 x1.00 | p1   270.9   271.9 x1.00 | both   272.4   273.0 x1.00
n1 R=41  c=5   | base   317.0   349.7 x1.10 | roll   316.4   344.4 x1.09 | p1   313.5   314.6 x1.00 | both   306.4   308.2 x1.01
t2 R=41  c=5   | base   365.8   352.8 x1.04 | roll   355.3   347.2 x1.02 | p1   332.3   331.7 x1.00 | both   334.8   334.8 x1.00
n1 R=43  c=5   | base   350.9   363.2 x1.03 | roll   350.9   366.7 x1.04 | p1   342.1   342.1 x1.00 | both   342.1   342.1 x1.00
t2 R=43  c=5   | base   422.6   419.0 x1.01 | roll   416.8   424.1 x1.02 | p1   383.2   383.9 x1.00 | both   376.6   375.9 x1.00
n1 R=47  c=5   | base   562.9   568.0 x1.01 | roll   555.7   562.9 x1.01 | p1   532.0   537.1 x1.01 | both   526.8   529.9 x1.01
t2 R=47  c=5   | base   641.1   638.9 x1.00 | roll   641.1   638.9 x1.00 | p1   592.2   594.4 x1.00 | both   592.2   593.3 x1.00

geomean over radices x kinds, worst state / base worst state (best state / base best state):
c=24  | roll 0.981 (1.040) | p1 0.955 (0.960) | both 0.915 (0.987)
c=25  | roll 0.984 (1.038) | p1 0.966 (0.975) | both 0.931 (0.997)
c=5   | roll 0.996 (1.032) | p1 0.976 (0.978) | both 0.966 (1.007)
