AVX2 remainder mechanism: the leftover column's cost in ordinary columns, worse of the two stack states
(the better state in brackets); odd frame fix on in every arm; L1-hot

n1   R=3   c=1  col   0.6 ns | narrow  1.36 [ 1.35] | masked  1.10 [ 0.97] | overrun  1.55 [ 1.50]
n1   R=5   c=1  col   0.7 ns | narrow  1.91 [ 1.91] | masked  2.70 [ 2.69] | overrun  2.04 [ 2.04]
n1   R=7   c=1  col   1.3 ns | narrow  2.09 [ 1.95] | masked  2.67 [ 2.56] | overrun  2.20 [ 2.07]
n1   R=9   c=1  col   2.9 ns | narrow  1.60 [ 1.54] | masked  1.72 [ 1.66] | overrun  1.71 [ 1.66] | blk_nar  2.19 [ 2.13] | blk_msk  2.54 [ 2.48] | blk_ovr  2.23 [ 2.17]
n1   R=11  c=1  col   4.1 ns | narrow  2.10 [ 2.04] | masked  2.58 [ 2.41] | overrun  2.28 [ 2.20] | blk_nar  2.12 [ 2.09] | blk_msk  2.41 [ 2.37] | blk_ovr  2.16 [ 2.12]
n1   R=13  c=1  col   5.1 ns | narrow  2.46 [ 2.42] | masked  2.73 [ 2.63] | overrun  2.42 [ 2.31] | blk_nar  2.21 [ 2.18] | blk_msk  2.46 [ 2.43] | blk_ovr  2.24 [ 2.20]
n1   R=15  c=1  col   7.2 ns | narrow  2.03 [ 2.02] | masked  2.82 [ 2.33] | overrun  2.42 [ 2.06] | blk_nar  2.06 [ 2.06] | blk_msk  2.28 [ 2.28] | blk_ovr  2.10 [ 2.09]
n1   R=17  c=1  col   9.7 ns | narrow  2.07 [ 2.05] | masked  2.72 [ 2.34] | overrun  2.40 [ 2.15] | blk_nar  1.89 [ 1.89] | blk_msk  2.10 [ 2.10] | blk_ovr  1.92 [ 1.91]
n1   R=19  c=1  col  11.4 ns | narrow  2.34 [ 2.33] | masked  3.04 [ 2.65] | overrun  2.69 [ 2.44] | blk_nar  1.89 [ 1.89] | blk_msk  2.07 [ 2.07] | blk_ovr  1.92 [ 1.92]
n1   R=21  c=1  col  13.1 ns | narrow  2.30 [ 2.28] | masked  3.13 [ 2.67] | overrun  3.09 [ 2.63] | blk_nar  1.94 [ 1.93] | blk_msk  2.08 [ 2.08] | blk_ovr  1.92 [ 1.92]
n1   R=23  c=1  col  15.8 ns | narrow  2.14 [ 2.13] | masked  2.84 [ 2.55] | overrun  2.74 [ 2.44] | blk_nar  1.88 [ 1.87] | blk_msk  2.05 [ 2.04] | blk_ovr  1.94 [ 1.92]
n1   R=25  c=1  col  18.0 ns | narrow  2.16 [ 2.14] | masked  2.99 [ 2.62] | overrun  2.94 [ 2.52] | blk_nar  1.92 [ 1.91] | blk_msk  2.10 [ 2.09] | blk_ovr  1.95 [ 1.94]
n1   R=27  c=1  col  21.9 ns | narrow  2.17 [ 2.16] | masked  3.05 [ 2.49] | overrun  2.91 [ 2.41] | blk_nar  1.86 [ 1.85] | blk_msk  1.99 [ 1.98] | blk_ovr  1.89 [ 1.88]
n1   R=29  c=1  col  24.7 ns | narrow  2.49 [ 2.48] | masked  3.04 [ 2.54] | overrun  3.00 [ 2.44] | blk_nar  1.94 [ 1.94] | blk_msk  2.04 [ 2.03] | blk_ovr  1.99 [ 1.98]
n1   R=31  c=1  col  27.1 ns | narrow  2.38 [ 2.37] | masked  4.57 [ 2.84] | overrun  4.53 [ 2.75] | blk_nar  1.98 [ 1.97] | blk_msk  2.06 [ 2.06] | blk_ovr  2.02 [ 2.02]
n1   R=37  c=1  col  36.4 ns | narrow  2.70 [ 2.70] | masked  5.03 [ 2.88] | overrun  4.90 [ 2.86] | blk_nar  1.94 [ 1.94] | blk_msk  2.05 [ 2.04] | blk_ovr  1.97 [ 1.97]
n1   R=41  c=1  col  45.3 ns | narrow  2.79 [ 2.76] | masked  5.79 [ 2.94] | overrun  4.92 [ 2.92] | blk_nar  1.96 [ 1.96] | blk_msk  2.05 [ 2.04] | blk_ovr  2.00 [ 1.99]
n1   R=43  c=1  col  49.4 ns | narrow  2.73 [ 2.71] | masked  6.37 [ 2.97] | overrun  6.61 [ 2.91] | blk_nar  1.95 [ 1.94] | blk_msk  2.03 [ 2.03] | blk_ovr  1.98 [ 1.98]
n1   R=47  c=1  col  58.2 ns | narrow  3.05 [ 3.05] | masked  6.18 [ 3.28] | overrun  7.00 [ 3.12] | blk_nar  1.93 [ 1.93] | blk_msk  2.02 [ 2.02] | blk_ovr  1.96 [ 1.96]
n1   R=3   c=5  col   0.3 ns | narrow  3.94 [ 3.94] | masked  5.00 [ 5.00] | overrun  3.41 [ 3.41]
n1   R=5   c=5  col   0.6 ns | narrow  3.18 [ 3.18] | masked  3.58 [ 3.55] | overrun  3.03 [ 3.03]
n1   R=7   c=5  col   1.4 ns | narrow  2.97 [ 2.97] | masked  3.44 [ 3.42] | overrun  2.96 [ 2.96]
n1   R=9   c=5  col   2.4 ns | narrow  2.20 [ 2.19] | masked  2.36 [ 2.36] | overrun  2.32 [ 2.29] | blk_nar  2.73 [ 2.71] | blk_msk  3.09 [ 3.08] | blk_ovr  2.76 [ 2.75]
n1   R=11  c=5  col   3.3 ns | narrow  3.23 [ 3.22] | masked  3.68 [ 3.55] | overrun  3.28 [ 3.25] | blk_nar  2.80 [ 2.77] | blk_msk  3.11 [ 3.08] | blk_ovr  2.80 [ 2.78]
n1   R=13  c=5  col   4.3 ns | narrow  3.38 [ 3.37] | masked  3.55 [ 3.48] | overrun  3.46 [ 3.38] | blk_nar  2.72 [ 2.72] | blk_msk  3.05 [ 3.03] | blk_ovr  2.78 [ 2.78]
n1   R=15  c=5  col   6.4 ns | narrow  2.56 [ 2.56] | masked  2.99 [ 2.75] | overrun  2.69 [ 2.56] | blk_nar  2.41 [ 2.41] | blk_msk  2.64 [ 2.64] | blk_ovr  2.41 [ 2.40]
n1   R=17  c=5  col   7.8 ns | narrow  2.72 [ 2.70] | masked  3.39 [ 3.05] | overrun  2.95 [ 2.72] | blk_nar  2.42 [ 2.40] | blk_msk  2.68 [ 2.68] | blk_ovr  2.45 [ 2.42]
n1   R=19  c=5  col   9.3 ns | narrow  3.00 [ 3.00] | masked  3.67 [ 3.42] | overrun  3.25 [ 3.06] | blk_nar  2.38 [ 2.37] | blk_msk  2.62 [ 2.60] | blk_ovr  2.38 [ 2.38]
n1   R=21  c=5  col  10.8 ns | narrow  2.94 [ 2.94] | masked  3.71 [ 3.42] | overrun  3.61 [ 3.27] | blk_nar  2.40 [ 2.40] | blk_msk  2.60 [ 2.59] | blk_ovr  2.39 [ 2.39]
n1   R=23  c=5  col  13.6 ns | narrow  2.57 [ 2.56] | masked  3.35 [ 3.07] | overrun  3.17 [ 2.91] | blk_nar  2.32 [ 2.32] | blk_msk  2.56 [ 2.56] | blk_ovr  2.37 [ 2.36]
n1   R=25  c=5  col  15.7 ns | narrow  2.59 [ 2.59] | masked  3.51 [ 3.12] | overrun  3.38 [ 2.98] | blk_nar  2.34 [ 2.33] | blk_msk  2.59 [ 2.59] | blk_ovr  2.38 [ 2.38]
n1   R=27  c=5  col  19.3 ns | narrow  2.51 [ 2.50] | masked  3.60 [ 2.92] | overrun  3.40 [ 2.75] | blk_nar  2.18 [ 2.18] | blk_msk  2.32 [ 2.32] | blk_ovr  2.14 [ 2.13]
n1   R=29  c=5  col  22.5 ns | narrow  2.81 [ 2.80] | masked  3.42 [ 2.90] | overrun  3.36 [ 2.73] | blk_nar  2.20 [ 2.20] | blk_msk  2.33 [ 2.32] | blk_ovr  2.24 [ 2.23]
n1   R=31  c=5  col  25.0 ns | narrow  2.76 [ 2.75] | masked  5.08 [ 3.20] | overrun  4.99 [ 3.09] | blk_nar  2.26 [ 2.25] | blk_msk  2.40 [ 2.37] | blk_ovr  2.30 [ 2.30]
n1   R=37  c=5  col  33.5 ns | narrow  3.15 [ 3.09] | masked  5.57 [ 3.31] | overrun  5.43 [ 3.31] | blk_nar  2.21 [ 2.21] | blk_msk  2.34 [ 2.34] | blk_ovr  2.30 [ 2.30]
n1   R=41  c=5  col  41.7 ns | narrow  3.31 [ 3.31] | masked  6.50 [ 3.25] | overrun  5.43 [ 3.29] | blk_nar  2.22 [ 2.21] | blk_msk  2.32 [ 2.31] | blk_ovr  2.26 [ 2.26]
n1   R=43  c=5  col  45.2 ns | narrow  3.33 [ 3.32] | masked  7.12 [ 3.45] | overrun  7.46 [ 3.40] | blk_nar  2.20 [ 2.20] | blk_msk  2.29 [ 2.29] | blk_ovr  2.28 [ 2.27]
n1   R=47  c=5  col  53.0 ns | narrow  5.78 [ 5.76] | masked  8.39 [ 5.94] | overrun  9.27 [ 6.11] | blk_nar  2.19 [ 2.19] | blk_msk  2.31 [ 2.31] | blk_ovr  2.22 [ 2.22]
n1t  R=3   c=1  col   0.7 ns | narrow  1.04 [ 0.80] | masked  1.46 [ 1.40] | overrun  1.01 [ 1.00]
n1t  R=5   c=1  col   1.0 ns | narrow  1.37 [ 1.30] | masked  1.84 [ 1.83] | overrun  1.54 [ 1.50]
n1t  R=7   c=1  col   1.4 ns | narrow  1.64 [ 1.52] | masked  2.07 [ 1.95] | overrun  1.90 [ 1.80]
n1t  R=9   c=1  col   1.9 ns | narrow  2.01 [ 1.89] | masked  2.38 [ 2.29] | overrun  1.99 [ 1.90]
n1t  R=11  c=1  col   3.1 ns | narrow  1.90 [ 1.84] | masked  2.40 [ 2.37] | overrun  2.10 [ 2.10]
n1t  R=13  c=1  col   4.7 ns | narrow  1.81 [ 1.79] | masked  2.00 [ 1.97] | overrun  2.02 [ 1.92]
n1t  R=15  c=1  col   6.2 ns | narrow  1.70 [ 1.65] | masked  2.37 [ 2.18] | overrun  1.99 [ 1.84]
n1t  R=17  c=1  col  10.5 ns | narrow  1.57 [ 1.57] | masked  2.08 [ 1.92] | overrun  1.96 [ 1.75]
n1t  R=19  c=1  col  13.7 ns | narrow  1.60 [ 1.60] | masked  2.15 [ 1.92] | overrun  1.94 [ 1.73]
n1t  R=21  c=1  col  16.5 ns | narrow  1.62 [ 1.60] | masked  2.21 [ 1.94] | overrun  2.05 [ 1.81]
n1t  R=23  c=1  col  25.6 ns | narrow  1.31 [ 1.30] | masked  1.73 [ 1.59] | overrun  1.69 [ 1.48]
n1t  R=25  c=1  col  34.0 ns | narrow  1.13 [ 1.12] | masked  1.78 [ 1.41] | overrun  1.70 [ 1.34]
n1t  R=27  c=1  col  38.5 ns | narrow  1.17 [ 1.16] | masked  1.72 [ 1.43] | overrun  1.53 [ 1.34]
n1t  R=29  c=1  col  35.9 ns | narrow  1.45 [ 1.44] | masked  2.29 [ 1.77] | overrun  2.15 [ 1.70]
n1t  R=31  c=1  col  42.6 ns | narrow  1.37 [ 1.34] | masked  2.26 [ 1.65] | overrun  2.56 [ 1.61]
n1t  R=37  c=1  col 108.2 ns | narrow  0.79 [ 0.77] | masked  1.95 [ 0.93] | overrun  1.51 [ 0.91]
n1t  R=41  c=1  col 124.3 ns | narrow  0.87 [ 0.85] | masked  2.14 [ 1.00] | overrun  2.18 [ 0.97]
n1t  R=43  c=1  col  80.0 ns | narrow  1.54 [ 1.49] | masked  3.36 [ 1.68] | overrun  3.30 [ 1.67]
n1t  R=47  c=1  col  95.2 ns | narrow  1.51 [ 1.49] | masked  3.28 [ 1.81] | overrun  3.23 [ 1.73]
n1t  R=3   c=5  col   0.3 ns | narrow  2.84 [ 2.84] | masked  3.33 [ 3.33] | overrun  2.67 [ 2.67]
n1t  R=5   c=5  col   0.7 ns | narrow  2.45 [ 2.43] | masked  2.97 [ 2.97] | overrun  2.56 [ 2.52]
n1t  R=7   c=5  col   1.4 ns | narrow  2.54 [ 2.54] | masked  3.00 [ 2.99] | overrun  2.44 [ 2.44]
n1t  R=9   c=5  col   2.2 ns | narrow  2.37 [ 2.37] | masked  3.19 [ 3.18] | overrun  2.50 [ 2.50]
n1t  R=11  c=5  col   3.4 ns | narrow  2.45 [ 2.42] | masked  2.91 [ 2.91] | overrun  2.72 [ 2.70]
n1t  R=13  c=5  col   4.3 ns | narrow  2.22 [ 2.21] | masked  2.61 [ 2.56] | overrun  2.50 [ 2.27]
n1t  R=15  c=5  col   6.2 ns | narrow  2.02 [ 1.90] | masked  2.49 [ 2.33] | overrun  2.27 [ 2.11]
n1t  R=17  c=5  col   9.5 ns | narrow  1.87 [ 1.80] | masked  2.44 [ 2.15] | overrun  2.12 [ 1.86]
n1t  R=19  c=5  col  12.8 ns | narrow  1.74 [ 1.70] | masked  2.32 [ 2.02] | overrun  2.08 [ 1.85]
n1t  R=21  c=5  col  16.0 ns | narrow  1.63 [ 1.59] | masked  2.26 [ 2.04] | overrun  2.08 [ 1.85]
n1t  R=23  c=5  col  22.4 ns | narrow  1.47 [ 1.20] | masked  1.93 [ 1.84] | overrun  1.80 [ 1.74]
n1t  R=25  c=5  col  29.0 ns | narrow  1.33 [ 1.03] | masked  2.12 [ 1.68] | overrun  2.00 [ 1.59]
n1t  R=27  c=5  col  31.6 ns | narrow  1.18 [ 1.12] | masked  2.16 [ 1.55] | overrun  1.97 [ 1.44]
n1t  R=29  c=5  col  31.6 ns | narrow  1.47 [ 1.36] | masked  2.64 [ 1.90] | overrun  2.46 [ 1.82]
n1t  R=31  c=5  col  36.6 ns | narrow  1.52 [ 1.35] | masked  2.65 [ 1.89] | overrun  2.98 [ 1.82]
n1t  R=37  c=5  col  95.9 ns | narrow  2.15 [ 1.72] | masked  2.99 [ 2.27] | overrun  2.65 [ 2.20]
n1t  R=41  c=5  col 110.9 ns | narrow  3.10 [ 2.29] | masked  3.29 [ 3.17] | overrun  3.37 [ 3.10]
n1t  R=43  c=5  col  71.4 ns | narrow  5.51 [ 4.12] | masked  5.52 [ 5.51] | overrun  5.52 [ 5.38]
n1t  R=47  c=5  col  82.2 ns | narrow  5.70 [ 4.30] | masked  5.80 [ 5.53] | overrun  5.68 [ 5.55]
t2   R=3   c=1  col   0.5 ns | narrow  1.23 [ 1.13] | masked  2.68 [ 2.65] | overrun  1.32 [ 1.16]
t2   R=5   c=1  col   0.9 ns | narrow  2.02 [ 1.99] | masked  3.20 [ 3.20] | overrun  2.24 [ 2.23]
t2   R=7   c=1  col   1.6 ns | narrow  2.09 [ 1.98] | masked  3.04 [ 2.94] | overrun  2.30 [ 2.19]
t2   R=9   c=1  col   3.3 ns | narrow  1.65 [ 1.61] | masked  2.05 [ 2.01] | overrun  1.85 [ 1.78] | blk_nar  2.12 [ 2.06] | blk_msk  2.71 [ 2.67] | blk_ovr  2.16 [ 2.11]
t2   R=11  c=1  col   4.5 ns | narrow  2.50 [ 2.45] | masked  3.09 [ 2.98] | overrun  2.51 [ 2.44] | blk_nar  2.11 [ 2.07] | blk_msk  2.65 [ 2.60] | blk_ovr  2.16 [ 2.12]
t2   R=13  c=1  col   5.7 ns | narrow  2.51 [ 2.48] | masked  2.97 [ 2.82] | overrun  2.70 [ 2.53] | blk_nar  2.18 [ 2.16] | blk_msk  2.71 [ 2.67] | blk_ovr  2.20 [ 2.17]
t2   R=15  c=1  col   7.8 ns | narrow  2.06 [ 2.04] | masked  2.95 [ 2.60] | overrun  2.49 [ 2.24] | blk_nar  2.07 [ 2.07] | blk_msk  2.48 [ 2.46] | blk_ovr  2.10 [ 2.10]
t2   R=17  c=1  col  10.4 ns | narrow  2.29 [ 2.28] | masked  2.92 [ 2.54] | overrun  2.54 [ 2.27] | blk_nar  1.90 [ 1.90] | blk_msk  2.28 [ 2.28] | blk_ovr  1.91 [ 1.90]
t2   R=19  c=1  col  12.2 ns | narrow  2.46 [ 2.44] | masked  3.19 [ 2.85] | overrun  2.97 [ 2.68] | blk_nar  1.91 [ 1.91] | blk_msk  2.29 [ 2.28] | blk_ovr  1.94 [ 1.94]
t2   R=21  c=1  col  14.1 ns | narrow  2.39 [ 2.37] | masked  3.16 [ 2.84] | overrun  2.93 [ 2.62] | blk_nar  1.93 [ 1.93] | blk_msk  2.30 [ 2.28] | blk_ovr  1.96 [ 1.95]
t2   R=23  c=1  col  17.7 ns | narrow  2.07 [ 2.06] | masked  2.83 [ 2.58] | overrun  2.64 [ 2.42] | blk_nar  1.87 [ 1.86] | blk_msk  2.17 [ 2.16] | blk_ovr  1.90 [ 1.89]
t2   R=25  c=1  col  19.7 ns | narrow  2.18 [ 2.18] | masked  3.04 [ 2.67] | overrun  2.75 [ 2.51] | blk_nar  1.91 [ 1.90] | blk_msk  2.22 [ 2.21] | blk_ovr  1.95 [ 1.94]
t2   R=27  c=1  col  23.6 ns | narrow  2.25 [ 2.25] | masked  3.07 [ 2.60] | overrun  2.89 [ 2.41] | blk_nar  1.87 [ 1.86] | blk_msk  2.15 [ 2.14] | blk_ovr  1.90 [ 1.89]
t2   R=29  c=1  col  26.8 ns | narrow  2.42 [ 2.41] | masked  2.97 [ 2.58] | overrun  2.87 [ 2.48] | blk_nar  1.93 [ 1.92] | blk_msk  2.13 [ 2.13] | blk_ovr  1.97 [ 1.96]
t2   R=31  c=1  col  29.7 ns | narrow  2.39 [ 2.38] | masked  4.29 [ 2.85] | overrun  4.17 [ 2.72] | blk_nar  1.94 [ 1.93] | blk_msk  2.14 [ 2.13] | blk_ovr  1.97 [ 1.96]
t2   R=37  c=1  col  40.7 ns | narrow  2.62 [ 2.59] | masked  4.68 [ 2.93] | overrun  4.60 [ 2.75] | blk_nar  1.88 [ 1.87] | blk_msk  2.06 [ 2.05] | blk_ovr  1.91 [ 1.91]
t2   R=41  c=1  col  49.3 ns | narrow  2.69 [ 2.67] | masked  4.61 [ 3.02] | overrun  4.76 [ 2.85] | blk_nar  1.92 [ 1.92] | blk_msk  2.10 [ 2.09] | blk_ovr  1.96 [ 1.95]
t2   R=43  c=1  col  54.0 ns | narrow  2.68 [ 2.67] | masked  5.80 [ 3.23] | overrun  5.60 [ 2.77] | blk_nar  1.90 [ 1.89] | blk_msk  2.09 [ 2.08] | blk_ovr  1.92 [ 1.91]
t2   R=47  c=1  col  63.4 ns | narrow  2.89 [ 2.89] | masked  6.96 [ 3.40] | overrun  6.46 [ 2.95] | blk_nar  1.88 [ 1.88] | blk_msk  2.05 [ 2.04] | blk_ovr  1.90 [ 1.90]
t2   R=3   c=5  col   0.4 ns | narrow  2.51 [ 2.46] | masked  3.98 [ 3.98] | overrun  2.79 [ 2.79]
t2   R=5   c=5  col   1.0 ns | narrow  2.88 [ 2.88] | masked  3.58 [ 3.56] | overrun  2.76 [ 2.74]
t2   R=7   c=5  col   2.1 ns | narrow  2.40 [ 2.38] | masked  3.15 [ 3.13] | overrun  2.49 [ 2.47]
t2   R=9   c=5  col   3.2 ns | narrow  2.07 [ 2.05] | masked  2.37 [ 2.36] | overrun  2.08 [ 2.08] | blk_nar  2.29 [ 2.28] | blk_msk  2.94 [ 2.94] | blk_ovr  2.48 [ 2.42]
t2   R=11  c=5  col   4.2 ns | narrow  2.90 [ 2.90] | masked  3.89 [ 3.87] | overrun  3.08 [ 3.07] | blk_nar  2.62 [ 2.61] | blk_msk  2.94 [ 2.93] | blk_ovr  2.61 [ 2.61]
t2   R=13  c=5  col   5.4 ns | narrow  3.19 [ 3.14] | masked  3.71 [ 3.66] | overrun  3.22 [ 3.14] | blk_nar  2.56 [ 2.51] | blk_msk  3.26 [ 3.18] | blk_ovr  2.62 [ 2.59]
t2   R=15  c=5  col   7.2 ns | narrow  2.59 [ 2.58] | masked  3.19 [ 3.10] | overrun  2.76 [ 2.65] | blk_nar  2.38 [ 2.38] | blk_msk  2.80 [ 2.79] | blk_ovr  2.39 [ 2.39]
t2   R=17  c=5  col   9.1 ns | narrow  2.86 [ 2.85] | masked  3.34 [ 3.11] | overrun  2.95 [ 2.76] | blk_nar  2.35 [ 2.34] | blk_msk  2.88 [ 2.86] | blk_ovr  2.34 [ 2.34]
t2   R=19  c=5  col  11.0 ns | narrow  2.94 [ 2.94] | masked  3.62 [ 3.37] | overrun  3.30 [ 3.07] | blk_nar  2.29 [ 2.29] | blk_msk  2.75 [ 2.74] | blk_ovr  2.33 [ 2.33]
t2   R=21  c=5  col  13.1 ns | narrow  2.72 [ 2.72] | masked  3.38 [ 3.20] | overrun  3.06 [ 2.85] | blk_nar  2.27 [ 2.25] | blk_msk  2.67 [ 2.65] | blk_ovr  2.23 [ 2.22]
t2   R=23  c=5  col  16.3 ns | narrow  2.33 [ 2.33] | masked  3.17 [ 2.90] | overrun  2.92 [ 2.70] | blk_nar  2.16 [ 2.15] | blk_msk  2.45 [ 2.43] | blk_ovr  2.18 [ 2.18]
t2   R=25  c=5  col  18.8 ns | narrow  2.39 [ 2.38] | masked  3.20 [ 2.91] | overrun  2.95 [ 2.72] | blk_nar  2.19 [ 2.19] | blk_msk  2.46 [ 2.46] | blk_ovr  2.22 [ 2.22]
t2   R=27  c=5  col  21.8 ns | narrow  2.48 [ 2.48] | masked  3.39 [ 2.89] | overrun  3.21 [ 2.68] | blk_nar  2.22 [ 2.21] | blk_msk  2.42 [ 2.42] | blk_ovr  2.20 [ 2.20]
t2   R=29  c=5  col  24.7 ns | narrow  2.72 [ 2.69] | masked  3.27 [ 2.89] | overrun  3.18 [ 2.70] | blk_nar  2.24 [ 2.24] | blk_msk  2.39 [ 2.38] | blk_ovr  2.25 [ 2.24]
t2   R=31  c=5  col  27.5 ns | narrow  2.64 [ 2.63] | masked  4.76 [ 3.26] | overrun  4.63 [ 3.02] | blk_nar  2.22 [ 2.21] | blk_msk  2.40 [ 2.40] | blk_ovr  2.26 [ 2.26]
t2   R=37  c=5  col  37.0 ns | narrow  3.13 [ 3.09] | masked  5.23 [ 3.36] | overrun  5.18 [ 3.17] | blk_nar  2.18 [ 2.17] | blk_msk  2.36 [ 2.36] | blk_ovr  2.20 [ 2.20]
t2   R=41  c=5  col  45.5 ns | narrow  3.05 [ 3.03] | masked  5.32 [ 3.52] | overrun  5.42 [ 3.30] | blk_nar  2.18 [ 2.18] | blk_msk  2.35 [ 2.34] | blk_ovr  2.22 [ 2.21]
t2   R=43  c=5  col  49.8 ns | narrow  3.37 [ 3.36] | masked  6.97 [ 3.80] | overrun  6.66 [ 3.50] | blk_nar  2.14 [ 2.14] | blk_msk  2.34 [ 2.33] | blk_ovr  2.16 [ 2.15]
t2   R=47  c=5  col  58.3 ns | narrow  5.95 [ 5.94] | masked  8.48 [ 6.36] | overrun  8.45 [ 5.90] | blk_nar  2.10 [ 2.10] | blk_msk  2.30 [ 2.30] | blk_ovr  2.10 [ 2.10]

SUMMARY -- medians over radices (worse state). WIDTH = unmasked ymm pass / xmm pass; MASK = masked / unmasked ymm pass
n1   c=1  tail: narrow 2.17 masked 2.99 overrun 2.74 blk_nar 1.94 blk_msk 2.07 blk_ovr 1.98 | WIDTH mono 1.21 MASK mono 1.04 | WIDTH blk 1.02 MASK blk 1.08
n1   c=5  tail: narrow 2.97 masked 3.60 overrun 3.38 blk_nar 2.34 blk_msk 2.59 blk_ovr 2.38 | WIDTH mono 1.19 MASK mono 1.06 | WIDTH blk 1.02 MASK blk 1.09
n1t  c=1  tail: narrow 1.51 masked 2.14 overrun 1.99 | WIDTH mono 1.26 MASK mono 1.08
n1t  c=5  tail: narrow 2.15 masked 2.65 overrun 2.50 | WIDTH mono 1.12 MASK mono 1.09
t2   c=1  tail: narrow 2.39 masked 3.07 overrun 2.75 blk_nar 1.92 blk_msk 2.22 blk_ovr 1.96 | WIDTH mono 1.21 MASK mono 1.08 | WIDTH blk 1.02 MASK blk 1.14
t2   c=5  tail: narrow 2.72 masked 3.58 overrun 3.08 blk_nar 2.24 blk_msk 2.46 blk_ovr 2.25 | WIDTH mono 1.12 MASK mono 1.09 | WIDTH blk 1.01 MASK blk 1.12

wall 34 s
