=== run 1
K    K%4    narrowfix      ladder      masked        hyb2        avx2   (ns per transform)  bitwise
1    1           5529        4570        8158        5693        5211   yes
3    3           3468        2472        2473        2666        3462   yes
5    1           2200        1990        2466        2271        2580   yes
6    2           2491        1810        2266        1939        2245   yes
7    3           2568        2200        2112        2165        2676   yes
8    0           1915        1891        1916        1931        3172   yes
9    1           2022        1984        2270        2100        2590   yes
10   2           1951        1591        1774        1626        1985   yes
13   1           1633        1738        1963        1869        2455   yes
16   0           1815        1835        1799        1796        3388   yes
33   1           1735        1682        1876        1872        2527   yes
63   3           1740        1696        1600        1625        2482   yes
=== run 2
K    K%4    narrowfix      ladder      masked        hyb2        avx2   (ns per transform)  bitwise
1    1           4873        4196        7109        5366        4664   yes
3    3           3793        2680        2853        2877        3184   yes
5    1           2385        2514        3324        2876        3036   yes
6    2           2559        1831        2601        2093        2409   yes
7    3           2636        2193        2201        2208        2750   yes
8    0           1929        1903        1973        1931        3142   yes
9    1           2065        2049        2313        2172        2417   yes
10   2           2183        1858        2090        1968        2382   yes
13   1           1843        1889        2177        2061        2533   yes
16   0           1836        1849        1864        1898        3503   yes
33   1           1707        1639        1774        1758        2437   yes
63   3           1739        1688        1674        1733        2539   yes
K    K%4    narrowfix      ladder      masked   ladder_m3        avx2   (ns per transform)  bitwise
1    1           5537        4150        8324        4310        6019   yes
3    3           3767        2684        2511        2520        3232   yes
5    1           2245        2113        2818        2164        2755   yes
6    2           2466        1846        2330        1858        2300   yes
7    3           2748        2131        2226        1933        2749   yes
8    0           1744        1749        1688        1638        2985   yes
9    1           2208        2279        2392        2043        2968   yes
10   2           2144        1666        1903        1667        2311   yes
13   1           1896        1869        2117        1884        2496   yes
16   0           1883        1877        1745        1747        3487   yes
33   1           1714        1686        1913        1703        2553   yes
63   3           1356        1390        1399        1393        2112   yes
K    K%4    narrowfix      ladder      masked   ladder_m3        avx2   (ns per transform)  bitwise
2    2           4104        2197        3434        2233        3150   yes
4    0           1977        2017        1906        1906        3219   yes
6    2           2686        1943        2300        1878        2413   yes
8    0           1923        1894        1917        1923        3315   yes
10   2           2208        1791        2037        1796        2305   yes
12   0           1594        1612        1545        1578        3179   yes
14   2           1698        1502        1622        1396        2008   yes
16   0           1646        1739        1618        1573        3301   yes
18   2           1869        1640        1837        1623        2383   yes
30   2           1690        1544        1653        1526        2411   yes
32   0           1787        1801        1811        1783        3404   yes
62   2           1696        1574        1633        1527        2353   yes
64   0           1746        1745        1730        1809        3334   yes
