9          banked       376ms raced     mono
15         banked       353ms raced     mono
21         banked       349ms raced     mono
25         banked       352ms raced     2p
27         banked       351ms raced     mono
33         banked       350ms raced     ztt
35         banked       350ms raced     mono
39         banked       349ms raced     mono
45         banked       352ms raced     mono
49         banked       351ms raced     2p
51         banked       353ms raced     2p
55         banked       349ms raced     flat
57         banked       346ms raced     2p
63         banked       352ms raced     mono
65         banked       350ms raced     2p
69         banked       356ms raced     flat
75         banked       352ms raced     mono
77         banked       352ms raced     flat
81         banked       361ms raced     2p
85         banked       349ms raced     2p
87         banked       352ms raced     prime
91         banked       352ms raced     2p
93         banked       349ms raced     flat
95         banked       347ms raced     mono
99         banked       355ms raced     2p
105        banked       364ms raced     2p
111        banked       557ms raced     2p
115        banked       352ms raced     2p
117        banked       351ms raced     flat
119        banked       349ms raced     prime
121        banked       353ms raced     2p
123        banked       552ms raced     prime
125        banked       351ms raced     flat
129        banked       350ms raced     2p
133        banked       347ms raced     2p
135        banked       364ms raced     prime
141        banked       352ms raced     2p
143        banked       350ms raced     prime
145        banked       346ms raced     2p
147        banked       365ms raced     prime
153        banked       348ms raced     2p
155        banked       350ms raced     2p
161        banked       352ms raced     2p
165        banked       363ms raced     prime
169        banked       348ms raced     2p
171        banked       353ms raced     2p
175        banked       366ms raced     flat
185        banked       351ms raced     2p
187        banked       354ms raced     flat
189        banked       364ms raced     prime
195        banked       352ms raced     prime
203        banked       353ms raced     prime
205        banked       351ms raced     2p
207        banked       349ms raced     prime
209        banked       351ms raced     2p
215        banked       350ms raced     prime
217        banked       350ms raced     2p
221        banked       350ms raced     2p
225        banked       367ms raced     2p
231        banked       364ms raced     2p
235        banked       351ms raced     2p
243        banked       364ms raced     2p
245        banked       365ms raced     prime
247        banked       351ms raced     prime
253        banked       364ms raced     2p
255        banked       365ms raced     prime
259        banked       352ms raced     flat
261        banked       348ms raced     2p
273        banked       368ms raced     2p
275        banked       365ms raced     prime
279        banked       363ms raced     prime
285        banked       367ms raced     prime
287        banked       352ms raced     2p
289        banked       347ms raced     chain3
297        banked       367ms raced     2p
299        banked       349ms raced     prime
301        banked       356ms raced     2p
315        banked       377ms raced     prime
319        banked       354ms raced     prime
323        banked       348ms raced     2p
325        banked       363ms raced     2p
329        banked       353ms raced     2p
333        banked       349ms raced     prime
341        banked       354ms raced     2p
343        banked       364ms raced     2p
345        banked       364ms raced     2p
351        banked       366ms raced     chain3
357        banked       365ms raced     prime
361        banked       350ms raced     2p
363        banked       350ms raced     prime
369        banked       351ms raced     2p
375        banked       363ms raced     flat
377        banked       353ms raced     2p
385        banked       363ms raced     2p
387        banked       351ms raced     prime
391        banked       350ms raced     chain3
399        banked       367ms raced     prime
403        banked       351ms raced     prime
405        banked       383ms raced     prime
407        banked       353ms raced     2p
423        banked       367ms raced     prime
425        banked       362ms raced     prime
429        banked       366ms raced     prime
435        banked       364ms raced     2p
437        banked       365ms raced     prime
441        banked       378ms raced     chain3
451        banked       354ms raced     2p
455        banked       368ms raced     prime
459        banked       371ms raced     prime
465        banked       356ms raced     flat
473        banked       351ms raced     prime
475        banked       367ms raced     prime
481        banked       351ms raced     2p
483        banked       367ms raced     prime
493        banked       352ms raced     2p
495        banked       383ms raced     2p
507        banked       356ms raced     2p
513        banked       367ms raced     2p
517        banked       354ms raced     2p
525        banked       379ms raced     prime
527        banked       353ms raced     prime
529        banked       355ms raced     chain3
533        banked       356ms raced     flat
539        banked       366ms raced     prime
551        banked       365ms raced     chain3
555        banked       366ms raced     prime
559        banked       348ms raced     2p
561        banked       368ms raced     chain3
567        banked       398ms raced     prime
575        banked       370ms raced     2p
585        banked       385ms raced     prime
589        banked       356ms raced     chain3
595        banked       364ms raced     chain3
605        banked       366ms raced     prime
609        banked       363ms raced     2p
611        banked       351ms raced     prime
615        banked       365ms raced     prime
621        banked       365ms raced     2p
625        banked       367ms raced     chain3
627        banked       369ms raced     prime
629        banked       362ms raced     prime
637        banked       371ms raced     prime
645        banked       365ms raced     flat
651        banked       367ms raced     2p
663        banked       361ms raced     prime
665        banked       368ms raced     prime
667        banked       363ms raced     2p
675        banked       399ms raced     prime
693        banked       380ms raced     prime
697        banked       356ms raced     2p
703        banked       362ms raced     chain3
705        banked       365ms raced     2p
713        banked       351ms raced     prime
715        banked       364ms raced     chain3
725        banked       364ms raced     prime
729        banked       381ms raced     chain3
731        banked       354ms raced     prime
735        banked       377ms raced     prime
741        banked       368ms raced     2p
759        banked       364ms raced     prime
765        banked       381ms raced     prime
775        banked       366ms raced     2p
777        banked       370ms raced     prime
779        banked       350ms raced     prime
783        banked       366ms raced     2p
799        banked       354ms raced     chain3
805        banked       365ms raced     prime
817        banked       354ms raced     chain3
819        banked       379ms raced     prime
825        banked       379ms raced     prime
833        banked       369ms raced     2p
837        banked       361ms raced     flat
841        banked       351ms raced     chain3
845        banked       364ms raced     prime
847        banked       357ms raced     flat
851        banked       351ms raced     2p
855        banked       377ms raced     prime
861        banked       367ms raced     2p
867        banked       365ms raced     prime
875        banked       366ms raced     2p
891        banked       379ms raced     prime
893        banked       367ms raced     prime
897        banked       364ms raced     chain3
899        banked       365ms raced     prime
903        banked       364ms raced     2p
925        banked       363ms raced     chain3
931        banked       368ms raced     2p
935        banked       364ms raced     prime
943        banked       351ms raced     prime
945        banked       413ms raced     prime
957        banked       365ms raced     prime
961        banked       363ms raced     2p
969        banked       368ms raced     chain3
975        banked       386ms raced     prime
987        banked       366ms raced     2p
989        banked       352ms raced     flat
999        banked       364ms raced     prime
1001       banked       367ms raced     chain3
1015       banked       361ms raced     chain3
1023       banked       367ms raced     prime
1025       banked       367ms raced     2p
1029       banked       364ms raced     prime
1035       banked       384ms raced     flat
1045       banked       364ms raced     chain3
1053       banked       382ms raced     prime
1071       banked       383ms raced     prime
1073       banked       363ms raced     prime
1075       banked       365ms raced     prime
1081       banked       365ms raced     chain3
1083       banked       362ms raced     prime
1085       banked       367ms raced     prime
1089       banked       363ms raced     2p
1105       banked       368ms raced     flat
1107       banked       363ms raced     prime
1125       banked       411ms raced     prime
1127       banked       370ms raced     prime
1131       banked       365ms raced     prime
1147       banked       353ms raced     prime
1155       banked       396ms raced     prime
1161       banked       363ms raced     chain3
1173       banked       371ms raced     prime
1175       banked       368ms raced     prime
1183       banked       366ms raced     prime
1189       banked       353ms raced     chain3
1197       banked       380ms raced     flat
1209       banked       368ms raced     prime
1215       banked       417ms raced     prime
1221       banked       371ms raced     prime
1225       banked       366ms raced     chain3
1235       banked       361ms raced     prime
1247       banked       352ms raced     prime
1265       banked       367ms raced     prime
1269       banked       368ms raced     prime
1271       banked       368ms raced     prime
1275       banked       381ms raced     flat
1287       banked       383ms raced     prime
1295       banked       370ms raced     prime
1305       banked       379ms raced     prime
1309       banked       370ms raced     prime
1311       banked       365ms raced     prime
1323       banked       410ms raced     prime
1331       banked       355ms raced     flat
1333       banked       355ms raced     chain3
1353       banked       371ms raced     chain3
1363       banked       368ms raced     prime
1365       banked       392ms raced     flat
1369       banked       352ms raced     chain3
1375       banked       367ms raced     prime
1377       banked       382ms raced     flat
1395       banked       381ms raced     2p
1419       banked       368ms raced     prime
1421       banked       363ms raced     prime
1425       banked       379ms raced     prime
1435       banked       367ms raced     prime
1443       banked       366ms raced     prime
1445       banked       362ms raced     flat
1449       banked       377ms raced     prime
1457       banked       369ms raced     chain3
1463       banked       364ms raced     2p
1479       banked       364ms raced     prime
1485       banked       409ms raced     prime
1495       banked       370ms raced     prime
1505       banked       363ms raced     flat
1517       banked       366ms raced     prime
1519       banked       367ms raced     flat
1521       banked       363ms raced     flat
1539       banked       382ms raced     prime
1547       banked       369ms raced     prime
1551       banked       364ms raced     2p
1573       banked       364ms raced     prime
1575       banked       412ms raced     prime
1581       banked       367ms raced     prime
1587       banked       368ms raced     prime
1591       banked       364ms raced     prime
1595       banked       364ms raced     prime
1599       banked       368ms raced     2p
1615       banked       362ms raced     prime
1617       banked       378ms raced     prime
1625       banked       367ms raced     flat
1645       banked       368ms raced     prime
1653       banked       360ms raced     prime
1665       banked       383ms raced     2p
1677       banked       368ms raced     prime
1681       banked       365ms raced     chain3
1683       banked       376ms raced     flat
1701       banked       415ms raced     chain3
1705       banked       366ms raced     prime
1715       banked       364ms raced     prime
1725       banked       383ms raced     prime
1729       banked       370ms raced     2p
1739       banked       359ms raced     prime
1755       banked       412ms raced     prime
1763       banked       367ms raced     prime
1767       banked       372ms raced     prime
1771       banked       365ms raced     prime
1785       banked       398ms raced     prime
1805       banked       366ms raced     flat
1813       banked       366ms raced     prime
1815       banked       380ms raced     prime
1827       banked       383ms raced     prime
1833       banked       369ms raced     prime
1845       banked       384ms raced     prime
1849       banked       353ms raced     chain3
1859       banked       369ms raced     prime
1863       banked       384ms raced     flat
1875       banked       402ms raced     prime
1881       banked       382ms raced     flat
1885       banked       366ms raced     prime
1887       banked       367ms raced     2p
1911       banked       377ms raced     prime
1925       banked       382ms raced     flat
1927       banked       369ms raced     prime
1935       banked       380ms raced     prime
1953       banked       393ms raced     prime
1955       banked       364ms raced     prime
1989       banked       382ms raced     prime
1995       banked       399ms raced     prime
2001       banked       368ms raced     chain3
2009       banked       368ms raced     prime
2015       banked       366ms raced     prime
2021       banked       367ms raced     prime
2023       banked       363ms raced     prime
2025       banked       426ms raced     chain3
2035       banked       368ms raced     prime
