2026-09-30 18:47:29 run: 324 cells, contract out of place, bin C:\Users\Tugbars\Desktop\highSpeedFFT\gauntlet
2026-09-30 18:47:29 calibrate: 324 cells (0 already done)
2026-09-30 18:47:38   calibrated 25/324 (99), 9 s elapsed
2026-09-30 18:47:47   calibrated 50/324 (189), 19 s elapsed
2026-09-30 18:47:56   calibrated 75/324 (297), 28 s elapsed
2026-09-30 18:48:05   calibrated 100/324 (407), 37 s elapsed
2026-09-30 18:48:15   calibrated 125/324 (551), 46 s elapsed
2026-09-30 18:48:24   calibrated 150/324 (697), 56 s elapsed
2026-09-30 18:48:33   calibrated 175/324 (847), 65 s elapsed
2026-09-30 18:48:43   calibrated 200/324 (1023), 74 s elapsed
2026-09-30 18:48:52   calibrated 225/324 (1197), 84 s elapsed
2026-09-30 18:49:02   calibrated 250/324 (1395), 93 s elapsed
2026-09-30 18:49:11   calibrated 275/324 (1595), 103 s elapsed
2026-09-30 18:49:21   calibrated 300/324 (1827), 112 s elapsed
2026-09-30 18:49:30   calibrated 324/324 (2035), 122 s elapsed
2026-09-30 18:49:30 bench: 324 cells (0 already benched, 0 not banked -> not benched)
2026-09-30 18:50:10   benched 25/324 (99), 38 s elapsed
2026-09-30 18:50:52   benched 50/324 (189), 80 s elapsed
2026-09-30 18:51:35   benched 75/324 (297), 123 s elapsed
2026-09-30 18:52:20   benched 100/324 (407), 168 s elapsed
2026-09-30 18:53:05   benched 125/324 (551), 213 s elapsed
2026-09-30 18:53:49   benched 150/324 (697), 258 s elapsed
2026-09-30 18:54:35   benched 175/324 (847), 303 s elapsed
2026-09-30 18:55:23   benched 200/324 (1023), 351 s elapsed
2026-09-30 18:56:09   benched 225/324 (1197), 397 s elapsed
2026-09-30 18:56:55   benched 250/324 (1395), 444 s elapsed
2026-09-30 18:57:43   benched 275/324 (1595), 491 s elapsed
2026-09-30 18:58:31   benched 300/324 (1827), 539 s elapsed
2026-09-30 18:59:17   benched 324/324 (2035), 585 s elapsed
2026-09-30 18:59:18 report: C:\Users\Tugbars\Desktop\highSpeedFFT\gauntlet\results\zrf_odd_c2r_2026-09-30\report_c2r.md
2026-09-30 19:00:16 merge: 0 cells, contract out of place, bin C:\Users\Tugbars\Desktop\highSpeedFFT\gauntlet
2026-09-30 19:00:16 merged into C:\Users\Tugbars\Desktop\highSpeedFFT\src\wisdom
