2x2x2      banked      1962ms raced     mono
2x2x4      banked      1901ms raced     mono
2x2x8      banked      1917ms raced     mono
2x2x16     banked      3739ms raced     2p
2x2x32     banked      6566ms raced     2p
2x2x64     banked      7334ms raced     2p
2x2x128    banked      5605ms raced     2p
2x2x256    banked      6182ms raced     2p
2x2x512    banked      7029ms raced     2p
2x2x1024   banked      9190ms raced     ztt
2x2x2048   banked     10712ms raced     ztt
2x2x4096   banked     21472ms raced     ztt
2x2x8192   banked     27721ms raced     ztt
2x4x2      banked      1888ms raced     mono
2x4x4      banked      1892ms raced     mono
2x4x8      banked      1903ms raced     mono
2x4x16     banked      3735ms raced     2p
2x4x32     banked      3011ms raced     2p
2x4x64     banked      7881ms raced     2p
2x4x128    banked     11600ms raced     2p
2x4x256    banked      6152ms raced     2p
2x4x512    banked      7009ms raced     2p
2x4x1024   banked      9175ms raced     ztt
2x4x2048   banked     10711ms raced     ztt
2x4x4096   banked     21414ms raced     ztt
2x4x8192   banked     27545ms raced     ztt
2x8x2      banked      1904ms raced     mono
2x8x4      banked      1917ms raced     mono
2x8x8      banked      1931ms raced     mono
2x8x16     banked      3736ms raced     2p
2x8x32     banked      6550ms raced     2p
2x8x64     banked      7424ms raced     2p
2x8x128    banked      5849ms raced     2p
2x8x256    banked      6142ms raced     2p
2x8x512    banked      7060ms raced     2p
2x8x1024   banked      9195ms raced     ztt
2x8x2048   banked     10715ms raced     ztt
2x8x4096   banked     21481ms raced     ztt
2x8x8192   banked     55539ms raced     ztt
2x16x2     banked      2944ms raced     mono
2x16x4     banked      2964ms raced     mono
2x16x8     banked      2934ms raced     mono
2x16x16    banked      4832ms raced     2p
2x16x32    banked      7680ms raced     2p
2x16x64    banked      3260ms raced     2p
2x16x128   banked      5622ms raced     2p
2x16x256   banked     12551ms raced     2p
2x16x512   banked     14175ms raced     2p
2x16x1024  banked     18110ms raced     ztt
2x16x2048  banked     21374ms raced     ztt
2x16x4096  banked     42938ms raced     ztt
2x16x8192  banked     55371ms raced     ztt
2x32x2     banked      4410ms raced     mono
2x32x4     banked      4429ms raced     mono
2x32x8     banked      4409ms raced     mono
2x32x16    banked      6259ms raced     2p
2x32x32    banked      9124ms raced     2p
2x32x64    banked      9966ms raced     2p
2x32x128   banked     11312ms raced     2p
2x32x256   banked     12519ms raced     2p
2x32x512   banked     14100ms raced     2p
2x32x1024  banked     18309ms raced     ztt
2x32x2048  banked     21444ms raced     ztt
2x32x4096  banked     42935ms raced     ztt
2x32x8192  banked     27964ms raced     ztt
2x64x2     banked      4477ms raced     mono
2x64x4     banked      4460ms raced     mono
2x64x8     banked      4480ms raced     mono
2x64x16    banked      6295ms raced     2p
2x64x32    banked      9152ms raced     2p
2x64x64    banked     10045ms raced     2p
2x64x128   banked      5601ms raced     2p
2x64x256   banked      5237ms raced     ztt
2x64x512   banked     14171ms raced     2p
2x64x1024  banked      8929ms raced     ztt
2x64x2048  banked     10772ms raced     ztt
2x64x4096  banked     21448ms raced     ztt
2x64x8192  banked     27552ms raced     ztt
2x128x2    banked      7012ms raced     mono
2x128x4    banked      6749ms raced     mono
2x128x8    banked      6788ms raced     mono
2x128x16   banked      7897ms raced     2p
2x128x32   banked      9233ms raced     2p
2x128x64   banked      3219ms raced     2p
2x128x128  banked      5852ms raced     2p
2x128x256  banked      7015ms raced     2p
2x128x512  banked      6988ms raced     2p
2x128x1024 banked      8957ms raced     ztt
2x128x2048 banked     10748ms raced     ztt
2x128x4096 banked     21468ms raced     ztt
2x128x8192 banked     29323ms raced     ztt
2x256x2    banked      7408ms raced     mono
2x256x4    banked      7379ms raced     mono
2x256x8    banked      7367ms raced     mono
2x256x16   banked      8487ms raced     2p
2x256x32   banked      9820ms raced     2p
2x256x64   banked     10094ms raced     2p
2x256x128  banked      5591ms raced     2p
2x256x256  banked      6672ms raced     2p
2x256x512  banked      7043ms raced     2p
2x256x1024 banked      9202ms raced     ztt
2x256x2048 banked     10693ms raced     ztt
2x256x4096 banked     24036ms raced     ztt
2x256x8192 banked     32905ms raced     ztt
2x512x2    banked      8473ms raced     mono
2x512x4    banked      8652ms raced     mono
2x512x8    banked      8462ms raced     mono
2x512x16   banked      9571ms raced     2p
2x512x32   banked     10940ms raced     2p
2x512x64   banked     11155ms raced     2p
2x512x128  banked      5604ms raced     2p
2x512x256  banked      6206ms raced     2p
2x512x512  banked      7014ms raced     2p
2x512x1024 banked      8906ms raced     ztt
2x512x2048 banked     10666ms raced     ztt
2x512x4096 banked     29538ms raced     ztt
2x1024x2   banked     10716ms raced     mono
2x1024x4   banked     10993ms raced     mono
2x1024x8   banked     11217ms raced     mono
2x1024x16  banked     12252ms raced     2p
2x1024x32  banked     13558ms raced     2p
2x1024x64  banked     13635ms raced     2p
2x1024x128 banked      5862ms raced     2p
2x1024x256 banked      8386ms raced     2p
2x1024x512 banked      9941ms raced     2p
2x1024x1024 banked     15142ms raced     ztt
2x1024x2048 banked     23043ms raced     ztt
2x2048x2   banked     12916ms raced     mono
2x2048x4   banked     12838ms raced     mono
2x2048x8   banked     12875ms raced     mono
2x2048x16  banked     13904ms raced     2p
2x2048x32  banked     15482ms raced     2p
2x2048x64  banked      3270ms raced     2p
2x2048x128 banked      8208ms raced     2p
2x2048x256 banked     10343ms raced     2p
2x2048x512 banked     13587ms raced     ztt
2x2048x1024 banked      9148ms raced     ztt
2x4096x2   banked     24172ms raced     mono
2x4096x4   banked     24119ms raced     mono
2x4096x8   banked     24361ms raced     mono
2x4096x16  banked     25610ms raced     2p
2x4096x32  banked     27317ms raced     2p
2x4096x64  banked     28159ms raced     2p
2x4096x128 banked     11067ms raced     2p
2x4096x256 banked     17673ms raced     2p
2x4096x512 banked     30074ms raced     2p
2x8192x2   banked     30762ms raced     mono
2x8192x4   banked     30722ms raced     mono
2x8192x8   banked     30816ms raced     mono
2x8192x16  banked     32384ms raced     2p
2x8192x32  banked     34708ms raced     2p
2x8192x64  banked     37527ms raced     2p
2x8192x128 banked     19614ms raced     2p
2x8192x256 banked     35741ms raced     ztt
4x2x2      banked      1920ms raced     mono
4x2x4      banked      1920ms raced     mono
4x2x8      banked      1915ms raced     mono
4x2x16     banked      3775ms raced     2p
4x2x32     banked      6599ms raced     2p
4x2x64     banked      3238ms raced     2p
4x2x128    banked     11208ms raced     2p
4x2x256    banked      6156ms raced     2p
4x2x512    banked      7006ms raced     2p
4x2x1024   banked      8889ms raced     ztt
4x2x2048   banked     10828ms raced     ztt
4x2x4096   banked     21433ms raced     ztt
4x2x8192   banked     27804ms raced     ztt
4x4x2      banked      1906ms raced     mono
4x4x4      banked      1934ms raced     mono
4x4x8      banked      1914ms raced     mono
4x4x16     banked      3756ms raced     2p
4x4x32     banked      3013ms raced     2p
4x4x64     banked      7410ms raced     2p
4x4x128    banked      5845ms raced     2p
4x4x256    banked      6164ms raced     2p
4x4x512    banked      7011ms raced     2p
4x4x1024   banked      8996ms raced     ztt
4x4x2048   banked     10727ms raced     ztt
4x4x4096   banked     21450ms raced     ztt
4x4x8192   banked     27777ms raced     ztt
4x8x2      banked      1912ms raced     mono
4x8x4      banked      1905ms raced     mono
4x8x8      banked      1915ms raced     mono
4x8x16     banked      3728ms raced     2p
4x8x32     banked      6567ms raced     2p
4x8x64     banked      7381ms raced     2p
4x8x128    banked      5634ms raced     2p
4x8x256    banked      6195ms raced     2p
4x8x512    banked      7025ms raced     2p
4x8x1024   banked      9185ms raced     ztt
4x8x2048   banked     10770ms raced     ztt
4x8x4096   banked     21427ms raced     ztt
4x8x8192   banked     27545ms raced     ztt
4x16x2     banked      2938ms raced     mono
4x16x4     banked      2954ms raced     mono
4x16x8     banked      2941ms raced     mono
4x16x16    banked      4800ms raced     2p
4x16x32    banked      7578ms raced     2p
4x16x64    banked      8394ms raced     2p
4x16x128   banked      5615ms raced     2p
4x16x256   banked     12522ms raced     2p
4x16x512   banked     14115ms raced     2p
4x16x1024  banked     18413ms raced     ztt
4x16x2048  banked     21250ms raced     ztt
4x16x4096  banked     42929ms raced     ztt
4x16x8192  banked     55266ms raced     ztt
4x32x2     banked      4406ms raced     mono
4x32x4     banked      4419ms raced     mono
4x32x8     banked      4422ms raced     mono
4x32x16    banked      6294ms raced     2p
4x32x32    banked      9124ms raced     2p
4x32x64    banked      9970ms raced     2p
4x32x128   banked     11675ms raced     2p
4x32x256   banked     12986ms raced     2p
4x32x512   banked     12655ms raced     ztt
4x32x1024  banked     18169ms raced     ztt
4x32x2048  banked     21660ms raced     ztt
4x32x4096  banked     42964ms raced     ztt
4x32x8192  banked     27732ms raced     ztt
4x64x2     banked      4503ms raced     mono
4x64x4     banked      4463ms raced     mono
4x64x8     banked      4488ms raced     mono
4x64x16    banked      6335ms raced     2p
4x64x32    banked      9147ms raced     2p
4x64x64    banked     10041ms raced     2p
4x64x128   banked      5614ms raced     2p
4x64x256   banked      6160ms raced     2p
4x64x512   banked     14172ms raced     2p
4x64x1024  banked      9172ms raced     ztt
4x64x2048  banked     21246ms raced     ztt
4x64x4096  banked     21477ms raced     ztt
4x64x8192  banked     27756ms raced     ztt
4x128x2    banked      7051ms raced     mono
4x128x4    banked      7242ms raced     mono
4x128x8    banked      6815ms raced     mono
4x128x16   banked      7917ms raced     2p
4x128x32   banked      9179ms raced     2p
4x128x64   banked      9698ms raced     2p
4x128x128  banked      6311ms raced     2p
4x128x256  banked      7023ms raced     2p
4x128x512  banked      5601ms raced     ztt
4x128x1024 banked      8987ms raced     ztt
4x128x2048 banked     10718ms raced     ztt
4x128x4096 banked     22526ms raced     ztt
4x128x8192 banked     29333ms raced     ztt
4x256x2    banked      7367ms raced     mono
4x256x4    banked      7313ms raced     mono
4x256x8    banked      7340ms raced     mono
4x256x16   banked      8465ms raced     2p
4x256x32   banked      9865ms raced     2p
4x256x64   banked     10133ms raced     2p
4x256x128  banked      5603ms raced     2p
4x256x256  banked      6662ms raced     2p
4x256x512  banked      7062ms raced     2p
4x256x1024 banked      9088ms raced     ztt
4x256x2048 banked     12079ms raced     ztt
4x256x4096 banked     23967ms raced     ztt
4x512x2    banked      8449ms raced     mono
4x512x4    banked      8117ms raced     mono
4x512x8    banked      8432ms raced     mono
4x512x16   banked      9542ms raced     2p
4x512x32   banked     10935ms raced     2p
4x512x64   banked     11141ms raced     2p
4x512x128  banked      5617ms raced     2p
4x512x256  banked      6189ms raced     2p
4x512x512  banked      8440ms raced     2p
4x512x1024 banked     10823ms raced     ztt
4x512x2048 banked     14534ms raced     ztt
4x1024x2   banked     11172ms raced     mono
4x1024x4   banked     11019ms raced     mono
4x1024x8   banked     11142ms raced     mono
4x1024x16  banked     11887ms raced     2p
4x1024x32  banked     13459ms raced     2p
4x1024x64  banked     13651ms raced     2p
4x1024x128 banked      7232ms raced     2p
4x1024x256 banked      8403ms raced     2p
4x1024x512 banked      9943ms raced     2p
4x1024x1024 banked     14955ms raced     ztt
4x2048x2   banked     12904ms raced     mono
4x2048x4   banked     12865ms raced     mono
4x2048x8   banked     12852ms raced     mono
4x2048x16  banked     14176ms raced     2p
4x2048x32  banked     15450ms raced     2p
4x2048x64  banked     16582ms raced     2p
4x2048x128 banked      8249ms raced     2p
4x2048x256 banked     10400ms raced     2p
4x2048x512 banked     15046ms raced     2p
4x4096x2   banked     24151ms raced     mono
4x4096x4   banked     24011ms raced     mono
4x4096x8   banked     24291ms raced     mono
4x4096x16  banked     25420ms raced     2p
4x4096x32  banked     27146ms raced     2p
4x4096x64  banked     29018ms raced     2p
4x4096x128 banked     11126ms raced     2p
4x4096x256 banked     17548ms raced     2p
4x8192x2   banked     30738ms raced     mono
4x8192x4   banked     30519ms raced     mono
4x8192x8   banked     30828ms raced     mono
4x8192x16  banked     32695ms raced     2p
4x8192x32  banked     34975ms raced     2p
4x8192x64  banked     37802ms raced     2p
4x8192x128 banked     19413ms raced     2p
8x2x2      banked      1925ms raced     mono
8x2x4      banked      1918ms raced     mono
8x2x8      banked      1922ms raced     mono
8x2x16     banked      3779ms raced     2p
8x2x32     banked      6596ms raced     2p
8x2x64     banked      7378ms raced     2p
8x2x128    banked      5848ms raced     2p
8x2x256    banked     12486ms raced     2p
8x2x512    banked      7031ms raced     2p
8x2x1024   banked      8979ms raced     ztt
8x2x2048   banked     10685ms raced     ztt
8x2x4096   banked     21487ms raced     ztt
8x2x8192   banked     27392ms raced     ztt
8x4x2      banked      1912ms raced     mono
8x4x4      banked      1920ms raced     mono
8x4x8      banked      1904ms raced     mono
8x4x16     banked      3750ms raced     2p
8x4x32     banked      6606ms raced     2p
8x4x64     banked      7359ms raced     2p
8x4x128    banked      5620ms raced     2p
8x4x256    banked      6180ms raced     2p
8x4x512    banked      7059ms raced     2p
8x4x1024   banked      9131ms raced     ztt
8x4x2048   banked     10754ms raced     ztt
8x4x4096   banked     21533ms raced     ztt
8x4x8192   banked     27548ms raced     ztt
8x8x2      banked      1911ms raced     mono
8x8x4      banked      1930ms raced     mono
8x8x8      banked      1906ms raced     mono
8x8x16     banked      3728ms raced     2p
8x8x32     banked      6546ms raced     2p
8x8x64     banked      7409ms raced     2p
8x8x128    banked      5869ms raced     2p
8x8x256    banked      6197ms raced     2p
8x8x512    banked      7002ms raced     2p
8x8x1024   banked      9012ms raced     ztt
8x8x2048   banked     10623ms raced     ztt
8x8x4096   banked     21608ms raced     ztt
8x8x8192   banked     55560ms raced     ztt
8x16x2     banked      2953ms raced     mono
8x16x4     banked      2955ms raced     mono
8x16x8     banked      3014ms raced     mono
8x16x16    banked      4783ms raced     2p
8x16x32    banked      7613ms raced     2p
8x16x64    banked      8424ms raced     2p
8x16x128   banked      5594ms raced     2p
8x16x256   banked     12518ms raced     2p
8x16x512   banked     14064ms raced     2p
8x16x1024  banked     18326ms raced     ztt
8x16x2048  banked     21221ms raced     ztt
8x16x4096  banked     42807ms raced     ztt
8x16x8192  banked     55292ms raced     ztt
8x32x2     banked      4446ms raced     mono
8x32x4     banked      4471ms raced     mono
8x32x8     banked      4426ms raced     mono
8x32x16    banked      6269ms raced     2p
8x32x32    banked      9146ms raced     2p
8x32x64    banked      9731ms raced     2p
8x32x128   banked     11627ms raced     2p
8x32x256   banked     12529ms raced     2p
8x32x512   banked     14189ms raced     2p
8x32x1024  banked     18170ms raced     ztt
8x32x2048  banked     21749ms raced     ztt
8x32x4096  banked     21524ms raced     ztt
8x32x8192  banked     27644ms raced     ztt
8x64x2     banked      4477ms raced     mono
8x64x4     banked      4479ms raced     mono
8x64x8     banked      4461ms raced     mono
8x64x16    banked      6335ms raced     2p
8x64x32    banked      9175ms raced     2p
8x64x64    banked     10024ms raced     2p
8x64x128   banked     11634ms raced     2p
8x64x256   banked     12598ms raced     2p
8x64x512   banked     14117ms raced     2p
8x64x1024  banked      9000ms raced     ztt
8x64x2048  banked     21155ms raced     ztt
8x64x4096  banked     21327ms raced     ztt
8x64x8192  banked     27482ms raced     ztt
8x128x2    banked      7099ms raced     mono
8x128x4    banked      6768ms raced     mono
8x128x8    banked      6763ms raced     mono
8x128x16   banked      7918ms raced     2p
8x128x32   banked      9489ms raced     2p
8x128x64   banked      9476ms raced     2p
8x128x128  banked      5587ms raced     2p
8x128x256  banked      7027ms raced     2p
8x128x512  banked      7048ms raced     2p
8x128x1024 banked      8942ms raced     ztt
8x128x2048 banked     10697ms raced     ztt
8x128x4096 banked     22543ms raced     ztt
8x256x2    banked      7370ms raced     mono
8x256x4    banked      7389ms raced     mono
8x256x8    banked      7363ms raced     mono
8x256x16   banked      8432ms raced     2p
8x256x32   banked      9801ms raced     2p
8x256x64   banked     10104ms raced     2p
8x256x128  banked      5657ms raced     2p
8x256x256  banked      6202ms raced     2p
8x256x512  banked      7055ms raced     2p
8x256x1024 banked      9093ms raced     ztt
8x256x2048 banked     12052ms raced     ztt
8x512x2    banked      8478ms raced     mono
8x512x4    banked      8650ms raced     mono
8x512x8    banked      8437ms raced     mono
8x512x16   banked      9634ms raced     2p
8x512x32   banked     10870ms raced     2p
8x512x64   banked     11177ms raced     2p
8x512x128  banked      5608ms raced     2p
8x512x256  banked      6160ms raced     2p
8x512x512  banked      7022ms raced     2p
8x512x1024 banked     11080ms raced     ztt
8x1024x2   banked     11109ms raced     mono
8x1024x4   banked     10691ms raced     mono
8x1024x8   banked     10716ms raced     mono
8x1024x16  banked     12161ms raced     2p
8x1024x32  banked     13221ms raced     2p
8x1024x64  banked      3244ms raced     2p
8x1024x128 banked      5843ms raced     2p
8x1024x256 banked      8369ms raced     2p
8x1024x512 banked      9929ms raced     2p
8x2048x2   banked     12905ms raced     mono
8x2048x4   banked     12899ms raced     mono
8x2048x8   banked     12854ms raced     mono
8x2048x16  banked     14026ms raced     2p
8x2048x32  banked     15651ms raced     2p
8x2048x64  banked     15843ms raced     2p
8x2048x128 banked      5641ms raced     2p
8x2048x256 banked     10268ms raced     2p
8x4096x2   banked     24174ms raced     mono
8x4096x4   banked     23991ms raced     mono
8x4096x8   banked     24101ms raced     mono
8x4096x16  banked     25638ms raced     2p
8x4096x32  banked     27418ms raced     2p
8x4096x64  banked     28134ms raced     2p
8x4096x128 banked     11050ms raced     2p
8x8192x2   banked     30619ms raced     mono
8x8192x4   banked     31059ms raced     mono
8x8192x8   banked     30818ms raced     mono
8x8192x16  banked     32635ms raced     2p
8x8192x32  banked     35114ms raced     2p
8x8192x64  banked     37449ms raced     2p
16x2x2     banked      1939ms raced     mono
16x2x4     banked      1921ms raced     mono
16x2x8     banked      1930ms raced     mono
16x2x16    banked      3763ms raced     2p
16x2x32    banked      6616ms raced     2p
16x2x64    banked      7349ms raced     2p
16x2x128   banked     11237ms raced     2p
16x2x256   banked      6150ms raced     2p
16x2x512   banked      6988ms raced     2p
16x2x1024  banked      9144ms raced     ztt
16x2x2048  banked     21219ms raced     ztt
16x2x4096  banked     42643ms raced     ztt
16x2x8192  banked     27801ms raced     ztt
16x4x2     banked      1939ms raced     mono
16x4x4     banked      1933ms raced     mono
16x4x8     banked      1916ms raced     mono
16x4x16    banked      3751ms raced     2p
16x4x32    banked      6591ms raced     2p
16x4x64    banked      3237ms raced     2p
16x4x128   banked      5623ms raced     2p
16x4x256   banked      6159ms raced     2p
16x4x512   banked      7039ms raced     2p
16x4x1024  banked     18107ms raced     ztt
16x4x2048  banked     21239ms raced     ztt
16x4x4096  banked     43027ms raced     ztt
16x4x8192  banked     27513ms raced     ztt
16x8x2     banked      1924ms raced     mono
16x8x4     banked      1922ms raced     mono
16x8x8     banked      1927ms raced     mono
16x8x16    banked      3755ms raced     2p
16x8x32    banked      6574ms raced     2p
16x8x64    banked      3258ms raced     2p
16x8x128   banked      5609ms raced     2p
16x8x256   banked      6164ms raced     2p
16x8x512   banked      7019ms raced     2p
16x8x1024  banked      9015ms raced     ztt
16x8x2048  banked     21130ms raced     ztt
16x8x4096  banked     21427ms raced     ztt
16x8x8192  banked     27973ms raced     ztt
16x16x2    banked      3041ms raced     mono
16x16x4    banked      2976ms raced     mono
16x16x8    banked      2990ms raced     mono
16x16x16   banked       156ms replayed  2p
16x16x32   banked      7607ms raced     2p
16x16x64   banked      8459ms raced     2p
16x16x128  banked      5606ms raced     2p
16x16x256  banked     12497ms raced     2p
16x16x512  banked     14067ms raced     2p
16x16x1024 banked     18033ms raced     ztt
16x16x2048 banked     21453ms raced     ztt
16x16x4096 banked     42875ms raced     ztt
16x16x8192 banked     55347ms raced     ztt
16x32x2    banked      4443ms raced     mono
16x32x4    banked      4477ms raced     mono
16x32x8    banked      4400ms raced     mono
16x32x16   banked      6086ms raced     2p
16x32x32   banked      9119ms raced     2p
16x32x64   banked      9808ms raced     2p
16x32x128  banked     11638ms raced     2p
16x32x256  banked     12583ms raced     2p
16x32x512  banked     14147ms raced     2p
16x32x1024 banked     18129ms raced     ztt
16x32x2048 banked     21581ms raced     ztt
16x32x4096 banked     42714ms raced     ztt
16x32x8192 banked     55529ms raced     ztt
16x64x2    banked      4568ms raced     mono
16x64x4    banked      4470ms raced     mono
16x64x8    banked      4461ms raced     mono
16x64x16   banked      6832ms raced     2p
16x64x32   banked      9254ms raced     2p
16x64x64   banked     10065ms raced     2p
16x64x128  banked      5875ms raced     2p
16x64x256  banked      6688ms raced     2p
16x64x512  banked      7054ms raced     2p
16x64x1024 banked      9192ms raced     ztt
16x64x2048 banked     10744ms raced     ztt
