2x2        banked       344ms raced     chain
2x4        banked       303ms raced     chain
2x8        banked       275ms raced     chain
2x16       banked       300ms raced     chain
2x32       banked       301ms raced     chain
2x64       banked       308ms raced     chain
2x128      banked       278ms raced     chain
2x256      banked       321ms raced     chain
2x512      banked       289ms raced     chain
2x1024     banked       293ms raced     chain
2x2048     banked       293ms raced     chain
2x4096     banked       292ms raced     chain
2x8192     banked      8056ms raced     chain
4x2        banked       290ms raced     chain
4x4        banked       287ms raced     chain
4x8        banked       285ms raced     chain
4x16       banked       285ms raced     chain
4x32       banked       302ms raced     chain
4x64       banked       316ms raced     chain
4x128      banked       279ms raced     chain
4x256      banked       320ms raced     chain
4x512      banked       292ms raced     chain
4x1024     banked       287ms raced     chain
4x2048     banked       293ms raced     chain
4x4096     banked       286ms raced     chain
4x8192     banked       292ms raced     chain
8x2        banked       302ms raced     chain
8x4        banked       297ms raced     chain
8x8        banked       287ms raced     chain
8x16       banked       304ms raced     chain
8x32       banked       313ms raced     chain
8x64       banked       317ms raced     chain
8x128      banked       284ms raced     chain
8x256      banked       333ms raced     chain
8x512      banked       297ms raced     chain
8x1024     banked       288ms raced     chain
8x2048     banked       301ms raced     chain
8x4096     banked       300ms raced     chain
8x8192     banked       294ms raced     chain
16x2       banked       290ms raced     chain
16x4       banked       283ms raced     chain
16x8       banked       286ms raced     chain
16x16      banked       298ms raced     chain
16x32      banked       320ms raced     chain
16x64      banked       325ms raced     chain
16x128     banked       287ms raced     chain
16x256     banked       429ms raced     chain
16x512     banked       324ms raced     chain
16x1024    banked       314ms raced     chain
16x2048    banked       306ms raced     chain
16x4096    banked       303ms raced     chain
16x8192    banked       309ms raced     chain
32x2       banked       516ms raced     chain
32x4       banked       503ms raced     chain
32x8       banked       504ms raced     chain
32x16      banked       530ms raced     chain
32x32      banked       532ms raced     chain
32x64      banked       554ms raced     chain
32x128     banked       522ms raced     chain
32x256     banked       640ms raced     chain
32x512     banked       518ms raced     chain
32x1024    banked       531ms raced     chain
32x2048    banked       522ms raced     chain
32x4096    banked       521ms raced     chain
32x8192    banked       329ms raced     chain
64x2       banked       517ms raced     chain
64x4       banked       503ms raced     chain
64x8       banked       491ms raced     chain
64x16      banked       527ms raced     chain
64x32      banked       542ms raced     chain
64x64      banked       614ms raced     chain
64x128     banked       513ms raced     chain
64x256     banked       642ms raced     chain
64x512     banked       532ms raced     chain
64x1024    banked       322ms raced     chain
64x2048    banked       536ms raced     chain
64x4096    banked       348ms raced     chain
64x8192    banked       399ms raced     chain
128x2      banked       485ms raced     chain
128x4      banked       345ms raced     chain
128x8      banked       358ms raced     chain
128x16     banked       791ms raced     chain
128x32     banked       899ms raced     chain
128x64     banked       746ms raced     chain
128x128    banked       565ms raced     chain
128x256    banked       746ms raced     chain
128x512    banked       335ms raced     chain
128x1024   banked       354ms raced     chain
128x2048   banked       360ms raced     chain
128x4096   banked       427ms raced     chain
128x8192   banked       579ms raced     chain
256x2      banked       627ms raced     chain
256x4      banked       339ms raced     chain
256x8      banked       336ms raced     chain
256x16     banked       647ms raced     chain
256x32     banked       683ms raced     chain
256x64     banked       742ms raced     chain
256x128    banked       553ms raced     chain
256x256    banked       472ms raced     chain
256x512    banked       361ms raced     chain
256x1024   banked       373ms raced     chain
256x2048   banked       469ms raced     chain
256x4096   banked       679ms raced     chain
256x8192   banked      1298ms raced     chain
512x2      banked       689ms raced     chain
512x4      banked       654ms raced     chain
512x8      banked       689ms raced     chain
512x16     banked       662ms raced     chain
512x32     banked       893ms raced     chain
512x64     banked       598ms raced     chain
512x128    banked       342ms raced     chain
512x256    banked       528ms raced     chain
512x512    banked       400ms raced     chain
512x1024   banked       489ms raced     chain
512x2048   banked       770ms raced     chain
512x4096   banked      1461ms raced     chain
512x8192   banked      2812ms raced     chain
1024x2     banked       791ms raced     chain
1024x4     banked       860ms raced     chain
1024x8     banked       562ms raced     chain
1024x16    banked       478ms raced     chain
1024x32    banked       699ms raced     chain
1024x64    banked       556ms raced     chain
1024x128   banked       360ms raced     chain
1024x256   banked       541ms raced     chain
1024x512   banked       503ms raced     chain
1024x1024  banked       794ms raced     chain
1024x2048  banked      1520ms raced     chain
1024x4096  banked      2936ms raced     chain
2048x2     banked       802ms raced     chain
2048x4     banked       782ms raced     chain
2048x8     banked       580ms raced     chain
2048x16    banked       787ms raced     chain
2048x32    banked       753ms raced     chain
2048x64    banked       664ms raced     chain
2048x128   banked       409ms raced     chain
2048x256   banked       724ms raced     chain
2048x512   banked       846ms raced     chain
2048x1024  banked      1678ms raced     chain
2048x2048  banked      3644ms raced     chain
4096x2     banked       798ms raced     chain
4096x4     banked       605ms raced     chain
4096x8     banked       847ms raced     chain
4096x16    banked       725ms raced     chain
4096x32    banked       843ms raced     chain
4096x64    banked      1060ms raced     chain
4096x128   banked       737ms raced     chain
4096x256   banked      1645ms raced     chain
4096x512   banked      2031ms raced     chain
4096x1024  banked      3954ms raced     chain
8192x2     banked       901ms raced     chain
8192x4     banked       832ms raced     chain
8192x8     banked       643ms raced     chain
8192x16    banked       798ms raced     chain
8192x32    banked       891ms raced     chain
8192x64    banked      1228ms raced     chain
8192x128   banked      1119ms raced     chain
8192x256   banked      3199ms raced     chain
8192x512   banked      4061ms raced     chain
