2x2x2      banked      1325ms replayed  chain
2x16x2048  banked      4803ms raced     chain
2x32x512   banked      3440ms raced     chain
2x64x512   banked      3478ms raced     chain
2x128x4096 banked      7719ms raced     chain
2x128x8192 banked      9551ms raced     chain
2x256x128  banked      3127ms raced     chain
2x256x2048 banked      5061ms raced     chain
2x256x4096 banked      8222ms raced     chain
2x256x8192 banked     11079ms raced     chain
2x512x2048 banked      5645ms raced     chain
2x512x4096 banked      9940ms raced     chain
2x1024x32  banked      2629ms raced     chain
2x1024x2048 banked      7420ms raced     chain
2x2048x128 banked      2881ms raced     chain
2x2048x512 banked      4467ms raced     chain
2x2048x1024 banked      6678ms raced     chain
2x4096x16  banked      2444ms raced     chain
2x4096x128 banked      3636ms raced     chain
2x4096x256 banked      5016ms raced     chain
2x8192x16  banked      2908ms raced     chain
2x8192x64  banked      3730ms raced     chain
2x8192x128 banked      4463ms raced     chain
2x8192x256 banked      8129ms raced     chain
4x4x4      banked      1266ms replayed  chain
4x32x8192  banked      9271ms raced     chain
4x64x8192  banked      9217ms raced     chain
4x128x2048 banked      4585ms raced     chain
4x128x4096 banked      8046ms raced     chain
4x128x8192 banked      9803ms raced     chain
4x256x1024 banked      4141ms raced     chain
4x256x2048 banked      5104ms raced     chain
4x256x4096 banked      8410ms raced     chain
4x512x32   banked      2195ms raced     chain
4x512x512  banked      3577ms raced     chain
4x512x1024 banked      4384ms raced     chain
4x512x2048 banked      5952ms raced     chain
4x1024x16  banked      1831ms raced     chain
4x1024x256 banked      3328ms raced     chain
4x1024x512 banked      3821ms raced     chain
4x1024x1024 banked      5032ms raced     chain
4x2048x128 banked      2908ms raced     chain
4x2048x256 banked      4084ms raced     chain
4x2048x512 banked      4713ms raced     chain
4x4096x4   banked      1761ms raced     chain
4x4096x8   banked      2150ms raced     chain
4x4096x16  banked      2779ms raced     chain
4x4096x64  banked      2997ms raced     chain
4x4096x128 banked      3747ms raced     chain
4x4096x256 banked      5287ms raced     chain
4x8192x16  banked      2452ms raced     chain
4x8192x32  banked      3219ms raced     chain
4x8192x64  banked      3601ms raced     chain
4x8192x128 banked      4757ms raced     chain
8x8x8      banked      1258ms raced     chain
8x16x8192  banked      8963ms raced     chain
8x32x256   banked      3151ms raced     chain
8x32x8192  banked      9435ms raced     chain
8x64x512   banked      3391ms raced     chain
8x64x4096  banked      7729ms raced     chain
8x64x8192  banked      9636ms raced     chain
8x128x512  banked      3437ms raced     chain
8x128x1024 banked      3968ms raced     chain
8x128x2048 banked      5004ms raced     chain
8x128x4096 banked      8107ms raced     chain
8x256x512  banked      3483ms raced     chain
8x256x1024 banked      4298ms raced     chain
8x256x2048 banked      5556ms raced     chain
8x512x16   banked      1765ms raced     chain
8x512x256  banked      3209ms raced     chain
8x512x512  banked      3704ms raced     chain
8x512x1024 banked      4839ms raced     chain
8x1024x128 banked      2808ms raced     chain
8x1024x256 banked      3484ms raced     chain
8x1024x512 banked      4204ms raced     chain
8x2048x16  banked      2134ms raced     chain
8x2048x64  banked      2906ms raced     chain
8x2048x128 banked      3081ms raced     chain
8x2048x256 banked      4274ms raced     chain
8x4096x2   banked      1519ms raced     chain
8x4096x16  banked      2570ms raced     chain
8x4096x32  banked      3152ms raced     chain
8x4096x64  banked      3223ms raced     chain
8x4096x128 banked      4222ms raced     chain
8x8192x16  banked      2532ms raced     chain
8x8192x32  banked      3340ms raced     chain
8x8192x64  banked      4361ms raced     chain
16x2x128   banked      2607ms raced     chain
16x2x256   banked      2991ms raced     chain
16x2x512   banked      3407ms raced     chain
16x2x1024  banked      4087ms raced     chain
16x2x2048  banked      4885ms raced     chain
16x2x4096  banked      7503ms raced     chain
16x4x64    banked      1975ms raced     chain
16x4x128   banked      2937ms raced     chain
16x4x256   banked      3079ms raced     chain
16x4x512   banked      3455ms raced     chain
16x4x1024  banked      4076ms raced     chain
16x4x2048  banked      4861ms raced     chain
16x4x4096  banked      7507ms raced     chain
16x8x32    banked      1993ms raced     chain
16x8x64    banked      2003ms raced     chain
16x8x128   banked      2717ms raced     chain
16x8x512   banked      3486ms raced     chain
16x8x1024  banked      3900ms raced     chain
16x8x2048  banked      4862ms raced     chain
16x8x4096  banked      7564ms raced     chain
16x16x16   banked      1686ms raced     chain
16x16x32   banked      1995ms raced     chain
16x16x64   banked      2054ms raced     chain
16x16x128  banked      2788ms raced     chain
16x16x256  banked      3244ms raced     chain
16x16x512  banked      3280ms raced     chain
16x16x1024 banked      3951ms raced     chain
16x16x8192 banked      9741ms raced     chain
16x32x8    banked      1765ms raced     chain
16x32x16   banked      2141ms raced     chain
16x32x32   banked      2561ms raced     chain
16x32x64   banked      2624ms raced     chain
16x32x128  banked      3166ms raced     chain
16x32x512  banked      3534ms raced     chain
16x32x1024 banked      4106ms raced     chain
16x32x4096 banked      8727ms raced     chain
16x32x8192 banked      9571ms raced     chain
16x64x4    banked      1338ms raced     chain
16x64x8    banked      1365ms raced     chain
16x64x16   banked      1762ms raced     chain
16x64x32   banked      2188ms raced     chain
16x64x64   banked      2256ms raced     chain
16x64x128  banked      2821ms raced     chain
16x64x256  banked      3274ms raced     chain
16x64x4096 banked      8130ms raced     chain
16x128x2   banked      1616ms raced     chain
16x128x4   banked      1399ms raced     chain
16x128x16  banked      2240ms raced     chain
16x128x32  banked      2287ms raced     chain
16x128x64  banked      2306ms raced     chain
16x128x128 banked      2835ms raced     chain
16x128x512 banked      3764ms raced     chain
16x128x1024 banked      4696ms raced     chain
16x128x2048 banked      5435ms raced     chain
16x256x2   banked      1920ms raced     chain
16x256x4   banked      1542ms raced     chain
16x256x8   banked      1555ms raced     chain
16x256x16  banked      2452ms raced     chain
16x256x32  banked      2329ms raced     chain
16x256x256 banked      3569ms raced     chain
16x256x512 banked      4272ms raced     chain
16x256x1024 banked      4459ms raced     chain
16x512x2   banked      2089ms raced     chain
16x512x4   banked      2092ms raced     chain
16x512x8   banked      1593ms raced     chain
16x512x16  banked      1949ms raced     chain
16x512x64  banked      2327ms raced     chain
16x512x128 banked      3583ms raced     chain
16x512x256 banked      4033ms raced     chain
16x512x512 banked      3898ms raced     chain
16x1024x2  banked      1655ms raced     chain
16x1024x4  banked      2131ms raced     chain
16x1024x8  banked      1596ms raced     chain
16x1024x16 banked      1999ms raced     chain
16x1024x32 banked      2543ms raced     chain
16x1024x64 banked      2799ms raced     chain
16x1024x128 banked      3663ms raced     chain
16x1024x256 banked      3936ms raced     chain
16x2048x2  banked      2262ms raced     chain
16x2048x4  banked      2125ms raced     chain
16x2048x32 banked      3136ms raced     chain
16x2048x64 banked      3753ms raced     chain
16x2048x128 banked      3981ms raced     chain
16x4096x2  banked      1751ms raced     chain
16x4096x4  banked      2163ms raced     chain
16x4096x8  banked      2076ms raced     chain
16x4096x16 banked      2756ms raced     chain
16x4096x32 banked      4231ms raced     chain
16x4096x64 banked      3573ms raced     chain
16x8192x2  banked      2665ms raced     chain
16x8192x8  banked      2561ms raced     chain
16x8192x16 banked      3739ms raced     chain
16x8192x32 banked      3848ms raced     chain
32x2x64    banked      1938ms raced     chain
32x2x128   banked      2639ms raced     chain
32x2x256   banked      3091ms raced     chain
32x2x512   banked      3498ms raced     chain
32x2x1024  banked      3854ms raced     chain
32x2x2048  banked      4820ms raced     chain
32x2x4096  banked      7646ms raced     chain
32x2x8192  banked      9153ms raced     chain
32x4x64    banked      2011ms raced     chain
32x4x128   banked      2738ms raced     chain
32x4x256   banked      3151ms raced     chain
32x4x512   banked      3491ms raced     chain
32x4x1024  banked      4119ms raced     chain
32x4x2048  banked      4931ms raced     chain
32x4x4096  banked      7611ms raced     chain
32x4x8192  banked      9334ms raced     chain
32x8x16    banked      1618ms raced     chain
32x8x32    banked      2009ms raced     chain
32x8x64    banked      2065ms raced     chain
32x8x128   banked      2741ms raced     chain
32x8x256   banked      3168ms raced     chain
32x8x512   banked      3499ms raced     chain
32x8x1024  banked      3926ms raced     chain
32x8x2048  banked      4894ms raced     chain
32x8x4096  banked      7796ms raced     chain
32x8x8192  banked      9694ms raced     chain
32x16x16   banked      1677ms raced     chain
32x16x32   banked      2090ms raced     chain
32x16x64   banked      2142ms raced     chain
32x16x128  banked      3163ms raced     chain
32x16x256  banked      3285ms raced     chain
32x16x512  banked      3570ms raced     chain
32x16x1024 banked      4129ms raced     chain
32x16x2048 banked      5053ms raced     chain
32x16x4096 banked      8330ms raced     chain
32x32x4    banked      1778ms raced     chain
32x32x8    banked      1846ms raced     chain
32x32x16   banked      2257ms raced     chain
32x32x32   banked      2645ms raced     chain
32x32x64   banked      2668ms raced     chain
32x32x128  banked      2870ms raced     chain
32x32x256  banked      3260ms raced     chain
32x32x512  banked      3554ms raced     chain
32x32x1024 banked      4508ms raced     chain
32x64x2    banked      1317ms raced     chain
32x64x4    banked      1370ms raced     chain
32x64x8    banked      1440ms raced     chain
32x64x16   banked      1866ms raced     chain
32x64x32   banked      2225ms raced     chain
32x64x64   banked      2314ms raced     chain
32x64x128  banked      2879ms raced     chain
32x64x256  banked      3280ms raced     chain
32x64x1024 banked      4846ms raced     chain
32x128x2   banked      1738ms raced     chain
32x128x4   banked      1496ms raced     chain
32x128x8   banked      1570ms raced     chain
32x128x16  banked      1976ms raced     chain
32x128x32  banked      2320ms raced     chain
32x128x128 banked      2848ms raced     chain
32x128x256 banked      3467ms raced     chain
32x128x512 banked      4238ms raced     chain
32x128x1024 banked      6224ms raced     chain
32x256x2   banked      1993ms raced     chain
32x256x4   banked      1757ms raced     chain
32x256x8   banked      2010ms raced     chain
32x256x16  banked      2360ms raced     chain
32x256x32  banked      2606ms raced     chain
32x256x256 banked      4318ms raced     chain
32x256x512 banked      5850ms raced     chain
32x512x2   banked      2598ms raced     chain
32x512x4   banked      2408ms raced     chain
32x512x8   banked      1906ms raced     chain
32x512x16  banked      1968ms raced     chain
32x512x32  banked      2379ms raced     chain
32x512x64  banked      2514ms raced     chain
32x512x128 banked      3583ms raced     chain
32x512x256 banked      5320ms raced     chain
32x1024x2  banked      1746ms raced     chain
32x1024x4  banked      2097ms raced     chain
32x1024x8  banked      1628ms raced     chain
32x1024x16 banked      2002ms raced     chain
32x1024x32 banked      2790ms raced     chain
32x1024x64 banked      3177ms raced     chain
32x1024x128 banked      4884ms raced     chain
32x2048x2  banked      2212ms raced     chain
32x2048x4  banked      2157ms raced     chain
32x2048x8  banked      1932ms raced     chain
32x2048x16 banked      2772ms raced     chain
32x2048x32 banked      3759ms raced     chain
32x4096x2  banked      1801ms raced     chain
32x4096x4  banked      1955ms raced     chain
32x4096x8  banked      2359ms raced     chain
32x4096x16 banked      3823ms raced     chain
32x4096x32 banked      5201ms raced     chain
32x8192x2  banked      2527ms raced     chain
32x8192x4  banked      2638ms raced     chain
32x8192x8  banked      3461ms raced     chain
32x8192x16 banked      5057ms raced     chain
64x2x32    banked      1962ms raced     chain
64x2x64    banked      2020ms raced     chain
64x2x512   banked      3510ms raced     chain
64x2x1024  banked      4048ms raced     chain
64x2x2048  banked      4888ms raced     chain
64x2x4096  banked      7685ms raced     chain
64x4x16    banked      1640ms raced     chain
64x4x32    banked      1977ms raced     chain
64x4x256   banked      3188ms raced     chain
64x4x512   banked      3533ms raced     chain
64x4x1024  banked      3996ms raced     chain
64x4x2048  banked      4888ms raced     chain
64x8x16    banked      1691ms raced     chain
64x8x32    banked      2116ms raced     chain
64x8x64    banked      2120ms raced     chain
64x8x128   banked      2811ms raced     chain
64x8x256   banked      3238ms raced     chain
64x8x512   banked      3527ms raced     chain
64x8x1024  banked      4068ms raced     chain
64x8x2048  banked      5078ms raced     chain
64x8x4096  banked      8366ms raced     chain
64x16x8    banked      1334ms raced     chain
64x16x16   banked      1774ms raced     chain
64x16x32   banked      2143ms raced     chain
64x16x64   banked      2191ms raced     chain
64x16x128  banked      2796ms raced     chain
64x16x256  banked      3271ms raced     chain
64x16x2048 banked      5624ms raced     chain
64x16x4096 banked      9592ms raced     chain
64x32x4    banked      1857ms raced     chain
64x32x8    banked      1888ms raced     chain
64x32x16   banked      2331ms raced     chain
64x32x32   banked      2702ms raced     chain
64x32x64   banked      2719ms raced     chain
64x32x1024 banked      5338ms raced     chain
64x64x2    banked      1372ms raced     chain
64x64x4    banked      1467ms raced     chain
64x64x8    banked      1499ms raced     chain
64x64x16   banked      1896ms raced     chain
64x64x32   banked      2196ms raced     chain
64x64x1024 banked      6059ms raced     chain
64x128x4   banked      2048ms raced     chain
64x128x8   banked      1807ms raced     chain
64x128x16  banked      2216ms raced     chain
64x128x512 banked      5674ms raced     chain
64x256x4   banked      1871ms raced     chain
64x256x8   banked      1613ms raced     chain
64x256x16  banked      2431ms raced     chain
64x256x256 banked      5445ms raced     chain
64x512x2   banked      2258ms raced     chain
64x512x4   banked      2106ms raced     chain
64x512x8   banked      1628ms raced     chain
64x512x16  banked      1956ms raced     chain
64x512x128 banked      5031ms raced     chain
64x1024x2  banked      1751ms raced     chain
64x1024x4  banked      2124ms raced     chain
64x1024x8  banked      1674ms raced     chain
64x1024x64 banked      4634ms raced     chain
64x2048x16 banked      2949ms raced     chain
64x2048x32 banked      5319ms raced     chain
64x4096x4  banked      2487ms raced     chain
64x4096x8  banked      3065ms raced     chain
64x4096x16 banked      5207ms raced     chain
64x8192x4  banked      3363ms raced     chain
64x8192x8  banked      5024ms raced     chain
128x2x16   banked      1881ms raced     chain
128x2x128  banked      2844ms raced     chain
128x2x256  banked      3265ms raced     chain
128x2x512  banked      3295ms raced     chain
128x2x1024 banked      4180ms raced     chain
128x2x2048 banked      5005ms raced     chain
128x2x4096 banked      7865ms raced     chain
128x2x8192 banked     10117ms raced     chain
128x4x16   banked      1693ms raced     chain
128x4x64   banked      2164ms raced     chain
128x4x128  banked      2900ms raced     chain
128x4x256  banked      3247ms raced     chain
128x4x512  banked      3623ms raced     chain
128x4x1024 banked      3996ms raced     chain
128x4x2048 banked      5092ms raced     chain
128x4x4096 banked      8453ms raced     chain
128x4x8192 banked     11494ms raced     chain
128x8x4    banked      1302ms raced     chain
128x8x8    banked      1340ms raced     chain
128x8x32   banked      2199ms raced     chain
128x8x64   banked      2264ms raced     chain
128x8x128  banked      2887ms raced     chain
128x8x256  banked      3233ms raced     chain
128x8x512  banked      3505ms raced     chain
128x8x1024 banked      4253ms raced     chain
128x8x2048 banked      5774ms raced     chain
128x8x4096 banked      9980ms raced     chain
128x16x2   banked      1540ms raced     chain
128x16x4   banked      1380ms raced     chain
128x16x8   banked      1458ms raced     chain
128x16x16  banked      1854ms raced     chain
128x16x32  banked      2257ms raced     chain
128x16x64  banked      2261ms raced     chain
128x16x128 banked      2843ms raced     chain
128x16x256 banked      3330ms raced     chain
128x16x2048 banked      7299ms raced     chain
128x32x2   banked      1871ms raced     chain
128x32x8   banked      2049ms raced     chain
128x32x16  banked      2417ms raced     chain
128x32x32  banked      2722ms raced     chain
128x32x64  banked      2758ms raced     chain
128x32x128 banked      2902ms raced     chain
128x32x256 banked      3563ms raced     chain
128x32x1024 banked      6946ms raced     chain
128x64x4   banked      1614ms raced     chain
128x64x8   banked      1574ms raced     chain
128x64x16  banked      1933ms raced     chain
128x64x32  banked      2297ms raced     chain
128x64x64  banked      2352ms raced     chain
128x64x128 banked      3534ms raced     chain
128x64x256 banked      4234ms raced     chain
128x64x512 banked      6000ms raced     chain
128x128x2  banked      1959ms raced     chain
128x128x4  banked      1689ms raced     chain
128x128x8  banked      1874ms raced     chain
128x128x16 banked      2004ms raced     chain
128x128x32 banked      2380ms raced     chain
128x128x64 banked      2933ms raced     chain
128x128x128 banked      3792ms raced     chain
128x128x256 banked      5920ms raced     chain
128x256x2  banked      2294ms raced     chain
128x256x4  banked      1919ms raced     chain
128x256x8  banked      1682ms raced     chain
128x256x16 banked      2261ms raced     chain
128x256x32 banked      2660ms raced     chain
128x256x64 banked      3247ms raced     chain
128x256x128 banked      5361ms raced     chain
128x512x2  banked      2276ms raced     chain
128x512x4  banked      1929ms raced     chain
128x512x8  banked      1649ms raced     chain
128x512x16 banked      2311ms raced     chain
128x512x32 banked      3268ms raced     chain
128x512x64 banked      4882ms raced     chain
128x1024x2 banked      2461ms raced     chain
128x1024x4 banked      2168ms raced     chain
128x1024x8 banked      1996ms raced     chain
128x1024x16 banked      3034ms raced     chain
128x1024x32 banked      4940ms raced     chain
128x2048x2 banked      2280ms raced     chain
128x2048x4 banked      2093ms raced     chain
128x2048x8 banked      3149ms raced     chain
128x2048x16 banked      4919ms raced     chain
128x4096x2 banked      2130ms raced     chain
128x4096x4 banked      3312ms raced     chain
128x4096x8 banked      5142ms raced     chain
128x8192x2 banked      3905ms raced     chain
128x8192x4 banked      5469ms raced     chain
256x2x8    banked      1350ms raced     chain
256x2x64   banked      2474ms raced     chain
256x2x128  banked      3123ms raced     chain
256x2x256  banked      3342ms raced     chain
256x2x512  banked      3620ms raced     chain
256x2x1024 banked      4183ms raced     chain
256x2x2048 banked      5260ms raced     chain
256x4x4    banked      1563ms raced     chain
256x4x8    banked      1394ms raced     chain
256x4x32   banked      2178ms raced     chain
256x4x128  banked      3232ms raced     chain
256x4x256  banked      3247ms raced     chain
256x4x512  banked      3619ms raced     chain
256x4x1024 banked      4356ms raced     chain
256x8x2    banked      1593ms raced     chain
256x8x4    banked      1608ms raced     chain
256x8x16   banked      1859ms raced     chain
256x8x32   banked      2282ms raced     chain
256x8x64   banked      2261ms raced     chain
256x8x128  banked      2902ms raced     chain
256x8x256  banked      2904ms raced     chain
256x8x512  banked      3879ms raced     chain
256x16x2   banked      1394ms raced     chain
256x16x8   banked      1562ms raced     chain
256x16x32  banked      2299ms raced     chain
256x16x64  banked      2268ms raced     chain
256x16x128 banked      2883ms raced     chain
256x32x4   banked      2097ms raced     chain
256x32x8   banked      2106ms raced     chain
256x32x16  banked      2383ms raced     chain
256x32x32  banked      2751ms raced     chain
256x32x64  banked      2779ms raced     chain
256x64x4   banked      1656ms raced     chain
256x64x8   banked      1655ms raced     chain
256x64x16  banked      1970ms raced     chain
256x64x32  banked      2330ms raced     chain
256x128x8  banked      2098ms raced     chain
256x128x16 banked      2043ms raced     chain
256x256x2  banked      2265ms raced     chain
256x256x4  banked      1936ms raced     chain
256x256x8  banked      1687ms raced     chain
256x512x4  banked      2158ms raced     chain
256x1024x2 banked      2002ms raced     chain
512x2x512  banked      3632ms raced     chain
512x2x4096 banked     10469ms raced     chain
512x4x8    banked      1501ms raced     chain
512x4x32   banked      2276ms raced     chain
512x4x64   banked      2271ms raced     chain
512x4x128  banked      2918ms raced     chain
512x4x256  banked      3287ms raced     chain
512x4x2048 banked      7704ms raced     chain
512x8x16   banked      1940ms raced     chain
512x8x32   banked      2295ms raced     chain
512x8x128  banked      2920ms raced     chain
512x8x1024 banked      6654ms raced     chain
512x16x4   banked      1584ms raced     chain
512x16x8   banked      1655ms raced     chain
512x16x64  banked      2314ms raced     chain
512x32x2   banked      2117ms raced     chain
512x32x8   banked      2132ms raced     chain
512x32x16  banked      2434ms raced     chain
512x32x32  banked      2780ms raced     chain
512x32x256 banked      6268ms raced     chain
512x64x2   banked      1707ms raced     chain
512x64x4   banked      1678ms raced     chain
512x64x8   banked      1635ms raced     chain
512x64x16  banked      1992ms raced     chain
512x64x128 banked      5812ms raced     chain
512x128x8  banked      1904ms raced     chain
512x128x64 banked      5297ms raced     chain
512x256x4  banked      1956ms raced     chain
512x256x32 banked      5311ms raced     chain
512x512x2  banked      2291ms raced     chain
512x1024x8 banked      4877ms raced     chain
512x2048x4 banked      5533ms raced     chain
512x4096x2 banked      5634ms raced     chain
1024x2x128 banked      2947ms raced     chain
1024x2x256 banked      3369ms raced     chain
1024x4x8   banked      1575ms raced     chain
1024x4x128 banked      2937ms raced     chain
1024x8x32  banked      2328ms raced     chain
1024x8x64  banked      2316ms raced     chain
1024x16x32 banked      2318ms raced     chain
1024x64x8  banked      1684ms raced     chain
1024x128x4 banked      1944ms raced     chain
2048x2x128 banked      3014ms raced     chain
2048x4x8   banked      1913ms raced     chain
2048x4x64  banked      2314ms raced     chain
2048x8x4   banked      1917ms raced     chain
2048x8x16  banked      2003ms raced     chain
2048x16x8  banked      1703ms raced     chain
2048x32x8  banked      1974ms raced     chain
2048x64x4  banked      1732ms raced     chain
4096x4x32  banked      2632ms raced     chain
4096x16x4  banked      1971ms raced     chain
4096x16x8  banked      1969ms raced     chain
4096x32x2  banked      2454ms raced     chain
4096x32x4  banked      2443ms raced     chain
8192x4x8   banked      2110ms raced     chain
8192x8x2   banked      1748ms raced     chain
8192x8x4   banked      2143ms raced     chain
8192x8x8   banked      2175ms raced     chain
8192x16x4  banked      2217ms raced     chain
8192x32x4  banked      2875ms raced     chain
