
===== calibrate_nat_grid  dim=both  staging=C:\Users\Tugbars\Desktop\highSpeedFFT\src\dag-fft-compiler\generator\generated  2026-07-06 19:52:03 =====
79 cells to calibrate (skipping already-@nat cells; --force to redo).
  1d 8 4
  1d 16 4
  1d 32 4
  1d 60 4
  1d 64 4
  1d 8 32
  1d 95 4
  1d 100 4
  1d 119 4
  1d 126 4
  1d 128 4
  1d 16 32
  1d 169 4
  1d 175 4
  1d 200 4
  1d 220 4
  1d 243 4
  1d 250 4
  1d 256 4
  1d 32 32
  2d 64 16
  1d 340 4
  1d 361 4
  1d 400 4
  1d 60 32
  1d 500 4
  1d 512 4
  1d 64 32
  2d 128 16
  1d 525 4
  1d 544 4
  1d 625 4
  1d 640 4
  1d 95 32
  1d 100 32
  1d 119 32
  1d 1000 4
  1d 1008 4
  1d 126 32
  1d 1024 4
  1d 128 32
  2d 64 64
  2d 256 16
  2d 128 32
  1d 1225 4
  1d 1331 4
  1d 169 32
  1d 175 32
  1d 200 32
  1d 220 32
  1d 243 32
  1d 2000 4
  1d 250 32
  1d 2048 4
  1d 256 32
  2d 128 64
  2d 512 16
  2d 256 32
  1d 340 32
  1d 361 32
  1d 400 32
  1d 500 32
  1d 512 32
  2d 128 128
  2d 256 64
  1d 525 32
  1d 544 32
  1d 625 32
  1d 640 32
  1d 1000 32
  1d 1008 32
  1d 1024 32
  2d 512 64
  1d 1225 32
  1d 1331 32
  1d 2000 32
  1d 2048 32
  2d 256 256
  2d 512 512

===== calibrate_nat_grid  dim=both  staging=C:\Users\Tugbars\Desktop\highSpeedFFT\src\dag-fft-compiler\generator\generated  2026-07-06 19:52:03 =====
79 cells to calibrate (skipping already-@nat cells; --force to redo).
  1d 8 4
  1d 16 4
  1d 32 4
  1d 60 4
  1d 64 4
  1d 8 32
  1d 95 4
  1d 100 4
  1d 119 4
  1d 126 4
  1d 128 4
  1d 16 32
  1d 169 4
  1d 175 4
  1d 200 4
  1d 220 4
  1d 243 4
  1d 250 4
  1d 256 4
  1d 32 32
  2d 64 16
  1d 340 4
  1d 361 4
  1d 400 4
  1d 60 32
  1d 500 4
  1d 512 4
  1d 64 32
  2d 128 16
  1d 525 4
  1d 544 4
  1d 625 4
  1d 640 4
  1d 95 32
  1d 100 32
  1d 119 32
  1d 1000 4
  1d 1008 4
  1d 126 32
  1d 1024 4
  1d 128 32
  2d 64 64
  2d 256 16
  2d 128 32
  1d 1225 4
  1d 1331 4
  1d 169 32
  1d 175 32
  1d 200 32
  1d 220 32
  1d 243 32
  1d 2000 4
  1d 250 32
  1d 2048 4
  1d 256 32
  2d 128 64
  2d 512 16
  2d 256 32
  1d 340 32
  1d 361 32
  1d 400 32
  1d 500 32
  1d 512 32
  2d 128 128
  2d 256 64
  1d 525 32
  1d 544 32
  1d 625 32
  1d 640 32
  1d 1000 32
  1d 1008 32
  1d 1024 32
  2d 512 64
  1d 1225 32
  1d 1331 32
  1d 2000 32
  1d 2048 32
  2d 256 256
  2d 512 512

===== calibrate_nat_grid  dim=both  staging=C:\Users\Tugbars\Desktop\highSpeedFFT\src\dag-fft-compiler\generator\generated  2026-07-06 19:52:03 =====
79 cells to calibrate (skipping already-@nat cells; --force to redo).
  1d 8 4
  1d 16 4
  1d 32 4
  1d 60 4
  1d 64 4
  1d 8 32
  1d 95 4
  1d 100 4
  1d 119 4
  1d 126 4
  1d 128 4
  1d 16 32
  1d 169 4
  1d 175 4
  1d 200 4
  1d 220 4
  1d 243 4
  1d 250 4
  1d 256 4
  1d 32 32
  2d 64 16
  1d 340 4
  1d 361 4
  1d 400 4
  1d 60 32
  1d 500 4
  1d 512 4
  1d 64 32
  2d 128 16
  1d 525 4
  1d 544 4
  1d 625 4
  1d 640 4
  1d 95 32
  1d 100 32
  1d 119 32
  1d 1000 4
  1d 1008 4
  1d 126 32
  1d 1024 4
  1d 128 32
  2d 64 64
  2d 256 16
  2d 128 32
  1d 1225 4
  1d 1331 4
  1d 169 32
  1d 175 32
  1d 200 32
  1d 220 32
  1d 243 32
  1d 2000 4
  1d 250 32
  1d 2048 4
  1d 256 32
  2d 128 64
  2d 512 16
  2d 256 32
  1d 340 32
  1d 361 32
  1d 400 32
  1d 500 32
  1d 512 32
  2d 128 128
  2d 256 64
  1d 525 32
  1d 544 32
  1d 625 32
  1d 640 32
  1d 1000 32
  1d 1008 32
  1d 1024 32
  2d 512 64
  1d 1225 32
  1d 1331 32
  1d 2000 32
  1d 2048 32
  2d 256 256
  2d 512 512

===== calibrate_nat_grid  dim=both  staging=C:\Users\Tugbars\Desktop\highSpeedFFT\src\dag-fft-compiler\generator\generated  2026-07-06 19:52:03 =====
71 cells to calibrate (skipping already-@nat cells; --force to redo).
  1d 8 4
  1d 16 4
  1d 32 4
  1d 60 4
  1d 64 4
  1d 8 32
  1d 95 4
  1d 100 4
  1d 119 4
  1d 126 4
  1d 128 4
  1d 16 32
  1d 169 4
  1d 175 4
  1d 200 4
  1d 220 4
  1d 243 4
  1d 250 4
  1d 256 4
  1d 32 32
  2d 64 16
  1d 340 4
  1d 361 4
  1d 400 4
  1d 60 32
  1d 500 4
  1d 512 4
  1d 64 32
  2d 128 16
  1d 525 4
  1d 544 4
  1d 625 4
  1d 640 4
  1d 95 32
  1d 100 32
  1d 119 32
  1d 1000 4
  1d 1008 4
  1d 126 32
  1d 1024 4
  1d 128 32
  2d 64 64
  2d 256 16
  2d 128 32
  1d 169 32
  1d 175 32
  1d 200 32
  1d 220 32
  1d 243 32
  1d 250 32
  1d 256 32
  2d 128 64
  2d 512 16
  2d 256 32
  1d 340 32
  1d 361 32
  1d 400 32
  1d 500 32
  1d 512 32
  2d 128 128
  2d 256 64
  1d 525 32
  1d 544 32
  1d 625 32
  1d 640 32
  1d 1000 32
  1d 1008 32
  1d 1024 32
  2d 512 64
  2d 256 256
  2d 512 512

===== calibrate_nat_grid  dim=both  staging=C:\Users\Tugbars\Desktop\highSpeedFFT\src\dag-fft-compiler\generator\generated  2026-07-06 19:52:56 =====
69 cells to calibrate (skipping already-@nat cells; --force to redo).
  1d 8 4
  1d 16 4
  1d 32 4
  1d 60 4
  1d 64 4
  1d 8 32
  1d 95 4
  1d 100 4
  1d 119 4
  1d 126 4
  1d 128 4
  1d 16 32
  1d 169 4
  1d 175 4
  1d 200 4
  1d 220 4
  1d 243 4
  1d 250 4
  1d 256 4
  1d 32 32
  2d 64 16
  1d 340 4
  1d 361 4
  1d 400 4
  1d 60 32
  1d 500 4
  1d 512 4
  1d 64 32
  2d 128 16
  1d 525 4
  1d 544 4
  1d 625 4
  1d 640 4
  1d 95 32
  1d 100 32
  1d 119 32
  1d 1000 4
  1d 1008 4
  1d 126 32
  1d 1024 4
  1d 128 32
  2d 64 64
  2d 256 16
  2d 128 32
  1d 169 32
  1d 175 32
  1d 200 32
  1d 220 32
  1d 243 32
  1d 250 32
  1d 256 32
  2d 128 64
  2d 512 16
  2d 256 32
  1d 340 32
  1d 361 32
  1d 400 32
  1d 500 32
  1d 512 32
  2d 128 128
  2d 256 64
  1d 525 32
  1d 544 32
  1d 625 32
  1d 640 32
  1d 1000 32
  1d 1008 32
  1d 1024 32
  2d 512 64

===== calibrate_nat_grid  dim=both  staging=C:\Users\Tugbars\Desktop\highSpeedFFT\src\dag-fft-compiler\generator\generated  2026-07-06 19:52:56 =====
69 cells to calibrate (skipping already-@nat cells; --force to redo).
  1d 8 4
  1d 16 4
  1d 32 4
  1d 60 4
  1d 64 4
  1d 8 32
  1d 95 4
  1d 100 4
  1d 119 4
  1d 126 4
  1d 128 4
  1d 16 32
  1d 169 4
  1d 175 4
  1d 200 4
  1d 220 4
  1d 243 4
  1d 250 4
  1d 256 4
  1d 32 32
  2d 64 16
  1d 340 4
  1d 361 4
  1d 400 4
  1d 60 32
  1d 500 4
  1d 512 4
  1d 64 32
  2d 128 16
  1d 525 4
  1d 544 4
  1d 625 4
  1d 640 4
  1d 95 32
  1d 100 32
  1d 119 32
  1d 1000 4
  1d 1008 4
  1d 126 32
  1d 1024 4
  1d 128 32
  2d 64 64
  2d 256 16
  2d 128 32
  1d 169 32
  1d 175 32
  1d 200 32
  1d 220 32
  1d 243 32
  1d 250 32
  1d 256 32
  2d 128 64
  2d 512 16
  2d 256 32
  1d 340 32
  1d 361 32
  1d 400 32
  1d 500 32
  1d 512 32
  2d 128 128
  2d 256 64
  1d 525 32
  1d 544 32
  1d 625 32
  1d 640 32
  1d 1000 32
  1d 1008 32
  1d 1024 32
  2d 512 64

===== calibrate_nat_grid  dim=both  staging=C:\Users\Tugbars\Desktop\highSpeedFFT\src\dag-fft-compiler\generator\generated  2026-07-06 19:53:57 =====
69 cells to calibrate (skipping already-@nat cells; --force to redo).
[1/69] 1d 8x4: ok (0s)  CONSUME   (recalib=0): ok   roundtrip=3.2e-15   PASS   cool 2s
[2/69] 1d 16x4: ok (0s)  CONSUME   (recalib=0): ok   roundtrip=4.3e-15   PASS   cool 2s
[3/69] 1d 32x4: ok (0s)  CONSUME   (recalib=0): ok   roundtrip=9.0e-15   PASS   cool 2s
[4/69] 1d 60x4: ok (0s)  CONSUME   (recalib=0): ok   roundtrip=1.1e-14   PASS   cool 2s
[5/69] 1d 64x4: ok (0s)  CONSUME   (recalib=0): ok   roundtrip=1.1e-14   PASS   cool 2s
[6/69] 1d 8x32: ok (0s)  CONSUME   (recalib=0): ok   roundtrip=3.6e-15   PASS   cool 2s
[7/69] 1d 95x4: ok (0s)  CONSUME   (recalib=0): ok   roundtrip=1.5e-14   PASS   cool 2s
[8/69] 1d 100x4: ok (0s)  CONSUME   (recalib=0): ok   roundtrip=2.0e-14   PASS   cool 2s
[9/69] 1d 119x4: ok (0s)  CONSUME   (recalib=0): ok   roundtrip=1.1e-14   PASS   cool 2s
[10/69] 1d 126x4: ok (0s)  CONSUME   (recalib=0): ok   roundtrip=8.9e-15   PASS   cool 2s
[11/69] 1d 128x4: ok (0s)  CONSUME   (recalib=0): ok   roundtrip=1.0e-14   PASS   cool 2s
[12/69] 1d 16x32: ok (0s)  CONSUME   (recalib=0): ok   roundtrip=5.3e-15   PASS   cool 2s
[13/69] 1d 169x4: ok (0s)  CONSUME   (recalib=0): ok   roundtrip=1.5e-14   PASS   cool 2s
[14/69] 1d 175x4: ok (1s)  CONSUME   (recalib=0): ok   roundtrip=2.1e-14   PASS   cool 2s
[15/69] 1d 200x4: ok (0s)  CONSUME   (recalib=0): ok   roundtrip=2.1e-14   PASS   cool 2s
[16/69] 1d 220x4: ok (0s)  CONSUME   (recalib=0): ok   roundtrip=2.0e-14   PASS   cool 2s
[17/69] 1d 243x4: ok (0s)  CONSUME   (recalib=0): ok   roundtrip=9.9e-15   PASS   cool 2s
[18/69] 1d 250x4: ok (1s)  CONSUME   (recalib=0): ok   roundtrip=2.5e-14   PASS   cool 2s
[19/69] 1d 256x4: ok (0s)  CONSUME   (recalib=0): ok   roundtrip=9.1e-15   PASS   cool 2s
[20/69] 1d 32x32: ok (3s)  CONSUME   (recalib=0): ok   roundtrip=3.7e-15   PASS   cool 2s
[21/69] 2d 64x16: ok (29s)  CONSUME   (recalib=0): ok   roundtrip=1.5e-14   PASS   cool 2s
[22/69] 1d 340x4: ok (0s)  CONSUME   (recalib=0): ok   roundtrip=1.8e-14   PASS   cool 2s
[23/69] 1d 361x4: ok (0s)  CONSUME   (recalib=0): ok   roundtrip=9.6e-15   PASS   cool 2s
[24/69] 1d 400x4: ok (3s)  CONSUME   (recalib=0): ok   roundtrip=2.1e-14   PASS   cool 2s
[25/69] 1d 60x32: ok (0s)  CONSUME   (recalib=0): ok   roundtrip=1.3e-14   PASS   cool 2s
[26/69] 1d 500x4: ok (0s)  CONSUME   (recalib=0): ok   roundtrip=3.0e-14   PASS   cool 2s
[27/69] 1d 512x4: ok (0s)  CONSUME   (recalib=0): ok   roundtrip=1.1e-14   PASS   cool 2s
[28/69] 1d 64x32: ok (3s)  CONSUME   (recalib=0): ok   roundtrip=7.0e-15   PASS   cool 2s
[29/69] 2d 128x16: ok (37s)  CONSUME   (recalib=0): ok   roundtrip=9.6e-15   PASS   cool 2s
[30/69] 1d 525x4: ok (0s)  CONSUME   (recalib=0): ok   roundtrip=2.3e-14   PASS   cool 2s
[31/69] 1d 544x4: ok (0s)  CONSUME   (recalib=0): ok   roundtrip=8.7e-15   PASS   cool 2s
[32/69] 1d 625x4: ok (0s)  CONSUME   (recalib=0): ok   roundtrip=3.0e-14   PASS   cool 2s
[33/69] 1d 640x4: ok (0s)  CONSUME   (recalib=0): ok   roundtrip=1.7e-14   PASS   cool 2s
[34/69] 1d 95x32: ok (0s)  CONSUME   (recalib=0): ok   roundtrip=1.6e-14   PASS   cool 2s
[35/69] 1d 100x32: ok (3s)  CONSUME   (recalib=0): ok   roundtrip=2.1e-14   PASS   cool 2s
[36/69] 1d 119x32: ok (0s)  CONSUME   (recalib=0): ok   roundtrip=1.4e-14   PASS   cool 2s
[37/69] 1d 1000x4: ok (2s)  CONSUME   (recalib=0): ok   roundtrip=3.4e-14   PASS   cool 2s
[38/69] 1d 1008x4: ok (2s)  CONSUME   (recalib=0): ok   roundtrip=1.4e-14   PASS   cool 2s
[39/69] 1d 126x32: ok (0s)  CONSUME   (recalib=0): ok   roundtrip=1.1e-14   PASS   cool 2s
[40/69] 1d 1024x4: ok (0s)  CONSUME   (recalib=0): ok   roundtrip=1.4e-14   PASS   cool 2s
[41/69] 1d 128x32: ok (3s)  CONSUME   (recalib=0): ok   roundtrip=9.7e-15   PASS   cool 2s
[42/69] 2d 64x64: ok (34s)  CONSUME   (recalib=0): ok   roundtrip=8.9e-15   PASS   cool 2s
[43/69] 2d 256x16: ok (51s)  CONSUME   (recalib=0): ok   roundtrip=7.8e-15   PASS   cool 2s
[44/69] 2d 128x32: ok (48s)  CONSUME   (recalib=0): ok   roundtrip=1.4e-14   PASS   cool 2s
[45/69] 1d 169x32: ok (0s)  CONSUME   (recalib=0): ok   roundtrip=1.8e-14   PASS   cool 2s
[46/69] 1d 175x32: ok (0s)  CONSUME   (recalib=0): ok   roundtrip=2.4e-14   PASS   cool 2s
[47/69] 1d 200x32: ok (0s)  CONSUME   (recalib=0): ok   roundtrip=1.8e-14   PASS   cool 2s
[48/69] 1d 220x32: ok (0s)  CONSUME   (recalib=0): ok   roundtrip=1.4e-14   PASS   cool 2s
[49/69] 1d 243x32: ok (0s)  CONSUME   (recalib=0): ok   roundtrip=9.1e-15   PASS   cool 2s
[50/69] 1d 250x32: ok (1s)  CONSUME   (recalib=0): ok   roundtrip=3.1e-14   PASS   cool 2s
[51/69] 1d 256x32: ok (2s)  CONSUME   (recalib=0): ok   roundtrip=7.0e-15   PASS   cool 2s
[52/69] 2d 128x64: ok (48s)  CONSUME   (recalib=0): ok   roundtrip=1.3e-14   PASS   cool 2s
[53/69] 2d 512x16: ok (77s)  CONSUME   (recalib=0): ok   roundtrip=1.4e-14   PASS   cool 2s
[54/69] 2d 256x32: ok (64s)  CONSUME   (recalib=0): ok   roundtrip=1.3e-14   PASS   cool 2s
[55/69] 1d 340x32: ok (0s)  CONSUME   (recalib=0): ok   roundtrip=1.6e-14   PASS   cool 2s
[56/69] 1d 361x32: ok (0s)  CONSUME   (recalib=0): ok   roundtrip=1.0e-14   PASS   cool 2s
[57/69] 1d 400x32: ok (3s)  CONSUME   (recalib=0): ok   roundtrip=2.1e-14   PASS   cool 2s
[58/69] 1d 500x32: ok (2s)  CONSUME   (recalib=0): ok   roundtrip=3.2e-14   PASS   cool 2s
[59/69] 1d 512x32: ok (2s)  CONSUME   (recalib=0): ok   roundtrip=9.7e-15   PASS   cool 2s
[60/69] 2d 128x128: ok (63s)  CONSUME   (recalib=0): ok   roundtrip=1.3e-14   PASS   cool 2s
[61/69] 2d 256x64: ok (80s)  CONSUME   (recalib=0): ok   roundtrip=5.4e-15   PASS   cool 2s
[62/69] 1d 525x32: ok (0s)  CONSUME   (recalib=0): ok   roundtrip=2.4e-14   PASS   cool 2s
[63/69] 1d 544x32: ok (0s)  CONSUME   (recalib=0): ok   roundtrip=9.8e-15   PASS   cool 2s
[64/69] 1d 625x32: ok (0s)  CONSUME   (recalib=0): ok   roundtrip=3.5e-14   PASS   cool 2s
[65/69] 1d 640x32: ok (1s)  CONSUME   (recalib=0): ok   roundtrip=1.6e-14   PASS   cool 2s
[66/69] 1d 1000x32: ok (1s)  CONSUME   (recalib=0): ok   roundtrip=2.7e-14   PASS   cool 2s
[67/69] 1d 1008x32: ok (1s)  CONSUME   (recalib=0): ok   roundtrip=1.5e-14   PASS   cool 2s
[68/69] 1d 1024x32: ok (2s)  CONSUME   (recalib=0): ok   roundtrip=7.0e-15   PASS   cool 2s
[69/69] 2d 512x64: ok (129s)  CONSUME   (recalib=0): ok   roundtrip=1.6e-14   PASS   cool 2s
DONE 69 cells in 14.1 min. @nat/@nat2d records written to CANONICAL: C:\Users\Tugbars\Desktop\highSpeedFFT\src\dag-fft-compiler\generator\generated\spike_wisdom.txt + C:\Users\Tugbars\Desktop\highSpeedFFT\src\dag-fft-compiler\generator\generated\fft2d_c2c_wisdom.txt.
