9          banked       127ms replayed  mono
15         banked       123ms replayed  mono
21         banked       136ms replayed  mono
25         banked       125ms replayed  2p
27         banked       124ms replayed  mono
33         banked       123ms replayed  ztt
35         banked       126ms replayed  mono
39         banked       123ms replayed  mono
45         banked       124ms replayed  mono
49         banked       125ms replayed  2p
51         banked       125ms replayed  2p
55         banked       126ms replayed  flat
57         banked       125ms replayed  2p
63         banked       125ms replayed  mono
65         banked       127ms replayed  2p
69         banked       125ms replayed  flat
75         banked       125ms replayed  mono
77         banked       123ms replayed  flat
81         banked       123ms replayed  2p
85         banked       125ms replayed  2p
87         banked       124ms replayed  prime
91         banked       124ms replayed  2p
93         banked       125ms replayed  flat
95         banked       125ms replayed  mono
99         banked       124ms replayed  2p
105        banked       125ms replayed  2p
111        banked       130ms replayed  2p
115        banked       124ms replayed  2p
117        banked       123ms replayed  flat
119        banked       125ms replayed  prime
121        banked       123ms replayed  2p
123        banked       124ms replayed  prime
125        banked       127ms replayed  flat
129        banked       128ms replayed  2p
133        banked       123ms replayed  2p
135        banked       125ms replayed  prime
141        banked       123ms replayed  2p
143        banked       124ms replayed  prime
145        banked       125ms replayed  2p
147        banked       126ms replayed  prime
153        banked       123ms replayed  2p
155        banked       124ms replayed  2p
161        banked       124ms replayed  2p
165        banked       122ms replayed  prime
169        banked       126ms replayed  2p
171        banked       125ms replayed  2p
175        banked       125ms replayed  flat
185        banked       124ms replayed  2p
187        banked       125ms replayed  flat
189        banked       127ms replayed  prime
195        banked       124ms replayed  prime
203        banked       128ms replayed  prime
205        banked       124ms replayed  2p
207        banked       124ms replayed  prime
209        banked       124ms replayed  2p
215        banked       124ms replayed  prime
217        banked       128ms replayed  2p
221        banked       124ms replayed  2p
225        banked       126ms replayed  2p
231        banked       127ms replayed  2p
235        banked       127ms replayed  2p
243        banked       126ms replayed  2p
245        banked       123ms replayed  prime
247        banked       123ms replayed  prime
253        banked       124ms replayed  2p
255        banked       124ms replayed  prime
259        banked       124ms replayed  flat
261        banked       124ms replayed  2p
273        banked       127ms replayed  2p
275        banked       124ms replayed  prime
279        banked       131ms replayed  prime
285        banked       124ms replayed  prime
287        banked       126ms replayed  2p
289        banked       125ms replayed  chain3
297        banked       128ms replayed  2p
299        banked       129ms replayed  prime
301        banked       124ms replayed  2p
315        banked       125ms replayed  prime
319        banked       124ms replayed  prime
323        banked       125ms replayed  2p
325        banked       125ms replayed  2p
329        banked       127ms replayed  2p
333        banked       136ms replayed  prime
341        banked       124ms replayed  2p
343        banked       125ms replayed  2p
345        banked       123ms replayed  2p
351        banked       124ms replayed  chain3
357        banked       127ms replayed  prime
361        banked       125ms replayed  2p
363        banked       128ms replayed  prime
369        banked       126ms replayed  2p
375        banked       124ms replayed  flat
377        banked       123ms replayed  2p
385        banked       133ms replayed  2p
387        banked       123ms replayed  prime
391        banked       125ms replayed  chain3
399        banked       124ms replayed  prime
403        banked       123ms replayed  prime
405        banked       124ms replayed  prime
407        banked       122ms replayed  2p
423        banked       124ms replayed  prime
425        banked       124ms replayed  prime
429        banked       123ms replayed  prime
435        banked       134ms replayed  2p
437        banked       126ms replayed  prime
441        banked       126ms replayed  chain3
451        banked       129ms replayed  2p
455        banked       123ms replayed  prime
459        banked       123ms replayed  prime
465        banked       123ms replayed  flat
473        banked       124ms replayed  prime
475        banked       127ms replayed  prime
481        banked       124ms replayed  2p
483        banked       127ms replayed  prime
493        banked       123ms replayed  2p
495        banked       124ms replayed  2p
507        banked       127ms replayed  2p
513        banked       124ms replayed  2p
517        banked       132ms replayed  2p
525        banked       123ms replayed  prime
527        banked       124ms replayed  prime
529        banked       123ms replayed  chain3
533        banked       122ms replayed  flat
539        banked       124ms replayed  prime
551        banked       124ms replayed  chain3
555        banked       129ms replayed  prime
559        banked       125ms replayed  2p
561        banked       122ms replayed  chain3
567        banked       125ms replayed  prime
575        banked       123ms replayed  2p
585        banked       124ms replayed  prime
589        banked       124ms replayed  chain3
595        banked       123ms replayed  chain3
605        banked       126ms replayed  prime
609        banked       129ms replayed  2p
611        banked       126ms replayed  prime
615        banked       122ms replayed  prime
621        banked       123ms replayed  2p
625        banked       125ms replayed  chain3
627        banked       124ms replayed  prime
629        banked       124ms replayed  prime
637        banked       123ms replayed  prime
645        banked       123ms replayed  flat
651        banked       128ms replayed  2p
663        banked       125ms replayed  prime
665        banked       127ms replayed  prime
667        banked       124ms replayed  2p
675        banked       122ms replayed  prime
693        banked       123ms replayed  prime
697        banked       123ms replayed  2p
703        banked       123ms replayed  chain3
705        banked       124ms replayed  2p
713        banked       127ms replayed  prime
715        banked       128ms replayed  chain3
725        banked       124ms replayed  prime
729        banked       123ms replayed  chain3
731        banked       123ms replayed  prime
735        banked       124ms replayed  prime
741        banked       124ms replayed  2p
759        banked       123ms replayed  prime
765        banked       127ms replayed  prime
775        banked       124ms replayed  2p
777        banked       129ms replayed  prime
779        banked       123ms replayed  prime
783        banked       123ms replayed  2p
799        banked       125ms replayed  chain3
805        banked       125ms replayed  prime
817        banked       124ms replayed  chain3
819        banked       121ms replayed  prime
825        banked       124ms replayed  prime
833        banked       126ms replayed  2p
837        banked       126ms replayed  flat
841        banked       125ms replayed  chain3
845        banked       121ms replayed  prime
847        banked       123ms replayed  flat
851        banked       125ms replayed  2p
855        banked       123ms replayed  prime
861        banked       124ms replayed  2p
867        banked       124ms replayed  prime
875        banked       127ms replayed  2p
891        banked       126ms replayed  prime
893        banked       128ms replayed  prime
897        banked       124ms replayed  chain3
899        banked       126ms replayed  prime
903        banked       126ms replayed  2p
925        banked       123ms replayed  chain3
931        banked       122ms replayed  2p
935        banked       126ms replayed  prime
943        banked       125ms replayed  prime
945        banked       128ms replayed  prime
957        banked       131ms replayed  prime
961        banked       124ms replayed  2p
969        banked       128ms replayed  chain3
975        banked       124ms replayed  prime
987        banked       124ms replayed  2p
989        banked       129ms replayed  flat
999        banked       124ms replayed  prime
1001       banked       122ms replayed  chain3
1015       banked       122ms replayed  chain3
1023       banked       128ms replayed  prime
1025       banked       125ms replayed  2p
1029       banked       125ms replayed  prime
1035       banked       125ms replayed  flat
1045       banked       123ms replayed  chain3
1053       banked       124ms replayed  prime
1071       banked       124ms replayed  prime
1073       banked       126ms replayed  prime
1075       banked       126ms replayed  prime
1081       banked       123ms replayed  chain3
1083       banked       126ms replayed  prime
1085       banked       124ms replayed  prime
1089       banked       122ms replayed  2p
1105       banked       123ms replayed  flat
1107       banked       125ms replayed  prime
1125       banked       123ms replayed  prime
1127       banked       125ms replayed  prime
1131       banked       124ms replayed  prime
1147       banked       126ms replayed  prime
1155       banked       126ms replayed  prime
1161       banked       123ms replayed  chain3
1173       banked       123ms replayed  prime
1175       banked       123ms replayed  prime
1183       banked       123ms replayed  prime
1189       banked       123ms replayed  chain3
1197       banked       123ms replayed  flat
1209       banked       124ms replayed  prime
1215       banked       123ms replayed  prime
1221       banked       124ms replayed  prime
1225       banked       128ms replayed  chain3
1235       banked       124ms replayed  prime
1247       banked       124ms replayed  prime
1265       banked       124ms replayed  prime
1269       banked       123ms replayed  prime
1271       banked       125ms replayed  prime
1275       banked       123ms replayed  flat
1287       banked       127ms replayed  prime
1295       banked       126ms replayed  prime
1305       banked       131ms replayed  prime
1309       banked       123ms replayed  prime
1311       banked       123ms replayed  prime
1323       banked       123ms replayed  prime
1331       banked       124ms replayed  flat
1333       banked       123ms replayed  chain3
1353       banked       123ms replayed  chain3
1363       banked       123ms replayed  prime
1365       banked       122ms replayed  flat
1369       banked       122ms replayed  chain3
1375       banked       126ms replayed  prime
1377       banked       126ms replayed  flat
1395       banked       127ms replayed  2p
1419       banked       123ms replayed  prime
1421       banked       125ms replayed  prime
1425       banked       124ms replayed  prime
1435       banked       122ms replayed  prime
1443       banked       123ms replayed  prime
1445       banked       128ms replayed  flat
1449       banked       125ms replayed  prime
1457       banked       125ms replayed  chain3
1463       banked       127ms replayed  2p
1479       banked       124ms replayed  prime
1485       banked       123ms replayed  prime
1495       banked       125ms replayed  prime
1505       banked       126ms replayed  flat
1517       banked       124ms replayed  prime
1519       banked       128ms replayed  flat
1521       banked       124ms replayed  flat
1539       banked       128ms replayed  prime
1547       banked       125ms replayed  prime
1551       banked       125ms replayed  2p
1573       banked       123ms replayed  prime
1575       banked       122ms replayed  prime
1581       banked       122ms replayed  prime
1587       banked       124ms replayed  prime
1591       banked       127ms replayed  prime
1595       banked       124ms replayed  prime
1599       banked       122ms replayed  2p
1615       banked       123ms replayed  prime
1617       banked       123ms replayed  prime
1625       banked       125ms replayed  flat
1645       banked       125ms replayed  prime
1653       banked       124ms replayed  prime
1665       banked       124ms replayed  2p
1677       banked       136ms replayed  prime
1681       banked       127ms replayed  chain3
1683       banked       124ms replayed  flat
1701       banked       122ms replayed  chain3
1705       banked       124ms replayed  prime
1715       banked       125ms replayed  prime
1725       banked       124ms replayed  prime
1729       banked       124ms replayed  2p
1739       banked       124ms replayed  prime
1755       banked       125ms replayed  prime
1763       banked       130ms replayed  prime
1767       banked       128ms replayed  prime
1771       banked       125ms replayed  prime
1785       banked       123ms replayed  prime
1805       banked       126ms replayed  flat
1813       banked       123ms replayed  prime
1815       banked       124ms replayed  prime
1827       banked       124ms replayed  prime
1833       banked       124ms replayed  prime
1845       banked       128ms replayed  prime
1849       banked       124ms replayed  chain3
1859       banked       122ms replayed  prime
1863       banked       127ms replayed  flat
1875       banked       124ms replayed  prime
1881       banked       126ms replayed  flat
1885       banked       126ms replayed  prime
1887       banked       124ms replayed  2p
1911       banked       136ms replayed  prime
1925       banked       137ms replayed  flat
1927       banked       124ms replayed  prime
1935       banked       128ms replayed  prime
1953       banked       123ms replayed  prime
1955       banked       125ms replayed  prime
1989       banked       126ms replayed  prime
1995       banked       123ms replayed  prime
2001       banked       122ms replayed  chain3
2009       banked       123ms replayed  prime
2015       banked       126ms replayed  prime
2021       banked       132ms replayed  prime
2023       banked       125ms replayed  prime
2025       banked       123ms replayed  chain3
2035       banked       124ms replayed  prime
