2026-10-01 12:23:53 run: 682 cells, contract out of place, bin C:\Users\Tugbars\Desktop\highSpeedFFT\gauntlet
2026-10-01 12:23:53 calibrate: 682 cells (0 already done)
2026-10-01 12:23:56   calibrated 25/682 (179), 4 s elapsed
2026-10-01 12:24:00   calibrated 50/682 (271), 7 s elapsed
2026-10-01 12:24:04   calibrated 75/682 (365), 11 s elapsed
2026-10-01 12:24:07   calibrated 100/682 (447), 14 s elapsed
2026-10-01 12:24:11   calibrated 125/682 (523), 18 s elapsed
2026-10-01 12:24:15   calibrated 150/682 (601), 22 s elapsed
2026-10-01 12:24:18   calibrated 175/682 (681), 25 s elapsed
2026-10-01 12:24:22   calibrated 200/682 (753), 29 s elapsed
2026-10-01 12:24:25   calibrated 225/682 (823), 33 s elapsed
2026-10-01 12:24:29   calibrated 250/682 (905), 36 s elapsed
2026-10-01 12:24:33   calibrated 275/682 (971), 40 s elapsed
2026-10-01 12:24:36   calibrated 300/682 (1041), 44 s elapsed
2026-10-01 12:24:40   calibrated 325/682 (1113), 47 s elapsed
2026-10-01 12:24:44   calibrated 350/682 (1179), 51 s elapsed
2026-10-01 12:24:47   calibrated 375/682 (1245), 54 s elapsed
2026-10-01 12:24:51   calibrated 400/682 (1315), 58 s elapsed
2026-10-01 12:24:55   calibrated 425/682 (1383), 62 s elapsed
2026-10-01 12:24:58   calibrated 450/682 (1447), 65 s elapsed
2026-10-01 12:25:02   calibrated 475/682 (1511), 69 s elapsed
2026-10-01 12:25:05   calibrated 500/682 (1577), 73 s elapsed
2026-10-01 12:25:09   calibrated 525/682 (1643), 76 s elapsed
2026-10-01 12:25:13   calibrated 550/682 (1709), 80 s elapsed
2026-10-01 12:25:16   calibrated 575/682 (1775), 83 s elapsed
2026-10-01 12:25:20   calibrated 600/682 (1837), 87 s elapsed
2026-10-01 12:25:24   calibrated 625/682 (1903), 91 s elapsed
2026-10-01 12:25:27   calibrated 650/682 (1965), 94 s elapsed
2026-10-01 12:25:31   calibrated 675/682 (2031), 98 s elapsed
2026-10-01 12:25:32   calibrated 682/682 (2047), 99 s elapsed
2026-10-01 12:25:32 bench: 682 cells (0 already benched, 0 not banked -> not benched)
2026-10-01 12:26:37   benched 25/682 (179), 64 s elapsed
2026-10-01 12:27:45   benched 50/682 (271), 131 s elapsed
2026-10-01 12:28:55   benched 75/682 (365), 201 s elapsed
2026-10-01 12:30:08   benched 100/682 (447), 274 s elapsed
2026-10-01 12:31:21   benched 125/682 (523), 347 s elapsed
2026-10-01 12:32:32   benched 150/682 (601), 418 s elapsed
2026-10-01 12:33:44   benched 175/682 (681), 490 s elapsed
2026-10-01 12:35:00   benched 200/682 (753), 567 s elapsed
2026-10-01 12:36:15   benched 225/682 (823), 641 s elapsed
2026-10-01 12:37:33   benched 250/682 (905), 720 s elapsed
2026-10-01 12:38:51   benched 275/682 (971), 798 s elapsed
2026-10-01 12:40:09   benched 300/682 (1041), 876 s elapsed
2026-10-01 12:41:27   benched 325/682 (1113), 953 s elapsed
2026-10-01 12:42:43   benched 350/682 (1179), 1029 s elapsed
2026-10-01 12:43:57   benched 375/682 (1245), 1104 s elapsed
2026-10-01 12:45:16   benched 400/682 (1315), 1182 s elapsed
2026-10-01 12:46:35   benched 425/682 (1383), 1261 s elapsed
2026-10-01 12:47:53   benched 450/682 (1447), 1340 s elapsed
2026-10-01 12:49:12   benched 475/682 (1511), 1418 s elapsed
2026-10-01 12:50:29   benched 500/682 (1577), 1496 s elapsed
2026-10-01 12:51:46   benched 525/682 (1643), 1573 s elapsed
2026-10-01 12:53:02   benched 550/682 (1709), 1649 s elapsed
2026-10-01 12:54:22   benched 575/682 (1775), 1728 s elapsed
2026-10-01 12:55:43   benched 600/682 (1837), 1809 s elapsed
2026-10-01 12:57:02   benched 625/682 (1903), 1888 s elapsed
2026-10-01 12:58:19   benched 650/682 (1965), 1965 s elapsed
2026-10-01 12:59:38   benched 675/682 (2031), 2044 s elapsed
2026-10-01 12:59:58   benched 682/682 (2047), 2065 s elapsed
2026-10-01 13:00:00 report: C:\Users\Tugbars\Desktop\highSpeedFFT\gauntlet\results\zrb_odd_c2r_fftw_2026-10-01\report_c2r_fftw.md
