2          banked   237ms rerun
4          banked   275ms rerun
8          banked   247ms rerun
16         banked   496ms rerun
32         banked   903ms rerun
64         banked   918ms rerun
128        banked   1552ms rerun
256        banked   1881ms rerun
512        banked   2001ms rerun
1024       banked   2837ms rerun
2048       banked   3332ms rerun
4096       banked   6328ms rerun
8192       banked   7974ms rerun
16384      banked   10832ms rerun
32768      banked   14934ms rerun
65536      banked   21225ms rerun
131072     banked   21405ms rerun
262144     banked   25959ms rerun
524288     banked   11492ms rerun
1048576    banked   15642ms rerun
2097152    banked   23759ms rerun
4194304    banked   68807ms rerun
8388608    REFUSED  79ms rerun
