2          banked   258ms rerun
4          banked   266ms rerun
8          banked   241ms rerun
16         banked   1003ms rerun
32         banked   854ms rerun
64         banked   922ms rerun
128        banked   1566ms rerun
256        banked   1893ms rerun
512        banked   2244ms rerun
1024       banked   3116ms rerun
2048       banked   3579ms rerun
4096       banked   6465ms rerun
8192       banked   8193ms rerun
16384      banked   10999ms rerun
32768      banked   15169ms rerun
65536      banked   21685ms rerun
131072     banked   22440ms rerun
262144     banked   24324ms rerun
524288     banked   9430ms rerun
1048576    banked   18707ms rerun
2097152    banked   28078ms rerun
4194304    banked   91419ms rerun
8388608    REFUSED  83ms rerun
