5x5        banked       729ms raced     chain
5x64       banked       716ms raced     chain
6x6        banked       288ms raced     chain
6x64       banked       296ms raced     chain
9x9        banked       925ms raced     chain
9x64       banked       935ms raced     chain
10x10      banked       282ms raced     chain
10x64      banked       297ms raced     chain
12x12      banked       920ms raced     chain
12x64      banked       282ms raced     chain
15x15      banked       921ms raced     chain
15x64      banked       746ms raced     chain
18x18      banked       922ms raced     chain
18x64      banked       723ms raced     chain
20x20      banked       918ms raced     chain
20x64      banked       707ms raced     chain
24x24      banked       725ms raced     chain
24x64      banked       307ms raced     chain
25x25      banked       928ms raced     chain
25x64      banked       729ms raced     chain
27x27      banked       902ms raced     chain
27x64      banked       711ms raced     chain
30x30      banked       912ms raced     chain
30x64      banked       721ms raced     chain
36x36      banked       720ms raced     chain
36x64      banked       713ms raced     chain
40x40      banked       723ms raced     chain
40x64      banked       719ms raced     chain
45x45      banked       714ms raced     chain
45x64      banked       716ms raced     chain
48x48      banked       286ms raced     chain
48x64      banked       963ms raced     chain
50x50      banked       723ms raced     chain
50x64      banked       743ms raced     chain
54x54      banked       692ms raced     chain
54x64      banked       754ms raced     chain
60x60      banked       706ms raced     chain
60x64      banked       739ms raced     chain
64x5       banked       506ms raced     chain
64x6       banked       501ms raced     chain
64x9       banked       509ms raced     chain
64x10      banked       503ms raced     chain
64x12      banked       509ms raced     chain
64x15      banked       512ms raced     chain
64x18      banked       529ms raced     chain
64x20      banked       506ms raced     chain
64x24      banked       511ms raced     chain
64x25      banked       508ms raced     chain
64x27      banked       505ms raced     chain
64x30      banked       503ms raced     chain
64x36      banked       512ms raced     chain
64x40      banked       510ms raced     chain
64x45      banked       505ms raced     chain
64x48      banked       497ms raced     chain
64x50      banked       501ms raced     chain
64x54      banked       509ms raced     chain
64x60      banked       497ms raced     chain
64x72      banked       508ms raced     chain
64x75      banked       514ms raced     chain
64x80      banked       513ms raced     chain
64x81      banked       505ms raced     chain
64x90      banked       504ms raced     chain
64x96      banked       515ms raced     chain
64x100     banked       514ms raced     chain
64x108     banked       508ms raced     chain
64x120     banked       495ms raced     chain
64x125     banked       510ms raced     chain
64x135     banked       511ms raced     chain
64x144     banked       512ms raced     chain
64x150     banked       490ms raced     chain
64x160     banked       520ms raced     chain
64x162     banked       508ms raced     chain
64x180     banked       513ms raced     chain
64x192     banked       539ms raced     chain
64x200     banked       507ms raced     chain
64x216     banked       505ms raced     chain
64x225     banked       512ms raced     chain
64x240     banked       514ms raced     chain
64x243     banked       506ms raced     chain
64x250     banked       512ms raced     chain
64x270     banked       509ms raced     chain
64x288     banked       515ms raced     chain
64x300     banked       498ms raced     chain
64x320     banked       532ms raced     chain
64x324     banked       505ms raced     chain
64x360     banked       511ms raced     chain
64x375     banked       507ms raced     chain
64x384     banked       537ms raced     chain
64x400     banked       517ms raced     chain
64x405     banked       505ms raced     chain
64x432     banked       534ms raced     chain
64x450     banked       501ms raced     chain
64x480     banked       522ms raced     chain
64x486     banked       519ms raced     chain
64x500     banked       504ms raced     chain
72x64      banked       736ms raced     chain
72x72      banked       706ms raced     chain
75x64      banked       725ms raced     chain
75x75      banked       736ms raced     chain
80x64      banked       728ms raced     chain
80x80      banked       715ms raced     chain
81x64      banked       745ms raced     chain
81x81      ERROR        775ms refused   chain
90x64      banked       739ms raced     chain
90x90      banked       729ms raced     chain
96x64      banked       943ms raced     chain
96x96      banked       301ms raced     chain
100x64     banked       724ms raced     chain
100x100    banked       740ms raced     chain
108x64     banked       746ms raced     chain
108x108    banked       711ms raced     chain
120x64     banked       746ms raced     chain
120x120    banked       738ms raced     chain
125x64     banked       752ms raced     chain
125x125    ERROR        772ms refused   chain
135x64     banked       740ms raced     chain
135x135    banked       744ms raced     chain
144x64     banked       755ms raced     chain
144x144    banked       730ms raced     chain
150x64     banked       760ms raced     chain
150x150    banked       734ms raced     chain
160x64     banked       964ms raced     chain
160x160    banked       969ms raced     chain
162x64     banked       761ms raced     chain
162x162    banked       734ms raced     chain
180x64     banked       770ms raced     chain
180x180    banked       741ms raced     chain
192x64     banked       532ms raced     chain
192x192    banked       965ms raced     chain
200x64     banked       770ms raced     chain
200x200    banked       733ms raced     chain
216x64     banked       755ms raced     chain
216x216    banked       724ms raced     chain
225x64     banked       748ms raced     chain
225x225    banked       737ms raced     chain
240x64     banked       763ms raced     chain
240x240    banked       742ms raced     chain
243x64     banked       769ms raced     chain
243x243    banked       739ms raced     chain
250x64     banked       807ms raced     chain
250x250    banked       756ms raced     chain
270x64     banked       765ms raced     chain
270x270    banked       983ms raced     chain
288x64     banked       982ms raced     chain
288x288    banked      1014ms raced     chain
300x64     banked       778ms raced     chain
300x300    banked       800ms raced     chain
320x64     banked       787ms raced     chain
320x320    banked       352ms raced     chain
324x64     banked       783ms raced     chain
324x324    banked       801ms raced     chain
360x64     banked       776ms raced     chain
360x360    banked       825ms raced     chain
375x64     banked       752ms raced     chain
375x375    banked       810ms raced     chain
384x64     banked       326ms raced     chain
384x384    banked       876ms raced     chain
400x64     banked       773ms raced     chain
400x400    banked       819ms raced     chain
405x64     banked       775ms raced     chain
405x405    banked      1063ms raced     chain
432x64     banked       766ms raced     chain
432x432    banked       849ms raced     chain
450x64     banked       766ms raced     chain
450x450    banked      1060ms raced     chain
480x64     banked       749ms raced     chain
480x480    banked       877ms raced     chain
486x64     banked       771ms raced     chain
486x486    banked      1055ms raced     chain
500x64     banked       774ms raced     chain
500x500    banked       836ms raced     chain
