2          banked       123ms replayed  -
4          banked       466ms raced     mono
8          banked       468ms raced     mono
16         banked       484ms raced     mono
32         banked       297ms raced     zrp:4.8:r2z
64         banked       495ms raced     zrp:4.16:r2z
128        banked       333ms raced     zr2c:child_oop_il
256        banked       323ms raced     zr2c:child_oop_il
512        banked       325ms raced     zr2c:child_oop_il
1024       banked       328ms raced     2p
2048       banked       184ms raced     zr2c:child_oop_il
4096       banked       192ms raced     zr2c:child_oop_il
8192       banked       212ms raced     ztt
16384      banked      8567ms raced     zr2c:child_oop_il
32768      banked       396ms raced     zr2c:child_oop_il
65536      banked     15968ms raced     zr2c:child_oop_il
131072     banked      1557ms raced     zr2c:child_oop_il
262144     banked      3955ms raced     zr2c:child_oop_il
524288     banked      7898ms raced     zr2c:child_oop_il
1048576    banked       875ms raced     fs
2097152    banked      1159ms raced     fs
4194304    banked      1513ms raced     fs
8388608    banked      2660ms raced     fs
