2x2x2      banked      1151ms raced     chain
2x2x4      banked      1103ms raced     chain
2x2x8      banked      1101ms raced     chain
2x2x16     banked      1431ms raced     chain
2x2x32     banked      1749ms raced     chain
2x2x64     banked      1765ms raced     chain
2x2x128    banked      2484ms raced     chain
2x2x256    banked      2772ms raced     chain
2x2x512    banked      3122ms raced     chain
2x2x1024   banked      3686ms raced     chain
2x2x2048   banked      4482ms raced     chain
2x2x4096   banked      7216ms raced     chain
2x2x8192   banked     10038ms raced     chain
2x4x2      banked      1072ms raced     chain
2x4x4      banked      1112ms raced     chain
2x4x8      banked      1076ms raced     chain
2x4x16     banked      1417ms raced     chain
2x4x32     banked      1740ms raced     chain
2x4x64     banked      1768ms raced     chain
2x4x128    banked      2396ms raced     chain
2x4x256    banked      2769ms raced     chain
2x4x512    banked      3149ms raced     chain
2x4x1024   banked      3512ms raced     chain
2x4x2048   banked      4826ms raced     chain
2x4x4096   banked      7194ms raced     chain
2x4x8192   banked      8700ms raced     chain
2x8x2      banked      1078ms raced     chain
2x8x4      banked      1118ms raced     chain
2x8x8      banked      1097ms raced     chain
2x8x16     banked      1423ms raced     chain
2x8x32     banked      1755ms raced     chain
2x8x64     banked      1722ms raced     chain
2x8x128    banked      2397ms raced     chain
2x8x256    banked      2814ms raced     chain
2x8x512    banked      3102ms raced     chain
2x8x1024   banked      3736ms raced     chain
2x8x2048   banked      4368ms raced     chain
2x8x4096   banked      7275ms raced     chain
2x8x8192   banked      8691ms raced     chain
2x16x2     banked      1079ms raced     chain
2x16x4     banked      1109ms raced     chain
2x16x8     banked      1092ms raced     chain
2x16x16    banked      1419ms raced     chain
2x16x32    banked      1749ms raced     chain
2x16x64    banked      1729ms raced     chain
2x16x128   banked      2622ms raced     chain
2x16x256   banked      2823ms raced     chain
2x16x512   banked      3125ms raced     chain
2x16x1024  banked      3642ms raced     chain
2x16x2048  banked      4491ms raced     chain
2x16x4096  banked      7307ms raced     chain
2x16x8192  banked      8718ms raced     chain
2x32x2     banked      1486ms raced     chain
2x32x4     banked      1522ms raced     chain
2x32x8     banked      1503ms raced     chain
2x32x16    banked      1868ms raced     chain
2x32x32    banked      2176ms raced     chain
2x32x64    banked      2221ms raced     chain
2x32x128   banked      2530ms raced     chain
2x32x256   banked      2867ms raced     chain
2x32x512   banked      3130ms raced     chain
2x32x1024  banked      3766ms raced     chain
2x32x2048  banked      4544ms raced     chain
2x32x4096  banked      7511ms raced     chain
2x32x8192  banked      8733ms raced     chain
2x64x2     banked      1510ms raced     chain
2x64x4     banked      1522ms raced     chain
2x64x8     banked      1531ms raced     chain
2x64x16    banked      1838ms raced     chain
2x64x32    banked      2202ms raced     chain
2x64x64    banked      1876ms raced     chain
2x64x128   banked      2415ms raced     chain
2x64x256   banked      2876ms raced     chain
2x64x512   banked      3132ms raced     chain
2x64x1024  banked      3741ms raced     chain
2x64x2048  banked      4765ms raced     chain
2x64x4096  banked      7355ms raced     chain
2x64x8192  banked      8866ms raced     chain
2x128x2    banked      1387ms raced     chain
2x128x4    banked      1338ms raced     chain
2x128x8    banked      1122ms raced     chain
2x128x16   banked      1723ms raced     chain
2x128x32   banked      1890ms raced     chain
2x128x64   banked      1900ms raced     chain
2x128x128  banked      2659ms raced     chain
2x128x256  banked      2874ms raced     chain
2x128x512  banked      3156ms raced     chain
2x128x1024 banked      3551ms raced     chain
2x128x2048 banked      4562ms raced     chain
2x128x4096 banked      7450ms raced     chain
2x128x8192 banked      9222ms raced     chain
2x256x2    banked      1632ms raced     chain
2x256x4    banked      1378ms raced     chain
2x256x8    banked      1526ms raced     chain
2x256x16   banked      1918ms raced     chain
2x256x32   banked      1918ms raced     chain
2x256x64   banked      1926ms raced     chain
2x256x128  banked      2646ms raced     chain
2x256x256  banked      2913ms raced     chain
2x256x512  banked      3188ms raced     chain
2x256x1024 banked      3830ms raced     chain
2x256x2048 banked      4768ms raced     chain
2x256x4096 banked      7959ms raced     chain
2x256x8192 banked     10748ms raced     chain
2x512x2    banked      1636ms raced     chain
2x512x4    banked      1575ms raced     chain
2x512x8    banked      1151ms raced     chain
2x512x16   banked      1546ms raced     chain
2x512x32   banked      1930ms raced     chain
2x512x64   banked      1943ms raced     chain
2x512x128  banked      2481ms raced     chain
2x512x256  banked      2976ms raced     chain
2x512x512  banked      3277ms raced     chain
2x512x1024 banked      4038ms raced     chain
2x512x2048 banked      5329ms raced     chain
2x512x4096 banked      9355ms raced     chain
2x1024x2   banked      1825ms raced     chain
2x1024x4   banked      1595ms raced     chain
2x1024x8   banked      1167ms raced     chain
2x1024x16  banked      1576ms raced     chain
2x1024x32  banked      2357ms raced     chain
2x1024x64  banked      1969ms raced     chain
2x1024x128 banked      2753ms raced     chain
2x1024x256 banked      3031ms raced     chain
2x1024x512 banked      3439ms raced     chain
2x1024x1024 banked      4591ms raced     chain
2x1024x2048 banked      6854ms raced     chain
2x2048x2   banked      1922ms raced     chain
2x2048x4   banked      1660ms raced     chain
2x2048x8   banked      1208ms raced     chain
2x2048x16  banked      1638ms raced     chain
2x2048x32  banked      2446ms raced     chain
2x2048x64  banked      2336ms raced     chain
2x2048x128 banked      2800ms raced     chain
2x2048x256 banked      3373ms raced     chain
2x2048x512 banked      4057ms raced     chain
2x2048x1024 banked      6446ms raced     chain
2x4096x2   banked      1774ms raced     chain
2x4096x4   banked      1464ms raced     chain
2x4096x8   banked      1660ms raced     chain
2x4096x16  banked      2463ms raced     chain
2x4096x32  banked      2671ms raced     chain
2x4096x64  banked      2577ms raced     chain
2x4096x128 banked      3282ms raced     chain
2x4096x256 banked      4807ms raced     chain
2x4096x512 banked      6463ms raced     chain
2x8192x2   banked      2181ms raced     chain
2x8192x4   banked      1718ms raced     chain
2x8192x8   banked      1903ms raced     chain
2x8192x16  banked      2494ms raced     chain
2x8192x32  banked      3022ms raced     chain
2x8192x64  banked      3296ms raced     chain
2x8192x128 banked      4297ms raced     chain
2x8192x256 banked      8012ms raced     chain
4x2x2      banked      1109ms raced     chain
4x2x4      banked      1132ms raced     chain
4x2x8      banked      1105ms raced     chain
4x2x16     banked      1448ms raced     chain
4x2x32     banked      1771ms raced     chain
4x2x64     banked      1753ms raced     chain
4x2x128    banked      2636ms raced     chain
4x2x256    banked      2785ms raced     chain
4x2x512    banked      3102ms raced     chain
4x2x1024   banked      3679ms raced     chain
4x2x2048   banked      4467ms raced     chain
4x2x4096   banked      7184ms raced     chain
4x2x8192   banked      8721ms raced     chain
4x4x2      banked      1124ms raced     chain
4x4x4      banked      1101ms raced     chain
4x4x8      banked      1100ms raced     chain
4x4x16     banked      1419ms raced     chain
4x4x32     banked      1759ms raced     chain
4x4x64     banked      1757ms raced     chain
4x4x128    banked      2460ms raced     chain
4x4x256    banked      2740ms raced     chain
4x4x512    banked      3100ms raced     chain
4x4x1024   banked      3720ms raced     chain
4x4x2048   banked      4484ms raced     chain
4x4x4096   banked      7270ms raced     chain
4x4x8192   banked      8717ms raced     chain
4x8x2      banked      1113ms raced     chain
4x8x4      banked      1107ms raced     chain
4x8x8      banked      1107ms raced     chain
4x8x16     banked      1432ms raced     chain
4x8x32     banked      1745ms raced     chain
4x8x64     banked      1783ms raced     chain
4x8x128    banked      2399ms raced     chain
4x8x256    banked      2778ms raced     chain
4x8x512    banked      3115ms raced     chain
4x8x1024   banked      3761ms raced     chain
4x8x2048   banked      4529ms raced     chain
4x8x4096   banked      7294ms raced     chain
4x8x8192   banked      8691ms raced     chain
4x16x2     banked      1109ms raced     chain
4x16x4     banked      1119ms raced     chain
4x16x8     banked      1101ms raced     chain
4x16x16    banked      1448ms raced     chain
4x16x32    banked      1761ms raced     chain
4x16x64    banked      1778ms raced     chain
4x16x128   banked      2423ms raced     chain
4x16x256   banked      2825ms raced     chain
4x16x512   banked      3150ms raced     chain
4x16x1024  banked      3525ms raced     chain
4x16x2048  banked      4541ms raced     chain
4x16x4096  banked      7338ms raced     chain
4x16x8192  banked      8751ms raced     chain
4x32x2     banked      1519ms raced     chain
4x32x4     banked      1528ms raced     chain
4x32x8     banked      1508ms raced     chain
4x32x16    banked      1862ms raced     chain
4x32x32    banked      2231ms raced     chain
4x32x64    banked      2230ms raced     chain
4x32x128   banked      2455ms raced     chain
4x32x256   banked      3033ms raced     chain
4x32x512   banked      3152ms raced     chain
4x32x1024  banked      3707ms raced     chain
4x32x2048  banked      4569ms raced     chain
4x32x4096  banked      7720ms raced     chain
4x32x8192  banked      8785ms raced     chain
4x64x2     banked      1549ms raced     chain
4x64x4     banked      1539ms raced     chain
4x64x8     banked      1532ms raced     chain
4x64x16    banked      1870ms raced     chain
4x64x32    banked      2246ms raced     chain
4x64x64    banked      1886ms raced     chain
4x64x128   banked      3053ms raced     chain
4x64x256   banked      2861ms raced     chain
4x64x512   banked      3156ms raced     chain
4x64x1024  banked      3701ms raced     chain
4x64x2048  banked      5001ms raced     chain
4x64x4096  banked      7250ms raced     chain
4x64x8192  banked      8896ms raced     chain
4x128x2    banked      1619ms raced     chain
4x128x4    banked      1336ms raced     chain
4x128x8    banked      1130ms raced     chain
4x128x16   banked      1927ms raced     chain
4x128x32   banked      1869ms raced     chain
4x128x64   banked      1915ms raced     chain
4x128x128  banked      2610ms raced     chain
4x128x256  banked      2876ms raced     chain
4x128x512  banked      3150ms raced     chain
4x128x1024 banked      3602ms raced     chain
4x128x2048 banked      4593ms raced     chain
4x128x4096 banked      7504ms raced     chain
4x128x8192 banked      9278ms raced     chain
4x256x2    banked      1594ms raced     chain
4x256x4    banked      1367ms raced     chain
4x256x8    banked      1557ms raced     chain
4x256x16   banked      1949ms raced     chain
4x256x32   banked      1899ms raced     chain
4x256x64   banked      1965ms raced     chain
4x256x128  banked      2473ms raced     chain
4x256x256  banked      2947ms raced     chain
4x256x512  banked      3210ms raced     chain
4x256x1024 banked      3709ms raced     chain
4x256x2048 banked      4810ms raced     chain
4x256x4096 banked      7990ms raced     chain
4x512x2    banked      1627ms raced     chain
4x512x4    banked      1602ms raced     chain
4x512x8    banked      1386ms raced     chain
4x512x16   banked      1556ms raced     chain
4x512x32   banked      1918ms raced     chain
4x512x64   banked      1941ms raced     chain
4x512x128  banked      2471ms raced     chain
4x512x256  banked      2984ms raced     chain
4x512x512  banked      3302ms raced     chain
4x512x1024 banked      4051ms raced     chain
4x512x2048 banked      5397ms raced     chain
4x1024x2   banked      1679ms raced     chain
4x1024x4   banked      1620ms raced     chain
4x1024x8   banked      1183ms raced     chain
4x1024x16  banked      1602ms raced     chain
4x1024x32  banked      2342ms raced     chain
4x1024x64  banked      1969ms raced     chain
4x1024x128 banked      2524ms raced     chain
4x1024x256 banked      3044ms raced     chain
4x1024x512 banked      3491ms raced     chain
4x1024x1024 banked      4644ms raced     chain
4x2048x2   banked      1850ms raced     chain
4x2048x4   banked      1429ms raced     chain
4x2048x8   banked      1415ms raced     chain
4x2048x16  banked      2095ms raced     chain
4x2048x32  banked      2458ms raced     chain
4x2048x64  banked      2548ms raced     chain
4x2048x128 banked      2891ms raced     chain
4x2048x256 banked      3370ms raced     chain
4x2048x512 banked      4164ms raced     chain
4x4096x2   banked      1756ms raced     chain
4x4096x4   banked      1680ms raced     chain
4x4096x8   banked      1674ms raced     chain
4x4096x16  banked      2473ms raced     chain
4x4096x32  banked      2877ms raced     chain
4x4096x64  banked      2577ms raced     chain
4x4096x128 banked      3576ms raced     chain
4x4096x256 banked      4812ms raced     chain
4x8192x2   banked      1973ms raced     chain
4x8192x4   banked      1710ms raced     chain
4x8192x8   banked      2067ms raced     chain
4x8192x16  banked      2312ms raced     chain
4x8192x32  banked      2815ms raced     chain
4x8192x64  banked      3372ms raced     chain
4x8192x128 banked      4122ms raced     chain
8x2x2      banked      1118ms raced     chain
8x2x4      banked      1117ms raced     chain
8x2x8      banked      1111ms raced     chain
8x2x16     banked      1451ms raced     chain
8x2x32     banked      1748ms raced     chain
8x2x64     banked      1770ms raced     chain
8x2x128    banked      2405ms raced     chain
8x2x256    banked      2754ms raced     chain
8x2x512    banked      3109ms raced     chain
8x2x1024   banked      3517ms raced     chain
8x2x2048   banked      4571ms raced     chain
8x2x4096   banked      7254ms raced     chain
8x2x8192   banked      8714ms raced     chain
8x4x2      banked      1097ms raced     chain
8x4x4      banked      1100ms raced     chain
8x4x8      banked      1104ms raced     chain
8x4x16     banked      1444ms raced     chain
8x4x32     banked      1744ms raced     chain
8x4x64     banked      1765ms raced     chain
8x4x128    banked      2436ms raced     chain
8x4x256    banked      2771ms raced     chain
8x4x512    banked      3134ms raced     chain
8x4x1024   banked      3655ms raced     chain
8x4x2048   banked      4522ms raced     chain
8x4x4096   banked      7255ms raced     chain
8x4x8192   banked      8694ms raced     chain
8x8x2      banked      1116ms raced     chain
8x8x4      banked      1128ms raced     chain
8x8x8      banked      1119ms raced     chain
8x8x16     banked      1467ms raced     chain
8x8x32     banked      1781ms raced     chain
8x8x64     banked      1820ms raced     chain
8x8x128    banked      2485ms raced     chain
8x8x256    banked      2828ms raced     chain
8x8x512    banked      3164ms raced     chain
8x8x1024   banked      3765ms raced     chain
8x8x2048   banked      4615ms raced     chain
8x8x4096   banked      7369ms raced     chain
8x8x8192   banked      8880ms raced     chain
8x16x2     banked      1296ms raced     chain
8x16x4     banked      1392ms raced     chain
8x16x8     banked      1322ms raced     chain
8x16x16    banked      1620ms raced     chain
8x16x32    banked      2014ms raced     chain
8x16x64    banked      2064ms raced     chain
8x16x128   banked      2549ms raced     chain
8x16x256   banked      3038ms raced     chain
8x16x512   banked      3343ms raced     chain
8x16x1024  banked      3833ms raced     chain
8x16x2048  banked      4606ms raced     chain
8x16x4096  banked      7233ms raced     chain
8x16x8192  banked      8806ms raced     chain
8x32x2     banked      1542ms raced     chain
8x32x4     banked      1540ms raced     chain
8x32x8     banked      1537ms raced     chain
8x32x16    banked      1872ms raced     chain
8x32x32    banked      2200ms raced     chain
8x32x64    banked      2262ms raced     chain
8x32x128   banked      2470ms raced     chain
8x32x256   banked      2875ms raced     chain
8x32x512   banked      3136ms raced     chain
8x32x1024  banked      3905ms raced     chain
8x32x2048  banked      5003ms raced     chain
8x32x4096  banked      7790ms raced     chain
8x32x8192  banked      8852ms raced     chain
8x64x2     banked      1547ms raced     chain
8x64x4     banked      1573ms raced     chain
8x64x8     banked      1543ms raced     chain
8x64x16    banked      1895ms raced     chain
8x64x32    banked      2243ms raced     chain
8x64x64    banked      1916ms raced     chain
8x64x128   banked      2476ms raced     chain
8x64x256   banked      2883ms raced     chain
8x64x512   banked      3176ms raced     chain
8x64x1024  banked      3793ms raced     chain
8x64x2048  banked      5007ms raced     chain
8x64x4096  banked      7440ms raced     chain
8x64x8192  banked      9103ms raced     chain
8x128x2    banked      1442ms raced     chain
8x128x4    banked      1575ms raced     chain
8x128x8    banked      1140ms raced     chain
8x128x16   banked      1710ms raced     chain
8x128x32   banked      2305ms raced     chain
8x128x64   banked      1886ms raced     chain
8x128x128  banked      2481ms raced     chain
8x128x256  banked      2888ms raced     chain
8x128x512  banked      3190ms raced     chain
8x128x1024 banked      3743ms raced     chain
8x128x2048 banked      4709ms raced     chain
8x128x4096 banked      7667ms raced     chain
8x256x2    banked      1621ms raced     chain
8x256x4    banked      1415ms raced     chain
8x256x8    banked      1588ms raced     chain
8x256x16   banked      1930ms raced     chain
8x256x32   banked      1963ms raced     chain
8x256x64   banked      1999ms raced     chain
8x256x128  banked      2481ms raced     chain
8x256x256  banked      2913ms raced     chain
8x256x512  banked      3242ms raced     chain
8x256x1024 banked      3919ms raced     chain
8x256x2048 banked      5026ms raced     chain
8x512x2    banked      1655ms raced     chain
8x512x4    banked      1616ms raced     chain
8x512x8    banked      1376ms raced     chain
8x512x16   banked      1575ms raced     chain
8x512x32   banked      1956ms raced     chain
8x512x64   banked      1976ms raced     chain
8x512x128  banked      2487ms raced     chain
8x512x256  banked      3008ms raced     chain
8x512x512  banked      3384ms raced     chain
8x512x1024 banked      4342ms raced     chain
8x1024x2   banked      1666ms raced     chain
8x1024x4   banked      1642ms raced     chain
8x1024x8   banked      1199ms raced     chain
8x1024x16  banked      1615ms raced     chain
8x1024x32  banked      1969ms raced     chain
8x1024x64  banked      2020ms raced     chain
8x1024x128 banked      2558ms raced     chain
8x1024x256 banked      3158ms raced     chain
8x1024x512 banked      3737ms raced     chain
8x2048x2   banked      1744ms raced     chain
8x2048x4   banked      1653ms raced     chain
8x2048x8   banked      1250ms raced     chain
8x2048x16  banked      2126ms raced     chain
8x2048x32  banked      2471ms raced     chain
8x2048x64  banked      2593ms raced     chain
8x2048x128 banked      2969ms raced     chain
8x2048x256 banked      3817ms raced     chain
8x4096x2   banked      1774ms raced     chain
8x4096x4   banked      1498ms raced     chain
8x4096x8   banked      1684ms raced     chain
8x4096x16  banked      2493ms raced     chain
8x4096x32  banked      2907ms raced     chain
8x4096x64  banked      2766ms raced     chain
8x4096x128 banked      3589ms raced     chain
8x8192x2   banked      2216ms raced     chain
8x8192x4   banked      1757ms raced     chain
8x8192x8   banked      2128ms raced     chain
8x8192x16  banked      2582ms raced     chain
8x8192x32  banked      3147ms raced     chain
8x8192x64  banked      3251ms raced     chain
16x2x2     banked      1118ms raced     chain
16x2x4     banked      1126ms raced     chain
16x2x8     banked      1116ms raced     chain
16x2x16    banked      1453ms raced     chain
16x2x32    banked      1773ms raced     chain
16x2x64    banked      1743ms raced     chain
16x2x128   banked      2428ms raced     chain
16x2x256   banked      2830ms raced     chain
16x2x512   banked      3287ms raced     chain
16x2x1024  banked      3887ms raced     chain
16x2x2048  banked      4634ms raced     chain
16x2x4096  banked      7385ms raced     chain
16x2x8192  banked      8806ms raced     chain
16x4x2     banked      1113ms raced     chain
16x4x4     banked      1140ms raced     chain
16x4x8     banked      1119ms raced     chain
16x4x16    banked      1436ms raced     chain
16x4x32    banked      1761ms raced     chain
16x4x64    banked      1805ms raced     chain
16x4x128   banked      2691ms raced     chain
16x4x256   banked      2905ms raced     chain
16x4x512   banked      3228ms raced     chain
16x4x1024  banked      3831ms raced     chain
16x4x2048  banked      4623ms raced     chain
16x4x4096  banked      7271ms raced     chain
16x4x8192  banked      8805ms raced     chain
16x8x2     banked      1129ms raced     chain
16x8x4     banked      1131ms raced     chain
16x8x8     banked      1140ms raced     chain
16x8x16    banked      1429ms raced     chain
16x8x32    banked      1807ms raced     chain
16x8x64    banked      1843ms raced     chain
16x8x128   banked      2560ms raced     chain
16x8x256   banked      2897ms raced     chain
16x8x512   banked      3259ms raced     chain
16x8x1024  banked      3832ms raced     chain
16x8x2048  banked      4620ms raced     chain
16x8x4096  banked      7291ms raced     chain
16x8x8192  banked      8941ms raced     chain
16x16x2    banked      1120ms raced     chain
16x16x4    banked      1117ms raced     chain
16x16x8    banked      1115ms raced     chain
16x16x16   banked      1489ms raced     chain
16x16x32   banked      1843ms raced     chain
16x16x64   banked      1884ms raced     chain
16x16x128  banked      2544ms raced     chain
16x16x256  banked      2954ms raced     chain
16x16x512  banked      3271ms raced     chain
16x16x1024 banked      3661ms raced     chain
16x16x2048 banked      4555ms raced     chain
16x16x4096 banked      7563ms raced     chain
16x16x8192 banked      9326ms raced     chain
16x32x2    banked      1549ms raced     chain
16x32x4    banked      1587ms raced     chain
16x32x8    banked      1592ms raced     chain
16x32x16   banked      1937ms raced     chain
16x32x32   banked      2315ms raced     chain
16x32x64   banked      2336ms raced     chain
16x32x128  banked      2598ms raced     chain
16x32x256  banked      2999ms raced     chain
16x32x512  banked      3267ms raced     chain
16x32x1024 banked      3584ms raced     chain
16x32x2048 banked      5201ms raced     chain
16x32x4096 banked      7934ms raced     chain
16x32x8192 banked      9301ms raced     chain
16x64x2    banked      1538ms raced     chain
16x64x4    banked      1600ms raced     chain
16x64x8    banked      1608ms raced     chain
16x64x16   banked      1998ms raced     chain
16x64x32   banked      2351ms raced     chain
16x64x64   banked      2199ms raced     chain
16x64x128  banked      2808ms raced     chain
16x64x256  banked      3012ms raced     chain
16x64x512  banked      3274ms raced     chain
16x64x1024 banked      4004ms raced     chain
16x64x2048 banked      5192ms raced     chain
16x64x4096 banked      7570ms raced     chain
16x128x2   banked      1655ms raced     chain
16x128x4   banked      1210ms raced     chain
16x128x8   banked      1261ms raced     chain
16x128x16  banked      2135ms raced     chain
16x128x32  banked      2014ms raced     chain
16x128x64  banked      2073ms raced     chain
16x128x128 banked      2608ms raced     chain
16x128x256 banked      3011ms raced     chain
16x128x512 banked      3465ms raced     chain
16x128x1024 banked      4493ms raced     chain
16x128x2048 banked      4929ms raced     chain
16x256x2   banked      1698ms raced     chain
16x256x4   banked      1743ms raced     chain
16x256x8   banked      1521ms raced     chain
16x256x16  banked      1887ms raced     chain
16x256x32  banked      2100ms raced     chain
16x256x64  banked      2117ms raced     chain
16x256x128 banked      2588ms raced     chain
16x256x256 banked      3213ms raced     chain
16x256x512 banked      3866ms raced     chain
16x256x1024 banked      4173ms raced     chain
16x512x2   banked      1882ms raced     chain
16x512x4   banked      1799ms raced     chain
16x512x8   banked      1579ms raced     chain
16x512x16  banked      1750ms raced     chain
16x512x32  banked      2109ms raced     chain
16x512x64  banked      2062ms raced     chain
16x512x128 banked      2773ms raced     chain
16x512x256 banked      3645ms raced     chain
16x512x512 banked      3627ms raced     chain
16x1024x2  banked      1651ms raced     chain
16x1024x4  banked      1596ms raced     chain
16x1024x8  banked      1355ms raced     chain
16x1024x16 banked      1740ms raced     chain
16x1024x32 banked      2434ms raced     chain
16x1024x64 banked      2301ms raced     chain
16x1024x128 banked      3207ms raced     chain
16x1024x256 banked      3361ms raced     chain
16x2048x2  banked      2275ms raced     chain
16x2048x4  banked      2236ms raced     chain
16x2048x8  banked      1592ms raced     chain
16x2048x16 banked      2239ms raced     chain
16x2048x32 banked      2796ms raced     chain
16x2048x64 banked      3297ms raced     chain
16x2048x128 banked      3400ms raced     chain
16x4096x2  banked      1972ms raced     chain
16x4096x4  banked      1875ms raced     chain
16x4096x8  banked      1822ms raced     chain
16x4096x16 banked      2827ms raced     chain
16x4096x32 banked      3732ms raced     chain
16x4096x64 banked      2930ms raced     chain
16x8192x2  banked      2228ms raced     chain
16x8192x4  banked      1929ms raced     chain
16x8192x8  banked      2182ms raced     chain
16x8192x16 banked      3354ms raced     chain
16x8192x32 banked      3384ms raced     chain
32x2x2     banked      1345ms raced     chain
32x2x4     banked      1336ms raced     chain
32x2x8     banked      1350ms raced     chain
32x2x16    banked      1457ms raced     chain
32x2x32    banked      1998ms raced     chain
32x2x64    banked      1791ms raced     chain
32x2x128   banked      2472ms raced     chain
32x2x256   banked      2902ms raced     chain
32x2x512   banked      3252ms raced     chain
32x2x1024  banked      3737ms raced     chain
32x2x2048  banked      4589ms raced     chain
32x2x4096  banked      7393ms raced     chain
32x2x8192  banked      8840ms raced     chain
32x4x2     banked      1111ms raced     chain
32x4x4     banked      1352ms raced     chain
32x4x8     banked      1119ms raced     chain
32x4x16    banked      1469ms raced     chain
32x4x32    banked      1780ms raced     chain
32x4x64    banked      1842ms raced     chain
32x4x128   banked      2537ms raced     chain
32x4x256   banked      2884ms raced     chain
32x4x512   banked      3232ms raced     chain
32x4x1024  banked      3823ms raced     chain
32x4x2048  banked      4647ms raced     chain
32x4x4096  banked      7275ms raced     chain
32x4x8192  banked      9030ms raced     chain
32x8x2     banked      1347ms raced     chain
32x8x4     banked      1144ms raced     chain
32x8x8     banked      1129ms raced     chain
32x8x16    banked      1464ms raced     chain
32x8x32    banked      1841ms raced     chain
32x8x64    banked      1885ms raced     chain
32x8x128   banked      2535ms raced     chain
32x8x256   banked      2919ms raced     chain
32x8x512   banked      3233ms raced     chain
32x8x1024  banked      3656ms raced     chain
32x8x2048  banked      4457ms raced     chain
32x8x4096  banked      7419ms raced     chain
32x8x8192  banked      9377ms raced     chain
32x16x2    banked      1331ms raced     chain
32x16x4    banked      1194ms raced     chain
32x16x8    banked      1138ms raced     chain
32x16x16   banked      1506ms raced     chain
32x16x32   banked      1868ms raced     chain
32x16x64   banked      1905ms raced     chain
32x16x128  banked      2765ms raced     chain
32x16x256  banked      2983ms raced     chain
32x16x512  banked      3304ms raced     chain
32x16x1024 banked      3817ms raced     chain
32x16x2048 banked      4839ms raced     chain
32x16x4096 banked      7914ms raced     chain
32x16x8192 banked     10330ms raced     chain
32x32x2    banked      1569ms raced     chain
32x32x4    banked      1600ms raced     chain
32x32x8    banked      1617ms raced     chain
32x32x16   banked      2001ms raced     chain
32x32x32   banked      2345ms raced     chain
32x32x64   banked      2387ms raced     chain
32x32x128  banked      3073ms raced     chain
32x32x256  banked      3038ms raced     chain
32x32x512  banked      3304ms raced     chain
32x32x1024 banked      4042ms raced     chain
32x32x2048 banked      5386ms raced     chain
32x32x4096 banked      9366ms raced     chain
32x64x2    banked      1584ms raced     chain
32x64x4    banked      1638ms raced     chain
32x64x8    banked      1658ms raced     chain
32x64x16   banked      1999ms raced     chain
32x64x32   banked      2356ms raced     chain
32x64x64   banked      2039ms raced     chain
32x64x128  banked      2602ms raced     chain
32x64x256  banked      3059ms raced     chain
32x64x512  banked      3502ms raced     chain
32x64x1024 banked      4515ms raced     chain
32x64x2048 banked      6833ms raced     chain
32x128x2   banked      1511ms raced     chain
32x128x4   banked      1488ms raced     chain
32x128x8   banked      1526ms raced     chain
32x128x16  banked      1686ms raced     chain
32x128x32  banked      2242ms raced     chain
32x128x64  banked      2091ms raced     chain
32x128x128 banked      2806ms raced     chain
32x128x256 banked      3230ms raced     chain
32x128x512 banked      3946ms raced     chain
32x128x1024 banked      5550ms raced     chain
32x256x2   banked      1831ms raced     chain
32x256x4   banked      1763ms raced     chain
32x256x8   banked      1526ms raced     chain
32x256x16  banked      2146ms raced     chain
32x256x32  banked      2081ms raced     chain
32x256x64  banked      2095ms raced     chain
32x256x128 banked      2946ms raced     chain
32x256x256 banked      3654ms raced     chain
32x256x512 banked      5017ms raced     chain
32x512x2   banked      1866ms raced     chain
32x512x4   banked      1578ms raced     chain
32x512x8   banked      1341ms raced     chain
32x512x16  banked      2143ms raced     chain
32x512x32  banked      2129ms raced     chain
32x512x64  banked      2284ms raced     chain
32x512x128 banked      3281ms raced     chain
32x512x256 banked      4786ms raced     chain
32x1024x2  banked      2095ms raced     chain
32x1024x4  banked      1808ms raced     chain
32x1024x8  banked      1381ms raced     chain
32x1024x16 banked      1755ms raced     chain
32x1024x32 banked      2479ms raced     chain
32x1024x64 banked      2784ms raced     chain
32x1024x128 banked      4337ms raced     chain
32x2048x2  banked      2118ms raced     chain
32x2048x4  banked      2128ms raced     chain
32x2048x8  banked      1422ms raced     chain
32x2048x16 banked      2060ms raced     chain
32x2048x32 banked      3343ms raced     chain
32x2048x64 banked      4419ms raced     chain
32x4096x2  banked      2029ms raced     chain
32x4096x4  banked      1681ms raced     chain
32x4096x8  banked      2070ms raced     chain
32x4096x16 banked      3364ms raced     chain
32x4096x32 banked      4744ms raced     chain
32x8192x2  banked      2400ms raced     chain
32x8192x4  banked      2141ms raced     chain
32x8192x8  banked      3006ms raced     chain
32x8192x16 banked      4663ms raced     chain
64x2x2     banked      1343ms raced     chain
64x2x4     banked      1368ms raced     chain
64x2x8     banked      1351ms raced     chain
64x2x16    banked      1684ms raced     chain
64x2x32    banked      1821ms raced     chain
64x2x64    banked      1839ms raced     chain
64x2x128   banked      2523ms raced     chain
64x2x256   banked      2885ms raced     chain
64x2x512   banked      3272ms raced     chain
64x2x1024  banked      3910ms raced     chain
64x2x2048  banked      4621ms raced     chain
64x2x4096  banked      7393ms raced     chain
64x2x8192  banked      9047ms raced     chain
64x4x2     banked      1337ms raced     chain
64x4x4     banked      1135ms raced     chain
64x4x8     banked      1349ms raced     chain
64x4x16    banked      1490ms raced     chain
64x4x32    banked      1801ms raced     chain
64x4x64    banked      1871ms raced     chain
64x4x128   banked      2521ms raced     chain
64x4x256   banked      2899ms raced     chain
64x4x512   banked      3255ms raced     chain
64x4x1024  banked      3674ms raced     chain
64x4x2048  banked      4663ms raced     chain
64x4x4096  banked      7651ms raced     chain
64x4x8192  banked      9435ms raced     chain
64x8x2     banked      1353ms raced     chain
64x8x4     banked      1160ms raced     chain
64x8x8     banked      1136ms raced     chain
64x8x16    banked      1509ms raced     chain
64x8x32    banked      1882ms raced     chain
64x8x64    banked      1857ms raced     chain
64x8x128   banked      2575ms raced     chain
64x8x256   banked      2936ms raced     chain
64x8x512   banked      3248ms raced     chain
64x8x1024  banked      3664ms raced     chain
64x8x2048  banked      4767ms raced     chain
64x8x4096  banked      7989ms raced     chain
64x8x8192  banked     10462ms raced     chain
64x16x2    banked      1145ms raced     chain
64x16x4    banked      1164ms raced     chain
64x16x8    banked      1191ms raced     chain
64x16x16   banked      1545ms raced     chain
64x16x32   banked      1938ms raced     chain
64x16x64   banked      1923ms raced     chain
64x16x128  banked      2586ms raced     chain
64x16x256  banked      3042ms raced     chain
64x16x512  banked      3297ms raced     chain
64x16x1024 banked      3876ms raced     chain
64x16x2048 banked      5284ms raced     chain
64x16x4096 banked      9121ms raced     chain
64x32x2    banked      1590ms raced     chain
64x32x4    banked      1638ms raced     chain
64x32x8    banked      1674ms raced     chain
64x32x16   banked      2011ms raced     chain
64x32x32   banked      2329ms raced     chain
64x32x64   banked      2419ms raced     chain
64x32x128  banked      2887ms raced     chain
64x32x256  banked      3015ms raced     chain
64x32x512  banked      3522ms raced     chain
64x32x1024 banked      4545ms raced     chain
64x32x2048 banked      6285ms raced     chain
64x64x2    banked      1630ms raced     chain
64x64x4    banked      1708ms raced     chain
64x64x8    banked      1714ms raced     chain
64x64x16   banked      2038ms raced     chain
64x64x32   banked      2404ms raced     chain
64x64x64   banked      2064ms raced     chain
64x64x128  banked      2989ms raced     chain
64x64x256  banked      3248ms raced     chain
64x64x512  banked      3970ms raced     chain
64x64x1024 banked      5633ms raced     chain
64x128x2   banked      1593ms raced     chain
64x128x4   banked      1525ms raced     chain
64x128x8   banked      1307ms raced     chain
64x128x16  banked      1910ms raced     chain
64x128x32  banked      2340ms raced     chain
64x128x64  banked      2075ms raced     chain
64x128x128 banked      2927ms raced     chain
64x128x256 banked      3687ms raced     chain
64x128x512 banked      5152ms raced     chain
64x256x2   banked      1641ms raced     chain
64x256x4   banked      1780ms raced     chain
64x256x8   banked      1577ms raced     chain
64x256x16  banked      2169ms raced     chain
64x256x32  banked      2152ms raced     chain
64x256x64  banked      2297ms raced     chain
64x256x128 banked      3274ms raced     chain
64x256x256 banked      4803ms raced     chain
64x512x2   banked      1844ms raced     chain
64x512x4   banked      1818ms raced     chain
64x512x8   banked      1587ms raced     chain
64x512x16  banked      1752ms raced     chain
64x512x32  banked      2343ms raced     chain
64x512x64  banked      2752ms raced     chain
64x512x128 banked      4379ms raced     chain
64x1024x2  banked      2112ms raced     chain
64x1024x4  banked      1849ms raced     chain
64x1024x8  banked      1375ms raced     chain
64x1024x16 banked      1994ms raced     chain
64x1024x32 banked      2790ms raced     chain
64x1024x64 banked      3984ms raced     chain
64x2048x2  banked      2247ms raced     chain
64x2048x4  banked      1689ms raced     chain
64x2048x8  banked      1861ms raced     chain
64x2048x16 banked      2866ms raced     chain
64x2048x32 banked      4503ms raced     chain
64x4096x2  banked      2029ms raced     chain
64x4096x4  banked      2177ms raced     chain
64x4096x8  banked      2665ms raced     chain
64x4096x16 banked      4672ms raced     chain
64x8192x2  banked      2735ms raced     chain
64x8192x4  banked      2822ms raced     chain
64x8192x8  banked      4269ms raced     chain
128x2x2    banked      1136ms raced     chain
128x2x4    banked      1151ms raced     chain
128x2x8    banked      1363ms raced     chain
128x2x16   banked      1474ms raced     chain
128x2x32   banked      1852ms raced     chain
128x2x64   banked      1878ms raced     chain
128x2x128  banked      2531ms raced     chain
128x2x256  banked      2915ms raced     chain
128x2x512  banked      3272ms raced     chain
128x2x1024 banked      3849ms raced     chain
128x2x2048 banked      4644ms raced     chain
128x2x4096 banked      7650ms raced     chain
128x2x8192 banked      9644ms raced     chain
128x4x2    banked      1132ms raced     chain
128x4x4    banked      1164ms raced     chain
128x4x8    banked      1167ms raced     chain
128x4x16   banked      1519ms raced     chain
128x4x32   banked      1902ms raced     chain
128x4x64   banked      1890ms raced     chain
128x4x128  banked      2537ms raced     chain
128x4x256  banked      2929ms raced     chain
128x4x512  banked      3320ms raced     chain
128x4x1024 banked      3879ms raced     chain
128x4x2048 banked      4822ms raced     chain
128x4x4096 banked      8028ms raced     chain
128x4x8192 banked     10862ms raced     chain
128x8x2    banked      1360ms raced     chain
128x8x4    banked      1179ms raced     chain
128x8x8    banked      1204ms raced     chain
128x8x16   banked      1561ms raced     chain
128x8x32   banked      1887ms raced     chain
128x8x64   banked      1913ms raced     chain
128x8x128  banked      2564ms raced     chain
128x8x256  banked      3006ms raced     chain
128x8x512  banked      3328ms raced     chain
128x8x1024 banked      3964ms raced     chain
128x8x2048 banked      5387ms raced     chain
128x8x4096 banked      9366ms raced     chain
128x16x2   banked      1162ms raced     chain
128x16x4   banked      1216ms raced     chain
128x16x8   banked      1265ms raced     chain
128x16x16  banked      1582ms raced     chain
128x16x32  banked      1900ms raced     chain
128x16x64  banked      1943ms raced     chain
128x16x128 banked      2617ms raced     chain
128x16x256 banked      3006ms raced     chain
128x16x512 banked      3529ms raced     chain
128x16x1024 banked      4671ms raced     chain
128x16x2048 banked      6700ms raced     chain
128x32x2   banked      1620ms raced     chain
128x32x4   banked      1703ms raced     chain
128x32x8   banked      1700ms raced     chain
128x32x16  banked      2028ms raced     chain
128x32x32  banked      2395ms raced     chain
128x32x64  banked      2431ms raced     chain
128x32x128 banked      2847ms raced     chain
128x32x256 banked      3268ms raced     chain
128x32x512 banked      4115ms raced     chain
128x32x1024 banked      6319ms raced     chain
128x64x2   banked      1749ms raced     chain
128x64x4   banked      1752ms raced     chain
128x64x8   banked      1723ms raced     chain
128x64x16  banked      2069ms raced     chain
128x64x32  banked      2440ms raced     chain
128x64x64  banked      2119ms raced     chain
128x64x128 banked      3298ms raced     chain
128x64x256 banked      3842ms raced     chain
128x64x512 banked      5469ms raced     chain
128x128x2  banked      1576ms raced     chain
128x128x4  banked      1539ms raced     chain
128x128x8  banked      1562ms raced     chain
128x128x16 banked      1932ms raced     chain
128x128x32 banked      2080ms raced     chain
128x128x64 banked      2296ms raced     chain
128x128x128 banked      3609ms raced     chain
128x128x256 banked      5149ms raced     chain
128x256x2  banked      1815ms raced     chain
128x256x4  banked      1611ms raced     chain
128x256x8  banked      1803ms raced     chain
128x256x16 banked      2140ms raced     chain
128x256x32 banked      2356ms raced     chain
128x256x64 banked      2893ms raced     chain
128x256x128 banked      4957ms raced     chain
128x512x2  banked      1912ms raced     chain
128x512x4  banked      1883ms raced     chain
128x512x8  banked      1796ms raced     chain
128x512x16 banked      2219ms raced     chain
128x512x32 banked      3031ms raced     chain
128x512x64 banked      4142ms raced     chain
128x1024x2 banked      1940ms raced     chain
128x1024x4 banked      1862ms raced     chain
128x1024x8 banked      1642ms raced     chain
128x1024x16 banked      2674ms raced     chain
128x1024x32 banked      4666ms raced     chain
128x2048x2 banked      2149ms raced     chain
128x2048x4 banked      2415ms raced     chain
128x2048x8 banked      2659ms raced     chain
128x2048x16 banked      4512ms raced     chain
128x4096x2 banked      2352ms raced     chain
128x4096x4 banked      2909ms raced     chain
128x4096x8 banked      4266ms raced     chain
128x8192x2 banked      3546ms raced     chain
128x8192x4 banked      4475ms raced     chain
256x2x2    banked      1366ms raced     chain
256x2x4    banked      1157ms raced     chain
256x2x8    banked      1160ms raced     chain
256x2x16   banked      1744ms raced     chain
256x2x32   banked      1915ms raced     chain
256x2x64   banked      1953ms raced     chain
256x2x128  banked      2589ms raced     chain
256x2x256  banked      2965ms raced     chain
256x2x512  banked      3335ms raced     chain
256x2x1024 banked      3991ms raced     chain
256x2x2048 banked      4930ms raced     chain
256x2x4096 banked      8283ms raced     chain
256x2x8192 banked     11215ms raced     chain
256x4x2    banked      1354ms raced     chain
256x4x4    banked      1398ms raced     chain
256x4x8    banked      1399ms raced     chain
256x4x16   banked      1587ms raced     chain
256x4x32   banked      1901ms raced     chain
256x4x64   banked      1927ms raced     chain
256x4x128  banked      2591ms raced     chain
256x4x256  banked      2987ms raced     chain
256x4x512  banked      3348ms raced     chain
256x4x1024 banked      4142ms raced     chain
256x4x2048 banked      5523ms raced     chain
256x4x4096 banked      9607ms raced     chain
256x8x2    banked      1171ms raced     chain
256x8x4    banked      1416ms raced     chain
256x8x8    banked      1260ms raced     chain
256x8x16   banked      1587ms raced     chain
256x8x32   banked      1915ms raced     chain
256x8x64   banked      1950ms raced     chain
256x8x128  banked      2624ms raced     chain
256x8x256  banked      3035ms raced     chain
256x8x512  banked      3578ms raced     chain
256x8x1024 banked      4523ms raced     chain
256x8x2048 banked      6962ms raced     chain
256x16x2   banked      1406ms raced     chain
256x16x4   banked      1288ms raced     chain
256x16x8   banked      1289ms raced     chain
256x16x16  banked      1595ms raced     chain
256x16x32  banked      1972ms raced     chain
256x16x64  banked      2001ms raced     chain
256x16x128 banked      2663ms raced     chain
256x16x256 banked      3289ms raced     chain
256x16x512 banked      4197ms raced     chain
256x16x1024 banked      6192ms raced     chain
256x32x2   banked      1749ms raced     chain
256x32x4   banked      1736ms raced     chain
256x32x8   banked      1724ms raced     chain
256x32x16  banked      2088ms raced     chain
256x32x32  banked      2461ms raced     chain
256x32x64  banked      2499ms raced     chain
256x32x128 banked      2915ms raced     chain
256x32x256 banked      3946ms raced     chain
256x32x512 banked      5712ms raced     chain
256x64x2   banked      1738ms raced     chain
256x64x4   banked      1759ms raced     chain
256x64x8   banked      1770ms raced     chain
256x64x16  banked      2102ms raced     chain
256x64x32  banked      2487ms raced     chain
256x64x64  banked      2338ms raced     chain
256x64x128 banked      3558ms raced     chain
256x64x256 banked      5467ms raced     chain
256x128x2  banked      1644ms raced     chain
256x128x4  banked      1592ms raced     chain
256x128x8  banked      1793ms raced     chain
256x128x16 banked      2183ms raced     chain
256x128x32 banked      2366ms raced     chain
256x128x64 banked      3039ms raced     chain
256x128x128 banked      5037ms raced     chain
256x256x2  banked      1886ms raced     chain
256x256x4  banked      1869ms raced     chain
256x256x8  banked      1624ms raced     chain
256x256x16 banked      2426ms raced     chain
256x256x32 banked      3127ms raced     chain
256x256x64 banked      4542ms raced     chain
256x512x2  banked      1968ms raced     chain
256x512x4  banked      1885ms raced     chain
256x512x8  banked      1681ms raced     chain
256x512x16 banked      2745ms raced     chain
256x512x32 banked      4616ms raced     chain
256x1024x2 banked      1926ms raced     chain
256x1024x4 banked      2157ms raced     chain
256x1024x8 banked      2393ms raced     chain
256x1024x16 banked      4312ms raced     chain
256x2048x2 banked      2376ms raced     chain
256x2048x4 banked      3401ms raced     chain
256x2048x8 banked      4335ms raced     chain
256x4096x2 banked      3279ms raced     chain
256x4096x4 banked      4513ms raced     chain
256x8192x2 banked      5526ms raced     chain
512x2x2    banked      1169ms raced     chain
512x2x4    banked      1175ms raced     chain
512x2x8    banked      1195ms raced     chain
512x2x16   banked      1586ms raced     chain
512x2x32   banked      1913ms raced     chain
512x2x64   banked      1917ms raced     chain
512x2x128  banked      2576ms raced     chain
512x2x256  banked      3009ms raced     chain
512x2x512  banked      3386ms raced     chain
512x2x1024 banked      4183ms raced     chain
512x2x2048 banked      5694ms raced     chain
512x2x4096 banked      9915ms raced     chain
512x4x2    banked      1169ms raced     chain
512x4x4    banked      1221ms raced     chain
512x4x8    banked      1263ms raced     chain
512x4x16   banked      1597ms raced     chain
512x4x32   banked      1928ms raced     chain
512x4x64   banked      1941ms raced     chain
512x4x128  banked      2612ms raced     chain
512x4x256  banked      3001ms raced     chain
512x4x512  banked      3605ms raced     chain
512x4x1024 banked      4657ms raced     chain
512x4x2048 banked      7219ms raced     chain
512x8x2    banked      1214ms raced     chain
512x8x4    banked      1292ms raced     chain
512x8x8    banked      1269ms raced     chain
512x8x16   banked      1610ms raced     chain
512x8x32   banked      1969ms raced     chain
512x8x64   banked      1982ms raced     chain
512x8x128  banked      2648ms raced     chain
512x8x256  banked      3302ms raced     chain
512x8x512  banked      4255ms raced     chain
512x8x1024 banked      6306ms raced     chain
512x16x2   banked      1296ms raced     chain
512x16x4   banked      1327ms raced     chain
512x16x8   banked      1284ms raced     chain
512x16x16  banked      1634ms raced     chain
512x16x32  banked      2035ms raced     chain
512x16x64  banked      2023ms raced     chain
512x16x128 banked      2874ms raced     chain
512x16x256 banked      4016ms raced     chain
512x16x512 banked      5852ms raced     chain
512x32x2   banked      1728ms raced     chain
512x32x4   banked      1756ms raced     chain
512x32x8   banked      1756ms raced     chain
512x32x16  banked      2111ms raced     chain
512x32x32  banked      2455ms raced     chain
512x32x64  banked      2690ms raced     chain
512x32x128 banked      3622ms raced     chain
512x32x256 banked      5558ms raced     chain
512x64x2   banked      1766ms raced     chain
512x64x4   banked      1784ms raced     chain
512x64x8   banked      1792ms raced     chain
512x64x16  banked      2129ms raced     chain
512x64x32  banked      2734ms raced     chain
512x64x64  banked      3325ms raced     chain
512x64x128 banked      5216ms raced     chain
512x128x2  banked      1661ms raced     chain
512x128x4  banked      1647ms raced     chain
512x128x8  banked      1395ms raced     chain
512x128x16 banked      2257ms raced     chain
512x128x32 banked      3336ms raced     chain
512x128x64 banked      4764ms raced     chain
512x256x2  banked      1900ms raced     chain
512x256x4  banked      1644ms raced     chain
512x256x8  banked      2133ms raced     chain
512x256x16 banked      3205ms raced     chain
512x256x32 banked      4904ms raced     chain
512x512x2  banked      1934ms raced     chain
512x512x4  banked      1788ms raced     chain
512x512x8  banked      2687ms raced     chain
512x512x16 banked      4725ms raced     chain
512x1024x2 banked      2495ms raced     chain
512x1024x4 banked      2800ms raced     chain
512x1024x8 banked      4261ms raced     chain
512x2048x2 banked      3460ms raced     chain
512x2048x4 banked      5131ms raced     chain
512x4096x2 banked      5392ms raced     chain
1024x2x2   banked      1392ms raced     chain
1024x2x4   banked      1230ms raced     chain
1024x2x8   banked      1253ms raced     chain
1024x2x16  banked      1570ms raced     chain
1024x2x32  banked      1943ms raced     chain
1024x2x64  banked      1954ms raced     chain
1024x2x128 banked      2633ms raced     chain
1024x2x256 banked      3020ms raced     chain
1024x2x512 banked      3626ms raced     chain
1024x2x1024 banked      4756ms raced     chain
1024x2x2048 banked      7440ms raced     chain
1024x4x2   banked      1211ms raced     chain
1024x4x4   banked      1281ms raced     chain
1024x4x8   banked      1273ms raced     chain
1024x4x16  banked      1605ms raced     chain
1024x4x32  banked      1949ms raced     chain
1024x4x64  banked      2005ms raced     chain
1024x4x128 banked      2657ms raced     chain
1024x4x256 banked      3278ms raced     chain
1024x4x512 banked      4291ms raced     chain
1024x4x1024 banked      6466ms raced     chain
1024x8x2   banked      1285ms raced     chain
1024x8x4   banked      1302ms raced     chain
1024x8x8   banked      1277ms raced     chain
1024x8x16  banked      1641ms raced     chain
1024x8x32  banked      1998ms raced     chain
1024x8x64  banked      2011ms raced     chain
1024x8x128 banked      2931ms raced     chain
1024x8x256 banked      3989ms raced     chain
1024x8x512 banked      5923ms raced     chain
1024x16x2  banked      1325ms raced     chain
1024x16x4  banked      1315ms raced     chain
1024x16x8  banked      1313ms raced     chain
1024x16x16 banked      1690ms raced     chain
1024x16x32 banked      2045ms raced     chain
1024x16x64 banked      2288ms raced     chain
1024x16x128 banked      3629ms raced     chain
1024x16x256 banked      5795ms raced     chain
1024x32x2  banked      1733ms raced     chain
1024x32x4  banked      1793ms raced     chain
1024x32x8  banked      1785ms raced     chain
1024x32x16 banked      2138ms raced     chain
1024x32x32 banked      2758ms raced     chain
1024x32x64 banked      3414ms raced     chain
1024x32x128 banked      5294ms raced     chain
1024x64x2  banked      1829ms raced     chain
1024x64x4  banked      1834ms raced     chain
1024x64x8  banked      1811ms raced     chain
1024x64x16 banked      2417ms raced     chain
1024x64x32 banked      3440ms raced     chain
1024x64x64 banked      4825ms raced     chain
1024x128x2 banked      1720ms raced     chain
1024x128x4 banked      1452ms raced     chain
1024x128x8 banked      1697ms raced     chain
1024x128x16 banked      3042ms raced     chain
1024x128x32 banked      5408ms raced     chain
1024x256x2 banked      1989ms raced     chain
1024x256x4 banked      2149ms raced     chain
1024x256x8 banked      2692ms raced     chain
1024x256x16 banked      5095ms raced     chain
1024x512x2 banked      2295ms raced     chain
1024x512x4 banked      2782ms raced     chain
1024x512x8 banked      4602ms raced     chain
1024x1024x2 banked      2895ms raced     chain
1024x1024x4 banked      4902ms raced     chain
1024x2048x2 banked      5643ms raced     chain
2048x2x2   banked      1656ms raced     chain
2048x2x4   banked      1309ms raced     chain
2048x2x8   banked      1530ms raced     chain
2048x2x16  banked      1871ms raced     chain
2048x2x32  banked      2208ms raced     chain
2048x2x64  banked      2033ms raced     chain
2048x2x128 banked      2732ms raced     chain
2048x2x256 banked      3362ms raced     chain
2048x2x512 banked      4409ms raced     chain
2048x2x1024 banked      6711ms raced     chain
2048x4x2   banked      1553ms raced     chain
2048x4x4   banked      1565ms raced     chain
2048x4x8   banked      1535ms raced     chain
2048x4x16  banked      1881ms raced     chain
2048x4x32  banked      2011ms raced     chain
2048x4x64  banked      2092ms raced     chain
2048x4x128 banked      2992ms raced     chain
2048x4x256 banked      4044ms raced     chain
2048x4x512 banked      6164ms raced     chain
2048x8x2   banked      1602ms raced     chain
2048x8x4   banked      1546ms raced     chain
2048x8x8   banked      1568ms raced     chain
2048x8x16  banked      1710ms raced     chain
2048x8x32  banked      2088ms raced     chain
2048x8x64  banked      2349ms raced     chain
2048x8x128 banked      3696ms raced     chain
2048x8x256 banked      5807ms raced     chain
2048x16x2  banked      1355ms raced     chain
2048x16x4  banked      1605ms raced     chain
2048x16x8  banked      1374ms raced     chain
2048x16x16 banked      1751ms raced     chain
2048x16x32 banked      2368ms raced     chain
2048x16x64 banked      3140ms raced     chain
2048x16x128 banked      5397ms raced     chain
2048x32x2  banked      2040ms raced     chain
2048x32x4  banked      1840ms raced     chain
2048x32x8  banked      1867ms raced     chain
2048x32x16 banked      2494ms raced     chain
2048x32x32 banked      3563ms raced     chain
2048x32x64 banked      5227ms raced     chain
2048x64x2  banked      1854ms raced     chain
2048x64x4  banked      1923ms raced     chain
2048x64x8  banked      2189ms raced     chain
2048x64x16 banked      3255ms raced     chain
2048x64x32 banked      5283ms raced     chain
2048x128x2 banked      1735ms raced     chain
2048x128x4 banked      2051ms raced     chain
2048x128x8 banked      3382ms raced     chain
2048x128x16 banked      4909ms raced     chain
2048x256x2 banked      2311ms raced     chain
2048x256x4 banked      2844ms raced     chain
2048x256x8 banked      4836ms raced     chain
2048x512x2 banked      3222ms raced     chain
2048x512x4 banked      4848ms raced     chain
2048x1024x2 banked      4891ms raced     chain
4096x2x2   banked      1589ms raced     chain
4096x2x4   banked      1572ms raced     chain
4096x2x8   banked      1529ms raced     chain
4096x2x16  banked      1901ms raced     chain
4096x2x32  banked      2286ms raced     chain
4096x2x64  banked      2329ms raced     chain
4096x2x128 banked      3282ms raced     chain
4096x2x256 banked      4449ms raced     chain
4096x2x512 banked      6297ms raced     chain
4096x4x2   banked      1567ms raced     chain
4096x4x4   banked      1570ms raced     chain
4096x4x8   banked      1546ms raced     chain
4096x4x16  banked      1947ms raced     chain
4096x4x32  banked      2298ms raced     chain
4096x4x64  banked      2698ms raced     chain
4096x4x128 banked      4258ms raced     chain
4096x4x256 banked      5868ms raced     chain
4096x8x2   banked      1572ms raced     chain
4096x8x4   banked      1590ms raced     chain
4096x8x8   banked      1631ms raced     chain
4096x8x16  banked      2028ms raced     chain
4096x8x32  banked      2652ms raced     chain
4096x8x64  banked      3398ms raced     chain
4096x8x128 banked      5622ms raced     chain
4096x16x2  banked      1596ms raced     chain
4096x16x4  banked      1664ms raced     chain
4096x16x8  banked      1682ms raced     chain
4096x16x16 banked      2350ms raced     chain
4096x16x32 banked      3439ms raced     chain
4096x16x64 banked      5393ms raced     chain
4096x32x2  banked      2076ms raced     chain
4096x32x4  banked      2123ms raced     chain
4096x32x8  banked      2473ms raced     chain
4096x32x16 banked      3577ms raced     chain
4096x32x32 banked      5475ms raced     chain
4096x64x2  banked      1920ms raced     chain
4096x64x4  banked      2496ms raced     chain
4096x64x8  banked      3262ms raced     chain
4096x64x16 banked      5433ms raced     chain
4096x128x2 banked      2566ms raced     chain
4096x128x4 banked      3343ms raced     chain
4096x128x8 banked      4393ms raced     chain
4096x256x2 banked      3467ms raced     chain
4096x256x4 banked      5217ms raced     chain
4096x512x2 banked      5435ms raced     chain
8192x2x2   banked      1727ms raced     chain
8192x2x4   banked      1607ms raced     chain
8192x2x8   banked      1638ms raced     chain
8192x2x16  banked      2161ms raced     chain
8192x2x32  banked      2534ms raced     chain
8192x2x64  banked      2654ms raced     chain
8192x2x128 banked      4086ms raced     chain
8192x2x256 banked      6413ms raced     chain
8192x4x2   banked      1609ms raced     chain
8192x4x4   banked      1774ms raced     chain
8192x4x8   banked      1827ms raced     chain
8192x4x16  banked      2202ms raced     chain
8192x4x32  banked      2654ms raced     chain
8192x4x64  banked      3464ms raced     chain
8192x4x128 banked      5910ms raced     chain
8192x8x2   banked      1629ms raced     chain
8192x8x4   banked      1860ms raced     chain
8192x8x8   banked      1899ms raced     chain
8192x8x16  banked      2358ms raced     chain
8192x8x32  banked      3444ms raced     chain
8192x8x64  banked      5364ms raced     chain
8192x16x2  banked      1867ms raced     chain
8192x16x4  banked      1911ms raced     chain
8192x16x8  banked      2025ms raced     chain
8192x16x16 banked      3218ms raced     chain
8192x16x32 banked      5439ms raced     chain
8192x32x2  banked      2347ms raced     chain
8192x32x4  banked      2498ms raced     chain
8192x32x8  banked      3276ms raced     chain
8192x32x16 banked      5613ms raced     chain
8192x64x2  banked      2547ms raced     chain
8192x64x4  banked      3364ms raced     chain
8192x64x8  banked      5309ms raced     chain
8192x128x2 banked      3246ms raced     chain
8192x128x4 banked      5129ms raced     chain
8192x256x2 banked      5580ms raced     chain
