2026-09-24 12:03:03 store: fresh copy of the shipped wisdom (C:\Users\Tugbars\Desktop\highSpeedFFT\src\wisdom)
2026-09-24 12:03:03 run: 1288 cells, contract out of place, bin C:\Users\Tugbars\Desktop\highSpeedFFT\gauntlet
2026-09-24 12:03:03 calibrate: 1288 cells (0 already done), RECALIBRATE (every cell re-raced)
2026-09-24 12:04:18   calibrated 25/1288 (2x4x4096), 74 s elapsed
2026-09-24 12:05:32   calibrated 50/1288 (2x16x2048), 149 s elapsed
2026-09-24 12:06:55   calibrated 75/1288 (2x64x1024), 231 s elapsed
2026-09-24 12:08:18   calibrated 100/1288 (2x256x512), 314 s elapsed
2026-09-24 12:09:42   calibrated 125/1288 (2x1024x512), 399 s elapsed
2026-09-24 12:10:57   calibrated 150/1288 (2x8192x16), 474 s elapsed
2026-09-24 12:12:10   calibrated 175/1288 (4x4x256), 547 s elapsed
2026-09-24 12:13:29   calibrated 200/1288 (4x16x128), 626 s elapsed
2026-09-24 12:14:54   calibrated 225/1288 (4x64x64), 711 s elapsed
2026-09-24 12:16:20   calibrated 250/1288 (4x256x32), 797 s elapsed
2026-09-24 12:17:29   calibrated 275/1288 (4x1024x128), 865 s elapsed
2026-09-24 12:18:34   calibrated 300/1288 (4x8192x32), 931 s elapsed
2026-09-24 12:19:43   calibrated 325/1288 (8x4x1024), 1000 s elapsed
2026-09-24 12:21:04   calibrated 350/1288 (8x16x512), 1080 s elapsed
2026-09-24 12:22:29   calibrated 375/1288 (8x64x256), 1166 s elapsed
2026-09-24 12:23:49   calibrated 400/1288 (8x256x256), 1245 s elapsed
2026-09-24 12:24:49   calibrated 425/1288 (8x2048x8), 1305 s elapsed
2026-09-24 12:25:45   calibrated 450/1288 (16x2x128), 1362 s elapsed
2026-09-24 12:27:07   calibrated 475/1288 (16x8x64), 1443 s elapsed
2026-09-24 12:28:32   calibrated 500/1288 (16x32x32), 1528 s elapsed
2026-09-24 12:29:54   calibrated 525/1288 (16x128x32), 1611 s elapsed
2026-09-24 12:31:01   calibrated 550/1288 (16x512x512), 1678 s elapsed
2026-09-24 12:32:02   calibrated 575/1288 (16x8192x16), 1738 s elapsed
2026-09-24 12:33:14   calibrated 600/1288 (32x4x2048), 1810 s elapsed
2026-09-24 12:34:34   calibrated 625/1288 (32x16x1024), 1891 s elapsed
2026-09-24 12:36:02   calibrated 650/1288 (32x64x1024), 1979 s elapsed
2026-09-24 12:37:07   calibrated 675/1288 (32x512x32), 2044 s elapsed
2026-09-24 12:38:16   calibrated 700/1288 (32x8192x16), 2113 s elapsed
2026-09-24 12:39:33   calibrated 725/1288 (64x4x4096), 2190 s elapsed
2026-09-24 12:40:54   calibrated 750/1288 (64x16x2048), 2271 s elapsed
2026-09-24 12:42:07   calibrated 775/1288 (64x128x8), 2344 s elapsed
2026-09-24 12:43:09   calibrated 800/1288 (64x1024x16), 2406 s elapsed
2026-09-24 12:44:17   calibrated 825/1288 (128x2x2048), 2473 s elapsed
2026-09-24 12:45:41   calibrated 850/1288 (128x8x1024), 2558 s elapsed
2026-09-24 12:46:58   calibrated 875/1288 (128x64x4), 2634 s elapsed
2026-09-24 12:48:02   calibrated 900/1288 (128x512x8), 2698 s elapsed
2026-09-24 12:49:08   calibrated 925/1288 (256x2x256), 2765 s elapsed
2026-09-24 12:50:33   calibrated 950/1288 (256x8x256), 2849 s elapsed
2026-09-24 12:51:44   calibrated 975/1288 (256x64x8), 2921 s elapsed
2026-09-24 12:52:50   calibrated 1000/1288 (256x1024x4), 2987 s elapsed
2026-09-24 12:54:06   calibrated 1025/1288 (512x4x32), 3062 s elapsed
2026-09-24 12:55:17   calibrated 1050/1288 (512x16x512), 3134 s elapsed
2026-09-24 12:56:22   calibrated 1075/1288 (512x256x16), 3198 s elapsed
2026-09-24 12:57:36   calibrated 1100/1288 (1024x4x8), 3273 s elapsed
2026-09-24 12:58:42   calibrated 1125/1288 (1024x32x2), 3338 s elapsed
2026-09-24 12:59:53   calibrated 1150/1288 (1024x1024x2), 3410 s elapsed
2026-09-24 13:01:02   calibrated 1175/1288 (2048x8x16), 3479 s elapsed
2026-09-24 13:02:12   calibrated 1200/1288 (2048x128x8), 3548 s elapsed
2026-09-24 13:03:28   calibrated 1225/1288 (4096x8x2), 3625 s elapsed
2026-09-24 13:04:44   calibrated 1250/1288 (4096x256x2), 3701 s elapsed
2026-09-24 13:05:58   calibrated 1275/1288 (8192x16x4), 3774 s elapsed
2026-09-24 13:06:47   calibrated 1288/1288 (8192x256x2), 3824 s elapsed
2026-09-24 13:06:47 bench: 1288 cells (0 already benched, 0 not banked -> not benched)
2026-09-24 13:07:26   benched 25/1288 (2x4x4096), 38 s elapsed
2026-09-24 13:08:01   benched 50/1288 (2x16x2048), 72 s elapsed
2026-09-24 13:08:42   benched 75/1288 (2x64x1024), 113 s elapsed
2026-09-24 13:09:28   benched 100/1288 (2x256x512), 159 s elapsed
2026-09-24 13:10:36   benched 125/1288 (2x1024x512), 227 s elapsed
2026-09-24 13:12:06   benched 150/1288 (2x8192x16), 318 s elapsed
2026-09-24 13:13:04   benched 175/1288 (4x4x256), 375 s elapsed
2026-09-24 13:13:38   benched 200/1288 (4x16x128), 410 s elapsed
2026-09-24 13:14:19   benched 225/1288 (4x64x64), 450 s elapsed
2026-09-24 13:15:12   benched 250/1288 (4x256x32), 503 s elapsed
2026-09-24 13:16:12   benched 275/1288 (4x1024x128), 563 s elapsed
2026-09-24 13:17:40   benched 300/1288 (4x8192x32), 651 s elapsed
2026-09-24 13:18:30   benched 325/1288 (8x4x1024), 701 s elapsed
2026-09-24 13:19:03   benched 350/1288 (8x16x512), 734 s elapsed
2026-09-24 13:19:46   benched 375/1288 (8x64x256), 777 s elapsed
2026-09-24 13:20:46   benched 400/1288 (8x256x256), 837 s elapsed
2026-09-24 13:21:57   benched 425/1288 (8x2048x8), 908 s elapsed
2026-09-24 13:23:20   benched 450/1288 (16x2x128), 991 s elapsed
2026-09-24 13:23:55   benched 475/1288 (16x8x64), 1026 s elapsed
2026-09-24 13:24:36   benched 500/1288 (16x32x32), 1068 s elapsed
2026-09-24 13:25:36   benched 525/1288 (16x128x32), 1127 s elapsed
2026-09-24 13:26:51   benched 550/1288 (16x512x512), 1202 s elapsed
2026-09-24 13:28:22   benched 575/1288 (16x8192x16), 1293 s elapsed
2026-09-24 13:29:10   benched 600/1288 (32x4x2048), 1341 s elapsed
2026-09-24 13:29:49   benched 625/1288 (32x16x1024), 1380 s elapsed
2026-09-24 13:30:51   benched 650/1288 (32x64x1024), 1442 s elapsed
2026-09-24 13:31:58   benched 675/1288 (32x512x32), 1509 s elapsed
2026-09-24 13:33:44   benched 700/1288 (32x8192x16), 1615 s elapsed
2026-09-24 13:34:25   benched 725/1288 (64x4x4096), 1656 s elapsed
2026-09-24 13:35:15   benched 750/1288 (64x16x2048), 1706 s elapsed
2026-09-24 13:36:20   benched 775/1288 (64x128x8), 1771 s elapsed
2026-09-24 13:37:35   benched 800/1288 (64x1024x16), 1846 s elapsed
2026-09-24 13:39:04   benched 825/1288 (128x2x2048), 1935 s elapsed
2026-09-24 13:39:56   benched 850/1288 (128x8x1024), 1987 s elapsed
2026-09-24 13:41:05   benched 875/1288 (128x64x4), 2056 s elapsed
2026-09-24 13:42:22   benched 900/1288 (128x512x8), 2133 s elapsed
2026-09-24 13:44:05   benched 925/1288 (256x2x256), 2236 s elapsed
2026-09-24 13:45:05   benched 950/1288 (256x8x256), 2296 s elapsed
2026-09-24 13:46:15   benched 975/1288 (256x64x8), 2366 s elapsed
2026-09-24 13:47:45   benched 1000/1288 (256x1024x4), 2456 s elapsed
2026-09-24 13:49:20   benched 1025/1288 (512x4x32), 2551 s elapsed
2026-09-24 13:50:31   benched 1050/1288 (512x16x512), 2622 s elapsed
2026-09-24 13:51:59   benched 1075/1288 (512x256x16), 2710 s elapsed
2026-09-24 13:53:49   benched 1100/1288 (1024x4x8), 2820 s elapsed
2026-09-24 13:55:03   benched 1125/1288 (1024x32x2), 2894 s elapsed
2026-09-24 13:56:57   benched 1150/1288 (1024x1024x2), 3008 s elapsed
2026-09-24 13:58:24   benched 1175/1288 (2048x8x16), 3095 s elapsed
2026-09-24 14:00:06   benched 1200/1288 (2048x128x8), 3197 s elapsed
2026-09-24 14:02:02   benched 1225/1288 (4096x8x2), 3313 s elapsed
2026-09-24 14:03:55   benched 1250/1288 (4096x256x2), 3426 s elapsed
2026-09-24 14:05:41   benched 1275/1288 (8192x16x4), 3532 s elapsed
2026-09-24 14:07:07   benched 1288/1288 (8192x256x2), 3618 s elapsed
2026-09-24 14:07:08 report: C:\Users\Tugbars\Desktop\highSpeedFFT\gauntlet\results\3d-pow2_2026-09-24\report_3d.md
