2x2        banked       317ms replayed  chain
2x4        banked       297ms raced     chain
2x8        banked       298ms raced     chain
2x16       banked       324ms raced     chain
2x32       banked       321ms raced     chain
2x64       banked       323ms raced     chain
2x128      banked       281ms raced     chain
2x256      banked       326ms raced     chain
2x512      banked       294ms raced     chain
2x1024     banked       294ms raced     chain
2x2048     banked       308ms raced     chain
2x4096     banked       293ms raced     chain
2x8192     banked       296ms raced     chain
4x2        banked       297ms raced     chain
4x4        banked       299ms raced     chain
4x8        banked       300ms raced     chain
4x16       banked       321ms raced     chain
4x32       banked       318ms raced     chain
4x64       banked       349ms raced     chain
4x128      banked       295ms raced     chain
4x256      banked       334ms raced     chain
4x512      banked       287ms raced     chain
4x1024     banked       293ms raced     chain
4x2048     banked       303ms raced     chain
4x4096     banked       294ms raced     chain
4x8192     banked       316ms raced     chain
8x2        banked       310ms raced     chain
8x4        banked       297ms raced     chain
8x8        banked       300ms raced     chain
8x16       banked       318ms raced     chain
8x32       banked       318ms raced     chain
8x64       banked       334ms raced     chain
8x128      banked       293ms raced     chain
8x256      banked       374ms raced     chain
8x512      banked       294ms raced     chain
8x1024     banked       319ms raced     chain
8x2048     banked       306ms raced     chain
8x4096     banked       309ms raced     chain
8x8192     banked       308ms raced     chain
16x2       banked       306ms raced     chain
16x4       banked       299ms replayed  chain
16x8       banked       287ms raced     chain
16x16      banked       310ms raced     chain
16x32      banked       320ms raced     chain
16x64      banked       345ms raced     chain
16x128     banked       298ms raced     chain
16x256     banked       396ms raced     chain
16x512     banked       307ms raced     chain
16x1024    banked       312ms raced     chain
16x2048    banked       322ms raced     chain
16x4096    banked       321ms raced     chain
16x8192    banked       318ms raced     chain
32x2       banked       526ms raced     chain
32x4       banked       519ms raced     chain
32x8       banked       506ms raced     chain
32x16      banked       529ms raced     chain
32x32      banked       562ms raced     chain
32x64      banked       605ms raced     chain
32x128     banked       311ms raced     chain
32x256     banked       421ms raced     chain
32x512     banked       316ms raced     chain
32x1024    banked       312ms raced     chain
32x2048    banked       323ms raced     chain
32x4096    banked       529ms raced     chain
32x8192    banked       335ms raced     chain
64x2       banked       516ms raced     chain
64x4       banked       501ms raced     chain
64x8       banked       521ms raced     chain
64x16      banked       536ms raced     chain
64x32      banked       564ms raced     chain
64x64      banked       458ms raced     chain
64x128     banked       323ms raced     chain
64x256     banked       451ms raced     chain
64x512     banked       318ms raced     chain
64x1024    banked       331ms raced     chain
64x2048    banked       531ms raced     chain
64x4096    banked       348ms raced     chain
64x8192    banked       381ms raced     chain
128x2      banked       403ms raced     chain
128x4      banked       329ms raced     chain
128x8      banked       323ms raced     chain
128x16     banked       593ms raced     chain
128x32     banked       452ms raced     chain
128x64     banked       485ms raced     chain
128x128    banked       313ms raced     chain
128x256    banked       428ms raced     chain
128x512    banked       327ms raced     chain
128x1024   banked       356ms raced     chain
128x2048   banked       347ms raced     chain
128x4096   banked       421ms raced     chain
128x8192   banked       608ms raced     chain
256x2      banked       608ms raced     chain
256x4      banked       542ms raced     chain
256x8      banked       334ms raced     chain
256x16     banked       594ms raced     chain
256x32     banked       499ms raced     chain
256x64     banked       513ms raced     chain
256x128    banked       322ms raced     chain
256x256    banked       472ms raced     chain
256x512    banked       340ms raced     chain
256x1024   banked       376ms raced     chain
256x2048   banked       447ms raced     chain
256x4096   banked       696ms raced     chain
256x8192   banked      1354ms raced     chain
512x2      banked       657ms raced     chain
512x4      banked       356ms raced     chain
512x8      banked       367ms raced     chain
512x16     banked       408ms raced     chain
512x32     banked       477ms raced     chain
512x64     banked       485ms raced     chain
512x128    banked       341ms raced     chain
512x256    banked       503ms raced     chain
512x512    banked       383ms raced     chain
512x1024   banked       482ms raced     chain
512x2048   banked       887ms raced     chain
512x4096   banked      1554ms raced     chain
512x8192   banked      3027ms raced     chain
1024x2     banked       658ms raced     chain
1024x4     banked       557ms raced     chain
1024x8     banked       360ms raced     chain
1024x16    banked       422ms raced     chain
1024x32    banked       652ms raced     chain
1024x64    banked       543ms raced     chain
1024x128   banked       356ms raced     chain
1024x256   banked       523ms raced     chain
1024x512   banked       476ms raced     chain
1024x1024  banked       770ms raced     chain
1024x2048  banked      1562ms raced     chain
1024x4096  banked      3127ms raced     chain
2048x2     banked       692ms raced     chain
2048x4     banked       590ms raced     chain
2048x8     banked       394ms raced     chain
2048x16    banked       743ms raced     chain
2048x32    banked       780ms raced     chain
2048x64    banked       826ms raced     chain
2048x128   banked       390ms raced     chain
2048x256   banked       721ms raced     chain
2048x512   banked       808ms raced     chain
2048x1024  banked      1936ms raced     chain
2048x2048  banked      3607ms raced     chain
4096x2     banked       700ms raced     chain
4096x4     banked       603ms raced     chain
4096x8     banked       603ms raced     chain
4096x16    banked       863ms raced     chain
4096x32    banked       951ms raced     chain
4096x64    banked       816ms raced     chain
4096x128   banked       743ms raced     chain
4096x256   banked      1572ms raced     chain
4096x512   banked      2034ms raced     chain
4096x1024  banked      4233ms raced     chain
8192x2     banked       918ms raced     chain
8192x4     banked       670ms raced     chain
8192x8     banked       623ms raced     chain
8192x16    banked       786ms raced     chain
8192x32    banked       995ms raced     chain
8192x64    banked      1207ms raced     chain
8192x128   banked      1092ms raced     chain
8192x256   banked      3500ms raced     chain
8192x512   banked      4400ms raced     chain
