2026-09-23 23:26:45 store: fresh copy of the shipped wisdom (C:\Users\Tugbars\Desktop\highSpeedFFT\src\dag-fft-compiler\generator\generated)
2026-09-23 23:26:45 run: 159 cells, contract 2D out of place, bin C:\Users\Tugbars\Desktop\highSpeedFFT\gauntlet
2026-09-23 23:26:45 calibrate: 159 cells (0 already done), RECALIBRATE (every cell re-raced)
2026-09-23 23:27:01   calibrated 25/159 (4x4096), 16 s elapsed
2026-09-23 23:27:09   calibrated 50/159 (16x2048), 24 s elapsed
2026-09-23 23:27:20   calibrated 75/159 (64x1024), 35 s elapsed
2026-09-23 23:27:32   calibrated 100/159 (256x512), 46 s elapsed
2026-09-23 23:28:33 run: 159 cells, contract 2D out of place, bin C:\Users\Tugbars\Desktop\highSpeedFFT\gauntlet
2026-09-23 23:28:33 calibrate: 159 cells (0 already done), RECALIBRATE (every cell re-raced)
2026-09-23 23:28:41   calibrated 25/159 (4x4096), 8 s elapsed
2026-09-23 23:28:49   calibrated 50/159 (16x2048), 16 s elapsed
2026-09-23 23:29:00   calibrated 75/159 (64x1024), 27 s elapsed
2026-09-23 23:29:11   calibrated 100/159 (256x512), 38 s elapsed
2026-09-23 23:29:28   calibrated 125/159 (1024x256), 55 s elapsed
2026-09-23 23:29:59   calibrated 150/159 (4096x1024), 86 s elapsed
2026-09-23 23:30:13   calibrated 159/159 (8192x512), 100 s elapsed
2026-09-23 23:30:13 bench: 159 cells (0 already benched, 0 not banked -> not benched)
2026-09-23 23:30:46   benched 25/159 (4x4096), 32 s elapsed
2026-09-23 23:31:17   benched 50/159 (16x2048), 62 s elapsed
2026-09-23 23:31:53   benched 75/159 (64x1024), 98 s elapsed
2026-09-23 23:32:29   benched 100/159 (256x512), 135 s elapsed
2026-09-23 23:33:19   benched 125/159 (1024x256), 184 s elapsed
2026-09-23 23:34:47   benched 150/159 (4096x1024), 273 s elapsed
2026-09-23 23:35:23   benched 159/159 (8192x512), 309 s elapsed
2026-09-23 23:35:25 report: C:\Users\Tugbars\Desktop\highSpeedFFT\gauntlet\results\gauntlet_2d-pow2grid7\report_2d.md
