2          REFUSED       90ms refused   mono
3          banked       299ms raced     mono
4          banked       305ms raced     mono
5          banked       302ms raced     mono
6          banked       304ms raced     mono
7          banked       302ms raced     mono
8          banked       300ms raced     mono
9          banked       301ms raced     mono
10         banked       302ms raced     mono
11         banked       302ms raced     mono
12         banked       301ms raced     mono
13         banked       302ms raced     mono
14         banked       301ms raced     mono
15         banked       303ms raced     mono
16         banked       303ms raced     zrp:4.4:n1t
17         banked       304ms raced     mono
18         banked        92ms raced     zr2c:child_oop_il
19         banked       305ms raced     mono
20         banked        93ms raced     zr2c:child_nat_ip
21         banked       304ms raced     mono
22         banked       297ms raced     zr2c:child_nat_ip
23         banked       307ms raced     mono
24         banked       305ms raced     zrp:4.6:r2z
25         banked       299ms raced     2p
26         banked       297ms raced     zr2c:child_oop_il
27         banked       303ms raced     mono
28         banked        95ms raced     zr2c:child_oop_il
29         banked       294ms raced     mono
30         banked        93ms raced     zr2c:child_nat_ip
31         banked       305ms raced     2p
32         banked       303ms raced     zrp:4.8:r2z
33         banked        90ms replayed  ztt
34         banked        92ms raced     zr2c:child_oop_il
35         banked        89ms replayed  mono
36         banked       300ms raced     zrp:6.6:r2z
37         banked       302ms raced     2p
38         banked        91ms raced     zr2c:child_oop_il
39         banked        89ms replayed  mono
40         banked       310ms raced     zrp:4.10:r2z
41         banked       300ms raced     2p
42         banked        94ms raced     zr2c:child_nat_ip
43         banked       302ms raced     2p
44         banked        94ms raced     zr2c:child_oop_il
45         banked        89ms replayed  mono
46         banked        92ms raced     zr2c:child_oop_il
47         banked       308ms raced     mono
48         banked       310ms raced     zrp:4.12:r2z
49         banked        91ms replayed  2p
50         banked        92ms raced     zr2c:child_oop_il
51         banked        89ms replayed  2p
52         banked        93ms raced     zr2c:child_oop_il
53         banked        89ms replayed  mono
54         banked        92ms raced     zr2c:child_nat_ip
55         banked        89ms replayed  flat
56         banked        93ms raced     zr2c:child_oop_il
57         banked        92ms replayed  2p
58         banked        94ms raced     zr2c:child_oop_il
59         banked        89ms replayed  mono
60         banked       310ms raced     zrp:6.10:r2z
61         banked        90ms replayed  2p
62         banked        93ms raced     zr2c:child_oop_il
63         banked        89ms replayed  mono
64         banked       317ms raced     zrp:4.16:r2z
