2          banked   40ms
3          banked   41ms
4          banked   40ms
5          banked   56ms
6          banked   40ms
7          banked   44ms
8          banked   40ms
9          banked   42ms
10         banked   52ms
11         banked   40ms
12         banked   40ms
13         banked   43ms
14         banked   42ms
15         banked   47ms
16         banked   476ms
17         banked   42ms
18         banked   42ms
19         banked   41ms
20         banked   47ms
21         banked   40ms
22         banked   41ms
23         banked   40ms
24         banked   39ms
25         banked   49ms
26         banked   39ms
27         banked   324ms
28         banked   40ms
29         banked   41ms
30         banked   46ms
31         banked   40ms
32         banked   40ms
33         banked   39ms
34         banked   277ms
35         banked   46ms
36         banked   40ms
37         banked   41ms
38         banked   219ms
39         banked   41ms
40         banked   45ms
41         banked   40ms
42         banked   40ms
43         banked   41ms
44         banked   40ms
45         banked   45ms
46         banked   229ms
47         banked   40ms
48         banked   42ms
49         banked   43ms
50         banked   49ms
51         banked   40ms
52         banked   39ms
53         banked   41ms
54         banked   40ms
55         banked   46ms
56         banked   44ms
57         banked   40ms
58         banked   43ms
59         banked   43ms
60         banked   47ms
61         banked   41ms
62         banked   41ms
63         banked   40ms
64         banked   46ms
65         banked   47ms
66         banked   40ms
67         banked   41ms
68         banked   39ms
69         banked   40ms
70         banked   47ms
71         banked   44ms
72         banked   40ms
73         banked   40ms
74         banked   46ms
75         banked   46ms
76         banked   39ms
77         banked   43ms
78         banked   42ms
79         banked   40ms
80         banked   46ms
81         banked   39ms
82         banked   44ms
83         banked   44ms
84         banked   42ms
85         banked   45ms
86         banked   41ms
87         banked   54ms
88         banked   39ms
89         banked   40ms
90         banked   46ms
91         banked   43ms
92         banked   40ms
93         banked   40ms
94         banked   44ms
95         banked   47ms
96         banked   44ms
97         banked   42ms
98         banked   750ms
99         banked   40ms
100        banked   46ms
101        banked   40ms
102        banked   40ms
103        banked   41ms
104        banked   41ms
105        banked   50ms
106        banked   43ms
107        banked   41ms
108        banked   45ms
109        banked   41ms
110        banked   46ms
111        banked   41ms
112        banked   44ms
113        banked   41ms
114        banked   44ms
115        banked   45ms
116        banked   41ms
117        banked   41ms
118        banked   40ms
119        banked   40ms
120        banked   72ms
121        banked   40ms
122        banked   41ms
123        banked   43ms
124        banked   42ms
125        banked   48ms
126        banked   40ms
127        banked   41ms
128        banked   39ms
129        banked   40ms
130        banked   45ms
131        banked   40ms
132        banked   48ms
133        banked   41ms
134        banked   39ms
135        banked   45ms
136        banked   39ms
137        banked   40ms
138        banked   43ms
139        banked   43ms
140        banked   51ms
141        banked   40ms
142        banked   39ms
143        banked   43ms
144        banked   47ms
145        banked   46ms
146        banked   40ms
147        banked   40ms
148        banked   45ms
149        banked   40ms
150        banked   54ms
151        banked   40ms
152        banked   42ms
153        banked   41ms
154        banked   659ms
155        banked   48ms
156        banked   40ms
157        banked   41ms
158        banked   48ms
159        banked   42ms
160        banked   47ms
161        banked   41ms
162        banked   39ms
163        banked   40ms
164        banked   41ms
165        banked   40ms
166        banked   40ms
167        banked   40ms
168        banked   39ms
169        banked   39ms
170        banked   39ms
171        banked   39ms
172        banked   41ms
173        banked   40ms
174        banked   39ms
175        banked   40ms
176        banked   40ms
177        banked   40ms
178        banked   55ms
179        banked   39ms
180        banked   39ms
181        banked   41ms
182        banked   592ms
183        banked   41ms
184        banked   38ms
185        banked   40ms
186        banked   41ms
187        banked   260ms
188        banked   41ms
189        banked   44ms
190        banked   41ms
191        banked   40ms
192        banked   40ms
193        banked   42ms
194        banked   39ms
195        banked   39ms
196        banked   39ms
197        banked   40ms
198        banked   41ms
199        banked   41ms
200        banked   47ms
201        banked   47ms
202        banked   41ms
203        banked   41ms
204        banked   41ms
205        banked   40ms
206        banked   41ms
207        banked   39ms
208        banked   39ms
209        banked   40ms
210        banked   39ms
211        banked   40ms
212        banked   41ms
213        banked   39ms
214        banked   41ms
215        banked   45ms
216        banked   39ms
217        banked   40ms
218        banked   40ms
219        banked   40ms
220        banked   50ms
221        banked   40ms
222        banked   41ms
223        banked   41ms
224        banked   39ms
225        banked   40ms
226        banked   40ms
227        banked   47ms
228        banked   512ms
229        banked   39ms
230        banked   39ms
231        banked   41ms
232        banked   40ms
233        banked   40ms
234        banked   40ms
235        banked   41ms
236        banked   41ms
237        banked   40ms
238        banked   315ms
239        banked   42ms
240        banked   43ms
241        banked   40ms
242        banked   487ms
243        banked   40ms
244        banked   40ms
245        banked   40ms
246        banked   45ms
247        banked   39ms
248        banked   43ms
249        banked   41ms
250        banked   40ms
251        banked   41ms
252        banked   43ms
253        banked   41ms
254        banked   40ms
255        banked   39ms
256        banked   39ms
257        banked   40ms
258        banked   41ms
259        banked   40ms
260        banked   42ms
261        banked   40ms
262        banked   41ms
263        banked   42ms
264        banked   40ms
265        banked   42ms
266        banked   373ms
267        banked   39ms
268        banked   41ms
269        banked   41ms
270        banked   44ms
271        banked   48ms
272        banked   50ms
273        banked   41ms
274        banked   40ms
275        banked   39ms
276        banked   43ms
277        banked   46ms
278        banked   40ms
279        banked   40ms
280        banked   42ms
281        banked   42ms
282        banked   59ms
283        banked   40ms
284        banked   41ms
285        banked   40ms
286        banked   459ms
287        banked   40ms
288        banked   45ms
289        banked   45ms
290        banked   41ms
291        banked   55ms
292        banked   42ms
293        banked   42ms
294        banked   40ms
295        banked   39ms
296        banked   41ms
297        banked   40ms
298        banked   44ms
299        banked   40ms
300        banked   39ms
301        banked   40ms
302        banked   45ms
303        banked   41ms
304        banked   40ms
305        banked   40ms
306        banked   42ms
307        banked   41ms
308        banked   43ms
309        banked   42ms
310        banked   40ms
311        banked   40ms
312        banked   40ms
313        banked   41ms
314        banked   44ms
315        banked   41ms
316        banked   40ms
317        banked   41ms
318        banked   51ms
319        banked   40ms
320        banked   41ms
321        banked   45ms
322        banked   364ms
323        banked   42ms
324        banked   43ms
325        banked   40ms
326        banked   46ms
327        banked   55ms
328        banked   55ms
329        banked   41ms
330        banked   41ms
331        banked   41ms
332        banked   43ms
333        banked   47ms
334        banked   41ms
335        banked   41ms
336        banked   40ms
337        banked   59ms
338        banked   306ms
339        banked   41ms
340        banked   40ms
341        banked   42ms
342        banked   59ms
343        banked   41ms
344        banked   43ms
345        banked   40ms
346        banked   51ms
347        banked   40ms
348        banked   41ms
349        banked   42ms
350        banked   40ms
351        banked   49ms
352        banked   46ms
353        banked   44ms
354        banked   41ms
355        banked   47ms
356        banked   42ms
357        banked   40ms
358        banked   41ms
359        banked   40ms
360        banked   42ms
361        banked   49ms
362        banked   44ms
363        banked   43ms
364        banked   45ms
365        banked   41ms
366        banked   41ms
367        banked   41ms
368        banked   42ms
369        banked   40ms
370        banked   41ms
371        banked   41ms
372        banked   40ms
373        banked   48ms
374        banked   310ms
375        banked   40ms
376        banked   42ms
377        banked   43ms
378        banked   40ms
379        banked   40ms
380        banked   40ms
381        banked   42ms
382        banked   41ms
383        banked   42ms
384        banked   43ms
385        banked   41ms
386        banked   43ms
387        banked   44ms
388        banked   41ms
389        banked   45ms
390        banked   53ms
391        banked   47ms
392        banked   40ms
393        banked   40ms
394        banked   46ms
395        banked   48ms
396        banked   43ms
397        banked   41ms
398        banked   44ms
399        banked   45ms
400        banked   49ms
401        banked   50ms
402        banked   42ms
403        banked   41ms
404        banked   41ms
405        banked   40ms
406        banked   41ms
407        banked   44ms
408        banked   47ms
409        banked   48ms
410        banked   52ms
411        banked   98ms
412        banked   43ms
413        banked   40ms
414        banked   41ms
415        banked   46ms
416        banked   39ms
417        banked   41ms
418        banked   352ms
419        banked   49ms
420        banked   40ms
421        banked   41ms
422        banked   40ms
423        banked   39ms
424        banked   48ms
425        banked   43ms
426        banked   40ms
427        banked   39ms
428        banked   46ms
429        banked   40ms
430        banked   41ms
431        banked   44ms
432        banked   39ms
433        banked   48ms
434        banked   42ms
435        banked   40ms
436        banked   43ms
437        banked   48ms
438        banked   41ms
439        banked   43ms
440        banked   44ms
441        banked   45ms
442        banked   401ms
443        banked   41ms
444        banked   40ms
445        banked   49ms
446        banked   46ms
447        banked   45ms
448        banked   41ms
449        banked   40ms
450        banked   40ms
451        banked   40ms
452        banked   40ms
453        banked   40ms
454        banked   40ms
455        banked   40ms
456        banked   39ms
457        banked   40ms
458        banked   40ms
459        banked   39ms
460        banked   339ms
461        banked   40ms
462        banked   39ms
463        banked   40ms
464        banked   47ms
465        banked   42ms
466        banked   40ms
467        banked   39ms
468        banked   39ms
469        banked   41ms
470        banked   41ms
471        banked   45ms
472        banked   46ms
473        banked   47ms
474        banked   51ms
475        banked   40ms
476        banked   44ms
477        banked   40ms
478        banked   44ms
479        banked   48ms
480        banked   42ms
481        banked   45ms
482        banked   42ms
483        banked   62ms
484        banked   42ms
485        banked   42ms
486        banked   40ms
487        banked   41ms
488        banked   48ms
489        banked   41ms
490        banked   39ms
491        banked   40ms
492        banked   52ms
493        banked   40ms
494        banked   320ms
495        banked   385ms
496        banked   43ms
497        banked   40ms
498        banked   51ms
499        banked   41ms
500        banked   42ms
501        banked   54ms
502        banked   50ms
503        banked   40ms
504        banked   40ms
505        banked   41ms
506        banked   390ms
507        banked   43ms
508        banked   40ms
509        banked   41ms
510        banked   57ms
511        banked   40ms
512        banked   40ms
513        banked   39ms
514        banked   40ms
515        banked   41ms
516        banked   39ms
517        banked   45ms
518        banked   46ms
519        banked   46ms
520        banked   39ms
521        banked   47ms
522        banked   42ms
523        banked   41ms
524        banked   47ms
525        banked   41ms
526        banked   40ms
527        banked   41ms
528        banked   41ms
529        banked   44ms
530        banked   41ms
531        banked   43ms
532        banked   191ms
533        banked   48ms
534        banked   41ms
535        banked   41ms
536        banked   40ms
537        banked   47ms
538        banked   44ms
539        banked   253ms
540        banked   44ms
541        banked   41ms
542        banked   51ms
543        banked   46ms
544        banked   40ms
545        banked   49ms
546        banked   52ms
547        banked   40ms
548        banked   42ms
549        banked   41ms
550        banked   550ms
551        banked   41ms
552        banked   308ms
553        banked   48ms
554        banked   42ms
555        banked   43ms
556        banked   59ms
557        banked   40ms
558        banked   43ms
559        banked   41ms
560        banked   47ms
561        banked   378ms
562        banked   43ms
563        banked   45ms
564        banked   67ms
565        banked   50ms
566        banked   41ms
567        banked   40ms
568        banked   41ms
569        banked   42ms
570        banked   357ms
571        banked   44ms
572        banked   39ms
573        banked   42ms
574        banked   48ms
575        banked   40ms
576        banked   50ms
577        banked   40ms
578        banked   331ms
579        banked   42ms
580        banked   41ms
581        banked   48ms
582        banked   40ms
583        banked   47ms
584        banked   45ms
585        banked   44ms
586        banked   40ms
587        banked   40ms
588        banked   404ms
589        banked   43ms
590        banked   40ms
591        banked   41ms
592        banked   46ms
593        banked   40ms
594        banked   44ms
595        banked   40ms
596        banked   40ms
597        banked   41ms
598        banked   296ms
599        banked   45ms
600        banked   43ms
601        banked   47ms
602        banked   45ms
603        banked   41ms
604        banked   41ms
605        banked   363ms
606        banked   42ms
607        banked   41ms
608        banked   39ms
609        banked   40ms
610        banked   46ms
611        banked   43ms
612        banked   40ms
613        banked   41ms
614        banked   39ms
615        banked   40ms
616        banked   41ms
617        banked   41ms
618        banked   50ms
619        banked   47ms
620        banked   49ms
621        banked   40ms
622        banked   44ms
623        banked   40ms
624        banked   40ms
625        banked   46ms
626        banked   40ms
627        banked   329ms
628        banked   46ms
629        banked   51ms
630        banked   39ms
631        banked   40ms
632        banked   42ms
633        banked   45ms
634        banked   47ms
635        banked   40ms
636        banked   40ms
637        banked   268ms
638        banked   52ms
639        banked   45ms
640        banked   40ms
641        banked   41ms
642        banked   42ms
643        banked   42ms
644        banked   311ms
645        banked   44ms
646        banked   313ms
647        banked   49ms
648        banked   42ms
649        banked   39ms
650        banked   42ms
651        banked   40ms
652        banked   46ms
653        banked   40ms
654        banked   40ms
655        banked   41ms
656        banked   46ms
657        banked   40ms
658        banked   40ms
659        banked   41ms
660        banked   44ms
661        banked   40ms
662        banked   41ms
663        banked   322ms
664        banked   44ms
665        banked   285ms
666        banked   54ms
667        banked   42ms
668        banked   42ms
669        banked   45ms
670        banked   39ms
671        banked   46ms
672        banked   40ms
673        banked   41ms
674        banked   103ms
675        banked   39ms
676        banked   38ms
677        banked   40ms
678        banked   41ms
679        banked   42ms
680        banked   349ms
681        banked   42ms
682        banked   49ms
683        banked   48ms
684        banked   52ms
685        banked   41ms
686        banked   442ms
687        banked   41ms
688        banked   40ms
689        banked   49ms
690        banked   42ms
691        banked   41ms
692        banked   44ms
693        banked   340ms
694        banked   43ms
695        banked   50ms
696        banked   40ms
697        banked   40ms
698        banked   49ms
699        banked   41ms
700        banked   39ms
701        banked   41ms
702        banked   56ms
703        banked   41ms
704        banked   40ms
705        banked   44ms
706        banked   46ms
707        banked   46ms
708        banked   40ms
709        banked   39ms
710        banked   40ms
711        banked   46ms
712        banked   40ms
713        banked   40ms
714        banked   39ms
715        banked   296ms
716        banked   40ms
717        banked   39ms
718        banked   40ms
719        banked   40ms
720        banked   46ms
721        banked   40ms
722        banked   277ms
723        banked   40ms
724        banked   40ms
725        banked   40ms
726        banked   41ms
727        banked   40ms
728        banked   40ms
729        banked   45ms
730        banked   43ms
731        banked   39ms
732        banked   40ms
733        banked   40ms
734        banked   40ms
735        banked   315ms
736        banked   40ms
737        banked   40ms
738        banked   41ms
739        banked   39ms
740        banked   41ms
741        banked   40ms
742        banked   40ms
743        banked   40ms
744        banked   40ms
745        banked   41ms
746        banked   39ms
747        banked   48ms
748        banked   278ms
749        banked   40ms
750        banked   40ms
751        banked   43ms
752        banked   40ms
753        banked   48ms
754        banked   44ms
755        banked   47ms
756        banked   45ms
757        banked   49ms
758        banked   44ms
759        banked   184ms
760        banked   294ms
761        banked   44ms
762        banked   46ms
763        banked   40ms
764        banked   40ms
765        banked   302ms
766        banked   52ms
767        banked   41ms
768        banked   40ms
769        banked   41ms
770        banked   40ms
771        banked   49ms
772        banked   40ms
773        banked   41ms
774        banked   41ms
775        banked   47ms
776        banked   40ms
777        banked   41ms
778        banked   40ms
779        banked   41ms
780        banked   40ms
781        banked   42ms
782        banked   335ms
783        banked   41ms
784        banked   52ms
785        banked   40ms
786        banked   39ms
787        banked   40ms
788        banked   39ms
789        banked   40ms
790        banked   40ms
791        banked   40ms
792        banked   39ms
793        banked   46ms
794        banked   40ms
795        banked   40ms
796        banked   40ms
797        banked   40ms
798        banked   390ms
799        banked   41ms
800        banked   39ms
801        banked   40ms
802        banked   40ms
803        banked   40ms
804        banked   46ms
805        banked   208ms
806        banked   40ms
807        banked   41ms
808        banked   40ms
809        banked   39ms
810        banked   42ms
811        banked   47ms
812        banked   40ms
813        banked   40ms
814        banked   40ms
815        banked   42ms
816        banked   40ms
817        banked   39ms
818        banked   40ms
819        banked   314ms
820        banked   48ms
821        banked   49ms
822        banked   40ms
823        banked   40ms
824        banked   40ms
825        banked   40ms
826        banked   52ms
827        banked   40ms
828        banked   43ms
829        banked   44ms
830        banked   56ms
831        banked   40ms
832        banked   39ms
833        banked   230ms
834        banked   44ms
835        banked   46ms
836        banked   197ms
837        banked   41ms
838        banked   40ms
839        banked   46ms
840        banked   39ms
841        banked   41ms
842        banked   40ms
843        banked   40ms
844        banked   41ms
845        banked   285ms
846        banked   42ms
847        banked   296ms
848        banked   46ms
849        banked   44ms
850        banked   40ms
851        banked   40ms
852        banked   41ms
853        banked   44ms
854        banked   41ms
855        banked   289ms
856        banked   40ms
857        banked   46ms
858        banked   41ms
859        banked   40ms
860        banked   40ms
861        banked   43ms
862        banked   40ms
863        banked   43ms
864        banked   46ms
865        banked   40ms
866        banked   42ms
867        banked   287ms
868        banked   40ms
869        banked   40ms
870        banked   40ms
871        banked   40ms
872        banked   40ms
873        banked   40ms
874        banked   308ms
875        banked   369ms
876        banked   41ms
877        banked   40ms
878        banked   40ms
879        banked   40ms
880        banked   44ms
881        banked   40ms
882        banked   515ms
883        banked   46ms
884        banked   40ms
885        banked   57ms
886        banked   41ms
887        banked   44ms
888        banked   43ms
889        banked   43ms
890        banked   46ms
891        banked   40ms
892        banked   39ms
893        banked   40ms
894        banked   46ms
895        banked   39ms
896        banked   43ms
897        banked   194ms
898        banked   44ms
899        banked   42ms
900        banked   40ms
901        banked   40ms
902        banked   40ms
903        banked   50ms
904        banked   39ms
905        banked   40ms
906        banked   40ms
907        banked   40ms
908        banked   40ms
909        banked   41ms
910        banked   40ms
911        banked   40ms
912        banked   46ms
913        banked   41ms
914        banked   40ms
915        banked   40ms
916        banked   40ms
917        banked   40ms
918        banked   386ms
919        banked   41ms
920        banked   42ms
921        banked   47ms
922        banked   40ms
923        banked   40ms
924        banked   40ms
925        banked   44ms
926        banked   44ms
927        banked   40ms
928        banked   41ms
929        banked   40ms
930        banked   41ms
931        banked   249ms
932        banked   108ms
933        banked   42ms
934        banked   40ms
935        banked   250ms
936        banked   40ms
937        banked   40ms
938        banked   41ms
939        banked   50ms
940        banked   41ms
941        banked   40ms
942        banked   41ms
943        banked   41ms
944        banked   39ms
945        banked   39ms
946        banked   40ms
947        banked   47ms
948        banked   49ms
949        banked   71ms
950        banked   257ms
951        banked   40ms
952        banked   271ms
953        banked   39ms
954        banked   46ms
955        banked   40ms
956        banked   40ms
957        banked   42ms
958        banked   61ms
959        banked   40ms
960        banked   39ms
961        banked   40ms
962        banked   40ms
963        banked   46ms
964        banked   40ms
965        banked   40ms
966        banked   39ms
967        banked   47ms
968        banked   39ms
969        banked   177ms
970        banked   42ms
971        banked   41ms
972        banked   40ms
973        banked   40ms
974        banked   40ms
975        banked   367ms
976        banked   47ms
977        banked   40ms
978        banked   41ms
979        banked   41ms
980        banked   298ms
981        banked   40ms
982        banked   41ms
983        banked   40ms
984        banked   40ms
985        banked   46ms
986        banked   40ms
987        banked   40ms
988        banked   43ms
989        banked   41ms
990        banked   39ms
991        banked   40ms
992        banked   40ms
993        banked   41ms
994        banked   39ms
995        banked   40ms
996        banked   40ms
997        banked   43ms
998        banked   41ms
999        banked   40ms
1000       banked   41ms
1001       banked   267ms
1002       banked   50ms
1003       banked   39ms
1004       banked   41ms
1005       banked   41ms
1006       banked   40ms
1007       banked   43ms
1008       banked   40ms
1009       banked   40ms
1010       banked   41ms
1011       banked   41ms
1012       banked   46ms
1013       banked   40ms
1014       banked   40ms
1015       banked   40ms
1016       banked   41ms
1017       banked   43ms
1018       banked   40ms
1019       banked   40ms
1020       banked   46ms
1021       banked   46ms
1022       banked   58ms
1023       banked   42ms
1024       banked   119ms
1025       banked   40ms
1026       banked   42ms
1027       banked   46ms
1028       banked   40ms
1029       banked   426ms
1030       banked   41ms
1031       banked   56ms
1032       banked   40ms
1033       banked   41ms
1034       banked   40ms
1035       banked   193ms
1036       banked   47ms
1037       banked   40ms
1038       banked   41ms
1039       banked   41ms
1040       banked   54ms
1041       banked   44ms
1042       banked   42ms
1043       banked   40ms
1044       banked   45ms
1045       banked   269ms
1046       banked   41ms
1047       banked   39ms
1048       banked   40ms
1049       banked   48ms
1050       banked   40ms
1051       banked   41ms
1052       banked   41ms
1053       banked   40ms
1054       banked   41ms
1055       banked   41ms
1056       banked   45ms
1057       banked   42ms
1058       banked   220ms
1059       banked   40ms
1060       banked   48ms
1061       banked   47ms
1062       banked   40ms
1063       banked   41ms
1064       banked   40ms
1065       banked   40ms
1066       banked   40ms
1067       banked   46ms
1068       banked   41ms
1069       banked   48ms
1070       banked   39ms
1071       banked   263ms
1072       banked   40ms
1073       banked   40ms
1074       banked   40ms
1075       banked   40ms
1076       banked   44ms
1077       banked   42ms
1078       banked   352ms
1079       banked   43ms
1080       banked   42ms
1081       banked   44ms
1082       banked   45ms
1083       banked   39ms
1084       banked   41ms
1085       banked   47ms
1086       banked   41ms
1087       banked   41ms
1088       banked   40ms
1089       banked   43ms
1090       banked   40ms
1091       banked   41ms
1092       banked   40ms
1093       banked   51ms
1094       banked   50ms
1095       banked   53ms
1096       banked   40ms
1097       banked   41ms
1098       banked   41ms
1099       banked   40ms
1100       banked   46ms
1101       banked   41ms
1102       banked   46ms
1103       banked   50ms
1104       banked   57ms
1105       banked   221ms
1106       banked   42ms
1107       banked   41ms
1108       banked   40ms
1109       banked   48ms
1110       banked   42ms
1111       banked   48ms
1112       banked   40ms
1113       banked   59ms
1114       banked   40ms
1115       banked   46ms
1116       banked   41ms
1117       banked   40ms
1118       banked   47ms
1119       banked   44ms
1120       banked   41ms
1121       banked   41ms
1122       banked   46ms
1123       banked   43ms
1124       banked   40ms
1125       banked   405ms
1126       banked   41ms
1127       banked   39ms
1128       banked   40ms
1129       banked   41ms
1130       banked   42ms
1131       banked   47ms
1132       banked   41ms
1133       banked   44ms
1134       banked   40ms
1135       banked   43ms
1136       banked   42ms
1137       banked   41ms
1138       banked   42ms
1139       banked   40ms
1140       banked   46ms
1141       banked   40ms
1142       banked   39ms
1143       banked   41ms
1144       banked   40ms
1145       banked   42ms
1146       banked   52ms
1147       banked   50ms
1148       banked   43ms
1149       banked   40ms
1150       banked   39ms
1151       banked   40ms
1152       banked   39ms
1153       banked   42ms
1154       banked   42ms
1155       banked   40ms
1156       banked   40ms
1157       banked   40ms
1158       banked   49ms
1159       banked   41ms
1160       banked   42ms
1161       banked   41ms
1162       banked   41ms
1163       banked   40ms
1164       banked   41ms
1165       banked   40ms
1166       banked   47ms
1167       banked   47ms
1168       banked   80ms
1169       banked   41ms
1170       banked   43ms
1171       banked   46ms
1172       banked   43ms
1173       banked   216ms
1174       banked   40ms
1175       banked   39ms
1176       banked   40ms
1177       banked   58ms
1178       banked   40ms
1179       banked   41ms
1180       banked   41ms
1181       banked   41ms
1182       banked   49ms
1183       banked   41ms
1184       banked   49ms
1185       banked   47ms
1186       banked   49ms
1187       banked   40ms
1188       banked   40ms
1189       banked   40ms
1190       banked   40ms
1191       banked   47ms
1192       banked   40ms
1193       banked   40ms
1194       banked   40ms
1195       banked   80ms
1196       banked   40ms
1197       banked   232ms
1198       banked   40ms
1199       banked   42ms
1200       banked   49ms
1201       banked   40ms
1202       banked   41ms
1203       banked   41ms
1204       banked   70ms
1205       banked   42ms
1206       banked   40ms
1207       banked   42ms
1208       banked   42ms
1209       banked   48ms
1210       banked   43ms
1211       banked   40ms
1212       banked   40ms
1213       banked   51ms
1214       banked   41ms
1215       banked   119ms
1216       banked   43ms
1217       banked   44ms
1218       banked   42ms
1219       banked   40ms
1220       banked   43ms
1221       banked   41ms
1222       banked   46ms
1223       banked   52ms
1224       banked   39ms
1225       banked   375ms
1226       banked   40ms
1227       banked   41ms
1228       banked   40ms
1229       banked   41ms
1230       banked   40ms
1231       banked   47ms
1232       banked   42ms
1233       banked   41ms
1234       banked   41ms
1235       banked   211ms
1236       banked   41ms
1237       banked   41ms
1238       banked   40ms
1239       banked   41ms
1240       banked   40ms
1241       banked   40ms
1242       banked   331ms
1243       banked   40ms
1244       banked   41ms
1245       banked   41ms
1246       banked   39ms
1247       banked   41ms
1248       banked   40ms
1249       banked   46ms
1250       banked   43ms
1251       banked   41ms
1252       banked   40ms
1253       banked   42ms
1254       banked   43ms
1255       banked   42ms
1256       banked   44ms
1257       banked   51ms
1258       banked   47ms
1259       banked   53ms
1260       banked   40ms
1261       banked   40ms
1262       banked   40ms
1263       banked   40ms
1264       banked   48ms
1265       banked   190ms
1266       banked   40ms
1267       banked   40ms
1268       banked   52ms
1269       banked   41ms
1270       banked   45ms
1271       banked   49ms
1272       banked   44ms
1273       banked   47ms
1274       banked   342ms
1275       banked   210ms
1276       banked   41ms
1277       banked   47ms
1278       banked   40ms
1279       banked   40ms
1280       banked   40ms
1281       banked   40ms
1282       banked   46ms
1283       banked   40ms
1284       banked   40ms
1285       banked   40ms
1286       banked   47ms
1287       banked   40ms
1288       banked   43ms
1289       banked   41ms
1290       banked   40ms
1291       banked   40ms
1292       banked   51ms
1293       banked   40ms
1294       banked   40ms
1295       banked   50ms
1296       banked   39ms
1297       banked   47ms
1298       banked   56ms
1299       banked   46ms
1300       banked   372ms
1301       banked   42ms
1302       banked   40ms
1303       banked   41ms
1304       banked   47ms
1305       banked   40ms
1306       banked   42ms
1307       banked   41ms
1308       banked   40ms
1309       banked   257ms
1310       banked   41ms
1311       banked   40ms
1312       banked   41ms
1313       banked   41ms
1314       banked   40ms
1315       banked   40ms
1316       banked   40ms
1317       banked   44ms
1318       banked   44ms
1319       banked   45ms
1320       banked   40ms
1321       banked   42ms
1322       banked   40ms
1323       banked   392ms
1324       banked   40ms
1325       banked   40ms
1326       banked   40ms
1327       banked   40ms
1328       banked   43ms
1329       banked   40ms
1330       banked   42ms
1331       banked   46ms
1332       banked   50ms
1333       banked   45ms
1334       banked   41ms
1335       banked   41ms
1336       banked   40ms
1337       banked   47ms
1338       banked   41ms
1339       banked   45ms
1340       banked   46ms
1341       banked   60ms
1342       banked   40ms
1343       banked   40ms
1344       banked   40ms
1345       banked   40ms
1346       banked   47ms
1347       banked   40ms
1348       banked   40ms
1349       banked   44ms
1350       banked   46ms
1351       banked   54ms
1352       banked   40ms
1353       banked   41ms
1354       banked   40ms
1355       banked   44ms
1356       banked   40ms
1357       banked   43ms
1358       banked   41ms
1359       banked   47ms
1360       banked   39ms
1361       banked   43ms
1362       banked   40ms
1363       banked   42ms
1364       banked   48ms
1365       banked   42ms
1366       banked   40ms
1367       banked   40ms
1368       banked   49ms
1369       banked   40ms
1370       banked   40ms
1371       banked   43ms
1372       banked   319ms
1373       banked   41ms
1374       banked   43ms
1375       banked   43ms
1376       banked   40ms
1377       banked   43ms
1378       banked   40ms
1379       banked   43ms
1380       banked   39ms
1381       banked   40ms
1382       banked   40ms
1383       banked   41ms
1384       banked   43ms
1385       banked   41ms
1386       banked   57ms
1387       banked   45ms
1388       banked   41ms
1389       banked   40ms
1390       banked   41ms
1391       banked   40ms
1392       banked   41ms
1393       banked   43ms
1394       banked   47ms
1395       banked   50ms
1396       banked   50ms
1397       banked   41ms
1398       banked   41ms
1399       banked   41ms
1400       banked   39ms
1401       banked   47ms
1402       banked   40ms
1403       banked   50ms
1404       banked   51ms
1405       banked   51ms
1406       banked   40ms
1407       banked   41ms
1408       banked   39ms
1409       banked   41ms
1410       banked   50ms
1411       banked   41ms
1412       banked   41ms
1413       banked   42ms
1414       banked   58ms
1415       banked   45ms
1416       banked   39ms
1417       banked   40ms
1418       banked   40ms
1419       banked   48ms
1420       banked   43ms
1421       banked   39ms
1422       banked   40ms
1423       banked   54ms
1424       banked   40ms
1425       banked   260ms
1426       banked   41ms
1427       banked   45ms
1428       banked   39ms
1429       banked   42ms
1430       banked   40ms
1431       banked   40ms
1432       banked   51ms
1433       banked   41ms
1434       banked   42ms
1435       banked   40ms
1436       banked   40ms
1437       banked   41ms
1438       banked   41ms
1439       banked   40ms
1440       banked   41ms
1441       banked   46ms
1442       banked   40ms
1443       banked   40ms
1444       banked   39ms
1445       banked   40ms
1446       banked   45ms
1447       banked   40ms
1448       banked   41ms
1449       banked   163ms
1450       banked   41ms
1451       banked   40ms
1452       banked   39ms
1453       banked   40ms
1454       banked   41ms
1455       banked   43ms
1456       banked   39ms
1457       banked   43ms
1458       banked   40ms
1459       banked   48ms
1460       banked   43ms
1461       banked   40ms
1462       banked   41ms
1463       banked   40ms
1464       banked   41ms
1465       banked   40ms
1466       banked   41ms
1467       banked   47ms
1468       banked   46ms
1469       banked   52ms
1470       banked   40ms
1471       banked   40ms
1472       banked   40ms
1473       banked   40ms
1474       banked   47ms
1475       banked   40ms
1476       banked   42ms
1477       banked   47ms
1478       banked   57ms
1479       banked   42ms
1480       banked   41ms
1481       banked   40ms
1482       banked   46ms
1483       banked   47ms
1484       banked   43ms
1485       banked   39ms
1486       banked   40ms
1487       banked   47ms
1488       banked   41ms
1489       banked   40ms
1490       banked   41ms
1491       banked   41ms
1492       banked   40ms
1493       banked   40ms
1494       banked   42ms
1495       banked   44ms
1496       banked   46ms
1497       banked   44ms
1498       banked   45ms
1499       banked   40ms
1500       banked   40ms
1501       banked   45ms
1502       banked   40ms
1503       banked   43ms
1504       banked   41ms
1505       banked   48ms
1506       banked   41ms
1507       banked   48ms
1508       banked   41ms
1509       banked   153ms
1510       banked   41ms
1511       banked   41ms
1512       banked   39ms
1513       banked   45ms
1514       banked   48ms
1515       banked   41ms
1516       banked   40ms
1517       banked   40ms
1518       banked   40ms
1519       banked   43ms
1520       banked   40ms
1521       banked   40ms
1522       banked   41ms
1523       banked   40ms
1524       banked   43ms
1525       banked   41ms
1526       banked   39ms
1527       banked   44ms
1528       banked   40ms
1529       banked   41ms
1530       banked   45ms
1531       banked   43ms
1532       banked   47ms
1533       banked   41ms
1534       banked   45ms
1535       banked   45ms
1536       banked   43ms
1537       banked   40ms
1538       banked   42ms
1539       banked   40ms
1540       banked   341ms
1541       banked   48ms
1542       banked   56ms
1543       banked   41ms
1544       banked   40ms
1545       banked   41ms
1546       banked   41ms
1547       banked   232ms
1548       banked   44ms
1549       banked   40ms
1550       banked   46ms
1551       banked   58ms
1552       banked   40ms
1553       banked   41ms
1554       banked   40ms
1555       banked   43ms
1556       banked   47ms
1557       banked   43ms
1558       banked   41ms
1559       banked   40ms
1560       banked   46ms
1561       banked   40ms
1562       banked   41ms
1563       banked   39ms
1564       banked   39ms
1565       banked   40ms
1566       banked   40ms
1567       banked   40ms
1568       banked   42ms
1569       banked   49ms
1570       banked   40ms
1571       banked   45ms
1572       banked   40ms
1573       banked   41ms
1574       banked   41ms
1575       banked   349ms
1576       banked   44ms
1577       banked   40ms
1578       banked   47ms
1579       banked   41ms
1580       banked   41ms
1581       banked   42ms
1582       banked   40ms
1583       banked   40ms
1584       banked   44ms
1585       banked   41ms
1586       banked   43ms
1587       banked   247ms
1588       banked   40ms
1589       banked   40ms
1590       banked   41ms
1591       banked   40ms
1592       banked   40ms
1593       banked   45ms
1594       banked   43ms
1595       banked   42ms
1596       banked   47ms
1597       banked   40ms
1598       banked   44ms
1599       banked   43ms
1600       banked   43ms
1601       banked   40ms
1602       banked   40ms
1603       banked   41ms
1604       banked   46ms
1605       banked   47ms
1606       banked   44ms
1607       banked   42ms
1608       banked   41ms
1609       banked   40ms
1610       banked   39ms
1611       banked   40ms
1612       banked   40ms
1613       banked   47ms
1614       banked   48ms
1615       banked   50ms
1616       banked   40ms
1617       banked   41ms
1618       banked   42ms
1619       banked   44ms
1620       banked   46ms
1621       banked   45ms
1622       banked   41ms
1623       banked   44ms
1624       banked   58ms
1625       banked   291ms
1626       banked   41ms
1627       banked   41ms
1628       banked   42ms
1629       banked   51ms
1630       banked   40ms
1631       banked   40ms
1632       banked   39ms
1633       banked   47ms
1634       banked   43ms
1635       banked   48ms
1636       banked   43ms
1637       banked   40ms
1638       banked   41ms
1639       banked   43ms
1640       banked   40ms
1641       banked   42ms
1642       banked   49ms
1643       banked   41ms
1644       banked   41ms
1645       banked   40ms
1646       banked   42ms
1647       banked   40ms
1648       banked   41ms
1649       banked   40ms
1650       banked   39ms
1651       banked   47ms
1652       banked   41ms
1653       banked   40ms
1654       banked   40ms
1655       banked   41ms
1656       banked   40ms
1657       banked   40ms
1658       banked   46ms
1659       banked   41ms
1660       banked   40ms
1661       banked   40ms
1662       banked   40ms
1663       banked   44ms
1664       banked   39ms
1665       banked   40ms
1666       banked   311ms
1667       banked   40ms
1668       banked   41ms
1669       banked   47ms
1670       banked   42ms
1671       banked   40ms
1672       banked   44ms
1673       banked   40ms
1674       banked   40ms
1675       banked   41ms
1676       banked   45ms
1677       banked   51ms
1678       banked   47ms
1679       banked   50ms
1680       banked   44ms
1681       banked   43ms
1682       banked   41ms
1683       banked   39ms
1684       banked   50ms
1685       banked   43ms
1686       banked   44ms
1687       banked   41ms
1688       banked   62ms
1689       banked   42ms
1690       banked   40ms
1691       banked   43ms
1692       banked   41ms
1693       banked   54ms
1694       banked   310ms
1695       banked   40ms
1696       banked   40ms
1697       banked   53ms
1698       banked   40ms
1699       banked   40ms
1700       banked   39ms
1701       banked   40ms
1702       banked   47ms
1703       banked   41ms
1704       banked   41ms
1705       banked   41ms
1706       banked   48ms
1707       banked   41ms
1708       banked   40ms
1709       banked   42ms
1710       banked   43ms
1711       banked   40ms
1712       banked   41ms
1713       banked   42ms
1714       banked   41ms
1715       banked   313ms
1716       banked   40ms
1717       banked   44ms
1718       banked   48ms
1719       banked   45ms
1720       banked   40ms
1721       banked   41ms
1722       banked   40ms
1723       banked   40ms
1724       banked   48ms
1725       banked   41ms
1726       banked   40ms
1727       banked   40ms
1728       banked   39ms
1729       banked   40ms
1730       banked   42ms
1731       banked   47ms
1732       banked   40ms
1733       banked   42ms
1734       banked   44ms
1735       banked   44ms
1736       banked   40ms
1737       banked   40ms
1738       banked   41ms
1739       banked   44ms
1740       banked   41ms
1741       banked   43ms
1742       banked   48ms
1743       banked   41ms
1744       banked   41ms
1745       banked   40ms
1746       banked   40ms
1747       banked   41ms
1748       banked   39ms
1749       banked   43ms
1750       banked   47ms
1751       banked   47ms
1752       banked   50ms
1753       banked   40ms
1754       banked   41ms
1755       banked   40ms
1756       banked   46ms
1757       banked   47ms
1758       banked   44ms
1759       banked   40ms
1760       banked   39ms
1761       banked   58ms
1762       banked   40ms
1763       banked   46ms
1764       banked   40ms
1765       banked   40ms
1766       banked   47ms
1767       banked   45ms
1768       banked   39ms
1769       banked   47ms
1770       banked   46ms
1771       banked   181ms
1772       banked   41ms
1773       banked   40ms
1774       banked   41ms
1775       banked   43ms
1776       banked   41ms
1777       banked   40ms
1778       banked   41ms
1779       banked   47ms
1780       banked   44ms
1781       banked   44ms
1782       banked   40ms
1783       banked   41ms
1784       banked   43ms
1785       banked   39ms
1786       banked   40ms
1787       banked   44ms
1788       banked   46ms
1789       banked   41ms
1790       banked   40ms
1791       banked   40ms
1792       banked   42ms
1793       banked   40ms
1794       banked   44ms
1795       banked   42ms
1796       banked   51ms
1797       banked   60ms
1798       banked   51ms
1799       banked   41ms
1800       banked   43ms
1801       banked   41ms
1802       banked   40ms
1803       banked   47ms
1804       banked   42ms
1805       banked   206ms
1806       banked   50ms
1807       banked   55ms
1808       banked   151ms
1809       banked   41ms
1810       banked   44ms
1811       banked   40ms
1812       banked   47ms
1813       banked   41ms
1814       banked   41ms
1815       banked   43ms
1816       banked   58ms
1817       banked   40ms
1818       banked   40ms
1819       banked   74ms
1820       banked   307ms
1821       banked   48ms
1822       banked   43ms
1823       banked   43ms
1824       banked   40ms
1825       banked   47ms
1826       banked   40ms
1827       banked   41ms
1828       banked   43ms
1829       banked   40ms
1830       banked   41ms
1831       banked   41ms
1832       banked   51ms
1833       banked   40ms
1834       banked   48ms
1835       banked   41ms
1836       banked   40ms
1837       banked   40ms
1838       banked   40ms
1839       banked   41ms
1840       banked   39ms
1841       banked   41ms
1842       banked   45ms
1843       banked   48ms
1844       banked   40ms
1845       banked   57ms
1846       banked   43ms
1847       banked   46ms
1848       banked   194ms
1849       banked   42ms
1850       banked   40ms
1851       banked   40ms
1852       banked   44ms
1853       banked   41ms
1854       banked   40ms
1855       banked   40ms
1856       banked   40ms
1857       banked   41ms
1858       banked   41ms
1859       banked   39ms
1860       banked   41ms
1861       banked   48ms
1862       banked   303ms
1863       banked   40ms
1864       banked   40ms
1865       banked   40ms
1866       banked   44ms
1867       banked   41ms
1868       banked   40ms
1869       banked   47ms
1870       banked   50ms
1871       banked   51ms
1872       banked   44ms
1873       banked   40ms
1874       banked   40ms
1875       banked   407ms
1876       banked   47ms
1877       banked   40ms
1878       banked   40ms
1879       banked   41ms
1880       banked   57ms
1881       banked   40ms
1882       banked   40ms
1883       banked   44ms
1884       banked   41ms
1885       banked   51ms
1886       banked   41ms
1887       banked   46ms
1888       banked   40ms
1889       banked   49ms
1890       banked   38ms
1891       banked   41ms
1892       banked   40ms
1893       banked   40ms
1894       banked   41ms
1895       banked   40ms
1896       banked   40ms
1897       banked   49ms
1898       banked   48ms
1899       banked   39ms
1900       banked   268ms
1901       banked   41ms
1902       banked   41ms
1903       banked   49ms
1904       banked   39ms
1905       banked   40ms
1906       banked   44ms
1907       banked   47ms
1908       banked   41ms
1909       banked   43ms
1910       banked   52ms
1911       banked   44ms
1912       banked   41ms
1913       banked   40ms
1914       banked   42ms
1915       banked   40ms
1916       banked   47ms
1917       banked   43ms
1918       banked   40ms
1919       banked   41ms
1920       banked   43ms
1921       banked   40ms
1922       banked   65ms
1923       banked   43ms
1924       banked   45ms
1925       banked   327ms
1926       banked   40ms
1927       banked   39ms
1928       banked   40ms
1929       banked   40ms
1930       banked   39ms
1931       banked   43ms
1932       banked   244ms
1933       banked   41ms
1934       banked   48ms
1935       banked   42ms
1936       banked   40ms
1937       banked   41ms
1938       banked   39ms
1939       banked   40ms
1940       banked   41ms
1941       banked   53ms
1942       banked   48ms
1943       banked   47ms
1944       banked   48ms
1945       banked   44ms
1946       banked   40ms
1947       banked   40ms
1948       banked   40ms
1949       banked   47ms
1950       banked   40ms
1951       banked   42ms
1952       banked   44ms
1953       banked   63ms
1954       banked   49ms
1955       banked   40ms
1956       banked   40ms
1957       banked   45ms
1958       banked   47ms
1959       banked   39ms
1960       banked   316ms
1961       banked   41ms
1962       banked   47ms
1963       banked   40ms
1964       banked   43ms
1965       banked   41ms
1966       banked   40ms
1967       banked   40ms
1968       banked   40ms
1969       banked   41ms
1970       banked   40ms
1971       banked   47ms
1972       banked   42ms
1973       banked   42ms
1974       banked   41ms
1975       banked   43ms
1976       banked   46ms
1977       banked   43ms
1978       banked   40ms
1979       banked   42ms
1980       banked   46ms
1981       banked   40ms
1982       banked   40ms
1983       banked   41ms
1984       banked   40ms
1985       banked   40ms
1986       banked   40ms
1987       banked   40ms
1988       banked   45ms
1989       banked   40ms
1990       banked   41ms
1991       banked   41ms
1992       banked   42ms
1993       banked   40ms
1994       banked   41ms
1995       banked   43ms
1996       banked   40ms
1997       banked   40ms
1998       banked   48ms
1999       banked   40ms
2000       banked   42ms
2001       banked   51ms
2002       banked   277ms
2003       banked   41ms
2004       banked   40ms
2005       banked   41ms
2006       banked   48ms
2007       banked   47ms
2008       banked   40ms
2009       banked   44ms
2010       banked   40ms
2011       banked   41ms
2012       banked   44ms
2013       banked   40ms
2014       banked   41ms
2015       banked   47ms
2016       banked   51ms
2017       banked   51ms
2018       banked   41ms
2019       banked   40ms
2020       banked   43ms
2021       banked   48ms
2022       banked   50ms
2023       banked   42ms
2024       banked   40ms
2025       banked   39ms
2026       banked   57ms
2027       banked   41ms
2028       banked   39ms
2029       banked   41ms
2030       banked   43ms
2031       banked   51ms
2032       banked   40ms
2033       banked   41ms
2034       banked   41ms
2035       banked   48ms
2036       banked   40ms
2037       banked   40ms
2038       banked   44ms
2039       banked   40ms
2040       banked   39ms
2041       banked   40ms
2042       banked   41ms
2043       banked   40ms
2044       banked   55ms
2045       banked   41ms
2046       banked   46ms
2047       banked   40ms
2048       banked   181ms
