2          REFUSED      124ms refused   mono
4          banked       120ms replayed  mono
8          banked       120ms replayed  mono
16         banked       118ms replayed  zrp:4.4:n1t
32         banked       118ms replayed  zrp:4.8:r2z
64         banked       118ms replayed  zrp:4.16:r2z
128        banked       120ms replayed  zr2c:child_oop_il
256        banked       119ms replayed  zr2c:child_oop_il
512        banked       117ms replayed  2p
1024       banked       121ms replayed  2p
2048       banked       119ms replayed  2p
4096       banked       119ms replayed  2p
8192       banked       117ms replayed  2p
16384      banked       121ms replayed  ztt
32768      banked       119ms replayed  ztt
65536      banked       123ms replayed  ztt
131072     banked      1786ms raced     ztt
262144     banked      3725ms raced     ztt
524288     banked      6536ms raced     ztt
1048576    banked       268ms raced     zr2c:child_oop_il
2097152    banked       421ms raced     zr2c:child_nat_ip
4194304    banked       778ms raced     zr2c:child_nat_ip
8388608    banked      1549ms raced     zr2c:child_nat_ip
