16x16      banked       537ms raced     chain
32x16      banked       634ms raced     chain
32x32      banked       594ms raced     chain
128x64     banked       349ms raced     chain
128x128    banked       303ms raced     chain
128x256    banked       314ms raced     chain
128x512    banked       315ms raced     chain
256x32     banked       365ms raced     chain
256x64     banked       328ms raced     chain
256x128    banked       305ms raced     chain
256x256    banked       319ms raced     chain
256x8192   banked      8824ms raced     chain
512x64     banked       324ms raced     chain
512x128    banked       310ms raced     chain
1024x64    banked       320ms raced     chain
2048x2048  banked      2865ms raced     chain
4096x128   banked       742ms raced     chain
4096x256   banked      1092ms raced     chain
4096x1024  banked      3236ms raced     chain
8192x128   banked      1054ms raced     chain
8192x256   banked      2089ms raced     chain
8192x512   banked      3839ms raced     chain
