4x4096     banked       361ms raced     chain
4x8192     banked      8053ms raced     chain
8x512      banked       298ms raced     chain
8x1024     banked       305ms raced     chain
8x2048     banked       303ms raced     chain
8x4096     banked       311ms raced     chain
8x8192     banked       307ms raced     chain
16x16      banked       486ms raced     chain
16x128     banked       319ms raced     chain
16x256     banked       324ms raced     chain
16x512     banked       317ms raced     chain
16x1024    banked       321ms raced     chain
16x2048    banked       307ms raced     chain
16x4096    banked       303ms raced     chain
16x8192    banked       318ms raced     chain
32x16      banked       659ms raced     chain
32x32      banked       625ms raced     chain
32x64      banked       601ms raced     chain
32x128     banked       519ms raced     chain
32x256     banked       311ms raced     chain
32x512     banked       513ms raced     chain
32x1024    banked       517ms raced     chain
32x2048    banked       523ms raced     chain
64x32      banked       381ms raced     chain
64x64      banked       309ms raced     chain
64x128     banked       290ms raced     chain
64x256     banked       304ms raced     chain
64x512     banked       298ms raced     chain
64x1024    banked       292ms raced     chain
128x32     banked       296ms raced     chain
128x64     banked       307ms raced     chain
128x128    banked       299ms raced     chain
128x256    banked       296ms raced     chain
128x512    banked       305ms raced     chain
128x2048   banked       331ms raced     chain
128x8192   banked       479ms raced     chain
256x16     banked       520ms raced     chain
256x32     banked       311ms raced     chain
256x64     banked       307ms raced     chain
256x128    banked       300ms raced     chain
256x256    banked       317ms raced     chain
256x512    banked       327ms raced     chain
256x4096   banked       554ms raced     chain
256x8192   banked       980ms raced     chain
512x16     banked       308ms raced     chain
512x32     banked       311ms raced     chain
512x64     banked       309ms raced     chain
512x128    banked       307ms raced     chain
512x256    banked       331ms raced     chain
512x2048   banked       637ms raced     chain
512x4096   banked      1189ms raced     chain
512x8192   banked      2317ms raced     chain
1024x16    banked       307ms raced     chain
1024x64    banked       320ms raced     chain
1024x128   banked       332ms raced     chain
1024x256   banked       377ms raced     chain
1024x512   banked       457ms raced     chain
1024x2048  banked      1275ms raced     chain
1024x4096  banked      2427ms raced     chain
2048x16    banked       316ms raced     chain
2048x32    banked       531ms raced     chain
2048x64    banked       545ms raced     chain
2048x128   banked       380ms raced     chain
2048x256   banked       477ms raced     chain
2048x512   banked       718ms raced     chain
2048x2048  banked      2735ms raced     chain
4096x32    banked       574ms raced     chain
4096x64    banked       617ms raced     chain
4096x128   banked       705ms raced     chain
4096x256   banked      1005ms raced     chain
4096x1024  banked      3395ms raced     chain
8192x8     banked       554ms raced     chain
8192x16    banked       588ms raced     chain
8192x32    banked       636ms raced     chain
8192x128   banked      1041ms raced     chain
8192x256   banked      1966ms raced     chain
8192x512   banked      3630ms raced     chain
