2          banked       121ms replayed  mono
4          banked       120ms replayed  mono
8          banked       120ms replayed  mono
16         banked       124ms replayed  mono
32         banked       118ms replayed  zrp:4.8:r2z
64         banked       121ms replayed  zrp:4.16:r2z
128        banked       131ms replayed  zr2c:child_oop_il
256        banked       120ms replayed  zr2c:child_oop_il
512        banked       122ms replayed  zr2c:child_oop_il
1024       banked       120ms replayed  zr2c:child_oop_il
2048       banked       125ms replayed  zr2c:child_oop_il
4096       banked       127ms replayed  zr2c:child_oop_il
8192       banked       128ms replayed  zr2c:child_oop_il
16384      banked       124ms replayed  ztt
32768      banked       123ms replayed  zr2c:child_oop_il
65536      banked       124ms replayed  ztt
131072     banked       122ms replayed  zr2c:child_oop_il
262144     banked       140ms replayed  ztt
524288     banked       150ms replayed  ztt
1048576    banked       127ms replayed  zr2c:child_oop_il
2097152    banked       131ms replayed  zr2c:child_oop_il
4194304    banked       139ms replayed  zr2c:child_oop_il
8388608    banked       156ms replayed  zr2c:child_oop_il
