2          banked        97ms replayed  mono
3          banked        61ms replayed  mono
4          banked        61ms replayed  mono
5          banked        61ms replayed  mono
6          banked        62ms replayed  mono
7          banked        62ms replayed  mono
8          banked        63ms replayed  mono
9          banked        64ms replayed  mono
10         banked        61ms replayed  mono
11         banked        62ms replayed  mono
12         banked        61ms replayed  mono
13         banked        62ms replayed  mono
14         banked        72ms replayed  flat
15         banked        61ms replayed  mono
16         banked        61ms replayed  2p
17         banked        61ms replayed  mono
18         banked        61ms replayed  2p
19         banked        61ms replayed  mono
20         banked        62ms replayed  2p
21         banked        61ms replayed  2p
22         banked        62ms replayed  flat
23         banked        61ms replayed  mono
24         banked        62ms replayed  2p
25         banked        62ms replayed  2p
26         banked        62ms replayed  flat
27         banked        61ms replayed  2p
28         banked        62ms replayed  2p
29         banked       515ms raced     mono
30         banked        62ms replayed  2p
31         banked       515ms raced     mono
32         banked        62ms replayed  2p
33         banked        61ms replayed  2p
34         banked        62ms replayed  flat
35         banked        61ms replayed  2p
36         banked        62ms replayed  2p
37         banked       522ms raced     prime
38         banked        62ms replayed  flat
39         banked        62ms replayed  2p
40         banked        61ms replayed  2p
41         banked       476ms raced     prime
42         banked        61ms replayed  2p
43         banked       510ms raced     prime
44         banked        61ms replayed  2p
45         banked        62ms replayed  2p
46         banked        62ms replayed  flat
47         banked       549ms raced     mono
48         banked        62ms replayed  2p
49         banked        62ms replayed  2p
50         banked        61ms replayed  2p
51         banked        62ms replayed  2p
52         banked        62ms replayed  2p
53         banked       196ms raced     prime
54         banked        62ms replayed  2p
55         banked        63ms replayed  2p
56         banked        62ms replayed  2p
57         banked        63ms replayed  2p
58         banked       979ms raced     flat
59         banked       232ms raced     prime
60         banked        62ms replayed  2p
61         banked       206ms raced     prime
62         banked       979ms raced     flat
63         banked        62ms replayed  2p
64         banked        73ms replayed  2p
65         banked        62ms replayed  2p
66         banked        61ms replayed  2p
67         banked       215ms raced     prime
68         banked        61ms replayed  2p
69         banked        61ms replayed  2p
70         banked        62ms replayed  2p
71         banked       214ms raced     prime
72         banked        62ms replayed  2p
73         banked       214ms raced     prime
74         banked       993ms raced     flat
75         banked        63ms replayed  2p
76         banked        62ms replayed  flat
77         banked        66ms replayed  2p
78         banked        62ms replayed  2p
79         banked       229ms raced     prime
80         banked        63ms replayed  2p
81         banked        61ms replayed  2p
82         banked       999ms raced     flat
83         banked       235ms raced     prime
84         banked        62ms replayed  2p
85         banked        61ms replayed  2p
86         banked      1012ms raced     flat
87         banked      2168ms raced     2p
88         banked        61ms replayed  2p
89         banked       232ms raced     prime
90         banked        73ms replayed  2p
91         banked        62ms replayed  2p
92         banked        61ms replayed  2p
93         banked      2167ms raced     2p
94         banked      1016ms raced     flat
95         banked        62ms replayed  2p
96         banked        61ms replayed  2p
97         banked       231ms raced     prime
98         banked        61ms replayed  flat
99         banked        61ms replayed  2p
100        banked        63ms replayed  2p
101        banked       240ms raced     prime
102        banked        62ms replayed  2p
103        banked       205ms raced     prime
104        banked        62ms replayed  2p
105        banked        62ms replayed  2p
106        banked       235ms raced     prime
107        banked       236ms raced     prime
108        banked        63ms replayed  2p
109        banked       200ms raced     prime
110        banked        62ms replayed  2p
111        banked      2202ms raced     2p
112        banked        62ms replayed  2p
113        banked       201ms raced     prime
114        banked        62ms replayed  2p
115        banked        63ms replayed  2p
116        banked      2131ms raced     2p
117        banked        62ms replayed  2p
118        banked       247ms raced     prime
119        banked        62ms replayed  2p
120        banked        62ms replayed  2p
121        banked        62ms replayed  2p
122        banked       237ms raced     prime
123        banked      2035ms raced     2p
124        banked      2156ms raced     2p
125        banked        62ms replayed  chain3
126        banked        62ms replayed  2p
127        banked       220ms raced     prime
128        banked        61ms replayed  2p
129        banked      1863ms raced     flat
130        banked        62ms replayed  2p
131        banked       194ms raced     prime
132        banked        61ms replayed  2p
133        banked        62ms replayed  2p
134        banked       236ms raced     prime
135        banked        62ms replayed  2p
136        banked        62ms replayed  2p
137        banked       225ms raced     prime
138        banked        62ms replayed  2p
139        banked       202ms raced     prime
140        banked        61ms replayed  chain3
141        banked      1868ms raced     flat
142        banked       241ms raced     prime
143        banked        61ms replayed  2p
144        banked        62ms replayed  2p
145        banked      2209ms raced     2p
146        banked       241ms raced     prime
147        banked        63ms replayed  2p
148        banked      2147ms raced     2p
149        banked       229ms raced     prime
150        banked        64ms replayed  2p
151        banked       228ms raced     prime
152        banked        66ms replayed  2p
153        banked        68ms replayed  2p
154        banked        66ms replayed  flat
155        banked      2048ms raced     2p
156        banked        63ms replayed  2p
157        banked       234ms raced     prime
158        banked       243ms raced     prime
159        banked       259ms raced     prime
160        banked        71ms replayed  2p
161        banked        65ms replayed  2p
162        banked        65ms replayed  2p
163        banked       244ms raced     prime
164        banked      2075ms raced     2p
165        banked        69ms replayed  2p
166        banked       200ms raced     prime
167        banked       203ms raced     prime
168        banked        62ms replayed  chain3
169        banked        64ms replayed  2p
170        banked        64ms replayed  2p
171        banked        62ms replayed  2p
172        banked      2123ms raced     2p
173        banked       244ms raced     prime
174        banked      3493ms raced     2p
175        banked        66ms replayed  2p
176        banked        68ms replayed  2p
177        banked       206ms raced     prime
178        banked       248ms raced     prime
179        banked       243ms raced     prime
180        banked        65ms replayed  chain3
181        banked       198ms raced     prime
182        banked        63ms replayed  flat
183        banked       251ms raced     prime
184        banked        64ms replayed  2p
185        banked      2204ms raced     2p
186        banked      3467ms raced     2p
187        banked        64ms replayed  2p
188        banked      2167ms raced     2p
189        banked        64ms replayed  2p
190        banked        65ms replayed  2p
191        banked       208ms raced     prime
192        banked        64ms replayed  2p
193        banked       242ms raced     prime
194        banked       200ms raced     prime
195        banked        65ms replayed  2p
196        banked        66ms replayed  chain3
197        banked       210ms raced     prime
198        banked        65ms replayed  chain3
199        banked       211ms raced     prime
200        banked        63ms replayed  chain3
201        banked       197ms raced     prime
202        banked       246ms raced     prime
203        banked      2113ms raced     2p
204        banked        66ms replayed  2p
205        banked      2166ms raced     2p
206        banked       213ms raced     prime
207        banked        68ms replayed  2p
208        banked        64ms replayed  2p
209        banked        66ms replayed  2p
210        banked        66ms replayed  2p
211        banked       221ms raced     prime
212        banked       213ms raced     prime
213        banked       202ms raced     prime
214        banked       201ms raced     prime
215        banked      2204ms raced     2p
216        banked        63ms replayed  2p
217        banked      2150ms raced     2p
218        banked       198ms raced     prime
219        banked       198ms raced     prime
220        banked        66ms replayed  chain3
221        banked        65ms replayed  2p
222        banked      3366ms raced     2p
223        banked       200ms raced     prime
224        banked        64ms replayed  2p
225        banked        69ms replayed  chain3
226        banked       200ms raced     prime
227        banked       197ms raced     prime
228        banked        63ms replayed  2p
229        banked       224ms raced     prime
230        banked        62ms replayed  2p
231        banked        62ms replayed  chain3
232        banked      2479ms raced     2p
233        banked       197ms raced     prime
234        banked        66ms replayed  chain3
235        banked      1852ms raced     flat
236        banked       200ms raced     prime
237        banked       203ms raced     prime
238        banked        62ms replayed  flat
239        banked       200ms raced     prime
240        banked        66ms replayed  2p
241        banked       212ms raced     prime
242        banked        63ms replayed  flat
243        banked        63ms replayed  2p
244        banked       204ms raced     prime
245        banked        65ms replayed  chain3
246        banked      3428ms raced     2p
247        banked        63ms replayed  2p
248        banked      2554ms raced     2p
249        banked       199ms raced     prime
250        banked        63ms replayed  chain3
251        banked       222ms raced     prime
252        banked        66ms replayed  chain3
253        banked        66ms replayed  2p
254        banked       199ms raced     prime
255        banked        63ms replayed  chain3
256        banked        67ms replayed  2p
257        banked       215ms raced     prime
258        banked      3439ms raced     2p
259        banked      2172ms raced     2p
260        banked        63ms replayed  chain3
261        banked      6713ms raced     chain3
262        banked       201ms raced     prime
263        banked       202ms raced     prime
264        banked        80ms replayed  chain3
265        banked       204ms raced     prime
266        banked        63ms replayed  flat
267        banked       201ms raced     prime
268        banked       206ms raced     prime
269        banked       205ms raced     prime
270        banked        67ms replayed  chain3
271        banked       231ms raced     prime
272        banked        66ms replayed  2p
273        banked        64ms replayed  chain3
274        banked       205ms raced     prime
275        banked        67ms replayed  chain3
276        banked        63ms replayed  2p
277        banked       205ms raced     prime
278        banked       204ms raced     prime
279        banked      6778ms raced     chain3
280        banked        83ms replayed  chain3
281        banked       233ms raced     prime
282        banked      3435ms raced     2p
283        banked       202ms raced     prime
284        banked       203ms raced     prime
285        banked        74ms replayed  chain3
286        banked        64ms replayed  flat
287        banked      2091ms raced     2p
288        banked        65ms replayed  2p
289        banked        82ms replayed  2p
290        banked      3490ms raced     2p
291        banked       205ms raced     prime
292        banked       202ms raced     prime
293        banked       211ms raced     prime
294        banked        63ms replayed  chain3
295        banked       200ms raced     prime
296        banked      2588ms raced     2p
297        banked        77ms replayed  chain3
298        banked       199ms raced     prime
299        banked        63ms replayed  2p
300        banked        65ms replayed  chain3
301        banked      2146ms raced     2p
302        banked       200ms raced     prime
303        banked       202ms raced     prime
304        banked        62ms replayed  2p
305        banked       201ms raced     prime
306        banked        95ms replayed  chain3
307        banked       207ms raced     prime
308        banked        63ms replayed  chain3
309        banked       205ms raced     prime
310        banked      3467ms raced     2p
311        banked       221ms raced     prime
312        banked        64ms replayed  chain3
313        banked       215ms raced     prime
314        banked       201ms raced     prime
315        banked        65ms replayed  chain3
316        banked       205ms raced     prime
317        banked       206ms raced     prime
318        banked       205ms raced     prime
319        banked      2097ms raced     2p
320        banked        68ms replayed  2p
321        banked       208ms raced     prime
322        banked        70ms replayed  flat
323        banked        70ms replayed  2p
324        banked        69ms replayed  chain3
325        banked        65ms replayed  chain3
326        banked       219ms raced     prime
327        banked       207ms raced     prime
328        banked      2584ms raced     2p
329        banked      2119ms raced     2p
330        banked        67ms replayed  chain3
331        banked       205ms raced     prime
332        banked       208ms raced     prime
333        banked      6681ms raced     2p
334        banked       201ms raced     prime
335        banked       206ms raced     prime
336        banked        65ms replayed  chain3
337        banked       204ms raced     prime
338        banked        63ms replayed  flat
339        banked       224ms raced     prime
340        banked        63ms replayed  chain3
341        banked      2088ms raced     2p
342        banked        71ms replayed  chain3
343        banked        78ms replayed  chain3
344        banked      2453ms raced     2p
345        banked        81ms replayed  2p
346        banked       204ms raced     prime
347        banked       203ms raced     prime
348        banked      9235ms raced     2p
349        banked       242ms raced     prime
350        banked        79ms replayed  chain3
351        banked        63ms replayed  chain3
352        banked        67ms replayed  2p
353        banked       200ms raced     prime
354        banked       204ms raced     prime
355        banked       202ms raced     prime
356        banked       207ms raced     prime
357        banked        69ms replayed  2p
358        banked       222ms raced     prime
359        banked       206ms raced     prime
360        banked        64ms replayed  chain3
361        banked        64ms replayed  2p
362        banked       209ms raced     prime
363        banked        67ms replayed  chain3
364        banked        66ms replayed  chain3
365        banked       204ms raced     prime
366        banked       217ms raced     prime
367        banked       205ms raced     prime
368        banked        64ms replayed  2p
369        banked      6723ms raced     2p
370        banked      3427ms raced     2p
371        banked       215ms raced     prime
372        banked      9158ms raced     chain3
373        banked       205ms raced     prime
374        banked        63ms replayed  flat
375        banked        64ms replayed  chain3
376        banked      2584ms raced     2p
377        banked      2140ms raced     2p
378        banked        66ms replayed  chain3
379        banked       246ms raced     prime
380        banked        64ms replayed  chain3
381        banked       203ms raced     prime
382        banked       208ms raced     prime
383        banked       208ms raced     prime
384        banked        69ms replayed  chain3
385        banked        63ms replayed  chain3
386        banked       208ms raced     prime
387        banked      6731ms raced     2p
388        banked       227ms raced     prime
389        banked       205ms raced     prime
390        banked        66ms replayed  chain3
391        banked        67ms replayed  2p
392        banked        67ms replayed  chain3
393        banked       221ms raced     prime
394        banked       201ms raced     prime
395        banked       212ms raced     prime
396        banked        64ms replayed  flat
397        banked       228ms raced     prime
398        banked       203ms raced     prime
399        banked        68ms replayed  2p
400        banked        64ms replayed  chain3
401        banked       221ms raced     prime
402        banked       208ms raced     prime
403        banked      2154ms raced     2p
404        banked       210ms raced     prime
405        banked        64ms replayed  chain3
406        banked      2891ms raced     flat
407        banked      2179ms raced     2p
408        banked        66ms replayed  chain3
409        banked       234ms raced     prime
410        banked      3441ms raced     2p
411        banked       219ms raced     prime
412        banked       207ms raced     prime
413        banked       207ms raced     prime
414        banked        64ms replayed  chain3
415        banked       213ms raced     prime
416        banked        67ms replayed  2p
417        banked       212ms raced     prime
418        banked        66ms replayed  flat
419        banked       252ms raced     prime
420        banked        68ms replayed  chain3
421        banked       215ms raced     prime
422        banked       217ms raced     prime
423        banked      6733ms raced     2p
424        banked       210ms raced     prime
425        banked        65ms replayed  chain3
426        banked       210ms raced     prime
427        banked       205ms raced     prime
428        banked       211ms raced     prime
429        banked        64ms replayed  chain3
430        banked      3446ms raced     2p
431        banked       207ms raced     prime
432        banked        66ms replayed  chain3
433        banked       230ms raced     prime
434        banked      2852ms raced     flat
435        banked     11851ms raced     2p
436        banked       217ms raced     prime
437        banked        66ms replayed  2p
438        banked       210ms raced     prime
439        banked       208ms raced     prime
440        banked        64ms replayed  chain3
441        banked        64ms replayed  chain3
442        banked        66ms replayed  flat
443        banked       208ms raced     prime
444        banked      9128ms raced     2p
445        banked       206ms raced     prime
446        banked       207ms raced     prime
447        banked       237ms raced     prime
448        banked        64ms replayed  chain3
449        banked       229ms raced     prime
450        banked        64ms replayed  chain3
451        banked      2126ms raced     2p
452        banked       206ms raced     prime
453        banked       214ms raced     prime
454        banked       210ms raced     prime
455        banked        72ms replayed  chain3
456        banked        65ms replayed  chain3
457        banked       206ms raced     prime
458        banked       211ms raced     prime
459        banked        66ms replayed  chain3
460        banked        66ms replayed  chain3
461        banked       211ms raced     prime
462        banked        67ms replayed  chain3
463        banked       245ms raced     prime
464        banked      6630ms raced     2p
465        banked     11534ms raced     chain3
466        banked       207ms raced     prime
467        banked       207ms raced     prime
468        banked        64ms replayed  chain3
469        banked       208ms raced     prime
470        banked      3483ms raced     2p
471        banked       206ms raced     prime
472        banked       207ms raced     prime
473        banked      2116ms raced     2p
474        banked       209ms raced     prime
475        banked        64ms replayed  chain3
476        banked        64ms replayed  chain3
477        banked       205ms raced     prime
478        banked       205ms raced     prime
479        banked       209ms raced     prime
480        banked        65ms replayed  chain3
481        banked      2087ms raced     2p
482        banked       205ms raced     prime
483        banked        65ms replayed  chain3
484        banked        68ms replayed  chain3
485        banked       206ms raced     prime
486        banked        65ms replayed  chain3
487        banked       206ms raced     prime
488        banked       206ms raced     prime
489        banked       209ms raced     prime
490        banked        64ms replayed  chain3
491        banked       243ms raced     prime
492        banked      9166ms raced     2p
493        banked      2151ms raced     2p
494        banked        70ms replayed  flat
495        banked        67ms replayed  chain3
496        banked      6643ms raced     2p
497        banked       208ms raced     prime
498        banked       209ms raced     prime
499        banked       208ms raced     prime
500        banked        65ms replayed  chain3
501        banked       210ms raced     prime
502        banked       217ms raced     prime
503        banked       210ms raced     prime
504        banked        65ms replayed  chain3
505        banked       225ms raced     prime
506        banked        65ms replayed  flat
507        banked        64ms replayed  chain3
508        banked       206ms raced     prime
509        banked       213ms raced     prime
510        banked        68ms replayed  chain3
511        banked       207ms raced     prime
512        banked        64ms replayed  2p
513        banked     20627ms raced     2p
514        banked       220ms raced     prime
515        banked       215ms raced     prime
516        banked      9134ms raced     2p
517        banked      2148ms raced     2p
518        banked      2792ms raced     flat
519        banked       223ms raced     prime
520        banked     11302ms raced     chain3
521        banked       203ms raced     prime
522        banked      9867ms raced     chain3
523        banked       231ms raced     prime
524        banked       218ms raced     prime
525        banked     48825ms raced     chain3
526        banked       217ms raced     prime
527        banked      2124ms raced     2p
528        banked     34838ms raced     chain3
529        banked      1322ms raced     2p
530        banked       216ms raced     prime
531        banked       215ms raced     prime
532        banked      9520ms raced     chain3
533        banked      2132ms raced     2p
534        banked       231ms raced     prime
535        banked       215ms raced     prime
536        banked       218ms raced     prime
537        banked       216ms raced     prime
538        banked       221ms raced     prime
539        banked      5797ms raced     chain3
540        banked     57463ms raced     chain3
541        banked       228ms raced     prime
542        banked       212ms raced     prime
543        banked       215ms raced     prime
544        banked     10546ms raced     2p
545        banked       223ms raced     prime
546        banked     15097ms raced     chain3
547        banked       211ms raced     prime
548        banked       229ms raced     prime
549        banked       219ms raced     prime
550        banked      9189ms raced     chain3
551        banked      2106ms raced     2p
552        banked     10853ms raced     chain3
553        banked       223ms raced     prime
554        banked       215ms raced     prime
555        banked     11807ms raced     2p
556        banked       219ms raced     prime
557        banked       216ms raced     prime
558        banked      9910ms raced     chain3
559        banked      2115ms raced     2p
560        banked     36033ms raced     chain3
561        banked      9435ms raced     chain3
562        banked       225ms raced     prime
563        banked       218ms raced     prime
564        banked      8988ms raced     2p
565        banked       215ms raced     prime
566        banked       216ms raced     prime
567        banked     54461ms raced     chain3
568        banked       218ms raced     prime
569        banked       216ms raced     prime
570        banked     16569ms raced     chain3
571        banked       238ms raced     prime
572        banked      8668ms raced     chain3
573        banked       225ms raced     prime
574        banked      2859ms raced     flat
575        banked      7077ms raced     2p
576        banked     57300ms raced     chain3
577        banked       264ms raced     prime
578        banked      1444ms raced     flat
579        banked       249ms raced     prime
580        banked      8621ms raced     flat
581        banked       229ms raced     prime
582        banked       227ms raced     prime
583        banked       222ms raced     prime
584        banked       223ms raced     prime
585        banked     44035ms raced     chain3
586        banked       215ms raced     prime
587        banked       231ms raced     prime
588        banked     34472ms raced     chain3
589        banked      2089ms raced     2p
590        banked       214ms raced     prime
591        banked       217ms raced     prime
592        banked      6603ms raced     2p
593        banked       247ms raced     prime
594        banked     24572ms raced     chain3
595        banked     10563ms raced     chain3
596        banked       236ms raced     prime
597        banked       220ms raced     prime
598        banked      2392ms raced     flat
599        banked       225ms raced     prime
600        banked     52407ms raced     chain3
601        banked       246ms raced     prime
602        banked      2855ms raced     flat
603        banked       220ms raced     prime
604        banked       218ms raced     prime
605        banked      5432ms raced     chain3
606        banked       222ms raced     prime
607        banked       219ms raced     prime
608        banked     10848ms raced     2p
609        banked     11695ms raced     2p
610        banked       220ms raced     prime
611        banked      2190ms raced     2p
612        banked     32976ms raced     chain3
613        banked       230ms raced     prime
614        banked       221ms raced     prime
615        banked     11736ms raced     2p
616        banked     10637ms raced     chain3
617        banked       219ms raced     prime
618        banked       236ms raced     prime
619        banked       223ms raced     prime
620        banked      8516ms raced     flat
621        banked     19830ms raced     2p
622        banked       227ms raced     prime
623        banked       221ms raced     prime
624        banked     34946ms raced     chain3
625        banked      9796ms raced     chain3
626        banked       228ms raced     prime
627        banked      9401ms raced     chain3
628        banked       230ms raced     prime
629        banked      2138ms raced     2p
630        banked     63622ms raced     chain3
631        banked       236ms raced     prime
632        banked       220ms raced     prime
633        banked       224ms raced     prime
634        banked       218ms raced     prime
635        banked       233ms raced     prime
636        banked       231ms raced     prime
637        banked      5841ms raced     chain3
638        banked      2388ms raced     flat
639        banked       223ms raced     prime
640        banked     38219ms raced     2p
641        banked       258ms raced     prime
642        banked       222ms raced     prime
643        banked       237ms raced     prime
644        banked      8491ms raced     flat
645        banked     11778ms raced     2p
646        banked      2353ms raced     flat
647        banked       221ms raced     prime
648        banked     54252ms raced     chain3
649        banked       251ms raced     prime
650        banked      9302ms raced     chain3
651        banked     11728ms raced     2p
652        banked       229ms raced     prime
653        banked       221ms raced     prime
654        banked       219ms raced     prime
655        banked       224ms raced     prime
656        banked      6460ms raced     2p
657        banked       234ms raced     prime
658        banked      2822ms raced     flat
659        banked       224ms raced     prime
660        banked     44814ms raced     chain3
661        banked       229ms raced     prime
662        banked       227ms raced     prime
663        banked      9470ms raced     chain3
664        banked       223ms raced     prime
665        banked      9985ms raced     flat
666        banked      9940ms raced     chain3
667        banked      2142ms raced     2p
668        banked       227ms raced     prime
669        banked       219ms raced     prime
670        banked       217ms raced     prime
671        banked       221ms raced     prime
672        banked     56056ms raced     chain3
673        banked       226ms raced     prime
674        banked       227ms raced     prime
675        banked     58128ms raced     2p
676        banked      4918ms raced     chain3
677        banked       233ms raced     prime
678        banked       220ms raced     prime
679        banked       224ms raced     prime
680        banked     11835ms raced     chain3
681        banked       222ms raced     prime
682        banked      2418ms raced     flat
683        banked       238ms raced     prime
684        banked     32815ms raced     chain3
685        banked       218ms raced     prime
686        banked      2338ms raced     flat
687        banked       226ms raced     prime
688        banked      6554ms raced     2p
689        banked       221ms raced     prime
690        banked     16056ms raced     chain3
691        banked       258ms raced     prime
692        banked       218ms raced     prime
693        banked     42811ms raced     chain3
694        banked       220ms raced     prime
695        banked       225ms raced     prime
696        banked     11004ms raced     chain3
697        banked      2208ms raced     2p
698        banked       220ms raced     prime
699        banked       224ms raced     prime
700        banked     33355ms raced     chain3
701        banked       256ms raced     prime
702        banked     24816ms raced     chain3
703        banked      2186ms raced     2p
704        banked     21309ms raced     2p
705        banked     11857ms raced     2p
706        banked       222ms raced     prime
707        banked       219ms raced     prime
708        banked       222ms raced     prime
709        banked       223ms raced     prime
710        banked       223ms raced     prime
711        banked       229ms raced     prime
712        banked       237ms raced     prime
713        banked      2198ms raced     2p
714        banked     15097ms raced     chain3
715        banked      9238ms raced     chain3
716        banked       223ms raced     prime
717        banked       226ms raced     prime
718        banked       226ms raced     prime
719        banked       226ms raced     prime
720        banked     68422ms raced     chain3
721        banked       236ms raced     prime
722        banked      1421ms raced     flat
723        banked       235ms raced     prime
724        banked       226ms raced     prime
725        banked      7175ms raced     2p
726        banked      6311ms raced     chain3
727        banked       241ms raced     prime
728        banked     10775ms raced     chain3
729        banked     52975ms raced     2p
730        banked       231ms raced     prime
731        banked      2166ms raced     2p
732        banked       239ms raced     prime
733        banked       229ms raced     prime
734        banked       226ms raced     prime
735        banked     41079ms raced     flat
736        banked     10000ms raced     2p
737        banked       250ms raced     prime
738        banked      9911ms raced     chain3
739        banked       228ms raced     prime
740        banked      8667ms raced     flat
741        banked      9472ms raced     chain3
742        banked       239ms raced     prime
743        banked       231ms raced     prime
744        banked     10758ms raced     flat
745        banked       223ms raced     prime
746        banked       232ms raced     prime
747        banked       224ms raced     prime
748        banked      8227ms raced     flat
749        banked       229ms raced     prime
750        banked     36456ms raced     chain3
751        banked       236ms raced     prime
752        banked      6728ms raced     2p
753        banked       240ms raced     prime
754        banked      2442ms raced     flat
755        banked       238ms raced     prime
756        banked     56000ms raced     chain3
757        banked       228ms raced     prime
758        banked       230ms raced     prime
759        banked      8663ms raced     flat
760        banked     11298ms raced     chain3
761        banked       249ms raced     prime
762        banked       225ms raced     prime
763        banked       225ms raced     prime
764        banked       228ms raced     prime
765        banked     43476ms raced     flat
766        banked       227ms raced     prime
767        banked       224ms raced     prime
768        banked     63221ms raced     2p
769        banked       220ms raced     prime
770        banked     12031ms raced     chain3
771        banked       229ms raced     prime
772        banked       230ms raced     prime
773        banked       226ms raced     prime
774        banked      9923ms raced     chain3
775        banked      7092ms raced     2p
776        banked       225ms raced     prime
777        banked     11860ms raced     2p
778        banked       229ms raced     prime
779        banked      2192ms raced     2p
780        banked     44389ms raced     chain3
781        banked       224ms raced     prime
782        banked      2395ms raced     flat
783        banked     19905ms raced     2p
784        banked     17542ms raced     chain3
785        banked       228ms raced     prime
786        banked       227ms raced     prime
787        banked       232ms raced     prime
788        banked       229ms raced     prime
789        banked       242ms raced     prime
790        banked       243ms raced     prime
791        banked       226ms raced     prime
792        banked     32131ms raced     chain3
793        banked       228ms raced     prime
794        banked       231ms raced     prime
795        banked       227ms raced     prime
796        banked       229ms raced     prime
797        banked       226ms raced     prime
798        banked     15115ms raced     chain3
799        banked      2156ms raced     2p
800        banked     40129ms raced     2p
801        banked       230ms raced     prime
802        banked       225ms raced     prime
803        banked       228ms raced     prime
804        banked       227ms raced     prime
805        banked      9592ms raced     flat
806        banked      2455ms raced     flat
807        banked       230ms raced     prime
808        banked       229ms raced     prime
809        banked       228ms raced     prime
810        banked     66783ms raced     chain3
811        banked       275ms raced     prime
812        banked      8816ms raced     flat
813        banked       342ms raced     prime
814        banked      2523ms raced     flat
815        banked       353ms raced     prime
816        banked     34439ms raced     chain3
817        banked      2161ms raced     2p
818        banked       225ms raced     prime
819        banked     42997ms raced     chain3
820        banked      8620ms raced     flat
821        banked       231ms raced     prime
822        banked       231ms raced     prime
823        banked       244ms raced     prime
824        banked       233ms raced     prime
825        banked     42369ms raced     flat
826        banked       225ms raced     prime
827        banked       228ms raced     prime
828        banked     32268ms raced     flat
829        banked       227ms raced     prime
830        banked       225ms raced     prime
831        banked       225ms raced     prime
832        banked     21044ms raced     2p
833        banked      5476ms raced     flat
834        banked       230ms raced     prime
835        banked       229ms raced     prime
836        banked      8640ms raced     chain3
837        banked     19711ms raced     2p
838        banked       238ms raced     prime
839        banked       226ms raced     prime
840        banked     50611ms raced     chain3
841        banked      1345ms raced     2p
842        banked       232ms raced     prime
843        banked       230ms raced     prime
844        banked       227ms raced     prime
845        banked      5064ms raced     flat
846        banked      9826ms raced     chain3
847        banked      5348ms raced     chain3
848        banked       235ms raced     prime
849        banked       259ms raced     prime
850        banked      9285ms raced     chain3
851        banked      1856ms raced     flat
852        banked       247ms raced     prime
853        banked       229ms raced     prime
854        banked       233ms raced     prime
855        banked     43953ms raced     flat
856        banked       237ms raced     prime
857        banked       232ms raced     prime
858        banked     11312ms raced     chain3
859        banked       225ms raced     prime
860        banked      8670ms raced     flat
861        banked     11686ms raced     2p
862        banked       244ms raced     prime
863        banked       235ms raced     prime
864        banked     61509ms raced     2p
865        banked       234ms raced     prime
866        banked       231ms raced     prime
867        banked      5362ms raced     chain3
868        banked      8439ms raced     flat
869        banked       231ms raced     prime
870        banked     15939ms raced     chain3
871        banked       230ms raced     prime
872        banked       231ms raced     prime
873        banked       234ms raced     prime
874        banked      2417ms raced     flat
875        banked     18927ms raced     flat
876        banked       235ms raced     prime
877        banked       233ms raced     prime
878        banked       235ms raced     prime
879        banked       240ms raced     prime
880        banked     32207ms raced     chain3
881        banked       256ms raced     prime
882        banked     36766ms raced     chain3
883        banked       233ms raced     prime
884        banked      8625ms raced     chain3
885        banked       237ms raced     prime
886        banked       234ms raced     prime
887        banked       240ms raced     prime
888        banked     11223ms raced     flat
889        banked       260ms raced     prime
890        banked       247ms raced     prime
891        banked     48287ms raced     chain3
892        banked       235ms raced     prime
893        banked      2137ms raced     2p
894        banked       254ms raced     prime
895        banked       235ms raced     prime
896        banked     33763ms raced     chain3
897        banked      8555ms raced     flat
898        banked       235ms raced     prime
899        banked      1875ms raced     flat
900        banked     60993ms raced     chain3
901        banked       235ms raced     prime
902        banked      2393ms raced     flat
903        banked     11670ms raced     2p
904        banked       243ms raced     prime
905        banked       232ms raced     prime
906        banked       231ms raced     prime
907        banked       235ms raced     prime
908        banked       231ms raced     prime
909        banked       236ms raced     prime
910        banked     12248ms raced     chain3
911        banked       236ms raced     prime
912        banked     34833ms raced     chain3
913        banked       243ms raced     prime
914        banked       231ms raced     prime
915        banked       230ms raced     prime
916        banked       237ms raced     prime
917        banked       236ms raced     prime
918        banked     24895ms raced     chain3
919        banked       233ms raced     prime
920        banked     10650ms raced     flat
921        banked       235ms raced     prime
922        banked       236ms raced     prime
923        banked       249ms raced     prime
924        banked     43070ms raced     chain3
925        banked      6800ms raced     flat
926        banked       250ms raced     prime
927        banked       241ms raced     prime
928        banked     10000ms raced     2p
929        banked       230ms raced     prime
930        banked     16070ms raced     chain3
931        banked      5564ms raced     flat
932        banked       230ms raced     prime
933        banked       239ms raced     prime
934        banked       235ms raced     prime
935        banked      9405ms raced     flat
936        banked     32075ms raced     chain3
937        banked       262ms raced     prime
938        banked       235ms raced     prime
939        banked       236ms raced     prime
940        banked      8628ms raced     flat
941        banked       237ms raced     prime
942        banked       237ms raced     prime
943        banked      1884ms raced     flat
944        banked       236ms raced     prime
945        banked     60261ms raced     flat
946        banked      2446ms raced     flat
947        banked       240ms raced     prime
948        banked       235ms raced     prime
949        banked       235ms raced     prime
950        banked      9335ms raced     chain3
951        banked       246ms raced     prime
952        banked     10660ms raced     chain3
953        banked       224ms raced     prime
954        banked       234ms raced     prime
955        banked       232ms raced     prime
956        banked       234ms raced     prime
957        banked      8799ms raced     chain3
958        banked       237ms raced     prime
959        banked       235ms raced     prime
960        banked     68411ms raced     2p
961        banked      1374ms raced     2p
962        banked      2426ms raced     flat
963        banked       241ms raced     prime
964        banked       233ms raced     prime
965        banked       237ms raced     prime
966        banked     14600ms raced     chain3
967        banked       238ms raced     prime
968        banked      5621ms raced     chain3
969        banked      9287ms raced     flat
970        banked       242ms raced     prime
971        banked       243ms raced     prime
