2026-09-25 12:18:53 store: fresh copy of the shipped wisdom (C:\Users\Tugbars\Desktop\highSpeedFFT\src\wisdom)
2026-09-25 12:18:53 run: 2047 cells, contract in place, bin C:\Users\Tugbars\Desktop\highSpeedFFT\gauntlet
2026-09-25 12:18:53 calibrate: 2047 cells (0 already done)
2026-09-25 12:18:55   calibrated 25/2047 (26), 2 s elapsed
2026-09-25 12:18:59   calibrated 50/2047 (51), 6 s elapsed
2026-09-25 12:19:05   calibrated 75/2047 (76), 12 s elapsed
2026-09-25 12:19:14   calibrated 100/2047 (101), 22 s elapsed
2026-09-25 12:19:26   calibrated 125/2047 (126), 33 s elapsed
2026-09-25 12:19:37   calibrated 150/2047 (151), 44 s elapsed
2026-09-25 12:19:49   calibrated 175/2047 (176), 57 s elapsed
2026-09-25 12:20:01   calibrated 200/2047 (201), 68 s elapsed
2026-09-25 12:20:16   calibrated 225/2047 (226), 83 s elapsed
2026-09-25 12:20:29   calibrated 250/2047 (251), 97 s elapsed
2026-09-25 12:20:45   calibrated 275/2047 (276), 112 s elapsed
2026-09-25 12:21:09   calibrated 300/2047 (301), 136 s elapsed
2026-09-25 12:21:18   calibrated 325/2047 (326), 145 s elapsed
2026-09-25 12:21:46   calibrated 350/2047 (351), 173 s elapsed
2026-09-25 12:22:11   calibrated 375/2047 (376), 199 s elapsed
2026-09-25 12:22:24   calibrated 400/2047 (401), 211 s elapsed
2026-09-25 12:22:45   calibrated 425/2047 (426), 232 s elapsed
2026-09-25 12:23:18   calibrated 450/2047 (451), 265 s elapsed
2026-09-25 12:23:46   calibrated 475/2047 (476), 293 s elapsed
2026-09-25 12:24:09   calibrated 500/2047 (501), 316 s elapsed
2026-09-25 12:25:58   calibrated 525/2047 (526), 425 s elapsed
2026-09-25 12:28:31   calibrated 550/2047 (551), 578 s elapsed
2026-09-25 12:32:30   calibrated 575/2047 (576), 817 s elapsed
2026-09-25 12:35:41   calibrated 600/2047 (601), 1008 s elapsed
2026-09-25 12:38:26   calibrated 625/2047 (626), 1173 s elapsed
2026-09-25 12:42:09   calibrated 650/2047 (651), 1396 s elapsed
2026-09-25 12:45:38   calibrated 675/2047 (676), 1605 s elapsed
2026-09-25 12:48:23   calibrated 700/2047 (701), 1770 s elapsed
2026-09-25 12:51:16   calibrated 725/2047 (726), 1944 s elapsed
2026-09-25 12:54:41   calibrated 750/2047 (751), 2148 s elapsed
2026-09-25 12:58:25   calibrated 775/2047 (776), 2373 s elapsed
2026-09-25 13:01:37   calibrated 800/2047 (801), 2564 s elapsed
2026-09-25 13:05:22   calibrated 825/2047 (826), 2789 s elapsed
2026-09-25 13:08:16   calibrated 850/2047 (851), 2963 s elapsed
2026-09-25 13:11:28   calibrated 875/2047 (876), 3155 s elapsed
2026-09-25 13:15:37   calibrated 900/2047 (901), 3404 s elapsed
2026-09-25 13:18:08   calibrated 925/2047 (926), 3555 s elapsed
2026-09-25 13:20:47   calibrated 950/2047 (951), 3714 s elapsed
2026-09-25 13:24:36   calibrated 975/2047 (976), 3944 s elapsed
2026-09-25 13:27:32   calibrated 1000/2047 (1001), 4119 s elapsed
2026-09-25 13:30:31   calibrated 1025/2047 (1026), 4298 s elapsed
2026-09-25 13:31:09 run: 1023 cells, contract in place, bin C:\Users\Tugbars\Desktop\highSpeedFFT\gauntlet
2026-09-25 13:31:09 calibrate: 0 cells (1031 already done)
2026-09-25 13:31:09 bench: 1023 cells (0 already benched, 0 not banked -> not benched)
2026-09-25 13:31:41   benched 25/1023 (26), 30 s elapsed
2026-09-25 13:32:13   benched 50/1023 (51), 62 s elapsed
2026-09-25 13:32:47   benched 75/1023 (76), 96 s elapsed
2026-09-25 13:33:22   benched 100/1023 (101), 131 s elapsed
2026-09-25 13:33:55   benched 125/1023 (126), 165 s elapsed
2026-09-25 13:34:31   benched 150/1023 (151), 200 s elapsed
2026-09-25 13:35:05   benched 175/1023 (176), 235 s elapsed
2026-09-25 13:35:43   benched 200/1023 (201), 272 s elapsed
2026-09-25 13:36:20   benched 225/1023 (226), 309 s elapsed
2026-09-25 13:36:55   benched 250/1023 (251), 344 s elapsed
2026-09-25 13:37:33   benched 275/1023 (276), 382 s elapsed
2026-09-25 13:38:12   benched 300/1023 (301), 422 s elapsed
2026-09-25 13:38:50   benched 325/1023 (326), 459 s elapsed
2026-09-25 13:39:26   benched 350/1023 (351), 496 s elapsed
2026-09-25 13:40:04   benched 375/1023 (376), 533 s elapsed
2026-09-25 13:40:42   benched 400/1023 (401), 572 s elapsed
2026-09-25 13:41:20   benched 425/1023 (426), 610 s elapsed
2026-09-25 13:41:58   benched 450/1023 (451), 647 s elapsed
2026-09-25 13:42:35   benched 475/1023 (476), 684 s elapsed
2026-09-25 13:43:12   benched 500/1023 (501), 722 s elapsed
2026-09-25 13:43:51   benched 525/1023 (526), 761 s elapsed
2026-09-25 13:44:32   benched 550/1023 (551), 801 s elapsed
2026-09-25 13:45:12   benched 575/1023 (576), 841 s elapsed
2026-09-25 13:45:54   benched 600/1023 (601), 883 s elapsed
2026-09-25 13:46:34   benched 625/1023 (626), 923 s elapsed
2026-09-25 13:47:13   benched 650/1023 (651), 963 s elapsed
2026-09-25 13:47:54   benched 675/1023 (676), 1003 s elapsed
2026-09-25 13:48:35   benched 700/1023 (701), 1045 s elapsed
2026-09-25 13:49:16   benched 725/1023 (726), 1085 s elapsed
2026-09-25 13:49:55   benched 750/1023 (751), 1124 s elapsed
2026-09-25 13:50:35   benched 775/1023 (776), 1164 s elapsed
2026-09-25 13:51:16   benched 800/1023 (801), 1206 s elapsed
2026-09-25 13:51:57   benched 825/1023 (826), 1246 s elapsed
2026-09-25 13:52:35   benched 850/1023 (851), 1285 s elapsed
2026-09-25 13:53:15   benched 875/1023 (876), 1324 s elapsed
2026-09-25 13:53:55   benched 900/1023 (901), 1365 s elapsed
2026-09-25 13:54:35   benched 925/1023 (926), 1405 s elapsed
2026-09-25 13:55:14   benched 950/1023 (951), 1443 s elapsed
2026-09-25 13:55:52   benched 975/1023 (976), 1481 s elapsed
2026-09-25 13:56:31   benched 1000/1023 (1001), 1521 s elapsed
2026-09-25 13:57:08   benched 1023/1023 (1024), 1557 s elapsed
2026-09-25 13:57:09 report: C:\Users\Tugbars\Desktop\highSpeedFFT\gauntlet\results\ip_2_2048_2026-09-25\report_ip.md
2026-09-25 14:39:30 merge: 0 cells, contract out of place, bin C:\Users\Tugbars\Desktop\highSpeedFFT\gauntlet
2026-09-25 14:39:30 merged into C:\Users\Tugbars\Desktop\highSpeedFFT\src\wisdom
