18         banked      1292ms raced     zr2c:child_oop_il
20         banked      1221ms raced     zr2c:child_nat_ip
22         banked       471ms raced     zr2c:child_oop_il
26         banked       486ms raced     zr2c:child_oop_il
28         banked      1220ms raced     zr2c:child_oop_il
30         banked      2140ms raced     zr2c:child_oop_il
34         banked       482ms raced     zr2c:child_oop_il
38         banked       453ms raced     zr2c:child_oop_il
42         banked      2339ms raced     zr2c:child_oop_il
44         banked      1196ms raced     zr2c:child_nat_ip
46         banked       461ms raced     zr2c:child_oop_il
50         banked      1528ms raced     zr2c:child_oop_il
52         banked      1194ms raced     zr2c:child_oop_il
54         banked      3187ms raced     zr2c:child_oop_il
56         banked      2052ms raced     zr2c:child_nat_ip
58         banked       455ms raced     zr2c:child_oop_il
62         banked       537ms raced     zr2c:child_oop_il
66         banked      2055ms raced     zr2c:child_oop_il
68         banked       911ms raced     zr2c:child_oop_il
70         banked      2099ms raced     zr2c:child_oop_il
74         banked       474ms raced     zr2c:child_oop_il
76         banked       906ms raced     zr2c:child_oop_il
78         banked      2133ms raced     zr2c:child_oop_il
82         banked       482ms raced     zr2c:child_oop_il
84         banked      2864ms raced     zr2c:child_oop_il
86         banked       487ms raced     zr2c:child_oop_il
88         banked      2078ms raced     zr2c:child_oop_il
90         banked      6178ms raced     zr2c:child_oop_il
92         banked       927ms raced     zr2c:child_oop_il
94         banked       452ms raced     zr2c:child_oop_il
98         banked      1288ms raced     zr2c:child_oop_il
100        banked      2173ms raced     zrp:10.10:r2z
102        banked      2033ms raced     zr2c:child_oop_il
104        banked      2084ms raced     zr2c:child_oop_il
106        banked       884ms raced     zr2c:child_oop_il
108        banked      4179ms raced     zr2c:child_oop_il
110        banked      1985ms raced     zr2c:child_oop_il
112        banked      2381ms raced     zr2c:child_oop_il
114        banked      2101ms raced     zr2c:child_oop_il
116        banked       941ms raced     zr2c:child_oop_il
118        banked       904ms raced     zr2c:child_oop_il
122        banked       878ms raced     zr2c:child_oop_il
124        banked       900ms raced     zr2c:child_oop_il
126        banked      6233ms raced     zr2c:child_oop_il
128        banked       892ms raced     zrp:8.16:r2z
130        banked      2059ms raced     zr2c:child_oop_il
132        banked      2081ms raced     zr2c:child_oop_il
134        banked       903ms raced     zr2c:child_oop_il
136        banked      2067ms raced     zr2c:child_oop_il
138        banked      2120ms raced     zr2c:child_oop_il
140        banked      2146ms raced     zr2c:child_oop_il
142        banked       891ms raced     zr2c:child_nat_ip
146        banked       909ms raced     zr2c:child_oop_il
148        banked       925ms raced     zr2c:child_oop_il
150        banked      6584ms raced     zr2c:child_oop_il
152        banked      2074ms raced     zr2c:child_oop_il
154        banked      2120ms raced     zr2c:child_oop_il
156        banked      2113ms raced     zr2c:child_oop_il
158        banked       888ms raced     zr2c:child_nat_ip
162        banked      6139ms raced     zr2c:child_oop_il
164        banked       927ms raced     zr2c:child_oop_il
166        banked       903ms raced     zr2c:child_nat_ip
168        banked      7558ms raced     zr2c:child_oop_il
170        banked      2066ms raced     zr2c:child_oop_il
172        banked       924ms raced     zr2c:child_oop_il
174        banked      2008ms raced     zr2c:child_oop_il
176        banked      2359ms raced     zr2c:child_oop_il
178        banked       893ms raced     zr2c:child_oop_il
180        banked      7539ms raced     zr2c:child_oop_il
182        banked      2063ms raced     zr2c:child_oop_il
184        banked      2005ms raced     zr2c:child_oop_il
186        banked      2106ms raced     zr2c:child_oop_il
188        banked       940ms raced     zr2c:child_oop_il
190        banked      1992ms raced     zr2c:child_oop_il
192        banked      6808ms raced     zr2c:child_nat_ip
194        banked       875ms raced     zr2c:child_nat_ip
196        banked       968ms raced     zr2c:child_oop_il
198        banked      4594ms raced     zr2c:child_oop_il
200        banked      4952ms raced     zr2c:child_nat_ip
202        banked       880ms raced     zr2c:child_oop_il
204        banked      2240ms raced     zr2c:child_oop_il
206        banked       888ms raced     zr2c:child_oop_il
208        banked      2366ms raced     zr2c:child_oop_il
210        banked      8697ms raced     zr2c:child_oop_il
212        banked       901ms raced     zr2c:child_oop_il
214        banked       889ms raced     zr2c:child_oop_il
216        banked     11443ms raced     zr2c:child_oop_il
218        banked       864ms raced     zr2c:child_oop_il
220        banked      2190ms raced     zr2c:child_nat_ip
222        banked      2126ms raced     zr2c:child_nat_ip
224        banked      4643ms raced     zr2c:child_nat_ip
226        banked       863ms raced     zr2c:child_oop_il
228        banked      2154ms raced     zr2c:child_oop_il
230        banked      2102ms raced     zr2c:child_oop_il
232        banked      2122ms raced     zr2c:child_oop_il
234        banked      4626ms raced     zr2c:child_oop_il
236        banked       890ms raced     zr2c:child_nat_ip
238        banked      2081ms raced     zr2c:child_oop_il
240        banked      9461ms raced     zr2c:child_oop_il
242        banked      1242ms raced     zr2c:child_oop_il
244        banked       877ms raced     zr2c:child_oop_il
246        banked      1985ms raced     zr2c:child_oop_il
248        banked      2049ms raced     zr2c:child_oop_il
250        banked      2957ms raced     zr2c:child_oop_il
252        banked      6761ms raced     zr2c:child_oop_il
254        banked       898ms raced     zr2c:child_nat_ip
256        banked      1280ms raced     zr2c:child_oop_il
258        banked      2006ms raced     zr2c:child_oop_il
260        banked      2155ms raced     zr2c:child_oop_il
262        banked       911ms raced     zr2c:child_oop_il
264        banked      5910ms raced     zr2c:child_oop_il
266        banked      2084ms raced     zr2c:child_oop_il
268        banked       866ms raced     zr2c:child_nat_ip
270        banked     14173ms raced     zr2c:child_oop_il
272        banked      2330ms raced     zr2c:child_oop_il
274        banked       902ms raced     zr2c:child_oop_il
276        banked      2117ms raced     zr2c:child_oop_il
278        banked       861ms raced     zr2c:child_oop_il
280        banked      5606ms raced     zr2c:child_oop_il
282        banked      2066ms raced     zr2c:child_oop_il
284        banked       885ms raced     zr2c:child_nat_ip
286        banked      2112ms raced     zr2c:child_oop_il
288        banked     14037ms raced     zr2c:child_nat_ip
290        banked      1940ms raced     zr2c:child_oop_il
292        banked       865ms raced     zr2c:child_nat_ip
294        banked      4744ms raced     zr2c:child_oop_il
296        banked      2101ms raced     zr2c:child_oop_il
298        banked       902ms raced     zr2c:child_oop_il
300        banked      7645ms raced     zr2c:child_oop_il
302        banked       895ms raced     zr2c:child_oop_il
304        banked      2387ms raced     zr2c:child_nat_ip
306        banked      4519ms raced     zr2c:child_oop_il
308        banked      1725ms raced     zr2c:child_oop_il
310        banked      2036ms raced     zr2c:child_oop_il
312        banked      5791ms raced     zr2c:child_oop_il
314        banked       908ms raced     zr2c:child_nat_ip
316        banked       868ms raced     zr2c:child_nat_ip
318        banked       869ms raced     zr2c:child_nat_ip
320        banked      6458ms raced     zr2c:child_oop_il
322        banked      2066ms raced     zr2c:child_oop_il
324        banked      6744ms raced     zr2c:child_oop_il
326        banked       881ms raced     zr2c:child_oop_il
328        banked      2023ms raced     zr2c:child_oop_il
330        banked      7082ms raced     zr2c:child_oop_il
332        banked       877ms raced     zr2c:child_nat_ip
334        banked       864ms raced     zr2c:child_nat_ip
336        banked      8346ms raced     zr2c:child_oop_il
338        banked      1267ms raced     zr2c:child_oop_il
340        banked      2145ms raced     zr2c:child_oop_il
342        banked      4579ms raced     zr2c:child_oop_il
344        banked      2024ms raced     zr2c:child_oop_il
346        banked       863ms raced     zr2c:child_oop_il
348        banked      2102ms raced     zr2c:child_oop_il
350        banked      4700ms raced     zr2c:child_oop_il
352        banked      4587ms raced     zr2c:child_oop_il
354        banked       877ms raced     zr2c:child_nat_ip
356        banked       876ms raced     zr2c:child_nat_ip
358        banked       875ms raced     zr2c:child_nat_ip
360        banked     22037ms raced     zr2c:child_oop_il
362        banked       860ms raced     zr2c:child_oop_il
364        banked      1703ms raced     zr2c:child_oop_il
366        banked       870ms raced     zr2c:child_nat_ip
368        banked      2358ms raced     zr2c:child_oop_il
370        banked      2077ms raced     zr2c:child_oop_il
372        banked      2155ms raced     zr2c:child_oop_il
374        banked      2053ms raced     zr2c:child_oop_il
376        banked      2061ms raced     zr2c:child_nat_ip
378        banked     13950ms raced     zr2c:child_oop_il
380        banked      2191ms raced     zr2c:child_oop_il
382        banked       881ms raced     zr2c:child_oop_il
384        banked     12539ms raced     zr2c:child_oop_il
386        banked       872ms raced     zr2c:child_oop_il
388        banked       870ms raced     zr2c:child_nat_ip
390        banked      7043ms raced     zr2c:child_oop_il
392        banked      3061ms raced     zr2c:child_oop_il
394        banked       869ms raced     zr2c:child_oop_il
396        banked      5104ms raced     zr2c:child_oop_il
398        banked       894ms raced     zr2c:child_oop_il
400        banked      5784ms raced     zr2c:child_oop_il
402        banked       861ms raced     zr2c:child_nat_ip
404        banked       878ms raced     zr2c:child_nat_ip
406        banked      2022ms raced     zr2c:child_oop_il
408        banked      5853ms raced     zr2c:child_oop_il
410        banked      2117ms raced     zr2c:child_oop_il
412        banked       867ms raced     zr2c:child_nat_ip
414        banked      4672ms raced     zr2c:child_oop_il
416        banked      4480ms raced     zr2c:child_oop_il
418        banked      2014ms raced     zr2c:child_oop_il
420        banked      9895ms raced     zr2c:child_oop_il
422        banked       894ms raced     zr2c:child_oop_il
424        banked       866ms raced     zr2c:child_nat_ip
426        banked       864ms raced     zr2c:child_nat_ip
428        banked       877ms raced     zr2c:child_nat_ip
430        banked      2081ms raced     zr2c:child_oop_il
432        banked     12482ms raced     zr2c:child_oop_il
434        banked      2032ms raced     zr2c:child_oop_il
436        banked       863ms raced     zr2c:child_nat_ip
438        banked       871ms raced     zr2c:child_nat_ip
440        banked      5426ms raced     zr2c:child_oop_il
442        banked      2061ms raced     zr2c:child_oop_il
444        banked      2137ms raced     zr2c:child_oop_il
446        banked       862ms raced     zr2c:child_nat_ip
450        banked     17152ms raced     zr2c:child_oop_il
452        banked       882ms raced     zr2c:child_nat_ip
454        banked       862ms raced     zr2c:child_nat_ip
456        banked      5814ms raced     zr2c:child_nat_ip
458        banked       913ms raced     zr2c:child_nat_ip
460        banked      2162ms raced     zr2c:child_oop_il
462        banked      7102ms raced     zr2c:child_oop_il
464        banked      2023ms raced     zr2c:child_nat_ip
466        banked       874ms raced     zr2c:child_nat_ip
468        banked      5075ms raced     zr2c:child_oop_il
470        banked      2051ms raced     zr2c:child_oop_il
472        banked       872ms raced     zr2c:child_oop_il
474        banked       880ms raced     zr2c:child_nat_ip
476        banked      1763ms raced     zr2c:child_oop_il
478        banked       862ms raced     zr2c:child_nat_ip
480        banked     21798ms raced     zr2c:child_oop_il
482        banked       910ms raced     zr2c:child_oop_il
484        banked       973ms raced     zr2c:child_oop_il
486        banked     10749ms raced     zr2c:child_oop_il
488        banked       871ms raced     zr2c:child_nat_ip
490        banked      2970ms raced     zr2c:child_oop_il
492        banked      2157ms raced     zr2c:child_nat_ip
494        banked      2114ms raced     zr2c:child_oop_il
496        banked      2047ms raced     zr2c:child_oop_il
498        banked       863ms raced     zr2c:child_nat_ip
500        banked      3377ms raced     zr2c:child_oop_il
502        banked       896ms raced     zr2c:child_nat_ip
504        banked     20783ms raced     zr2c:child_oop_il
506        banked      2155ms raced     zr2c:child_oop_il
508        banked       875ms raced     zr2c:child_nat_ip
510        banked      7276ms raced     zr2c:child_oop_il
514        banked      1705ms raced     zr2c:child_oop_il
516        banked      2154ms raced     zr2c:child_oop_il
518        banked      2092ms raced     zr2c:child_oop_il
520        banked      5498ms raced     zr2c:child_oop_il
522        banked      4579ms raced     zr2c:child_oop_il
524        banked       888ms raced     zr2c:child_nat_ip
526        banked       878ms raced     zr2c:child_nat_ip
528        banked      6512ms raced     zr2c:child_oop_il
530        banked       876ms raced     zr2c:child_nat_ip
532        banked      1771ms raced     zr2c:child_oop_il
534        banked       869ms raced     zr2c:child_nat_ip
536        banked       879ms raced     zr2c:child_oop_il
538        banked       871ms raced     zr2c:child_oop_il
540        banked     16266ms raced     zr2c:child_oop_il
542        banked       909ms raced     zr2c:child_nat_ip
544        banked      4615ms raced     zr2c:child_oop_il
546        banked      7355ms raced     zr2c:child_oop_il
548        banked       869ms raced     zr2c:child_nat_ip
550        banked      4637ms raced     zr2c:child_nat_ip
552        banked      5800ms raced     zr2c:child_oop_il
554        banked       879ms raced     zr2c:child_nat_ip
556        banked       878ms raced     zr2c:child_nat_ip
558        banked      4562ms raced     zr2c:child_oop_il
560        banked      6418ms raced     zr2c:child_oop_il
562        banked       925ms raced     zr2c:child_nat_ip
564        banked      2123ms raced     zr2c:child_oop_il
566        banked       899ms raced     zr2c:child_nat_ip
568        banked       878ms raced     zr2c:child_oop_il
570        banked      7201ms raced     zr2c:child_oop_il
572        banked      1732ms raced     zr2c:child_oop_il
574        banked      2053ms raced     zr2c:child_oop_il
576        banked     18006ms raced     zr2c:child_oop_il
578        banked      1319ms raced     zr2c:child_oop_il
580        banked      2110ms raced     zr2c:child_oop_il
582        banked       878ms raced     zr2c:child_oop_il
584        banked       862ms raced     zr2c:child_oop_il
586        banked       865ms raced     zr2c:child_nat_ip
588        banked      4396ms raced     zr2c:child_oop_il
590        banked       890ms raced     zr2c:child_nat_ip
592        banked      2376ms raced     zr2c:child_oop_il
594        banked      9859ms raced     zr2c:child_oop_il
596        banked       889ms raced     zr2c:child_nat_ip
598        banked      2094ms raced     zr2c:child_nat_ip
600        banked     21480ms raced     zr2c:child_oop_il
602        banked      2053ms raced     zr2c:child_oop_il
604        banked       876ms raced     zr2c:child_nat_ip
606        banked       867ms raced     zr2c:child_nat_ip
608        banked      4664ms raced     zr2c:child_oop_il
610        banked       904ms raced     zr2c:child_oop_il
612        banked      5024ms raced     zr2c:child_oop_il
614        banked       882ms raced     zr2c:child_nat_ip
616        banked      5530ms raced     zr2c:child_oop_il
618        banked       869ms raced     zr2c:child_oop_il
620        banked      2113ms raced     zr2c:child_oop_il
622        banked       911ms raced     zr2c:child_nat_ip
624        banked      6609ms raced     zr2c:child_oop_il
626        banked       878ms raced     zr2c:child_nat_ip
628        banked       863ms raced     zr2c:child_oop_il
630        banked     20698ms raced     zr2c:child_oop_il
632        banked       861ms raced     zr2c:child_nat_ip
634        banked       866ms raced     zr2c:child_nat_ip
636        banked       861ms raced     zr2c:child_nat_ip
638        banked      2023ms raced     zr2c:child_oop_il
640        banked     11845ms raced     2p
642        banked       887ms raced     zr2c:child_oop_il
644        banked      1725ms raced     zr2c:child_oop_il
646        banked      1983ms raced     zr2c:child_oop_il
648        banked     20838ms raced     zr2c:child_oop_il
650        banked      4640ms raced     zr2c:child_oop_il
652        banked       864ms raced     zr2c:child_oop_il
654        banked       863ms raced     zr2c:child_nat_ip
656        banked      2271ms raced     zr2c:child_oop_il
658        banked      2127ms raced     zr2c:child_oop_il
660        banked      8044ms raced     zr2c:child_nat_ip
662        banked       875ms raced     zr2c:child_nat_ip
664        banked       867ms raced     zr2c:child_oop_il
666        banked      4671ms raced     zr2c:child_oop_il
668        banked       871ms raced     zr2c:child_nat_ip
670        banked       877ms raced     zr2c:child_nat_ip
672        banked     20069ms raced     zr2c:child_oop_il
674        banked       863ms raced     zr2c:child_nat_ip
676        banked       939ms raced     zr2c:child_oop_il
678        banked       866ms raced     zr2c:child_oop_il
680        banked      5527ms raced     zr2c:child_oop_il
682        banked      1982ms raced     zr2c:child_oop_il
684        banked      5034ms raced     zr2c:child_oop_il
686        banked      1348ms raced     zr2c:child_nat_ip
688        banked      2336ms raced     zr2c:child_oop_il
690        banked      7294ms raced     zr2c:child_oop_il
692        banked       868ms raced     zr2c:child_nat_ip
694        banked       874ms raced     zr2c:child_nat_ip
696        banked      5781ms raced     zr2c:child_oop_il
698        banked       910ms raced     zr2c:child_nat_ip
700        banked      5125ms raced     zr2c:child_oop_il
702        banked      9913ms raced     zr2c:child_oop_il
704        banked      6029ms raced     zr2c:child_nat_ip
706        banked       867ms raced     zr2c:child_nat_ip
708        banked       878ms raced     zr2c:child_nat_ip
710        banked       875ms raced     zr2c:child_nat_ip
712        banked       867ms raced     zr2c:child_nat_ip
714        banked      7081ms raced     zr2c:child_nat_ip
716        banked       861ms raced     zr2c:child_nat_ip
718        banked       865ms raced     zr2c:child_oop_il
720        banked     23881ms raced     zr2c:child_oop_il
722        banked      1252ms raced     zr2c:child_oop_il
724        banked       880ms raced     zr2c:child_nat_ip
726        banked      2937ms raced     zr2c:child_nat_ip
728        banked      5470ms raced     zr2c:child_nat_ip
730        banked       878ms raced     zr2c:child_nat_ip
732        banked       878ms raced     zr2c:child_nat_ip
734        banked       879ms raced     zr2c:child_nat_ip
736        banked      4410ms raced     zr2c:child_oop_il
738        banked      4581ms raced     zr2c:child_oop_il
740        banked      2190ms raced     zr2c:child_oop_il
742        banked       869ms raced     zr2c:child_nat_ip
744        banked      5838ms raced     zr2c:child_oop_il
746        banked       885ms raced     zr2c:child_nat_ip
748        banked      1724ms raced     zr2c:child_oop_il
750        banked     12503ms raced     zr2c:child_nat_ip
752        banked      2371ms raced     zr2c:child_oop_il
754        banked      2094ms raced     zr2c:child_oop_il
756        banked     14711ms raced     zr2c:child_oop_il
758        banked       878ms raced     zr2c:child_oop_il
760        banked      5490ms raced     zr2c:child_nat_ip
762        banked       864ms raced     zr2c:child_nat_ip
764        banked       865ms raced     zr2c:child_nat_ip
766        banked       862ms raced     zr2c:child_oop_il
770        banked      5418ms raced     zr2c:child_nat_ip
772        banked       862ms raced     zr2c:child_nat_ip
774        banked      4568ms raced     zr2c:child_oop_il
776        banked       861ms raced     zr2c:child_oop_il
778        banked       872ms raced     zr2c:child_nat_ip
780        banked      8002ms raced     zr2c:child_nat_ip
782        banked      2103ms raced     zr2c:child_oop_il
784        banked      3207ms raced     zr2c:child_nat_ip
786        banked       870ms raced     zr2c:child_nat_ip
788        banked       883ms raced     zr2c:child_nat_ip
790        banked       880ms raced     zr2c:child_oop_il
792        banked     15358ms raced     zr2c:child_nat_ip
794        banked       905ms raced     zr2c:child_nat_ip
796        banked       867ms raced     zr2c:child_oop_il
798        banked      7213ms raced     zr2c:child_nat_ip
800        banked     12631ms raced     zr2c:child_nat_ip
802        banked       904ms raced     zr2c:child_nat_ip
804        banked       879ms raced     zr2c:child_oop_il
806        banked      2079ms raced     zr2c:child_oop_il
808        banked       868ms raced     zr2c:child_nat_ip
810        banked     20332ms raced     zr2c:child_nat_ip
812        banked      1774ms raced     zr2c:child_oop_il
814        banked      2106ms raced     zr2c:child_oop_il
816        banked      6406ms raced     zr2c:child_nat_ip
818        banked       907ms raced     zr2c:child_nat_ip
820        banked      2158ms raced     zr2c:child_oop_il
822        banked       885ms raced     zr2c:child_nat_ip
824        banked       877ms raced     zr2c:child_nat_ip
826        banked       872ms raced     zr2c:child_oop_il
828        banked      5134ms raced     zr2c:child_nat_ip
830        banked       863ms raced     zr2c:child_nat_ip
832        banked      5849ms raced     zr2c:child_nat_ip
834        banked       891ms raced     zr2c:child_nat_ip
836        banked      1737ms raced     zr2c:child_oop_il
838        banked       874ms raced     zr2c:child_nat_ip
840        banked     20853ms raced     zr2c:child_oop_il
842        banked       863ms raced     zr2c:child_nat_ip
844        banked       881ms raced     zr2c:child_nat_ip
846        banked      4583ms raced     zr2c:child_oop_il
848        banked       872ms raced     zr2c:child_nat_ip
850        banked      4701ms raced     zr2c:child_nat_ip
852        banked       879ms raced     zr2c:child_nat_ip
854        banked       874ms raced     zr2c:child_nat_ip
856        banked       877ms raced     zr2c:child_nat_ip
858        banked      5533ms raced     zr2c:child_nat_ip
860        banked      2109ms raced     zr2c:child_oop_il
862        banked       877ms raced     zr2c:child_nat_ip
864        banked     21878ms raced     zr2c:child_nat_ip
866        banked       899ms raced     zr2c:child_oop_il
868        banked      1768ms raced     zr2c:child_oop_il
870        banked      7331ms raced     zr2c:child_oop_il
872        banked       866ms raced     zr2c:child_oop_il
874        banked      2145ms raced     zr2c:child_oop_il
876        banked       866ms raced     zr2c:child_nat_ip
878        banked       867ms raced     zr2c:child_nat_ip
880        banked      6339ms raced     zr2c:child_nat_ip
882        banked     13206ms raced     zr2c:child_nat_ip
884        banked      1733ms raced     zr2c:child_oop_il
886        banked       879ms raced     zr2c:child_nat_ip
888        banked      5818ms raced     zr2c:child_oop_il
890        banked       902ms raced     zr2c:child_nat_ip
892        banked       881ms raced     zr2c:child_oop_il
894        banked       883ms raced     zr2c:child_nat_ip
898        banked       909ms raced     zr2c:child_nat_ip
900        banked     19791ms raced     zr2c:child_nat_ip
902        banked      2111ms raced     zr2c:child_oop_il
904        banked       878ms raced     zr2c:child_oop_il
906        banked       879ms raced     zr2c:child_nat_ip
908        banked       894ms raced     zr2c:child_nat_ip
910        banked      5557ms raced     zr2c:child_nat_ip
912        banked      6596ms raced     zr2c:child_oop_il
914        banked       867ms raced     zr2c:child_oop_il
916        banked       888ms raced     zr2c:child_nat_ip
918        banked     10150ms raced     zr2c:child_nat_ip
920        banked      5625ms raced     zr2c:child_nat_ip
922        banked       877ms raced     zr2c:child_oop_il
924        banked      7109ms raced     zr2c:child_nat_ip
926        banked       885ms raced     zr2c:child_nat_ip
928        banked      4629ms raced     zr2c:child_oop_il
930        banked      7330ms raced     zr2c:child_oop_il
932        banked       883ms raced     zr2c:child_nat_ip
934        banked       875ms raced     zr2c:child_nat_ip
936        banked     15599ms raced     zr2c:child_nat_ip
938        banked       884ms raced     zr2c:child_nat_ip
940        banked      2170ms raced     zr2c:child_oop_il
942        banked       879ms raced     zr2c:child_nat_ip
944        banked       875ms raced     zr2c:child_nat_ip
946        banked      2078ms raced     zr2c:child_oop_il
948        banked       877ms raced     zr2c:child_oop_il
950        banked      4559ms raced     zr2c:child_nat_ip
952        banked      5535ms raced     zr2c:child_oop_il
954        banked       893ms raced     zr2c:child_oop_il
956        banked       893ms raced     zr2c:child_nat_ip
958        banked       879ms raced     zr2c:child_nat_ip
962        banked      2128ms raced     zr2c:child_oop_il
964        banked       900ms raced     zr2c:child_oop_il
966        banked      7154ms raced     zr2c:child_oop_il
968        banked      3003ms raced     zr2c:child_oop_il
970        banked       870ms raced     zr2c:child_nat_ip
972        banked     11291ms raced     zr2c:child_nat_ip
974        banked       868ms raced     zr2c:child_nat_ip
976        banked       879ms raced     zr2c:child_nat_ip
978        banked       875ms raced     zr2c:child_oop_il
980        banked      3114ms raced     zr2c:child_nat_ip
982        banked       878ms raced     zr2c:child_nat_ip
984        banked      5653ms raced     zr2c:child_oop_il
986        banked      2059ms raced     zr2c:child_oop_il
988        banked      1725ms raced     zr2c:child_oop_il
990        banked     19252ms raced     zr2c:child_nat_ip
992        banked      4565ms raced     zr2c:child_oop_il
994        banked       868ms raced     zr2c:child_nat_ip
996        banked       868ms raced     zr2c:child_oop_il
998        banked       893ms raced     zr2c:child_nat_ip
1000       banked      8672ms raced     zr2c:child_nat_ip
1002       banked       877ms raced     zr2c:child_nat_ip
1004       banked       876ms raced     zr2c:child_nat_ip
1006       banked       893ms raced     zr2c:child_nat_ip
1008       banked     21158ms raced     zr2c:child_nat_ip
1010       banked       901ms raced     zr2c:child_oop_il
1012       banked      1703ms raced     zr2c:child_oop_il
1014       banked      2974ms raced     zr2c:child_oop_il
1016       banked       879ms raced     zr2c:child_oop_il
1018       banked       870ms raced     zr2c:child_nat_ip
1020       banked      8018ms raced     zr2c:child_oop_il
1022       banked       886ms raced     zr2c:child_nat_ip
1026       banked      9845ms raced     zr2c:child_oop_il
1028       banked      1691ms raced     zr2c:child_nat_ip
1030       banked      1706ms raced     zr2c:child_oop_il
1032       banked      5744ms raced     zr2c:child_oop_il
1034       banked      2021ms raced     zr2c:child_nat_ip
1036       banked      1701ms raced     zr2c:child_nat_ip
1038       banked      1694ms raced     zr2c:child_oop_il
1040       banked      6676ms raced     zr2c:child_oop_il
1042       banked      1691ms raced     zr2c:child_nat_ip
1044       banked      4829ms raced     zr2c:child_nat_ip
1046       banked      1721ms raced     zr2c:child_nat_ip
1048       banked      1708ms raced     zr2c:child_oop_il
1050       banked     19902ms raced     zr2c:child_oop_il
1052       banked      1702ms raced     zr2c:child_nat_ip
1054       banked      1962ms raced     zr2c:child_oop_il
1056       banked     16219ms raced     zr2c:child_oop_il
1058       banked      1222ms raced     zr2c:child_oop_il
1060       banked      1708ms raced     zr2c:child_nat_ip
1062       banked      1709ms raced     zr2c:child_oop_il
1064       banked      5531ms raced     zr2c:child_oop_il
1066       banked      2013ms raced     zr2c:child_nat_ip
1068       banked      1714ms raced     zr2c:child_oop_il
1070       banked      1704ms raced     zr2c:child_nat_ip
1072       banked      1704ms raced     zr2c:child_nat_ip
1074       banked      1707ms raced     zr2c:child_nat_ip
1076       banked      1725ms raced     zr2c:child_nat_ip
1078       banked      3041ms raced     zr2c:child_oop_il
1080       banked     23377ms raced     zr2c:child_nat_ip
1082       banked      1713ms raced     zr2c:child_nat_ip
1084       banked      1717ms raced     zr2c:child_oop_il
1086       banked      1721ms raced     zr2c:child_nat_ip
1088       banked      6147ms raced     zr2c:child_oop_il
1090       banked      1719ms raced     zr2c:child_nat_ip
1092       banked      6932ms raced     zr2c:child_nat_ip
1094       banked      1699ms raced     zr2c:child_nat_ip
1096       banked      1688ms raced     zr2c:child_oop_il
1098       banked      1701ms raced     zr2c:child_nat_ip
1100       banked      4771ms raced     zr2c:child_nat_ip
1102       banked      1968ms raced     zr2c:child_oop_il
1104       banked      6454ms raced     zr2c:child_nat_ip
1106       banked      1692ms raced     zr2c:child_oop_il
1108       banked      1708ms raced     zr2c:child_oop_il
1110       banked      7233ms raced     zr2c:child_oop_il
1112       banked      1693ms raced     zr2c:child_oop_il
1114       banked      1692ms raced     zr2c:child_nat_ip
1116       banked      4737ms raced     zr2c:child_nat_ip
1118       banked      2039ms raced     zr2c:child_nat_ip
1120       banked     15231ms raced     zr2c:child_nat_ip
1122       banked      5386ms raced     zr2c:child_nat_ip
1124       banked      1707ms raced     zr2c:child_oop_il
1126       banked      1723ms raced     zr2c:child_nat_ip
1128       banked      5812ms raced     zr2c:child_oop_il
1130       banked      1719ms raced     zr2c:child_oop_il
1132       banked      1702ms raced     zr2c:child_oop_il
1134       banked     19812ms raced     zr2c:child_oop_il
1136       banked      1688ms raced     zr2c:child_oop_il
1138       banked      1685ms raced     zr2c:child_nat_ip
1140       banked      7896ms raced     zr2c:child_nat_ip
1142       banked      1722ms raced     zr2c:child_nat_ip
1144       banked      5445ms raced     zr2c:child_oop_il
1146       banked      1710ms raced     zr2c:child_oop_il
1148       banked      1736ms raced     zr2c:child_nat_ip
1150       banked      4457ms raced     zr2c:child_nat_ip
1154       banked      1688ms raced     zr2c:child_nat_ip
1156       banked       942ms raced     zr2c:child_nat_ip
1158       banked      1724ms raced     zr2c:child_oop_il
1160       banked      5344ms raced     zr2c:child_nat_ip
1162       banked      1698ms raced     zr2c:child_nat_ip
1164       banked      1736ms raced     zr2c:child_oop_il
1166       banked      1703ms raced     zr2c:child_nat_ip
1168       banked      1695ms raced     zr2c:child_oop_il
1170       banked     18512ms raced     zr2c:child_oop_il
1172       banked      1710ms raced     zr2c:child_oop_il
1174       banked      1690ms raced     zr2c:child_oop_il
1176       banked     14357ms raced     zr2c:child_nat_ip
1178       banked      2024ms raced     zr2c:child_oop_il
1180       banked      1704ms raced     zr2c:child_oop_il
1182       banked      1705ms raced     zr2c:child_nat_ip
1184       banked      4448ms raced     zr2c:child_nat_ip
1186       banked      1723ms raced     zr2c:child_oop_il
1188       banked      9718ms raced     zr2c:child_nat_ip
1190       banked      5410ms raced     zr2c:child_nat_ip
1192       banked      1691ms raced     zr2c:child_nat_ip
1194       banked      1719ms raced     zr2c:child_oop_il
1196       banked      1675ms raced     zr2c:child_nat_ip
1198       banked      1685ms raced     zr2c:child_oop_il
1200       banked     22575ms raced     zr2c:child_nat_ip
1202       banked      1719ms raced     zr2c:child_nat_ip
1204       banked      1741ms raced     zr2c:child_nat_ip
1206       banked      1718ms raced     zr2c:child_nat_ip
1208       banked      1705ms raced     zr2c:child_oop_il
1210       banked      2868ms raced     zr2c:child_oop_il
1212       banked      1696ms raced     zr2c:child_nat_ip
1214       banked      1717ms raced     zr2c:child_nat_ip
1216       banked      5761ms raced     zr2c:child_oop_il
1218       banked      7112ms raced     zr2c:child_nat_ip
1220       banked      1706ms raced     zr2c:child_nat_ip
1222       banked      2097ms raced     zr2c:child_nat_ip
1224       banked     14961ms raced     zr2c:child_nat_ip
1226       banked      1730ms raced     zr2c:child_nat_ip
1228       banked      1740ms raced     zr2c:child_nat_ip
1230       banked      7471ms raced     zr2c:child_nat_ip
1232       banked      5508ms raced     zr2c:child_oop_il
1234       banked      1721ms raced     zr2c:child_nat_ip
1236       banked      1693ms raced     zr2c:child_nat_ip
1238       banked      1721ms raced     zr2c:child_nat_ip
1240       banked      5376ms raced     zr2c:child_nat_ip
1242       banked      9824ms raced     zr2c:child_nat_ip
1244       banked      1707ms raced     zr2c:child_nat_ip
1246       banked      1732ms raced     zr2c:child_nat_ip
1248       banked     15650ms raced     zr2c:child_nat_ip
1250       banked      4369ms raced     zr2c:child_nat_ip
1252       banked      1723ms raced     zr2c:child_nat_ip
1254       banked      5391ms raced     zr2c:child_nat_ip
1256       banked      1709ms raced     zr2c:child_oop_il
1258       banked      2046ms raced     zr2c:child_nat_ip
1260       banked     21643ms raced     zr2c:child_nat_ip
1262       banked      1724ms raced     zr2c:child_nat_ip
1264       banked      1713ms raced     zr2c:child_oop_il
1266       banked      1704ms raced     zr2c:child_nat_ip
1268       banked      1692ms raced     zr2c:child_nat_ip
1270       banked      1698ms raced     zr2c:child_oop_il
1272       banked      1692ms raced     zr2c:child_oop_il
1274       banked      2858ms raced     zr2c:child_oop_il
1276       banked      1722ms raced     zr2c:child_nat_ip
1278       banked      1719ms raced     zr2c:child_nat_ip
1282       banked      1691ms raced     zr2c:child_nat_ip
1284       banked      1732ms raced     zr2c:child_nat_ip
1286       banked      1708ms raced     zr2c:child_nat_ip
1288       banked      5345ms raced     zr2c:child_nat_ip
1290       banked      7496ms raced     zr2c:child_nat_ip
1292       banked      1703ms raced     zr2c:child_nat_ip
1294       banked      1713ms raced     zr2c:child_nat_ip
1296       banked     20564ms raced     zr2c:child_nat_ip
1298       banked      1702ms raced     zr2c:child_oop_il
1300       banked      4940ms raced     zr2c:child_nat_ip
1302       banked      7086ms raced     zr2c:child_nat_ip
1304       banked      1718ms raced     zr2c:child_nat_ip
1306       banked      1698ms raced     zr2c:child_nat_ip
1308       banked      1714ms raced     zr2c:child_nat_ip
1310       banked      1714ms raced     zr2c:child_nat_ip
1312       banked      4503ms raced     zr2c:child_oop_il
1314       banked      1710ms raced     zr2c:child_oop_il
1316       banked      1728ms raced     zr2c:child_nat_ip
1318       banked      1723ms raced     zr2c:child_nat_ip
1320       banked     19553ms raced     zr2c:child_nat_ip
1322       banked      1732ms raced     zr2c:child_nat_ip
1324       banked      1704ms raced     zr2c:child_nat_ip
1326       banked      5388ms raced     zr2c:child_nat_ip
1328       banked      1696ms raced     zr2c:child_nat_ip
1330       banked      5489ms raced     zr2c:child_nat_ip
1332       banked      5085ms raced     zr2c:child_nat_ip
1334       banked      2032ms raced     zr2c:child_nat_ip
1336       banked      1709ms raced     zr2c:child_oop_il
1338       banked      1725ms raced     zr2c:child_nat_ip
1340       banked      1748ms raced     zr2c:child_nat_ip
1342       banked      1714ms raced     zr2c:child_nat_ip
1346       banked      1721ms raced     zr2c:child_nat_ip
1348       banked      1693ms raced     zr2c:child_nat_ip
1350       banked     20475ms raced     zr2c:child_nat_ip
1352       banked      2902ms raced     zr2c:child_nat_ip
1354       banked      1733ms raced     zr2c:child_nat_ip
1356       banked      1708ms raced     zr2c:child_nat_ip
1358       banked      1687ms raced     zr2c:child_nat_ip
1360       banked      6295ms raced     zr2c:child_nat_ip
1362       banked      1708ms raced     zr2c:child_nat_ip
1364       banked      1715ms raced     zr2c:child_nat_ip
1366       banked      1699ms raced     zr2c:child_nat_ip
1368       banked     15100ms raced     zr2c:child_nat_ip
1370       banked      1704ms raced     zr2c:child_nat_ip
1372       banked      1039ms raced     zr2c:child_nat_ip
1374       banked      1719ms raced     zr2c:child_nat_ip
1376       banked      4562ms raced     zr2c:child_nat_ip
1378       banked      1717ms raced     zr2c:child_nat_ip
1380       banked      8266ms raced     zr2c:child_nat_ip
1382       banked      1709ms raced     zr2c:child_oop_il
1384       banked      1704ms raced     zr2c:child_oop_il
1386       banked     18622ms raced     zr2c:child_nat_ip
1388       banked      1719ms raced     zr2c:child_oop_il
1390       banked      1707ms raced     zr2c:child_oop_il
1392       banked      6566ms raced     zr2c:child_nat_ip
1394       banked      2050ms raced     zr2c:child_nat_ip
1396       banked      1728ms raced     zr2c:child_nat_ip
1398       banked      1726ms raced     zr2c:child_nat_ip
1400       banked     14087ms raced     zr2c:child_nat_ip
1402       banked      1713ms raced     zr2c:child_oop_il
1404       banked      9868ms raced     zr2c:child_nat_ip
1406       banked      2032ms raced     zr2c:child_nat_ip
1408       banked     10826ms raced     zr2c:child_nat_ip
1410       banked      7495ms raced     zr2c:child_nat_ip
1412       banked      1724ms raced     zr2c:child_nat_ip
1414       banked      1696ms raced     zr2c:child_nat_ip
1416       banked      1708ms raced     zr2c:child_nat_ip
1418       banked      1722ms raced     zr2c:child_nat_ip
1420       banked      1724ms raced     zr2c:child_nat_ip
1422       banked      1737ms raced     zr2c:child_nat_ip
1424       banked      1729ms raced     zr2c:child_nat_ip
1426       banked      1974ms raced     zr2c:child_nat_ip
1428       banked      7080ms raced     zr2c:child_nat_ip
1430       banked      5378ms raced     zr2c:child_nat_ip
1432       banked      1736ms raced     zr2c:child_nat_ip
1434       banked      1713ms raced     zr2c:child_nat_ip
1436       banked      1699ms raced     zr2c:child_nat_ip
1438       banked      1701ms raced     zr2c:child_nat_ip
1440       banked     23701ms raced     zr2c:child_nat_ip
1442       banked      1721ms raced     zr2c:child_oop_il
1444       banked       968ms raced     zr2c:child_nat_ip
1446       banked      1736ms raced     zr2c:child_nat_ip
1448       banked      1700ms raced     zr2c:child_oop_il
1450       banked      4616ms raced     zr2c:child_nat_ip
1452       banked      3067ms raced     zr2c:child_nat_ip
1454       banked      1719ms raced     zr2c:child_nat_ip
1456       banked      5307ms raced     zr2c:child_nat_ip
1458       banked     18760ms raced     zr2c:child_nat_ip
1460       banked      1721ms raced     zr2c:child_oop_il
1462       banked      2035ms raced     zr2c:child_nat_ip
1464       banked      1715ms raced     zr2c:child_oop_il
1466       banked      1701ms raced     zr2c:child_nat_ip
1468       banked      1719ms raced     zr2c:child_nat_ip
1470       banked     16554ms raced     zr2c:child_nat_ip
1472       banked      5768ms raced     zr2c:child_nat_ip
1474       banked      1701ms raced     zr2c:child_oop_il
1476       banked      5036ms raced     zr2c:child_nat_ip
1478       banked      1704ms raced     zr2c:child_nat_ip
1480       banked      5524ms raced     zr2c:child_nat_ip
1482       banked      5508ms raced     zr2c:child_oop_il
1484       banked      1712ms raced     zr2c:child_nat_ip
1486       banked      1713ms raced     zr2c:child_nat_ip
1488       banked      6534ms raced     zr2c:child_nat_ip
1490       banked      1702ms raced     zr2c:child_oop_il
1492       banked      1721ms raced     zr2c:child_nat_ip
1494       banked      1854ms raced     zr2c:child_nat_ip
1496       banked      5398ms raced     zr2c:child_nat_ip
1498       banked      1725ms raced     zr2c:child_nat_ip
1500       banked     14291ms raced     zr2c:child_nat_ip
1502       banked      1692ms raced     zr2c:child_oop_il
1504       banked      4640ms raced     zr2c:child_oop_il
1506       banked      1735ms raced     zr2c:child_nat_ip
1508       banked      1728ms raced     zr2c:child_nat_ip
1510       banked      1702ms raced     zr2c:child_nat_ip
1512       banked     21722ms raced     zr2c:child_nat_ip
1514       banked      1716ms raced     zr2c:child_oop_il
1516       banked      1697ms raced     zr2c:child_nat_ip
1518       banked      5543ms raced     zr2c:child_nat_ip
1520       banked      6498ms raced     zr2c:child_nat_ip
1522       banked      1723ms raced     zr2c:child_nat_ip
1524       banked      1720ms raced     zr2c:child_nat_ip
1526       banked      1714ms raced     zr2c:child_nat_ip
1528       banked      1738ms raced     zr2c:child_oop_il
1530       banked     19228ms raced     zr2c:child_nat_ip
1532       banked      1726ms raced     zr2c:child_nat_ip
1534       banked      1703ms raced     zr2c:child_nat_ip
1538       banked      1731ms raced     zr2c:child_nat_ip
1540       banked      5659ms raced     zr2c:child_nat_ip
1542       banked      1725ms raced     zr2c:child_nat_ip
1544       banked      1694ms raced     zr2c:child_oop_il
1546       banked      1720ms raced     zr2c:child_oop_il
1548       banked      4982ms raced     zr2c:child_nat_ip
1550       banked      4479ms raced     zr2c:child_nat_ip
1552       banked      1702ms raced     zr2c:child_oop_il
1554       banked      7260ms raced     zr2c:child_oop_il
1556       banked      1711ms raced     zr2c:child_nat_ip
1558       banked      2009ms raced     zr2c:child_nat_ip
1560       banked     20036ms raced     zr2c:child_nat_ip
1562       banked      1710ms raced     zr2c:child_nat_ip
1564       banked      1704ms raced     zr2c:child_nat_ip
1566       banked      9935ms raced     zr2c:child_nat_ip
1568       banked      6984ms raced     zr2c:child_nat_ip
1570       banked      1709ms raced     zr2c:child_oop_il
1572       banked      1722ms raced     zr2c:child_nat_ip
1574       banked      1722ms raced     zr2c:child_oop_il
1576       banked      1705ms raced     zr2c:child_oop_il
1578       banked      1714ms raced     zr2c:child_nat_ip
1580       banked      1716ms raced     zr2c:child_nat_ip
1582       banked      1721ms raced     zr2c:child_oop_il
1584       banked     14656ms raced     zr2c:child_nat_ip
1586       banked      1707ms raced     zr2c:child_nat_ip
1588       banked      1714ms raced     zr2c:child_nat_ip
1590       banked      1717ms raced     zr2c:child_nat_ip
1592       banked      1734ms raced     zr2c:child_oop_il
1594       banked      1720ms raced     zr2c:child_oop_il
1596       banked      7061ms raced     zr2c:child_nat_ip
1598       banked      2021ms raced     zr2c:child_oop_il
1602       banked      1696ms raced     zr2c:child_nat_ip
1604       banked      1703ms raced     zr2c:child_oop_il
1606       banked      1719ms raced     zr2c:child_nat_ip
1608       banked      1734ms raced     zr2c:child_oop_il
1610       banked      5577ms raced     zr2c:child_nat_ip
1612       banked      1696ms raced     zr2c:child_nat_ip
1614       banked      1714ms raced     zr2c:child_nat_ip
1616       banked      1703ms raced     zr2c:child_oop_il
1618       banked      1733ms raced     zr2c:child_nat_ip
1620       banked     22059ms raced     zr2c:child_nat_ip
1622       banked      1731ms raced     zr2c:child_oop_il
1624       banked      5378ms raced     zr2c:child_nat_ip
1626       banked      1737ms raced     zr2c:child_oop_il
1628       banked      1709ms raced     zr2c:child_nat_ip
1630       banked      1737ms raced     zr2c:child_nat_ip
1632       banked     16031ms raced     zr2c:child_nat_ip
1634       banked      2000ms raced     zr2c:child_nat_ip
1636       banked      1705ms raced     zr2c:child_nat_ip
1638       banked     19079ms raced     zr2c:child_nat_ip
1640       banked      5409ms raced     zr2c:child_nat_ip
1642       banked      1730ms raced     zr2c:child_nat_ip
1644       banked      1686ms raced     zr2c:child_nat_ip
1646       banked      1726ms raced     zr2c:child_nat_ip
1648       banked      1693ms raced     zr2c:child_oop_il
1650       banked     18993ms raced     zr2c:child_nat_ip
1652       banked      1709ms raced     zr2c:child_oop_il
1654       banked      1726ms raced     zr2c:child_oop_il
1656       banked     15531ms raced     zr2c:child_nat_ip
1658       banked      1706ms raced     zr2c:child_nat_ip
1660       banked      1716ms raced     zr2c:child_nat_ip
1662       banked      1717ms raced     zr2c:child_nat_ip
1664       banked     10781ms raced     zr2c:child_nat_ip
1666       banked      2972ms raced     zr2c:child_nat_ip
1668       banked      1710ms raced     zr2c:child_oop_il
1670       banked      1722ms raced     zr2c:child_nat_ip
1672       banked      5475ms raced     zr2c:child_nat_ip
1674       banked      9802ms raced     zr2c:child_nat_ip
1676       banked      1722ms raced     zr2c:child_nat_ip
1678       banked      1703ms raced     zr2c:child_nat_ip
1680       banked     21445ms raced     zr2c:child_nat_ip
1682       banked      1179ms raced     zr2c:child_nat_ip
1684       banked      1722ms raced     zr2c:child_nat_ip
1686       banked      1709ms raced     zr2c:child_nat_ip
1688       banked      1738ms raced     zr2c:child_nat_ip
1690       banked      2972ms raced     zr2c:child_nat_ip
1692       banked      4977ms raced     zr2c:child_nat_ip
1694       banked      2971ms raced     zr2c:child_nat_ip
1696       banked      1724ms raced     zr2c:child_oop_il
1698       banked      1716ms raced     zr2c:child_oop_il
1700       banked      5072ms raced     zr2c:child_nat_ip
1702       banked      1957ms raced     zr2c:child_nat_ip
1704       banked      1707ms raced     zr2c:child_nat_ip
1706       banked      1712ms raced     zr2c:child_oop_il
1708       banked      1727ms raced     zr2c:child_oop_il
1710       banked     18925ms raced     zr2c:child_nat_ip
1712       banked      1720ms raced     zr2c:child_oop_il
1714       banked      1713ms raced     zr2c:child_oop_il
1716       banked      5707ms raced     zr2c:child_nat_ip
1718       banked      1687ms raced     zr2c:child_nat_ip
1720       banked      5298ms raced     zr2c:child_nat_ip
1722       banked      6880ms raced     zr2c:child_nat_ip
1724       banked      1724ms raced     zr2c:child_oop_il
1726       banked      1725ms raced     zr2c:child_nat_ip
1730       banked      1724ms raced     zr2c:child_nat_ip
1732       banked      1721ms raced     zr2c:child_oop_il
1734       banked      2968ms raced     zr2c:child_nat_ip
1736       banked      5397ms raced     zr2c:child_nat_ip
1738       banked      1733ms raced     zr2c:child_oop_il
1740       banked      7961ms raced     zr2c:child_nat_ip
1742       banked      1720ms raced     zr2c:child_nat_ip
1744       banked      1723ms raced     zr2c:child_oop_il
1746       banked      1721ms raced     zr2c:child_nat_ip
1748       banked      1722ms raced     zr2c:child_nat_ip
1750       banked      8250ms raced     zr2c:child_nat_ip
1752       banked      1707ms raced     zr2c:child_oop_il
1754       banked      1707ms raced     zr2c:child_oop_il
1756       banked      1723ms raced     zr2c:child_nat_ip
1758       banked      1716ms raced     zr2c:child_nat_ip
1760       banked     14804ms raced     zr2c:child_nat_ip
1762       banked      1708ms raced     zr2c:child_nat_ip
1764       banked     12784ms raced     zr2c:child_nat_ip
1766       banked      1723ms raced     zr2c:child_oop_il
1768       banked      5469ms raced     zr2c:child_nat_ip
1770       banked      1717ms raced     zr2c:child_oop_il
1772       banked      1720ms raced     zr2c:child_oop_il
1774       banked      1720ms raced     zr2c:child_nat_ip
1776       banked      6565ms raced     zr2c:child_nat_ip
1778       banked      1724ms raced     zr2c:child_oop_il
1780       banked      1723ms raced     zr2c:child_nat_ip
1782       banked     18631ms raced     zr2c:child_nat_ip
1784       banked      1712ms raced     zr2c:child_oop_il
1786       banked      1958ms raced     zr2c:child_nat_ip
1788       banked      1728ms raced     zr2c:child_nat_ip
1790       banked      1743ms raced     zr2c:child_nat_ip
1794       banked      5414ms raced     zr2c:child_nat_ip
1796       banked      1706ms raced     zr2c:child_nat_ip
1798       banked      1955ms raced     zr2c:child_nat_ip
1800       banked     23351ms raced     zr2c:child_nat_ip
1802       banked      1764ms raced     zr2c:child_oop_il
1804       banked      1717ms raced     zr2c:child_nat_ip
1806       banked      6961ms raced     zr2c:child_nat_ip
1808       banked      1737ms raced     zr2c:child_oop_il
1810       banked      1718ms raced     zr2c:child_oop_il
1812       banked      1739ms raced     zr2c:child_oop_il
1814       banked      1735ms raced     zr2c:child_nat_ip
1816       banked      1725ms raced     zr2c:child_nat_ip
1818       banked      1734ms raced     zr2c:child_oop_il
1820       banked      5717ms raced     zr2c:child_nat_ip
1822       banked      1703ms raced     zr2c:child_nat_ip
1824       banked     16039ms raced     zr2c:child_nat_ip
1826       banked      1724ms raced     zr2c:child_nat_ip
1828       banked      1698ms raced     zr2c:child_nat_ip
1830       banked      1712ms raced     zr2c:child_nat_ip
1832       banked      1699ms raced     zr2c:child_nat_ip
1834       banked      1731ms raced     zr2c:child_oop_il
1836       banked      9911ms raced     zr2c:child_nat_ip
1838       banked      1731ms raced     zr2c:child_nat_ip
1840       banked      6640ms raced     zr2c:child_oop_il
1842       banked      1718ms raced     zr2c:child_oop_il
1844       banked      1711ms raced     zr2c:child_oop_il
1846       banked      1721ms raced     zr2c:child_nat_ip
1848       banked     19296ms raced     zr2c:child_nat_ip
1850       banked      4411ms raced     zr2c:child_nat_ip
1852       banked      1718ms raced     zr2c:child_nat_ip
1854       banked      1730ms raced     zr2c:child_oop_il
1856       banked      5843ms raced     zr2c:child_nat_ip
1858       banked      1708ms raced     zr2c:child_oop_il
1860       banked      7896ms raced     zr2c:child_nat_ip
1862       banked      2919ms raced     zr2c:child_nat_ip
1864       banked      1721ms raced     zr2c:child_oop_il
1866       banked      1705ms raced     zr2c:child_nat_ip
1868       banked      1727ms raced     zr2c:child_nat_ip
1870       banked      5443ms raced     zr2c:child_nat_ip
1872       banked     14986ms raced     zr2c:child_nat_ip
1874       banked      1690ms raced     zr2c:child_nat_ip
1876       banked      1712ms raced     zr2c:child_oop_il
1878       banked      1727ms raced     zr2c:child_nat_ip
1880       banked      5295ms raced     zr2c:child_nat_ip
1882       banked      1723ms raced     zr2c:child_nat_ip
1884       banked      1723ms raced     zr2c:child_oop_il
1886       banked      1982ms raced     zr2c:child_nat_ip
1888       banked      1717ms raced     zr2c:child_oop_il
1890       banked     21464ms raced     zr2c:child_nat_ip
1892       banked      1723ms raced     zr2c:child_nat_ip
1894       banked      1708ms raced     zr2c:child_oop_il
1896       banked      1721ms raced     zr2c:child_oop_il
1898       banked      1716ms raced     zr2c:child_oop_il
1900       banked      4955ms raced     zr2c:child_nat_ip
1902       banked      1712ms raced     zr2c:child_oop_il
1904       banked      5543ms raced     zr2c:child_nat_ip
1906       banked      1725ms raced     zr2c:child_oop_il
1908       banked      1731ms raced     zr2c:child_oop_il
1910       banked      1708ms raced     zr2c:child_oop_il
1912       banked      1712ms raced     zr2c:child_oop_il
1914       banked      5417ms raced     zr2c:child_nat_ip
1916       banked      1736ms raced     zr2c:child_nat_ip
1918       banked      1719ms raced     zr2c:child_oop_il
1922       banked      1223ms raced     zr2c:child_nat_ip
1924       banked      1720ms raced     zr2c:child_nat_ip
1926       banked      1717ms raced     zr2c:child_nat_ip
1928       banked      1712ms raced     zr2c:child_oop_il
1930       banked      1718ms raced     zr2c:child_oop_il
1932       banked      6836ms raced     zr2c:child_oop_il
1934       banked      1727ms raced     zr2c:child_nat_ip
1936       banked      2991ms raced     zr2c:child_nat_ip
1938       banked      5351ms raced     zr2c:child_nat_ip
1940       banked      1721ms raced     zr2c:child_oop_il
1942       banked      1715ms raced     zr2c:child_oop_il
1944       banked     21148ms raced     zr2c:child_nat_ip
1946       banked      1721ms raced     zr2c:child_oop_il
1948       banked      1716ms raced     zr2c:child_oop_il
1950       banked     18934ms raced     zr2c:child_oop_il
1952       banked      1715ms raced     zr2c:child_oop_il
1954       banked      1722ms raced     zr2c:child_oop_il
1956       banked      1723ms raced     zr2c:child_oop_il
1958       banked      1723ms raced     zr2c:child_oop_il
1960       banked      8903ms raced     zr2c:child_nat_ip
1962       banked      1720ms raced     zr2c:child_oop_il
1964       banked      1717ms raced     zr2c:child_oop_il
1966       banked      1713ms raced     zr2c:child_oop_il
1968       banked      6436ms raced     zr2c:child_nat_ip
1970       banked      1716ms raced     zr2c:child_oop_il
1972       banked      1728ms raced     zr2c:child_nat_ip
1974       banked      7136ms raced     zr2c:child_oop_il
1976       banked      5367ms raced     zr2c:child_nat_ip
1978       banked      2025ms raced     zr2c:child_oop_il
1980       banked     19615ms raced     zr2c:child_nat_ip
1982       banked      1698ms raced     zr2c:child_nat_ip
1984       banked      5790ms raced     zr2c:child_oop_il
1986       banked      1752ms raced     zr2c:child_oop_il
1988       banked      1705ms raced     zr2c:child_oop_il
1990       banked      1728ms raced     zr2c:child_nat_ip
1992       banked      1742ms raced     zr2c:child_oop_il
1994       banked      1713ms raced     zr2c:child_oop_il
1996       banked      1732ms raced     zr2c:child_nat_ip
1998       banked      9852ms raced     zr2c:child_nat_ip
2000       banked      9205ms raced     zr2c:child_nat_ip
2002       banked      5406ms raced     zr2c:child_nat_ip
2004       banked      1720ms raced     zr2c:child_oop_il
2006       banked      1728ms raced     zr2c:child_oop_il
2008       banked      1731ms raced     zr2c:child_oop_il
2010       banked      1711ms raced     zr2c:child_oop_il
2012       banked      1734ms raced     zr2c:child_oop_il
2014       banked      1720ms raced     zr2c:child_oop_il
2016       banked     22330ms raced     zr2c:child_nat_ip
2018       banked      1720ms raced     zr2c:child_oop_il
2020       banked      1721ms raced     zr2c:child_oop_il
2022       banked      1712ms raced     zr2c:child_oop_il
2024       banked      5344ms raced     zr2c:child_oop_il
2026       banked      1726ms raced     zr2c:child_oop_il
2028       banked      3045ms raced     zr2c:child_nat_ip
2030       banked      5449ms raced     zr2c:child_nat_ip
2032       banked      1735ms raced     zr2c:child_oop_il
2034       banked      1715ms raced     zr2c:child_oop_il
2036       banked      1707ms raced     zr2c:child_oop_il
2038       banked      1722ms raced     zr2c:child_nat_ip
2040       banked     19895ms raced     zr2c:child_nat_ip
2042       banked      1742ms raced     zr2c:child_oop_il
2044       banked      1717ms raced     zr2c:child_nat_ip
2046       banked      5431ms raced     zr2c:child_nat_ip
2058       banked      5793ms raced     zr2c:child_nat_ip
2250       banked     19759ms raced     zr2c:child_nat_ip
2430       banked     20112ms raced     zr2c:child_nat_ip
2450       banked      7189ms raced     zr2c:child_nat_ip
2646       banked     19538ms raced     zr2c:child_nat_ip
3000       banked     21276ms raced     zr2c:child_nat_ip
3150       banked     20999ms raced     zr2c:child_nat_ip
3402       banked     19760ms raced     zr2c:child_oop_il
3430       banked      3258ms raced     zr2c:child_nat_ip
3750       banked     18493ms raced     zr2c:child_oop_il
4000       banked     18960ms raced     zr2c:child_oop_il
4050       banked     20432ms raced     zr2c:child_nat_ip
