2026-10-03 18:52:39 store: fresh copy of the shipped wisdom (C:\Users\Tugbars\Desktop\highSpeedFFT\src\wisdom)
2026-10-03 18:52:39 run: 1000 cells, contract out of place, bin C:\Users\Tugbars\Desktop\highSpeedFFT\gauntlet
2026-10-03 18:52:39 calibrate: 1000 cells (0 already done), RECALIBRATE (every cell re-raced)
2026-10-03 18:53:12   calibrated 25/1000 (84), 33 s elapsed
2026-10-03 18:54:01   calibrated 50/1000 (138), 82 s elapsed
2026-10-03 18:55:07   calibrated 75/1000 (192), 149 s elapsed
2026-10-03 18:56:23   calibrated 100/1000 (242), 224 s elapsed
2026-10-03 18:57:42   calibrated 125/1000 (292), 303 s elapsed
2026-10-03 18:59:01   calibrated 150/1000 (342), 382 s elapsed
2026-10-03 19:00:36   calibrated 175/1000 (392), 477 s elapsed
2026-10-03 19:01:51   calibrated 200/1000 (442), 553 s elapsed
2026-10-03 19:03:27   calibrated 225/1000 (494), 648 s elapsed
2026-10-03 19:05:04   calibrated 250/1000 (546), 745 s elapsed
2026-10-03 19:06:27   calibrated 275/1000 (596), 828 s elapsed
2026-10-03 19:08:05   calibrated 300/1000 (646), 927 s elapsed
2026-10-03 19:09:47   calibrated 325/1000 (696), 1029 s elapsed
2026-10-03 19:11:18   calibrated 350/1000 (746), 1119 s elapsed
2026-10-03 19:12:53   calibrated 375/1000 (798), 1215 s elapsed
2026-10-03 19:14:31   calibrated 400/1000 (848), 1312 s elapsed
2026-10-03 19:16:15   calibrated 425/1000 (900), 1416 s elapsed
2026-10-03 19:17:40   calibrated 450/1000 (950), 1501 s elapsed
2026-10-03 19:19:06   calibrated 475/1000 (1002), 1587 s elapsed
2026-10-03 19:20:50   calibrated 500/1000 (1054), 1691 s elapsed
2026-10-03 19:22:32   calibrated 525/1000 (1104), 1793 s elapsed
2026-10-03 19:24:15   calibrated 550/1000 (1156), 1896 s elapsed
2026-10-03 19:26:07   calibrated 575/1000 (1206), 2008 s elapsed
2026-10-03 19:27:56   calibrated 600/1000 (1256), 2117 s elapsed
2026-10-03 19:29:37   calibrated 625/1000 (1308), 2219 s elapsed
2026-10-03 19:31:17   calibrated 650/1000 (1360), 2318 s elapsed
2026-10-03 19:33:20   calibrated 675/1000 (1410), 2441 s elapsed
2026-10-03 19:34:59   calibrated 700/1000 (1460), 2540 s elapsed
2026-10-03 19:36:36   calibrated 725/1000 (1510), 2637 s elapsed
2026-10-03 19:38:39   calibrated 750/1000 (1562), 2761 s elapsed
2026-10-03 19:39:59   calibrated 775/1000 (1614), 2840 s elapsed
2026-10-03 19:42:22   calibrated 800/1000 (1664), 2983 s elapsed
2026-10-03 19:44:04   calibrated 825/1000 (1714), 3085 s elapsed
2026-10-03 19:45:42   calibrated 850/1000 (1766), 3183 s elapsed
2026-10-03 19:47:22   calibrated 875/1000 (1818), 3283 s elapsed
2026-10-03 19:49:08   calibrated 900/1000 (1868), 3390 s elapsed
2026-10-03 19:50:43   calibrated 925/1000 (1918), 3484 s elapsed
2026-10-03 19:52:24   calibrated 950/1000 (1970), 3586 s elapsed
2026-10-03 19:54:19   calibrated 975/1000 (2020), 3700 s elapsed
2026-10-03 19:58:28   calibrated 1000/1000 (4050), 3949 s elapsed
2026-10-03 19:58:28 bench: 1000 cells (0 already benched, 0 not banked -> not benched)
2026-10-03 19:59:08   benched 25/1000 (84), 39 s elapsed
2026-10-03 19:59:48   benched 50/1000 (138), 79 s elapsed
2026-10-03 20:00:30   benched 75/1000 (192), 120 s elapsed
2026-10-03 20:01:11   benched 100/1000 (242), 162 s elapsed
2026-10-03 20:01:53   benched 125/1000 (292), 204 s elapsed
2026-10-03 20:02:35   benched 150/1000 (342), 245 s elapsed
2026-10-03 20:03:17   benched 175/1000 (392), 288 s elapsed
2026-10-03 20:04:03   benched 200/1000 (442), 334 s elapsed
2026-10-03 20:04:45   benched 225/1000 (494), 376 s elapsed
2026-10-03 20:05:31   benched 250/1000 (546), 421 s elapsed
2026-10-03 20:06:16   benched 275/1000 (596), 467 s elapsed
2026-10-03 20:07:02   benched 300/1000 (646), 513 s elapsed
2026-10-03 20:07:46   benched 325/1000 (696), 557 s elapsed
2026-10-03 20:08:31   benched 350/1000 (746), 602 s elapsed
2026-10-03 20:09:15   benched 375/1000 (798), 646 s elapsed
2026-10-03 20:10:02   benched 400/1000 (848), 692 s elapsed
2026-10-03 20:10:47   benched 425/1000 (900), 737 s elapsed
2026-10-03 20:11:31   benched 450/1000 (950), 781 s elapsed
2026-10-03 20:12:14   benched 475/1000 (1002), 825 s elapsed
2026-10-03 20:13:02   benched 500/1000 (1054), 873 s elapsed
2026-10-03 20:13:50   benched 525/1000 (1104), 921 s elapsed
2026-10-03 20:14:37   benched 550/1000 (1156), 968 s elapsed
2026-10-03 20:15:26   benched 575/1000 (1206), 1016 s elapsed
2026-10-03 20:16:14   benched 600/1000 (1256), 1064 s elapsed
2026-10-03 20:17:02   benched 625/1000 (1308), 1112 s elapsed
2026-10-03 20:17:50   benched 650/1000 (1360), 1160 s elapsed
2026-10-03 20:18:36   benched 675/1000 (1410), 1207 s elapsed
2026-10-03 20:19:26   benched 700/1000 (1460), 1257 s elapsed
2026-10-03 20:20:13   benched 725/1000 (1510), 1304 s elapsed
2026-10-03 20:21:00   benched 750/1000 (1562), 1351 s elapsed
2026-10-03 20:21:49   benched 775/1000 (1614), 1400 s elapsed
2026-10-03 20:22:38   benched 800/1000 (1664), 1448 s elapsed
2026-10-03 20:23:24   benched 825/1000 (1714), 1495 s elapsed
2026-10-03 20:24:10   benched 850/1000 (1766), 1541 s elapsed
2026-10-03 20:24:58   benched 875/1000 (1818), 1589 s elapsed
2026-10-03 20:25:45   benched 900/1000 (1868), 1636 s elapsed
2026-10-03 20:26:31   benched 925/1000 (1918), 1682 s elapsed
2026-10-03 20:27:17   benched 950/1000 (1970), 1728 s elapsed
2026-10-03 20:28:03   benched 975/1000 (2020), 1774 s elapsed
2026-10-03 20:28:47   benched 1000/1000 (4050), 1818 s elapsed
2026-10-03 20:28:49 report: C:\Users\Tugbars\Desktop\highSpeedFFT\gauntlet\results\rebank_zr2c_c2r_2026-10-03\report_c2r.md
2026-10-03 20:28:49 merged into C:\Users\Tugbars\Desktop\highSpeedFFT\src\wisdom
