3          banked        90ms replayed  mono
5          banked        90ms replayed  mono
6          banked        91ms replayed  zr2c:child_nat_ip
7          banked        90ms replayed  mono
9          banked        90ms replayed  mono
10         banked        91ms replayed  zr2c:child_oop_il
11         banked        89ms replayed  mono
12         banked        90ms replayed  zr2c:child_nat_ip
13         banked        90ms replayed  mono
14         banked        90ms replayed  zr2c:child_oop_il
15         banked        90ms replayed  mono
16         banked        89ms replayed  zr2c:child_oop_il
18         banked        90ms replayed  zr2c:child_oop_il
20         banked        90ms replayed  zr2c:child_oop_il
21         banked        94ms replayed  mono
24         banked        91ms replayed  zr2c:child_nat_ip
25         banked        90ms replayed  2p
27         banked        90ms replayed  mono
28         banked        90ms replayed  zr2c:child_oop_il
30         banked        91ms replayed  zr2c:child_oop_il
32         banked        91ms replayed  zr2c:child_nat_ip
33         banked        90ms replayed  ztt
36         banked        91ms replayed  zr2c:child_oop_il
40         banked        90ms replayed  zr2c:child_oop_il
42         banked        90ms replayed  zr2c:child_nat_ip
45         banked        90ms replayed  mono
48         banked        89ms replayed  zr2c:child_oop_il
50         banked        90ms replayed  zr2c:child_oop_il
54         banked        89ms replayed  zr2c:child_nat_ip
56         banked        92ms replayed  zr2c:child_oop_il
60         banked        91ms replayed  zr2c:child_oop_il
63         banked        90ms replayed  mono
64         banked        91ms replayed  zr2c:child_oop_il
70         banked        90ms replayed  zr2c:child_oop_il
72         banked        91ms replayed  zr2c:child_nat_ip
80         banked        91ms replayed  zr2c:child_oop_il
81         banked        90ms replayed  2p
90         banked        92ms replayed  zr2c:child_oop_il
96         banked        90ms replayed  zr2c:child_oop_il
98         banked        91ms replayed  zr2c:child_oop_il
99         banked        92ms replayed  2p
100        banked        93ms replayed  zr2c:child_oop_il
105        banked        90ms replayed  2p
108        banked        91ms replayed  zr2c:child_oop_il
112        banked        92ms replayed  zr2c:child_oop_il
120        banked        92ms replayed  zr2c:child_oop_il
125        banked        92ms replayed  flat
126        banked        91ms replayed  zr2c:child_oop_il
128        banked        92ms replayed  zr2c:child_nat_ip
135        banked        91ms replayed  2p
144        banked        91ms replayed  zr2c:child_oop_il
150        banked        90ms replayed  zr2c:child_oop_il
160        banked        94ms replayed  zr2c:child_oop_il
162        banked        94ms replayed  zr2c:child_oop_il
180        banked        90ms replayed  zr2c:child_oop_il
189        banked        93ms replayed  prime
192        banked        90ms replayed  zr2c:child_oop_il
197        banked        91ms replayed  flat
199        banked        91ms replayed  2p
200        banked        91ms replayed  zr2c:child_oop_il
210        banked        91ms replayed  zr2c:child_oop_il
216        banked        91ms replayed  zr2c:child_oop_il
224        banked        90ms replayed  zr2c:child_nat_ip
225        banked        90ms replayed  2p
240        banked        91ms replayed  zr2c:child_oop_il
243        banked        92ms replayed  2p
250        banked        90ms replayed  zr2c:child_oop_il
255        banked        90ms replayed  2p
256        banked        93ms replayed  zr2c:child_oop_il
270        banked        90ms replayed  zr2c:child_oop_il
288        banked        91ms replayed  zr2c:child_oop_il
293        banked        90ms replayed  prime
294        banked        90ms replayed  zr2c:child_nat_ip
315        banked        90ms replayed  chain3
320        banked        93ms replayed  zr2c:child_oop_il
350        banked        92ms replayed  zr2c:child_oop_il
360        banked        92ms replayed  zr2c:child_oop_il
378        banked        90ms replayed  zr2c:child_nat_ip
384        banked        90ms replayed  zr2c:child_oop_il
389        banked        92ms replayed  prime
400        banked        91ms replayed  zr2c:child_nat_ip
405        banked        91ms replayed  chain3
432        banked        92ms replayed  zr2c:child_oop_il
441        banked        90ms replayed  chain3
448        banked        90ms replayed  zr2c:child_oop_il
450        banked        90ms replayed  zr2c:child_nat_ip
480        banked        90ms replayed  zr2c:child_nat_ip
486        banked        91ms replayed  zr2c:child_oop_il
487        banked        93ms replayed  2p
490        banked        91ms replayed  zr2c:child_nat_ip
512        banked        89ms replayed  zr2c:child_oop_il
525        banked        92ms replayed  2p
576        banked        92ms replayed  zr2c:child_oop_il
587        banked        92ms replayed  prime
593        banked        91ms replayed  2p
625        banked        90ms replayed  chain3
630        banked        94ms replayed  zr2c:child_oop_il
640        banked        91ms replayed  zr2c:child_oop_il
675        banked        90ms replayed  2p
686        banked        90ms replayed  zr2c:child_nat_ip
720        banked        91ms replayed  zr2c:child_oop_il
729        banked        90ms replayed  chain3
750        banked        93ms replayed  zr2c:child_nat_ip
768        banked        90ms replayed  zr2c:child_oop_il
787        banked        90ms replayed  prime
800        banked        91ms replayed  zr2c:child_nat_ip
810        banked        91ms replayed  zr2c:child_nat_ip
864        banked        90ms replayed  zr2c:child_oop_il
882        banked        90ms replayed  zr2c:child_nat_ip
896        banked        92ms replayed  zr2c:child_nat_ip
945        banked        90ms replayed  chain3
960        banked        91ms replayed  zr2c:child_nat_ip
971        banked        94ms replayed  prime
977        banked        90ms replayed  prime
1000       banked        94ms replayed  zr2c:child_nat_ip
1001       banked        89ms replayed  chain3
1024       banked        92ms replayed  zr2c:child_nat_ip
1050       banked        92ms replayed  zr2c:child_nat_ip
1069       banked        90ms replayed  prime
1134       banked        90ms replayed  zr2c:child_oop_il
1152       banked        90ms replayed  zr2c:child_oop_il
1171       banked        97ms replayed  chain3
1215       banked        91ms replayed  chain3
1250       banked        90ms replayed  zr2c:child_oop_il
1280       banked        91ms replayed  zr2c:child_oop_il
1331       banked        92ms replayed  flat
1350       banked        92ms replayed  zr2c:child_nat_ip
1361       banked        91ms replayed  flat
1440       banked        92ms replayed  zr2c:child_nat_ip
1458       banked        91ms replayed  zr2c:child_oop_il
1470       banked        91ms replayed  zr2c:child_nat_ip
1536       banked        92ms replayed  zr2c:child_nat_ip
1553       banked        98ms replayed  prime
1559       banked        90ms replayed  2p
1575       banked        90ms replayed  prime
1600       banked        92ms replayed  zr2c:child_nat_ip
1701       banked        90ms replayed  chain3
1728       banked        94ms replayed  zr2c:child_nat_ip
1747       banked        92ms replayed  prime
1750       banked        90ms replayed  zr2c:child_nat_ip
1753       banked        91ms replayed  prime
1792       banked        92ms replayed  zr2c:child_nat_ip
1890       banked        91ms replayed  zr2c:child_nat_ip
1920       banked        90ms replayed  zr2c:child_nat_ip
1951       banked        90ms replayed  flat
2000       banked        91ms replayed  zr2c:child_nat_ip
2039       banked        90ms replayed  prime
2048       banked        91ms replayed  zr2c:child_nat_ip
2058       banked        91ms replayed  zr2c:child_nat_ip
2137       banked        91ms replayed  prime
2141       banked        93ms replayed  prime
2187       banked        91ms replayed  chain3
2250       banked        90ms replayed  zr2c:child_nat_ip
2304       banked        90ms replayed  zr2c:child_nat_ip
2333       banked        92ms replayed  prime
2339       banked        93ms replayed  prime
2401       banked        94ms replayed  chain3
2430       banked        90ms replayed  zr2c:child_nat_ip
2450       banked        91ms replayed  zr2c:child_nat_ip
2560       banked        92ms replayed  zr2c:child_oop_il
2621       banked        92ms replayed  prime
2646       banked        96ms replayed  zr2c:child_nat_ip
2719       banked        92ms replayed  prime
2835       banked        92ms replayed  chain3
2880       banked        91ms replayed  zr2c:child_nat_ip
2917       banked        92ms replayed  chain3
3000       banked        90ms replayed  zr2c:child_oop_il
3072       banked        90ms replayed  zr2c:child_oop_il
3109       banked        91ms replayed  flat
3125       banked        93ms replayed  flat
3150       banked        91ms replayed  zr2c:child_oop_il
3200       banked        91ms replayed  zr2c:child_nat_ip
3203       banked        94ms replayed  prime
3299       banked        92ms replayed  prime
3301       banked        91ms replayed  chain3
3375       banked        93ms replayed  chain3
3402       banked        94ms replayed  zr2c:child_oop_il
3430       banked        89ms replayed  zr2c:child_nat_ip
3456       banked        90ms replayed  zr2c:child_oop_il
3499       banked        91ms replayed  prime
3584       banked        89ms replayed  zr2c:child_oop_il
3691       banked        90ms replayed  chain3
3697       banked        92ms replayed  flat
3750       banked        92ms replayed  zr2c:child_nat_ip
3840       banked        92ms replayed  zr2c:child_nat_ip
3881       banked       103ms replayed  prime
3969       banked        92ms replayed  2p
4000       banked        92ms replayed  zr2c:child_oop_il
4050       banked        91ms replayed  zr2c:child_oop_il
4079       banked        90ms replayed  prime
4095       banked        90ms replayed  chain3
4096       banked        90ms replayed  zr2c:child_oop_il
8192       banked        96ms replayed  zr2c:child_oop_il
16384      banked        91ms replayed  zr2c:child_oop_il
32768      banked        90ms replayed  zr2c:child_oop_il
65536      banked        90ms replayed  zr2c:child_nat_ip
