3          banked        91ms replayed  rfft
5          banked        91ms replayed  bridge
6          banked        90ms replayed  zr2c:child_oop_il
7          banked        90ms replayed  rfft
9          banked        90ms replayed  bridge
10         banked        91ms replayed  zr2c:child_oop_il
11         banked        91ms replayed  bridge
12         banked        92ms replayed  zr2c:child_oop_il
13         banked        91ms replayed  bridge
14         banked        93ms replayed  zr2c:child_oop_il
15         banked        91ms replayed  bridge
16         banked        90ms replayed  zr2c:child_oop_il
18         banked        90ms replayed  zr2c:child_oop_il
20         banked        90ms replayed  zr2c:child_oop_il
21         banked        93ms replayed  rfft
24         banked        92ms replayed  zr2c:child_oop_il
25         banked        92ms replayed  bridge
27         banked        91ms replayed  bridge
28         banked        91ms replayed  zr2c:child_oop_il
30         banked        91ms replayed  zr2c:child_oop_il
32         banked        91ms replayed  zr2c:child_oop_il
33         banked        89ms replayed  bridge
36         banked        90ms replayed  zr2c:child_oop_il
40         banked        90ms replayed  zr2c:child_oop_il
42         banked        90ms replayed  zr2c:child_oop_il
45         banked        91ms replayed  bridge
48         banked        90ms replayed  zr2c:child_oop_il
50         banked        90ms replayed  zr2c:child_oop_il
54         banked        90ms replayed  zr2c:child_oop_il
56         banked        90ms replayed  zr2c:child_oop_il
60         banked        91ms replayed  zr2c:child_oop_il
63         banked        91ms replayed  bridge
64         banked        90ms replayed  zr2c:child_oop_il
70         banked        90ms replayed  zr2c:child_oop_il
72         banked        91ms replayed  zr2c:child_oop_il
80         banked        90ms replayed  zr2c:child_oop_il
81         banked        91ms replayed  bridge
90         banked        91ms replayed  zr2c:child_oop_il
96         banked        90ms replayed  zr2c:child_oop_il
98         banked        91ms replayed  zr2c:child_oop_il
99         banked        91ms replayed  bridge
100        banked        90ms replayed  zr2c:child_oop_il
105        banked        91ms replayed  bridge
108        banked        90ms replayed  zr2c:child_oop_il
112        banked        90ms replayed  zr2c:child_oop_il
120        banked        91ms replayed  zr2c:child_oop_il
125        banked        91ms replayed  bridge
126        banked        91ms replayed  zr2c:child_oop_il
128        banked        91ms replayed  zr2c:child_nat_ip
135        banked        92ms replayed  bridge
144        banked        91ms replayed  zr2c:child_oop_il
150        banked        90ms replayed  zr2c:child_oop_il
160        banked        90ms replayed  zr2c:child_oop_il
162        banked        90ms replayed  zr2c:child_oop_il
180        banked        90ms replayed  zr2c:child_oop_il
189        banked        91ms replayed  bridge
192        banked        91ms replayed  zr2c:child_oop_il
197        banked        91ms replayed  flat
199        banked        90ms replayed  2p
200        banked        91ms replayed  zr2c:child_oop_il
210        banked        91ms replayed  zr2c:child_oop_il
216        banked        90ms replayed  zr2c:child_oop_il
224        banked        90ms replayed  zr2c:child_oop_il
225        banked        90ms replayed  bridge
240        banked        91ms replayed  zr2c:child_oop_il
243        banked        90ms replayed  bridge
250        banked        91ms replayed  zr2c:child_nat_ip
255        banked        94ms replayed  bridge
256        banked        91ms replayed  zr2c:child_oop_il
270        banked        90ms replayed  zr2c:child_oop_il
288        banked        90ms replayed  zr2c:child_nat_ip
293        banked        91ms replayed  prime
294        banked        90ms replayed  zr2c:child_oop_il
315        banked        90ms replayed  bridge
320        banked        90ms replayed  zr2c:child_oop_il
350        banked        92ms replayed  zr2c:child_oop_il
360        banked        94ms replayed  zr2c:child_oop_il
378        banked        93ms replayed  zr2c:child_oop_il
384        banked        93ms replayed  zr2c:child_nat_ip
389        banked        91ms replayed  prime
400        banked        90ms replayed  zr2c:child_oop_il
405        banked        91ms replayed  rfft
432        banked        89ms replayed  zr2c:child_oop_il
441        banked        91ms replayed  bridge
448        banked        93ms replayed  zr2c:child_oop_il
450        banked        90ms replayed  zr2c:child_oop_il
480        banked        94ms replayed  zr2c:child_oop_il
486        banked        91ms replayed  zr2c:child_oop_il
487        banked        91ms replayed  2p
490        banked        91ms replayed  zr2c:child_oop_il
512        banked        91ms replayed  zr2c:child_nat_ip
525        banked        92ms replayed  bridge
576        banked        90ms replayed  zr2c:child_oop_il
587        banked        91ms replayed  prime
593        banked        90ms replayed  2p
625        banked        91ms replayed  bridge
630        banked       120ms replayed  zr2c:child_oop_il
640        banked        90ms replayed  zr2c:child_oop_il
675        banked        90ms replayed  bridge
686        banked        91ms replayed  zr2c:child_oop_il
720        banked        90ms replayed  zr2c:child_oop_il
729        banked        90ms replayed  bridge
750        banked        90ms replayed  zr2c:child_nat_ip
768        banked        94ms replayed  zr2c:child_oop_il
787        banked        92ms replayed  prime
800        banked        92ms replayed  zr2c:child_oop_il
810        banked        91ms replayed  zr2c:child_oop_il
864        banked        90ms replayed  zr2c:child_oop_il
882        banked        93ms replayed  zr2c:child_oop_il
896        banked        90ms replayed  zr2c:child_nat_ip
945        banked        93ms replayed  bridge
960        banked        92ms replayed  zr2c:child_oop_il
971        banked        91ms replayed  prime
977        banked        94ms replayed  prime
1000       banked        90ms replayed  zr2c:child_oop_il
1001       banked        94ms replayed  bridge
1024       banked        92ms replayed  zr2c:child_oop_il
1050       banked        92ms replayed  zr2c:child_oop_il
1069       banked        93ms replayed  prime
1134       banked        93ms replayed  zr2c:child_oop_il
1152       banked        90ms replayed  zr2c:child_oop_il
1171       banked        90ms replayed  chain3
1215       banked        92ms replayed  bridge
1250       banked        91ms replayed  zr2c:child_oop_il
1280       banked        90ms replayed  zr2c:child_nat_ip
1331       banked        92ms replayed  bridge
1350       banked        90ms replayed  zr2c:child_oop_il
1361       banked        90ms replayed  flat
1440       banked        90ms replayed  zr2c:child_nat_ip
1458       banked        91ms replayed  zr2c:child_oop_il
1470       banked        91ms replayed  zr2c:child_nat_ip
1536       banked        92ms replayed  zr2c:child_oop_il
1553       banked        92ms replayed  prime
1559       banked        92ms replayed  2p
1575       banked        91ms replayed  bridge
1600       banked        90ms replayed  zr2c:child_oop_il
1701       banked        91ms replayed  bridge
1728       banked        92ms replayed  zr2c:child_oop_il
1747       banked        90ms replayed  prime
1750       banked        93ms replayed  zr2c:child_nat_ip
1753       banked        91ms replayed  prime
1792       banked        94ms replayed  zr2c:child_nat_ip
1890       banked        90ms replayed  zr2c:child_oop_il
1920       banked        90ms replayed  zr2c:child_oop_il
1951       banked        93ms replayed  flat
2000       banked        90ms replayed  zr2c:child_oop_il
2039       banked        90ms replayed  prime
2048       banked        92ms replayed  zr2c:child_oop_il
2058       banked        90ms replayed  zr2c:child_oop_il
2137       banked        96ms replayed  prime
2141       banked        90ms replayed  prime
2187       banked        90ms replayed  bridge
2250       banked        91ms replayed  zr2c:child_oop_il
2304       banked        90ms replayed  zr2c:child_oop_il
2333       banked        91ms replayed  prime
2339       banked        93ms replayed  prime
2401       banked        90ms replayed  bridge
2430       banked        92ms replayed  zr2c:child_oop_il
2450       banked        94ms replayed  zr2c:child_oop_il
2560       banked        91ms replayed  zr2c:child_oop_il
2621       banked        91ms replayed  prime
2646       banked        90ms replayed  zr2c:child_oop_il
2719       banked        90ms replayed  prime
2835       banked        90ms replayed  bridge
2880       banked        90ms replayed  zr2c:child_oop_il
2917       banked        90ms replayed  chain3
3000       banked        91ms replayed  zr2c:child_oop_il
3072       banked        93ms replayed  zr2c:child_oop_il
3109       banked        93ms replayed  flat
3125       banked        93ms replayed  bridge
3150       banked        90ms replayed  zr2c:child_oop_il
3200       banked        96ms replayed  zr2c:child_oop_il
3203       banked        94ms replayed  prime
3299       banked        94ms replayed  prime
3301       banked        94ms replayed  chain3
3375       banked        91ms replayed  bridge
3402       banked        93ms replayed  zr2c:child_oop_il
3430       banked        90ms replayed  zr2c:child_oop_il
3456       banked        92ms replayed  zr2c:child_oop_il
3499       banked        92ms replayed  prime
3584       banked        91ms replayed  zr2c:child_oop_il
3691       banked        91ms replayed  chain3
3697       banked        92ms replayed  flat
3750       banked        91ms replayed  zr2c:child_nat_ip
3840       banked        92ms replayed  zr2c:child_oop_il
3881       banked        92ms replayed  prime
3969       banked        92ms replayed  bridge
4000       banked        91ms replayed  zr2c:child_oop_il
4050       banked        92ms replayed  zr2c:child_oop_il
4079       banked        92ms replayed  prime
4095       banked        97ms replayed  bridge
4096       banked        91ms replayed  zr2c:child_oop_il
8192       banked        90ms replayed  zr2c:child_oop_il
16384      banked        92ms replayed  zr2c:child_oop_il
32768      banked        90ms replayed  zr2c:child_oop_il
65536      banked        90ms replayed  zr2c:child_oop_il
