3          banked       134ms raced     rfft
5          banked       103ms raced     bridge
6          banked        93ms raced     zr2c:child_oop_il
7          banked       104ms raced     rfft
9          banked       133ms raced     bridge
10         banked        94ms raced     zr2c:child_oop_il
11         banked        92ms raced     bridge
12         banked        94ms raced     zr2c:child_oop_il
13         banked        94ms raced     bridge
14         banked        91ms raced     zr2c:child_oop_il
15         banked       192ms raced     bridge
16         banked        91ms replayed  zr2c:child_oop_il
18         banked        91ms raced     zr2c:child_oop_il
20         banked        92ms raced     zr2c:child_oop_il
21         banked       210ms raced     rfft
24         banked        92ms raced     zr2c:child_oop_il
25         banked       154ms raced     bridge
27         banked       308ms raced     bridge
28         banked        95ms raced     zr2c:child_oop_il
30         banked        92ms raced     zr2c:child_oop_il
32         banked        92ms raced     zr2c:child_oop_il
33         banked        93ms raced     bridge
36         banked        92ms raced     zr2c:child_oop_il
40         banked        93ms raced     zr2c:child_oop_il
42         banked        92ms raced     zr2c:child_oop_il
45         banked       659ms raced     bridge
48         banked       101ms raced     zr2c:child_oop_il
50         banked       101ms raced     zr2c:child_oop_il
54         banked        96ms raced     zr2c:child_oop_il
56         banked        99ms raced     zr2c:child_oop_il
60         banked        98ms raced     zr2c:child_oop_il
63         banked       641ms raced     bridge
64         banked        90ms replayed  zr2c:child_oop_il
70         banked        96ms raced     zr2c:child_oop_il
72         banked        94ms raced     zr2c:child_oop_il
80         banked        93ms raced     zr2c:child_oop_il
81         banked       688ms raced     bridge
90         banked        97ms raced     zr2c:child_oop_il
96         banked        95ms raced     zr2c:child_oop_il
98         banked        96ms raced     zr2c:child_oop_il
99         banked        96ms raced     bridge
100        banked        93ms replayed  zr2c:child_oop_il
105        banked      1158ms raced     bridge
108        banked        95ms raced     zr2c:child_oop_il
112        banked        93ms raced     zr2c:child_oop_il
120        banked        94ms raced     zr2c:child_oop_il
125        banked       272ms raced     bridge
126        banked        95ms raced     zr2c:child_oop_il
128        banked        93ms replayed  zr2c:child_nat_ip
135        banked      2383ms raced     bridge
144        banked        97ms raced     zr2c:child_oop_il
150        banked        99ms raced     zr2c:child_oop_il
160        banked        97ms raced     zr2c:child_oop_il
162        banked        93ms raced     zr2c:child_oop_il
180        banked        95ms raced     zr2c:child_oop_il
189        banked      2375ms raced     bridge
192        banked        95ms raced     zr2c:child_oop_il
197        banked       266ms raced     flat
199        banked       269ms raced     2p
200        banked        97ms raced     zr2c:child_oop_il
210        banked        96ms raced     zr2c:child_oop_il
216        banked        97ms raced     zr2c:child_oop_il
224        banked        95ms raced     zr2c:child_oop_il
225        banked      3415ms raced     bridge
240        banked        95ms raced     zr2c:child_oop_il
243        banked        94ms raced     bridge
250        banked        97ms raced     zr2c:child_nat_ip
255        banked        91ms replayed  bridge
256        banked        91ms replayed  zr2c:child_oop_il
270        banked        95ms raced     zr2c:child_oop_il
288        banked        95ms raced     zr2c:child_nat_ip
293        banked       260ms raced     prime
294        banked        95ms raced     zr2c:child_oop_il
315        banked      6650ms raced     bridge
320        banked       102ms raced     zr2c:child_oop_il
350        banked        94ms raced     zr2c:child_oop_il
360        banked        94ms raced     zr2c:child_oop_il
378        banked        94ms raced     zr2c:child_oop_il
384        banked        95ms raced     zr2c:child_nat_ip
389        banked       256ms raced     prime
400        banked        94ms raced     zr2c:child_oop_il
405        banked        90ms replayed  rfft
432        banked        94ms raced     zr2c:child_oop_il
441        banked      3374ms raced     bridge
448        banked        94ms raced     zr2c:child_oop_il
450        banked        93ms raced     zr2c:child_oop_il
480        banked        92ms raced     zr2c:child_oop_il
486        banked        92ms raced     zr2c:child_oop_il
487        banked       256ms raced     2p
490        banked        92ms raced     zr2c:child_oop_il
512        banked        89ms replayed  zr2c:child_nat_ip
525        banked      6476ms raced     bridge
576        banked        93ms raced     zr2c:child_oop_il
587        banked       263ms raced     prime
593        banked       281ms raced     2p
625        banked       609ms raced     bridge
630        banked        93ms raced     zr2c:child_oop_il
640        banked        92ms raced     zr2c:child_oop_il
675        banked        92ms raced     bridge
686        banked        96ms raced     zr2c:child_oop_il
720        banked        93ms raced     zr2c:child_oop_il
729        banked        94ms raced     bridge
750        banked        97ms raced     zr2c:child_nat_ip
768        banked        93ms raced     zr2c:child_oop_il
787        banked       263ms raced     prime
800        banked        98ms raced     zr2c:child_oop_il
810        banked        94ms raced     zr2c:child_oop_il
864        banked        94ms raced     zr2c:child_oop_il
882        banked        94ms raced     zr2c:child_oop_il
896        banked        96ms raced     zr2c:child_nat_ip
945        banked        95ms raced     bridge
960        banked        92ms raced     zr2c:child_oop_il
971        banked       270ms raced     prime
977        banked       270ms raced     prime
1000       banked        93ms raced     zr2c:child_oop_il
1001       banked        97ms raced     bridge
1024       banked        92ms replayed  zr2c:child_oop_il
1050       banked        94ms raced     zr2c:child_oop_il
1069       banked       270ms raced     prime
1134       banked        93ms raced     zr2c:child_oop_il
1152       banked        96ms raced     zr2c:child_oop_il
1171       banked       268ms raced     chain3
1215       banked        94ms raced     bridge
1250       banked        95ms raced     zr2c:child_oop_il
1280       banked        96ms raced     zr2c:child_nat_ip
1331       banked        95ms raced     bridge
1350       banked        95ms raced     zr2c:child_oop_il
1361       banked       285ms raced     flat
1440       banked       130ms raced     zr2c:child_nat_ip
1458       banked        94ms raced     zr2c:child_oop_il
1470       banked        93ms raced     zr2c:child_nat_ip
1536       banked        94ms raced     zr2c:child_oop_il
1553       banked       275ms raced     prime
1559       banked       274ms raced     2p
1575       banked        95ms raced     bridge
1600       banked        93ms raced     zr2c:child_oop_il
1701       banked        96ms raced     bridge
1728       banked        93ms raced     zr2c:child_oop_il
1747       banked       277ms raced     prime
1750       banked        95ms raced     zr2c:child_nat_ip
1753       banked       297ms raced     prime
1792       banked        94ms raced     zr2c:child_nat_ip
1890       banked        96ms raced     zr2c:child_oop_il
1920       banked        93ms raced     zr2c:child_oop_il
1951       banked       277ms raced     flat
2000       banked        97ms raced     zr2c:child_oop_il
2039       banked       281ms raced     prime
2048       banked        90ms replayed  zr2c:child_oop_il
2058       banked        96ms raced     zr2c:child_oop_il
2137       banked        91ms replayed  prime
2141       banked        90ms replayed  prime
2187       banked        94ms raced     bridge
2250       banked     57939ms raced     zr2c:child_oop_il
2304       banked     60758ms raced     zr2c:child_oop_il
2333       banked        92ms replayed  prime
2339       banked        91ms replayed  prime
2401       banked       803ms raced     bridge
2430       banked     60408ms raced     zr2c:child_oop_il
2450       banked     18117ms raced     zr2c:child_oop_il
2560       banked     57222ms raced     zr2c:child_oop_il
2621       banked        91ms replayed  prime
2646       banked     53621ms raced     zr2c:child_oop_il
2719       banked        91ms replayed  prime
2835       banked        94ms raced     bridge
2880       banked     72660ms raced     zr2c:child_oop_il
2917       banked        93ms replayed  chain3
3000       banked     58390ms raced     zr2c:child_oop_il
3072       banked     67803ms raced     zr2c:child_oop_il
3109       banked        93ms replayed  flat
3125       banked        94ms raced     bridge
3150       banked     63191ms raced     zr2c:child_oop_il
3200       banked     53602ms raced     zr2c:child_oop_il
3203       banked        95ms replayed  prime
3299       banked        93ms replayed  prime
3301       banked        92ms replayed  chain3
3375       banked        99ms raced     bridge
3402       banked     58523ms raced     zr2c:child_oop_il
3430       banked      9100ms raced     zr2c:child_oop_il
3456       banked     64138ms raced     zr2c:child_oop_il
3499       banked        91ms replayed  prime
3584       banked     47560ms raced     zr2c:child_oop_il
3691       banked        91ms replayed  chain3
3697       banked        91ms replayed  flat
3750       banked     52727ms raced     zr2c:child_nat_ip
3840       banked     72864ms raced     zr2c:child_oop_il
3881       banked       101ms replayed  prime
3969       banked        96ms raced     bridge
4000       banked     54310ms raced     zr2c:child_oop_il
4050       banked     63677ms raced     zr2c:child_oop_il
4079       banked        91ms replayed  prime
4095       banked       100ms raced     bridge
4096       banked        94ms replayed  zr2c:child_oop_il
8192       banked        90ms replayed  zr2c:child_oop_il
16384      banked        91ms replayed  zr2c:child_oop_il
32768      banked        92ms replayed  zr2c:child_oop_il
65536      banked        91ms replayed  zr2c:child_oop_il
