9          banked       387ms raced     mono
15         banked       349ms raced     mono
21         banked       363ms raced     mono
25         banked       363ms raced     2p
27         banked       365ms raced     mono
33         banked       353ms raced     ztt
35         banked       352ms raced     mono
39         banked       351ms raced     mono
45         banked       368ms raced     mono
49         banked       351ms raced     2p
51         banked       350ms raced     2p
55         banked       388ms raced     flat
57         banked       362ms raced     2p
63         banked       366ms raced     mono
65         banked       363ms raced     2p
69         banked       362ms raced     flat
75         banked       366ms raced     mono
77         banked       362ms raced     flat
81         banked       364ms raced     2p
85         banked       352ms raced     2p
87         banked       364ms raced     prime
91         banked       357ms raced     2p
93         banked       364ms raced     flat
95         banked       366ms raced     mono
99         banked       361ms raced     2p
105        banked       373ms raced     2p
111        banked       561ms raced     2p
115        banked       351ms raced     2p
117        banked       364ms raced     flat
119        banked       363ms raced     prime
121        banked       350ms raced     2p
123        banked       570ms raced     prime
125        banked       359ms raced     flat
129        banked       365ms raced     2p
133        banked       363ms raced     2p
135        banked       366ms raced     prime
141        banked       368ms raced     2p
143        banked       355ms raced     prime
145        banked       365ms raced     2p
147        banked       363ms raced     prime
153        banked       373ms raced     2p
155        banked       352ms raced     2p
161        banked       362ms raced     2p
165        banked       360ms raced     prime
169        banked       358ms raced     2p
171        banked       366ms raced     2p
175        banked       376ms raced     flat
185        banked       366ms raced     2p
187        banked       364ms raced     flat
189        banked       380ms raced     prime
195        banked       371ms raced     prime
203        banked       362ms raced     prime
205        banked       350ms raced     2p
207        banked       358ms raced     prime
209        banked       360ms raced     2p
215        banked       365ms raced     prime
217        banked       363ms raced     2p
221        banked       351ms raced     2p
225        banked       381ms raced     2p
231        banked       367ms raced     2p
235        banked       358ms raced     2p
243        banked       376ms raced     2p
245        banked       365ms raced     prime
247        banked       361ms raced     prime
253        banked       363ms raced     2p
255        banked       366ms raced     prime
259        banked       365ms raced     flat
261        banked       363ms raced     2p
273        banked       364ms raced     2p
275        banked       363ms raced     prime
279        banked       362ms raced     prime
285        banked       364ms raced     prime
287        banked       365ms raced     2p
289        banked       361ms raced     chain3
297        banked       364ms raced     2p
299        banked       365ms raced     prime
301        banked       363ms raced     2p
315        banked       388ms raced     prime
319        banked       361ms raced     prime
323        banked       363ms raced     2p
325        banked       365ms raced     2p
329        banked       367ms raced     2p
333        banked       365ms raced     prime
341        banked       370ms raced     2p
343        banked       364ms raced     2p
345        banked       363ms raced     2p
351        banked       379ms raced     chain3
357        banked       366ms raced     prime
361        banked       364ms raced     2p
363        banked       365ms raced     prime
369        banked       368ms raced     2p
375        banked       378ms raced     flat
377        banked       367ms raced     2p
385        banked       367ms raced     2p
387        banked       357ms raced     prime
391        banked       353ms raced     chain3
399        banked       371ms raced     prime
403        banked       358ms raced     prime
405        banked       399ms raced     prime
407        banked       366ms raced     2p
423        banked       357ms raced     prime
425        banked       366ms raced     prime
429        banked       361ms raced     prime
435        banked       359ms raced     2p
437        banked       366ms raced     prime
441        banked       378ms raced     chain3
451        banked       363ms raced     2p
455        banked       378ms raced     prime
459        banked       366ms raced     prime
465        banked       374ms raced     flat
473        banked       354ms raced     prime
475        banked       364ms raced     prime
481        banked       365ms raced     2p
483        banked       373ms raced     prime
493        banked       362ms raced     2p
495        banked       395ms raced     2p
507        banked       366ms raced     2p
513        banked       368ms raced     2p
517        banked       362ms raced     2p
525        banked       392ms raced     prime
527        banked       360ms raced     prime
529        banked       365ms raced     chain3
533        banked       363ms raced     flat
539        banked       361ms raced     prime
551        banked       364ms raced     chain3
555        banked       361ms raced     prime
559        banked       362ms raced     2p
561        banked       366ms raced     chain3
567        banked       401ms raced     prime
575        banked       366ms raced     2p
585        banked       379ms raced     prime
589        banked       364ms raced     chain3
595        banked       372ms raced     chain3
605        banked       363ms raced     prime
609        banked       366ms raced     2p
611        banked       361ms raced     prime
615        banked       363ms raced     prime
621        banked       379ms raced     2p
625        banked       360ms raced     chain3
627        banked       369ms raced     prime
629        banked       365ms raced     prime
637        banked       363ms raced     prime
645        banked       369ms raced     flat
651        banked       378ms raced     2p
663        banked       367ms raced     prime
665        banked       365ms raced     prime
667        banked       358ms raced     2p
675        banked       407ms raced     prime
693        banked       388ms raced     prime
697        banked       356ms raced     2p
703        banked       363ms raced     chain3
705        banked       376ms raced     2p
713        banked       367ms raced     prime
715        banked       365ms raced     chain3
725        banked       369ms raced     prime
729        banked       389ms raced     chain3
731        banked       365ms raced     prime
735        banked       391ms raced     prime
741        banked       368ms raced     2p
759        banked       372ms raced     prime
765        banked       390ms raced     prime
775        banked       362ms raced     2p
777        banked       359ms raced     prime
779        banked       364ms raced     prime
783        banked       378ms raced     2p
799        banked       366ms raced     chain3
805        banked       376ms raced     prime
817        banked       360ms raced     chain3
819        banked       386ms raced     prime
825        banked       378ms raced     prime
833        banked       369ms raced     2p
837        banked       374ms raced     flat
841        banked       365ms raced     chain3
845        banked       361ms raced     prime
847        banked       372ms raced     flat
851        banked       354ms raced     2p
855        banked       391ms raced     prime
861        banked       368ms raced     2p
867        banked       362ms raced     prime
875        banked       377ms raced     2p
891        banked       384ms raced     prime
893        banked       368ms raced     prime
897        banked       362ms raced     chain3
899        banked       366ms raced     prime
903        banked       378ms raced     2p
925        banked       365ms raced     chain3
931        banked       366ms raced     2p
935        banked       373ms raced     prime
943        banked       360ms raced     prime
945        banked       408ms raced     prime
957        banked       371ms raced     prime
961        banked       358ms raced     2p
969        banked       364ms raced     chain3
975        banked       395ms raced     prime
987        banked       374ms raced     2p
989        banked       367ms raced     flat
999        banked       378ms raced     prime
1001       banked       375ms raced     chain3
1015       banked       361ms raced     chain3
1023       banked       376ms raced     prime
1025       banked       363ms raced     2p
1029       banked       375ms raced     prime
1035       banked       393ms raced     flat
1045       banked       377ms raced     chain3
1053       banked       394ms raced     prime
1071       banked       381ms raced     prime
1073       banked       363ms raced     prime
1075       banked       366ms raced     prime
1081       banked       355ms raced     chain3
1083       banked       373ms raced     prime
1085       banked       373ms raced     prime
1089       banked       378ms raced     2p
1105       banked       363ms raced     flat
1107       banked       373ms raced     prime
1125       banked       422ms raced     prime
1127       banked       371ms raced     prime
1131       banked       377ms raced     prime
1147       banked       364ms raced     prime
1155       banked       400ms raced     prime
1161       banked       380ms raced     chain3
1173       banked       373ms raced     prime
1175       banked       366ms raced     prime
1183       banked       364ms raced     prime
1189       banked       366ms raced     chain3
1197       banked       391ms raced     flat
1209       banked       368ms raced     prime
1215       banked       421ms raced     prime
1221       banked       365ms raced     prime
1225       banked       377ms raced     chain3
1235       banked       376ms raced     prime
1247       banked       364ms raced     prime
1265       banked       375ms raced     prime
1269       banked       374ms raced     prime
1271       banked       364ms raced     prime
1275       banked       390ms raced     flat
1287       banked       381ms raced     prime
1295       banked       370ms raced     prime
1305       banked       394ms raced     prime
1309       banked       364ms raced     prime
1311       banked       366ms raced     prime
1323       banked       416ms raced     prime
1331       banked       368ms raced     flat
1333       banked       372ms raced     chain3
1353       banked       364ms raced     chain3
1363       banked       360ms raced     prime
1365       banked       412ms raced     flat
1369       banked       365ms raced     chain3
1375       banked       375ms raced     prime
1377       banked       390ms raced     flat
1395       banked       381ms raced     2p
1419       banked       377ms raced     prime
1421       banked       362ms raced     prime
1425       banked       394ms raced     prime
1435       banked       362ms raced     prime
1443       banked       365ms raced     prime
1445       banked       373ms raced     flat
1449       banked       390ms raced     prime
1457       banked       367ms raced     chain3
1463       banked       372ms raced     2p
1479       banked       362ms raced     prime
1485       banked       411ms raced     prime
1495       banked       362ms raced     prime
1505       banked       377ms raced     flat
1517       banked       357ms raced     prime
1519       banked       365ms raced     flat
1521       banked       376ms raced     flat
1539       banked       386ms raced     prime
1547       banked       372ms raced     prime
1551       banked       372ms raced     2p
1573       banked       364ms raced     prime
1575       banked       414ms raced     prime
1581       banked       369ms raced     prime
1587       banked       364ms raced     prime
1591       banked       365ms raced     prime
1595       banked       376ms raced     prime
1599       banked       364ms raced     2p
1615       banked       376ms raced     prime
1617       banked       391ms raced     prime
1625       banked       376ms raced     flat
1645       banked       376ms raced     prime
1653       banked       376ms raced     prime
1665       banked       394ms raced     2p
1677       banked       363ms raced     prime
1681       banked       367ms raced     chain3
1683       banked       376ms raced     flat
1701       banked       417ms raced     chain3
1705       banked       377ms raced     prime
1715       banked       374ms raced     prime
1725       banked       393ms raced     prime
1729       banked       362ms raced     2p
1739       banked       369ms raced     prime
1755       banked       416ms raced     prime
1763       banked       363ms raced     prime
1767       banked       373ms raced     prime
1771       banked       378ms raced     prime
1785       banked       394ms raced     prime
1805       banked       371ms raced     flat
1813       banked       363ms raced     prime
1815       banked       374ms raced     prime
1827       banked       381ms raced     prime
1833       banked       378ms raced     prime
1845       banked       385ms raced     prime
1849       banked       366ms raced     chain3
1859       banked       374ms raced     prime
1863       banked       396ms raced     flat
1875       banked       395ms raced     prime
1881       banked       387ms raced     flat
1885       banked       380ms raced     prime
1887       banked       377ms raced     2p
1911       banked       382ms raced     prime
1925       banked       380ms raced     flat
1927       banked       363ms raced     prime
1935       banked       394ms raced     prime
1953       banked       393ms raced     prime
1955       banked       367ms raced     prime
1989       banked       380ms raced     prime
1995       banked       410ms raced     prime
2001       banked       371ms raced     chain3
2009       banked       376ms raced     prime
2015       banked       374ms raced     prime
2021       banked       366ms raced     prime
2023       banked       373ms raced     prime
2025       banked       422ms raced     chain3
2035       banked       364ms raced     prime
