64         banked       173ms replayed  zrp:4.16:r2z
66         banked       140ms replayed  zr2c:child_oop_il
68         banked       141ms replayed  zr2c:child_oop_il
70         banked       140ms replayed  zr2c:child_oop_il
72         banked       140ms replayed  zrp:6.12:r2z
74         banked       141ms replayed  zr2c:child_oop_il
76         banked       141ms replayed  zr2c:child_nat_ip
78         banked       147ms replayed  zr2c:child_oop_il
80         banked       142ms replayed  zrp:8.10:r2z
82         banked       143ms replayed  zr2c:child_oop_il
84         banked       141ms replayed  zr2c:child_oop_il
86         banked       142ms replayed  zr2c:child_oop_il
88         banked       139ms replayed  zr2c:child_oop_il
90         banked       140ms replayed  zr2c:child_oop_il
92         banked       146ms replayed  zr2c:child_oop_il
94         banked       139ms replayed  zr2c:child_oop_il
96         banked       140ms replayed  zrp:6.16:r2z
98         banked       139ms replayed  zr2c:child_oop_il
100        banked       140ms replayed  zrp:10.10:r2z
102        banked       140ms replayed  zr2c:child_oop_il
104        banked       141ms replayed  zr2c:child_oop_il
106        banked       140ms replayed  zr2c:child_nat_ip
108        banked       140ms replayed  zr2c:child_oop_il
110        banked       154ms replayed  zr2c:child_oop_il
112        banked       149ms replayed  zr2c:child_oop_il
114        banked       156ms replayed  zr2c:child_oop_il
116        banked       141ms replayed  zr2c:child_oop_il
118        banked       140ms replayed  zr2c:child_oop_il
120        banked       142ms replayed  zrp:12.10:r2z
122        banked       141ms replayed  zr2c:child_nat_ip
124        banked       138ms replayed  zr2c:child_oop_il
126        banked       138ms replayed  zr2c:child_oop_il
128        banked       139ms replayed  zrp:8.16:r2z
130        banked       146ms replayed  zr2c:child_oop_il
132        banked       171ms replayed  zr2c:child_oop_il
134        banked       140ms replayed  zr2c:child_oop_il
136        banked       140ms replayed  zr2c:child_oop_il
138        banked       140ms replayed  zr2c:child_oop_il
140        banked       139ms replayed  zr2c:child_oop_il
142        banked       141ms replayed  zr2c:child_nat_ip
144        banked       140ms replayed  zrp:12.12:r2z
146        banked       147ms replayed  zr2c:child_nat_ip
148        banked       140ms replayed  zr2c:child_oop_il
150        banked       146ms replayed  zr2c:child_oop_il
152        banked       139ms replayed  zr2c:child_nat_ip
154        banked       139ms replayed  zr2c:child_oop_il
156        banked       139ms replayed  zr2c:child_oop_il
158        banked       140ms replayed  zr2c:child_oop_il
160        banked       140ms replayed  zrp:16.10:r2z
162        banked       140ms replayed  zr2c:child_oop_il
164        banked       142ms replayed  zr2c:child_oop_il
166        banked       143ms replayed  zr2c:child_nat_ip
168        banked       142ms replayed  zr2c:child_oop_il
170        banked       141ms replayed  zr2c:child_oop_il
172        banked       140ms replayed  zr2c:child_oop_il
174        banked       144ms replayed  zr2c:child_oop_il
176        banked       140ms replayed  zr2c:child_oop_il
178        banked       145ms replayed  zr2c:child_oop_il
180        banked       144ms replayed  zr2c:child_oop_il
182        banked       142ms replayed  zr2c:child_oop_il
184        banked       142ms replayed  zr2c:child_oop_il
186        banked       143ms replayed  zr2c:child_oop_il
188        banked       141ms replayed  zr2c:child_oop_il
190        banked       142ms replayed  zr2c:child_oop_il
192        banked       139ms replayed  zr2c:child_oop_il
194        banked       143ms replayed  zr2c:child_oop_il
196        banked       141ms replayed  zr2c:child_oop_il
198        banked       149ms replayed  zr2c:child_oop_il
200        banked       139ms replayed  zr2c:child_oop_il
202        banked       139ms replayed  zr2c:child_oop_il
204        banked       139ms replayed  zr2c:child_oop_il
206        banked       142ms replayed  zr2c:child_oop_il
208        banked       139ms replayed  zr2c:child_nat_ip
210        banked       144ms replayed  zr2c:child_oop_il
212        banked       140ms replayed  zr2c:child_oop_il
214        banked       158ms replayed  zr2c:child_nat_ip
216        banked       139ms replayed  zr2c:child_oop_il
218        banked       141ms replayed  zr2c:child_oop_il
220        banked       140ms replayed  zr2c:child_oop_il
222        banked       139ms replayed  zr2c:child_oop_il
224        banked       142ms replayed  zr2c:child_oop_il
226        banked       140ms replayed  zr2c:child_nat_ip
228        banked       144ms replayed  zr2c:child_oop_il
230        banked       164ms replayed  zr2c:child_oop_il
232        banked       145ms replayed  zr2c:child_oop_il
234        banked       139ms replayed  zr2c:child_oop_il
236        banked       143ms replayed  zr2c:child_oop_il
238        banked       142ms replayed  zr2c:child_oop_il
240        banked       139ms replayed  zr2c:child_oop_il
242        banked       141ms replayed  zr2c:child_oop_il
244        banked       142ms replayed  zr2c:child_oop_il
246        banked       143ms replayed  zr2c:child_oop_il
248        banked       153ms replayed  zr2c:child_oop_il
250        banked       141ms replayed  zr2c:child_oop_il
252        banked       141ms replayed  zr2c:child_oop_il
254        banked       141ms replayed  zr2c:child_oop_il
256        banked       144ms replayed  zr2c:child_oop_il
258        banked       138ms replayed  zr2c:child_oop_il
260        banked       154ms replayed  zr2c:child_oop_il
262        banked       152ms replayed  zr2c:child_oop_il
264        banked       141ms replayed  zr2c:child_oop_il
266        banked       139ms replayed  zr2c:child_oop_il
268        banked       143ms replayed  zr2c:child_oop_il
270        banked       143ms replayed  zr2c:child_oop_il
272        banked       142ms replayed  zr2c:child_oop_il
274        banked       141ms replayed  zr2c:child_oop_il
276        banked       145ms replayed  zr2c:child_oop_il
278        banked       140ms replayed  zr2c:child_oop_il
280        banked       140ms replayed  zr2c:child_oop_il
282        banked       150ms replayed  zr2c:child_oop_il
284        banked       138ms replayed  zr2c:child_oop_il
286        banked       155ms replayed  zr2c:child_oop_il
288        banked       142ms replayed  zr2c:child_oop_il
290        banked       143ms replayed  zr2c:child_oop_il
292        banked       163ms replayed  zr2c:child_oop_il
294        banked       143ms replayed  zr2c:child_oop_il
296        banked       142ms replayed  zr2c:child_oop_il
298        banked       139ms replayed  zr2c:child_oop_il
300        banked       139ms replayed  zr2c:child_oop_il
302        banked       140ms replayed  zr2c:child_nat_ip
304        banked       140ms replayed  zr2c:child_oop_il
306        banked       140ms replayed  zr2c:child_oop_il
308        banked       144ms replayed  zr2c:child_oop_il
310        banked       140ms replayed  zr2c:child_oop_il
312        banked       139ms replayed  zr2c:child_oop_il
314        banked       139ms replayed  zr2c:child_oop_il
316        banked       139ms replayed  zr2c:child_oop_il
318        banked       149ms replayed  zr2c:child_oop_il
320        banked       143ms replayed  2p
322        banked       140ms replayed  zr2c:child_oop_il
324        banked       141ms replayed  zr2c:child_oop_il
326        banked       166ms replayed  zr2c:child_oop_il
328        banked       140ms replayed  zr2c:child_oop_il
330        banked       141ms replayed  zr2c:child_oop_il
332        banked       139ms replayed  zr2c:child_nat_ip
334        banked       141ms replayed  zr2c:child_nat_ip
336        banked       141ms replayed  zr2c:child_oop_il
338        banked       141ms replayed  zr2c:child_oop_il
340        banked       146ms replayed  zr2c:child_oop_il
342        banked       140ms replayed  zr2c:child_oop_il
344        banked       140ms replayed  zr2c:child_oop_il
346        banked       140ms replayed  zr2c:child_oop_il
348        banked       140ms replayed  zr2c:child_oop_il
350        banked       139ms replayed  zr2c:child_oop_il
352        banked       141ms replayed  zr2c:child_oop_il
354        banked       141ms replayed  zr2c:child_oop_il
356        banked       140ms replayed  zr2c:child_oop_il
358        banked       170ms replayed  zr2c:child_oop_il
360        banked       139ms replayed  zr2c:child_oop_il
362        banked       155ms replayed  zr2c:child_oop_il
364        banked       140ms replayed  zr2c:child_nat_ip
366        banked       142ms replayed  zr2c:child_oop_il
368        banked       141ms replayed  zr2c:child_oop_il
370        banked       141ms replayed  zr2c:child_oop_il
372        banked       150ms replayed  zr2c:child_nat_ip
374        banked       152ms replayed  zr2c:child_oop_il
376        banked       150ms replayed  zr2c:child_oop_il
378        banked       139ms replayed  zr2c:child_oop_il
380        banked       139ms replayed  zr2c:child_oop_il
382        banked       142ms replayed  zr2c:child_oop_il
384        banked       142ms replayed  zr2c:child_oop_il
386        banked       142ms replayed  zr2c:child_oop_il
388        banked       148ms replayed  zr2c:child_oop_il
390        banked       150ms replayed  zr2c:child_oop_il
392        banked       142ms replayed  zr2c:child_oop_il
394        banked       139ms replayed  zr2c:child_oop_il
396        banked       140ms replayed  zr2c:child_oop_il
398        banked       140ms replayed  zr2c:child_oop_il
400        banked       145ms replayed  zr2c:child_oop_il
402        banked       143ms replayed  zr2c:child_oop_il
404        banked       157ms replayed  zr2c:child_oop_il
406        banked       154ms replayed  zr2c:child_oop_il
408        banked       144ms replayed  zr2c:child_oop_il
410        banked       141ms replayed  zr2c:child_oop_il
412        banked       139ms replayed  zr2c:child_oop_il
414        banked       149ms replayed  zr2c:child_nat_ip
416        banked       142ms replayed  zr2c:child_oop_il
418        banked       143ms replayed  zr2c:child_oop_il
420        banked       141ms replayed  zr2c:child_oop_il
422        banked       144ms replayed  zr2c:child_oop_il
424        banked       139ms replayed  zr2c:child_nat_ip
426        banked       142ms replayed  zr2c:child_oop_il
428        banked       140ms replayed  zr2c:child_oop_il
430        banked       139ms replayed  zr2c:child_oop_il
432        banked       139ms replayed  zr2c:child_oop_il
434        banked       140ms replayed  zr2c:child_oop_il
436        banked       143ms replayed  zr2c:child_oop_il
438        banked       164ms replayed  zr2c:child_nat_ip
440        banked       143ms replayed  zr2c:child_oop_il
442        banked       140ms replayed  zr2c:child_oop_il
444        banked       139ms replayed  zr2c:child_oop_il
446        banked       146ms replayed  zr2c:child_nat_ip
448        banked       140ms replayed  2p
450        banked       140ms replayed  zr2c:child_oop_il
452        banked       152ms replayed  zr2c:child_oop_il
454        banked       161ms replayed  zr2c:child_oop_il
456        banked       140ms replayed  zr2c:child_oop_il
458        banked       140ms replayed  zr2c:child_oop_il
460        banked       141ms replayed  zr2c:child_oop_il
462        banked       140ms replayed  zr2c:child_oop_il
464        banked       144ms replayed  zr2c:child_oop_il
466        banked       140ms replayed  zr2c:child_oop_il
468        banked       145ms replayed  zr2c:child_oop_il
470        banked       150ms replayed  zr2c:child_nat_ip
472        banked       140ms replayed  zr2c:child_oop_il
474        banked       140ms replayed  zr2c:child_oop_il
476        banked       140ms replayed  zr2c:child_nat_ip
478        banked       141ms replayed  zr2c:child_oop_il
480        banked       143ms replayed  zr2c:child_oop_il
482        banked       156ms replayed  zr2c:child_oop_il
484        banked       140ms replayed  zr2c:child_oop_il
486        banked       150ms replayed  zr2c:child_oop_il
488        banked       156ms replayed  zr2c:child_oop_il
490        banked       139ms replayed  zr2c:child_oop_il
492        banked       140ms replayed  zr2c:child_oop_il
494        banked       140ms replayed  zr2c:child_oop_il
496        banked       145ms replayed  zr2c:child_nat_ip
498        banked       141ms replayed  zr2c:child_oop_il
500        banked       153ms replayed  zr2c:child_oop_il
502        banked       149ms replayed  zr2c:child_oop_il
504        banked       147ms replayed  zr2c:child_oop_il
506        banked       140ms replayed  zr2c:child_oop_il
508        banked       148ms replayed  zr2c:child_oop_il
510        banked       141ms replayed  zr2c:child_oop_il
512        banked       139ms replayed  2p
514        banked       150ms replayed  zr2c:child_oop_il
516        banked       144ms replayed  zr2c:child_oop_il
518        banked       143ms replayed  zr2c:child_oop_il
520        banked       141ms replayed  zr2c:child_oop_il
522        banked       140ms replayed  zr2c:child_oop_il
524        banked       140ms replayed  zr2c:child_oop_il
526        banked       140ms replayed  zr2c:child_oop_il
528        banked       139ms replayed  zr2c:child_oop_il
530        banked       140ms replayed  zr2c:child_oop_il
532        banked       140ms replayed  zr2c:child_nat_ip
534        banked       148ms replayed  zr2c:child_oop_il
536        banked       166ms replayed  zr2c:child_oop_il
538        banked       142ms replayed  zr2c:child_oop_il
540        banked       139ms replayed  zr2c:child_oop_il
542        banked       139ms replayed  zr2c:child_nat_ip
544        banked       158ms replayed  zr2c:child_nat_ip
546        banked       140ms replayed  zr2c:child_oop_il
548        banked       143ms replayed  zr2c:child_nat_ip
550        banked       141ms replayed  zr2c:child_oop_il
552        banked       140ms replayed  zr2c:child_oop_il
554        banked       140ms replayed  zr2c:child_oop_il
556        banked       141ms replayed  zr2c:child_oop_il
558        banked       140ms replayed  zr2c:child_oop_il
560        banked       142ms replayed  zr2c:child_nat_ip
562        banked       140ms replayed  zr2c:child_oop_il
564        banked       144ms replayed  zr2c:child_oop_il
566        banked       154ms replayed  zr2c:child_oop_il
568        banked       153ms replayed  zr2c:child_oop_il
570        banked       143ms replayed  zr2c:child_oop_il
572        banked       140ms replayed  zr2c:child_oop_il
574        banked       140ms replayed  zr2c:child_oop_il
576        banked       140ms replayed  zr2c:child_oop_il
578        banked       139ms replayed  zr2c:child_nat_ip
580        banked       140ms replayed  zr2c:child_oop_il
582        banked       144ms replayed  zr2c:child_oop_il
584        banked       140ms replayed  zr2c:child_oop_il
586        banked       140ms replayed  zr2c:child_oop_il
588        banked       139ms replayed  zr2c:child_oop_il
590        banked       143ms replayed  zr2c:child_oop_il
592        banked       144ms replayed  zr2c:child_oop_il
594        banked       139ms replayed  zr2c:child_oop_il
596        banked       140ms replayed  zr2c:child_nat_ip
598        banked       145ms replayed  zr2c:child_oop_il
600        banked       140ms replayed  zr2c:child_oop_il
602        banked       143ms replayed  zr2c:child_oop_il
604        banked       140ms replayed  zr2c:child_nat_ip
606        banked       140ms replayed  zr2c:child_oop_il
608        banked       140ms replayed  zr2c:child_oop_il
610        banked       139ms replayed  zr2c:child_oop_il
612        banked       141ms replayed  zr2c:child_oop_il
614        banked       140ms replayed  zr2c:child_oop_il
616        banked       151ms replayed  zr2c:child_oop_il
618        banked       140ms replayed  zr2c:child_oop_il
620        banked       154ms replayed  zr2c:child_oop_il
622        banked       141ms replayed  zr2c:child_oop_il
624        banked       138ms replayed  zr2c:child_oop_il
626        banked       143ms replayed  zr2c:child_oop_il
628        banked       141ms replayed  zr2c:child_nat_ip
630        banked       148ms replayed  zr2c:child_oop_il
632        banked       157ms replayed  zr2c:child_oop_il
634        banked       141ms replayed  zr2c:child_oop_il
636        banked       139ms replayed  zr2c:child_oop_il
638        banked       139ms replayed  zr2c:child_oop_il
640        banked       140ms replayed  2p
642        banked       139ms replayed  zr2c:child_oop_il
644        banked       141ms replayed  zr2c:child_nat_ip
646        banked       141ms replayed  zr2c:child_oop_il
648        banked       139ms replayed  zr2c:child_oop_il
650        banked       139ms replayed  zr2c:child_oop_il
652        banked       140ms replayed  zr2c:child_oop_il
654        banked       144ms replayed  zr2c:child_nat_ip
656        banked       139ms replayed  zr2c:child_oop_il
658        banked       141ms replayed  zr2c:child_oop_il
660        banked       141ms replayed  zr2c:child_oop_il
662        banked       149ms replayed  zr2c:child_oop_il
664        banked       150ms replayed  zr2c:child_oop_il
666        banked       139ms replayed  zr2c:child_oop_il
668        banked       139ms replayed  zr2c:child_oop_il
670        banked       140ms replayed  zr2c:child_oop_il
672        banked       139ms replayed  zr2c:child_nat_ip
674        banked       141ms replayed  zr2c:child_oop_il
676        banked       140ms replayed  zr2c:child_oop_il
678        banked       139ms replayed  zr2c:child_oop_il
680        banked       139ms replayed  zr2c:child_nat_ip
682        banked       152ms replayed  zr2c:child_oop_il
684        banked       140ms replayed  zr2c:child_oop_il
686        banked       141ms replayed  zr2c:child_oop_il
688        banked       138ms replayed  zr2c:child_oop_il
690        banked       139ms replayed  zr2c:child_oop_il
692        banked       140ms replayed  zr2c:child_oop_il
694        banked       141ms replayed  zr2c:child_oop_il
696        banked       150ms replayed  zr2c:child_oop_il
698        banked       142ms replayed  zr2c:child_oop_il
700        banked       140ms replayed  zr2c:child_oop_il
702        banked       143ms replayed  zr2c:child_oop_il
704        banked       139ms replayed  zr2c:child_oop_il
706        banked       142ms replayed  zr2c:child_oop_il
708        banked       141ms replayed  zr2c:child_oop_il
710        banked       141ms replayed  zr2c:child_oop_il
712        banked       139ms replayed  zr2c:child_oop_il
714        banked       142ms replayed  zr2c:child_oop_il
716        banked       142ms replayed  zr2c:child_oop_il
718        banked       141ms replayed  zr2c:child_oop_il
720        banked       144ms replayed  zr2c:child_oop_il
722        banked       140ms replayed  zr2c:child_oop_il
724        banked       139ms replayed  zr2c:child_oop_il
726        banked       140ms replayed  zr2c:child_nat_ip
728        banked       144ms replayed  zr2c:child_oop_il
730        banked       139ms replayed  zr2c:child_nat_ip
732        banked       139ms replayed  zr2c:child_oop_il
734        banked       139ms replayed  zr2c:child_nat_ip
736        banked       140ms replayed  zr2c:child_oop_il
738        banked       147ms replayed  zr2c:child_oop_il
740        banked       138ms replayed  zr2c:child_oop_il
742        banked       141ms replayed  zr2c:child_oop_il
744        banked       141ms replayed  zr2c:child_oop_il
746        banked       157ms replayed  zr2c:child_oop_il
748        banked       143ms replayed  zr2c:child_oop_il
750        banked       140ms replayed  zr2c:child_oop_il
752        banked       139ms replayed  zr2c:child_oop_il
754        banked       140ms replayed  zr2c:child_oop_il
756        banked       141ms replayed  zr2c:child_oop_il
758        banked       147ms replayed  zr2c:child_oop_il
760        banked       145ms replayed  zr2c:child_oop_il
762        banked       143ms replayed  zr2c:child_oop_il
764        banked       139ms replayed  zr2c:child_oop_il
766        banked       139ms replayed  zr2c:child_oop_il
768        banked       154ms replayed  2p
770        banked       144ms replayed  zr2c:child_oop_il
772        banked       143ms replayed  zr2c:child_oop_il
774        banked       149ms replayed  zr2c:child_oop_il
776        banked       140ms replayed  zr2c:child_oop_il
778        banked       144ms replayed  zr2c:child_oop_il
780        banked       141ms replayed  zr2c:child_oop_il
782        banked       140ms replayed  zr2c:child_oop_il
784        banked       142ms replayed  zr2c:child_oop_il
786        banked       143ms replayed  zr2c:child_oop_il
788        banked       139ms replayed  zr2c:child_oop_il
790        banked       140ms replayed  zr2c:child_oop_il
792        banked       145ms replayed  zr2c:child_oop_il
794        banked       146ms replayed  zr2c:child_oop_il
796        banked       143ms replayed  zr2c:child_oop_il
798        banked       140ms replayed  zr2c:child_oop_il
800        banked       139ms replayed  zr2c:child_oop_il
802        banked       140ms replayed  zr2c:child_oop_il
804        banked       144ms replayed  zr2c:child_oop_il
806        banked       140ms replayed  zr2c:child_oop_il
808        banked       142ms replayed  zr2c:child_nat_ip
810        banked       142ms replayed  zr2c:child_oop_il
812        banked       139ms replayed  zr2c:child_oop_il
814        banked       143ms replayed  zr2c:child_oop_il
816        banked       141ms replayed  zr2c:child_oop_il
818        banked       142ms replayed  zr2c:child_oop_il
820        banked       140ms replayed  zr2c:child_oop_il
822        banked       139ms replayed  zr2c:child_oop_il
824        banked       140ms replayed  zr2c:child_nat_ip
826        banked       155ms replayed  zr2c:child_oop_il
828        banked       147ms replayed  zr2c:child_oop_il
830        banked       139ms replayed  zr2c:child_oop_il
832        banked       140ms replayed  zr2c:child_oop_il
834        banked       145ms replayed  zr2c:child_nat_ip
836        banked       140ms replayed  zr2c:child_oop_il
838        banked       139ms replayed  zr2c:child_oop_il
840        banked       140ms replayed  zr2c:child_nat_ip
842        banked       143ms replayed  zr2c:child_oop_il
844        banked       142ms replayed  zr2c:child_nat_ip
846        banked       143ms replayed  zr2c:child_oop_il
848        banked       141ms replayed  zr2c:child_oop_il
850        banked       140ms replayed  zr2c:child_nat_ip
852        banked       139ms replayed  zr2c:child_oop_il
854        banked       140ms replayed  zr2c:child_oop_il
856        banked       140ms replayed  zr2c:child_oop_il
858        banked       146ms replayed  zr2c:child_oop_il
860        banked       139ms replayed  zr2c:child_oop_il
862        banked       139ms replayed  zr2c:child_oop_il
864        banked       141ms replayed  zr2c:child_oop_il
866        banked       141ms replayed  zr2c:child_oop_il
868        banked       143ms replayed  zr2c:child_oop_il
870        banked       153ms replayed  zr2c:child_oop_il
872        banked       139ms replayed  zr2c:child_oop_il
874        banked       141ms replayed  zr2c:child_oop_il
876        banked       144ms replayed  zr2c:child_oop_il
878        banked       140ms replayed  zr2c:child_oop_il
880        banked       139ms replayed  zr2c:child_oop_il
882        banked       140ms replayed  zr2c:child_oop_il
884        banked       143ms replayed  zr2c:child_oop_il
886        banked       139ms replayed  zr2c:child_oop_il
888        banked       144ms replayed  zr2c:child_oop_il
890        banked       153ms replayed  zr2c:child_oop_il
892        banked       155ms replayed  zr2c:child_oop_il
894        banked       139ms replayed  zr2c:child_oop_il
896        banked       139ms replayed  chain3
898        banked       140ms replayed  zr2c:child_oop_il
900        banked       140ms replayed  zr2c:child_oop_il
902        banked       140ms replayed  zr2c:child_oop_il
904        banked       142ms replayed  zr2c:child_oop_il
906        banked       140ms replayed  zr2c:child_oop_il
908        banked       143ms replayed  zr2c:child_oop_il
910        banked       141ms replayed  zr2c:child_oop_il
912        banked       140ms replayed  zr2c:child_oop_il
914        banked       143ms replayed  zr2c:child_oop_il
916        banked       140ms replayed  zr2c:child_oop_il
918        banked       141ms replayed  zr2c:child_oop_il
920        banked       139ms replayed  zr2c:child_oop_il
922        banked       141ms replayed  zr2c:child_oop_il
924        banked       145ms replayed  zr2c:child_oop_il
926        banked       143ms replayed  zr2c:child_oop_il
928        banked       140ms replayed  zr2c:child_oop_il
930        banked       139ms replayed  zr2c:child_oop_il
932        banked       143ms replayed  zr2c:child_oop_il
934        banked       139ms replayed  zr2c:child_oop_il
936        banked       149ms replayed  zr2c:child_oop_il
938        banked       140ms replayed  zr2c:child_oop_il
940        banked       140ms replayed  zr2c:child_oop_il
942        banked       144ms replayed  zr2c:child_oop_il
944        banked       139ms replayed  zr2c:child_oop_il
946        banked       142ms replayed  zr2c:child_oop_il
948        banked       147ms replayed  zr2c:child_oop_il
950        banked       140ms replayed  zr2c:child_oop_il
952        banked       149ms replayed  zr2c:child_oop_il
954        banked       140ms replayed  zr2c:child_oop_il
956        banked       140ms replayed  zr2c:child_oop_il
958        banked       156ms replayed  zr2c:child_oop_il
960        banked       142ms replayed  2p
962        banked       139ms replayed  zr2c:child_oop_il
964        banked       142ms replayed  zr2c:child_oop_il
966        banked       143ms replayed  zr2c:child_nat_ip
968        banked       143ms replayed  zr2c:child_oop_il
970        banked       139ms replayed  zr2c:child_oop_il
972        banked       154ms replayed  zr2c:child_oop_il
974        banked       141ms replayed  zr2c:child_nat_ip
976        banked       139ms replayed  zr2c:child_nat_ip
978        banked       139ms replayed  zr2c:child_oop_il
980        banked       143ms replayed  zr2c:child_oop_il
982        banked       139ms replayed  zr2c:child_oop_il
984        banked       140ms replayed  zr2c:child_oop_il
986        banked       141ms replayed  zr2c:child_oop_il
988        banked       161ms replayed  zr2c:child_oop_il
990        banked       154ms replayed  zr2c:child_oop_il
992        banked       139ms replayed  zr2c:child_oop_il
994        banked       141ms replayed  zr2c:child_oop_il
996        banked       139ms replayed  zr2c:child_oop_il
998        banked       139ms replayed  zr2c:child_oop_il
1000       banked       139ms replayed  zr2c:child_oop_il
1002       banked       139ms replayed  zr2c:child_oop_il
1004       banked       140ms replayed  zr2c:child_oop_il
1006       banked       146ms replayed  zr2c:child_oop_il
1008       banked       140ms replayed  zr2c:child_oop_il
1010       banked       140ms replayed  zr2c:child_oop_il
1012       banked       146ms replayed  zr2c:child_oop_il
1014       banked       139ms replayed  zr2c:child_nat_ip
1016       banked       140ms replayed  zr2c:child_oop_il
1018       banked       142ms replayed  zr2c:child_oop_il
1020       banked       153ms replayed  zr2c:child_oop_il
1022       banked       159ms replayed  zr2c:child_oop_il
1024       banked       140ms replayed  zr2c:child_oop_il
1026       banked       139ms replayed  zr2c:child_oop_il
1028       banked       139ms replayed  zr2c:child_oop_il
1030       banked       139ms replayed  zr2c:child_oop_il
1032       banked       144ms replayed  zr2c:child_oop_il
1034       banked       139ms replayed  zr2c:child_oop_il
1036       banked       140ms replayed  zr2c:child_oop_il
1038       banked       146ms replayed  zr2c:child_nat_ip
1040       banked       139ms replayed  zr2c:child_oop_il
1042       banked       142ms replayed  zr2c:child_oop_il
1044       banked       139ms replayed  zr2c:child_oop_il
1046       banked       139ms replayed  zr2c:child_oop_il
1048       banked       142ms replayed  zr2c:child_oop_il
1050       banked       142ms replayed  zr2c:child_oop_il
1052       banked       139ms replayed  zr2c:child_oop_il
1054       banked       141ms replayed  zr2c:child_oop_il
1056       banked       156ms replayed  zr2c:child_oop_il
1058       banked       140ms replayed  zr2c:child_oop_il
1060       banked       139ms replayed  zr2c:child_oop_il
1062       banked       141ms replayed  zr2c:child_oop_il
1064       banked       140ms replayed  zr2c:child_oop_il
1066       banked       139ms replayed  zr2c:child_oop_il
1068       banked       141ms replayed  zr2c:child_nat_ip
1070       banked       141ms replayed  zr2c:child_oop_il
1072       banked       147ms replayed  zr2c:child_oop_il
1074       banked       139ms replayed  zr2c:child_oop_il
1076       banked       141ms replayed  zr2c:child_oop_il
1078       banked       139ms replayed  zr2c:child_nat_ip
1080       banked       139ms replayed  zr2c:child_oop_il
1082       banked       141ms replayed  zr2c:child_oop_il
1084       banked       143ms replayed  zr2c:child_oop_il
1086       banked       144ms replayed  zr2c:child_oop_il
1088       banked       158ms replayed  zr2c:child_oop_il
1090       banked       174ms replayed  zr2c:child_oop_il
1092       banked       144ms replayed  zr2c:child_oop_il
1094       banked       139ms replayed  zr2c:child_oop_il
1096       banked       139ms replayed  zr2c:child_oop_il
1098       banked       142ms replayed  zr2c:child_oop_il
1100       banked       143ms replayed  zr2c:child_nat_ip
1102       banked       145ms replayed  zr2c:child_oop_il
1104       banked       154ms replayed  zr2c:child_oop_il
1106       banked       142ms replayed  zr2c:child_oop_il
1108       banked       141ms replayed  zr2c:child_oop_il
1110       banked       139ms replayed  zr2c:child_oop_il
1112       banked       144ms replayed  zr2c:child_oop_il
1114       banked       142ms replayed  zr2c:child_oop_il
1116       banked       139ms replayed  zr2c:child_oop_il
1118       banked       159ms replayed  zr2c:child_oop_il
1120       banked       142ms replayed  zr2c:child_oop_il
1122       banked       151ms replayed  zr2c:child_nat_ip
1124       banked       141ms replayed  zr2c:child_oop_il
1126       banked       143ms replayed  zr2c:child_oop_il
1128       banked       142ms replayed  zr2c:child_oop_il
1130       banked       140ms replayed  zr2c:child_oop_il
1132       banked       143ms replayed  zr2c:child_oop_il
1134       banked       154ms replayed  zr2c:child_nat_ip
1136       banked       158ms replayed  zr2c:child_nat_ip
1138       banked       141ms replayed  zr2c:child_oop_il
1140       banked       143ms replayed  zr2c:child_oop_il
1142       banked       140ms replayed  zr2c:child_oop_il
1144       banked       139ms replayed  zr2c:child_oop_il
1146       banked       139ms replayed  zr2c:child_oop_il
1148       banked       150ms replayed  zr2c:child_oop_il
1150       banked       149ms replayed  zr2c:child_oop_il
1152       banked       148ms replayed  2p
1154       banked       139ms replayed  zr2c:child_oop_il
1156       banked       143ms replayed  zr2c:child_oop_il
1158       banked       142ms replayed  zr2c:child_oop_il
1160       banked       140ms replayed  zr2c:child_oop_il
1162       banked       141ms replayed  zr2c:child_oop_il
1164       banked       139ms replayed  zr2c:child_oop_il
1166       banked       140ms replayed  zr2c:child_oop_il
1168       banked       144ms replayed  zr2c:child_nat_ip
1170       banked       142ms replayed  zr2c:child_oop_il
1172       banked       139ms replayed  zr2c:child_oop_il
1174       banked       140ms replayed  zr2c:child_oop_il
1176       banked       140ms replayed  zr2c:child_oop_il
1178       banked       141ms replayed  zr2c:child_oop_il
1180       banked       140ms replayed  zr2c:child_oop_il
1182       banked       143ms replayed  zr2c:child_oop_il
1184       banked       155ms replayed  zr2c:child_oop_il
1186       banked       140ms replayed  zr2c:child_oop_il
1188       banked       139ms replayed  zr2c:child_oop_il
1190       banked       141ms replayed  zr2c:child_oop_il
1192       banked       144ms replayed  zr2c:child_oop_il
1194       banked       142ms replayed  zr2c:child_oop_il
1196       banked       140ms replayed  zr2c:child_oop_il
1198       banked       142ms replayed  zr2c:child_oop_il
1200       banked       144ms replayed  zr2c:child_nat_ip
1202       banked       153ms replayed  zr2c:child_oop_il
1204       banked       142ms replayed  zr2c:child_oop_il
1206       banked       143ms replayed  zr2c:child_oop_il
1208       banked       142ms replayed  zr2c:child_oop_il
1210       banked       141ms replayed  zr2c:child_oop_il
1212       banked       142ms replayed  zr2c:child_oop_il
1214       banked       144ms replayed  zr2c:child_oop_il
1216       banked       145ms replayed  zr2c:child_oop_il
1218       banked       141ms replayed  zr2c:child_oop_il
1220       banked       146ms replayed  zr2c:child_oop_il
1222       banked       141ms replayed  zr2c:child_oop_il
1224       banked       140ms replayed  zr2c:child_oop_il
1226       banked       142ms replayed  zr2c:child_oop_il
1228       banked       139ms replayed  zr2c:child_oop_il
1230       banked       140ms replayed  zr2c:child_oop_il
1232       banked       140ms replayed  zr2c:child_oop_il
1234       banked       147ms replayed  zr2c:child_oop_il
1236       banked       139ms replayed  zr2c:child_oop_il
1238       banked       141ms replayed  zr2c:child_oop_il
1240       banked       140ms replayed  zr2c:child_oop_il
1242       banked       142ms replayed  zr2c:child_oop_il
1244       banked       139ms replayed  zr2c:child_oop_il
1246       banked       141ms replayed  zr2c:child_oop_il
1248       banked       141ms replayed  zr2c:child_oop_il
1250       banked       151ms replayed  zr2c:child_oop_il
1252       banked       166ms replayed  zr2c:child_oop_il
1254       banked       140ms replayed  zr2c:child_oop_il
1256       banked       142ms replayed  zr2c:child_oop_il
1258       banked       140ms replayed  zr2c:child_oop_il
1260       banked       140ms replayed  zr2c:child_nat_ip
1262       banked       141ms replayed  zr2c:child_oop_il
1264       banked       143ms replayed  zr2c:child_oop_il
1266       banked       144ms replayed  zr2c:child_oop_il
1268       banked       139ms replayed  zr2c:child_oop_il
1270       banked       139ms replayed  zr2c:child_oop_il
1272       banked       149ms replayed  zr2c:child_oop_il
1274       banked       141ms replayed  zr2c:child_oop_il
1276       banked       139ms replayed  zr2c:child_oop_il
1278       banked       141ms replayed  zr2c:child_oop_il
1280       banked       141ms replayed  2p
1282       banked       145ms replayed  zr2c:child_oop_il
1284       banked       140ms replayed  zr2c:child_oop_il
1286       banked       143ms replayed  zr2c:child_oop_il
1288       banked       141ms replayed  zr2c:child_oop_il
1290       banked       146ms replayed  zr2c:child_oop_il
1292       banked       143ms replayed  zr2c:child_oop_il
1294       banked       141ms replayed  zr2c:child_oop_il
1296       banked       142ms replayed  zr2c:child_oop_il
1298       banked       145ms replayed  zr2c:child_oop_il
1300       banked       141ms replayed  zr2c:child_oop_il
1302       banked       142ms replayed  zr2c:child_oop_il
1304       banked       140ms replayed  zr2c:child_oop_il
1306       banked       141ms replayed  zr2c:child_oop_il
1308       banked       140ms replayed  zr2c:child_oop_il
1310       banked       140ms replayed  zr2c:child_oop_il
1312       banked       141ms replayed  zr2c:child_oop_il
1314       banked       142ms replayed  zr2c:child_oop_il
1316       banked       140ms replayed  zr2c:child_oop_il
1318       banked       140ms replayed  zr2c:child_oop_il
1320       banked       143ms replayed  zr2c:child_oop_il
1322       banked       142ms replayed  zr2c:child_oop_il
1324       banked       142ms replayed  zr2c:child_oop_il
1326       banked       150ms replayed  zr2c:child_oop_il
1328       banked       142ms replayed  zr2c:child_oop_il
1330       banked       145ms replayed  zr2c:child_nat_ip
1332       banked       151ms replayed  zr2c:child_oop_il
1334       banked       140ms replayed  zr2c:child_oop_il
1336       banked       140ms replayed  zr2c:child_oop_il
1338       banked       142ms replayed  zr2c:child_oop_il
1340       banked       141ms replayed  zr2c:child_oop_il
1342       banked       141ms replayed  zr2c:child_oop_il
1344       banked       140ms replayed  2p
1346       banked       145ms replayed  zr2c:child_oop_il
1348       banked       155ms replayed  zr2c:child_oop_il
1350       banked       141ms replayed  zr2c:child_oop_il
1352       banked       143ms replayed  zr2c:child_oop_il
1354       banked       142ms replayed  zr2c:child_oop_il
1356       banked       140ms replayed  zr2c:child_nat_ip
1358       banked       139ms replayed  zr2c:child_oop_il
1360       banked       139ms replayed  zr2c:child_oop_il
1362       banked       143ms replayed  zr2c:child_oop_il
1364       banked       144ms replayed  zr2c:child_oop_il
1366       banked       143ms replayed  zr2c:child_oop_il
1368       banked       142ms replayed  zr2c:child_oop_il
1370       banked       140ms replayed  zr2c:child_oop_il
1372       banked       142ms replayed  zr2c:child_oop_il
1374       banked       139ms replayed  zr2c:child_nat_ip
1376       banked       140ms replayed  zr2c:child_oop_il
1378       banked       147ms replayed  zr2c:child_oop_il
1380       banked       156ms replayed  zr2c:child_nat_ip
1382       banked       148ms replayed  zr2c:child_oop_il
1384       banked       140ms replayed  zr2c:child_oop_il
1386       banked       144ms replayed  zr2c:child_oop_il
1388       banked       140ms replayed  zr2c:child_oop_il
1390       banked       141ms replayed  zr2c:child_oop_il
1392       banked       147ms replayed  zr2c:child_oop_il
1394       banked       145ms replayed  zr2c:child_oop_il
1396       banked       153ms replayed  zr2c:child_nat_ip
1398       banked       142ms replayed  zr2c:child_oop_il
1400       banked       139ms replayed  zr2c:child_oop_il
1402       banked       145ms replayed  zr2c:child_oop_il
1404       banked       157ms replayed  zr2c:child_oop_il
1406       banked       140ms replayed  zr2c:child_oop_il
1408       banked       140ms replayed  zr2c:child_oop_il
1410       banked       141ms replayed  zr2c:child_oop_il
1412       banked       146ms replayed  zr2c:child_oop_il
1414       banked       139ms replayed  zr2c:child_oop_il
1416       banked       139ms replayed  zr2c:child_oop_il
1418       banked       140ms replayed  zr2c:child_oop_il
1420       banked       152ms replayed  zr2c:child_oop_il
1422       banked       144ms replayed  zr2c:child_oop_il
1424       banked       143ms replayed  zr2c:child_oop_il
1426       banked       141ms replayed  zr2c:child_oop_il
1428       banked       146ms replayed  zr2c:child_oop_il
1430       banked       141ms replayed  zr2c:child_oop_il
1432       banked       139ms replayed  zr2c:child_oop_il
1434       banked       140ms replayed  zr2c:child_oop_il
1436       banked       142ms replayed  zr2c:child_oop_il
1438       banked       143ms replayed  zr2c:child_oop_il
1440       banked       142ms replayed  zr2c:child_oop_il
1442       banked       143ms replayed  zr2c:child_oop_il
1444       banked       148ms replayed  zr2c:child_oop_il
1446       banked       144ms replayed  zr2c:child_oop_il
1448       banked       140ms replayed  zr2c:child_oop_il
1450       banked       141ms replayed  zr2c:child_oop_il
1452       banked       138ms replayed  zr2c:child_nat_ip
1454       banked       140ms replayed  zr2c:child_oop_il
1456       banked       155ms replayed  zr2c:child_oop_il
1458       banked       140ms replayed  zr2c:child_oop_il
1460       banked       145ms replayed  zr2c:child_oop_il
1462       banked       140ms replayed  zr2c:child_oop_il
1464       banked       141ms replayed  zr2c:child_oop_il
1466       banked       139ms replayed  zr2c:child_oop_il
1468       banked       140ms replayed  zr2c:child_oop_il
1470       banked       147ms replayed  zr2c:child_oop_il
1472       banked       141ms replayed  zr2c:child_oop_il
1474       banked       139ms replayed  zr2c:child_oop_il
1476       banked       148ms replayed  zr2c:child_oop_il
1478       banked       139ms replayed  zr2c:child_nat_ip
1480       banked       146ms replayed  zr2c:child_oop_il
1482       banked       142ms replayed  zr2c:child_oop_il
1484       banked       140ms replayed  zr2c:child_oop_il
1486       banked       143ms replayed  zr2c:child_oop_il
1488       banked       139ms replayed  zr2c:child_oop_il
1490       banked       140ms replayed  zr2c:child_oop_il
1492       banked       143ms replayed  zr2c:child_oop_il
1494       banked       138ms replayed  zr2c:child_oop_il
1496       banked       139ms replayed  zr2c:child_oop_il
1498       banked       143ms replayed  zr2c:child_oop_il
1500       banked       139ms replayed  zr2c:child_nat_ip
1502       banked       141ms replayed  zr2c:child_oop_il
1504       banked       142ms replayed  zr2c:child_oop_il
1506       banked       140ms replayed  zr2c:child_oop_il
1508       banked       149ms replayed  zr2c:child_oop_il
1510       banked       139ms replayed  zr2c:child_oop_il
1512       banked       144ms replayed  zr2c:child_oop_il
1514       banked       141ms replayed  zr2c:child_oop_il
1516       banked       141ms replayed  zr2c:child_oop_il
1518       banked       139ms replayed  zr2c:child_oop_il
1520       banked       142ms replayed  zr2c:child_oop_il
1522       banked       146ms replayed  zr2c:child_oop_il
1524       banked       145ms replayed  zr2c:child_oop_il
1526       banked       157ms replayed  zr2c:child_oop_il
1528       banked       140ms replayed  zr2c:child_oop_il
1530       banked       139ms replayed  zr2c:child_oop_il
1532       banked       139ms replayed  zr2c:child_oop_il
1534       banked       141ms replayed  zr2c:child_nat_ip
1536       banked       140ms replayed  2p
1538       banked       140ms replayed  zr2c:child_oop_il
1540       banked       145ms replayed  zr2c:child_oop_il
1542       banked       141ms replayed  zr2c:child_oop_il
1544       banked       140ms replayed  zr2c:child_oop_il
1546       banked       141ms replayed  zr2c:child_nat_ip
1548       banked       139ms replayed  zr2c:child_oop_il
1550       banked       141ms replayed  zr2c:child_oop_il
1552       banked       139ms replayed  zr2c:child_oop_il
1554       banked       143ms replayed  zr2c:child_oop_il
1556       banked       146ms replayed  zr2c:child_oop_il
1558       banked       145ms replayed  zr2c:child_oop_il
1560       banked       139ms replayed  zr2c:child_oop_il
1562       banked       144ms replayed  zr2c:child_oop_il
1564       banked       138ms replayed  zr2c:child_oop_il
1566       banked       141ms replayed  zr2c:child_oop_il
1568       banked       139ms replayed  zr2c:child_oop_il
1570       banked       140ms replayed  zr2c:child_oop_il
1572       banked       140ms replayed  zr2c:child_oop_il
1574       banked       155ms replayed  zr2c:child_oop_il
1576       banked       160ms replayed  zr2c:child_oop_il
1578       banked       142ms replayed  zr2c:child_oop_il
1580       banked       139ms replayed  zr2c:child_oop_il
1582       banked       150ms replayed  zr2c:child_oop_il
1584       banked       139ms replayed  zr2c:child_oop_il
1586       banked       141ms replayed  zr2c:child_oop_il
1588       banked       140ms replayed  zr2c:child_oop_il
1590       banked       149ms replayed  zr2c:child_oop_il
1592       banked       140ms replayed  zr2c:child_oop_il
1594       banked       140ms replayed  zr2c:child_oop_il
1596       banked       143ms replayed  zr2c:child_oop_il
1598       banked       141ms replayed  zr2c:child_oop_il
1600       banked       141ms replayed  2p
1602       banked       141ms replayed  zr2c:child_oop_il
1604       banked       146ms replayed  zr2c:child_oop_il
1606       banked       146ms replayed  zr2c:child_oop_il
1608       banked       146ms replayed  zr2c:child_oop_il
1610       banked       139ms replayed  zr2c:child_nat_ip
1612       banked       138ms replayed  zr2c:child_oop_il
1614       banked       139ms replayed  zr2c:child_oop_il
1616       banked       140ms replayed  zr2c:child_oop_il
1618       banked       139ms replayed  zr2c:child_oop_il
1620       banked       140ms replayed  zr2c:child_oop_il
1622       banked       146ms replayed  zr2c:child_oop_il
1624       banked       143ms replayed  zr2c:child_nat_ip
1626       banked       158ms replayed  zr2c:child_oop_il
1628       banked       140ms replayed  zr2c:child_oop_il
1630       banked       138ms replayed  zr2c:child_oop_il
1632       banked       140ms replayed  zr2c:child_oop_il
1634       banked       140ms replayed  zr2c:child_oop_il
1636       banked       151ms replayed  zr2c:child_oop_il
1638       banked       153ms replayed  zr2c:child_oop_il
1640       banked       141ms replayed  zr2c:child_oop_il
1642       banked       140ms replayed  zr2c:child_oop_il
1644       banked       142ms replayed  zr2c:child_oop_il
1646       banked       145ms replayed  zr2c:child_oop_il
1648       banked       139ms replayed  zr2c:child_oop_il
1650       banked       138ms replayed  zr2c:child_oop_il
1652       banked       141ms replayed  zr2c:child_oop_il
1654       banked       165ms replayed  zr2c:child_oop_il
1656       banked       139ms replayed  zr2c:child_oop_il
1658       banked       140ms replayed  zr2c:child_oop_il
1660       banked       145ms replayed  zr2c:child_oop_il
1662       banked       139ms replayed  zr2c:child_oop_il
1664       banked       140ms replayed  zr2c:child_oop_il
1666       banked       139ms replayed  zr2c:child_oop_il
1668       banked       145ms replayed  zr2c:child_oop_il
1670       banked       160ms replayed  zr2c:child_oop_il
1672       banked       141ms replayed  zr2c:child_nat_ip
1674       banked       140ms replayed  zr2c:child_oop_il
1676       banked       140ms replayed  zr2c:child_oop_il
1678       banked       144ms replayed  zr2c:child_oop_il
1680       banked       139ms replayed  zr2c:child_oop_il
1682       banked       141ms replayed  zr2c:child_oop_il
1684       banked       140ms replayed  zr2c:child_oop_il
1686       banked       141ms replayed  zr2c:child_oop_il
1688       banked       145ms replayed  zr2c:child_oop_il
1690       banked       144ms replayed  zr2c:child_oop_il
1692       banked       140ms replayed  zr2c:child_oop_il
1694       banked       147ms replayed  zr2c:child_oop_il
1696       banked       140ms replayed  zr2c:child_oop_il
1698       banked       141ms replayed  zr2c:child_oop_il
1700       banked       151ms replayed  zr2c:child_oop_il
1702       banked       161ms replayed  zr2c:child_oop_il
1704       banked       141ms replayed  zr2c:child_oop_il
1706       banked       140ms replayed  zr2c:child_oop_il
1708       banked       139ms replayed  zr2c:child_oop_il
1710       banked       142ms replayed  zr2c:child_oop_il
1712       banked       140ms replayed  zr2c:child_oop_il
1714       banked       143ms replayed  zr2c:child_oop_il
1716       banked       141ms replayed  zr2c:child_nat_ip
1718       banked       143ms replayed  zr2c:child_oop_il
1720       banked       139ms replayed  zr2c:child_oop_il
1722       banked       141ms replayed  zr2c:child_oop_il
1724       banked       140ms replayed  zr2c:child_oop_il
1726       banked       148ms replayed  zr2c:child_oop_il
1728       banked       141ms replayed  2p
1730       banked       140ms replayed  zr2c:child_oop_il
1732       banked       141ms replayed  zr2c:child_oop_il
1734       banked       148ms replayed  zr2c:child_nat_ip
1736       banked       139ms replayed  zr2c:child_oop_il
1738       banked       143ms replayed  zr2c:child_oop_il
1740       banked       142ms replayed  zr2c:child_oop_il
1742       banked       139ms replayed  zr2c:child_oop_il
1744       banked       139ms replayed  zr2c:child_oop_il
1746       banked       139ms replayed  zr2c:child_oop_il
1748       banked       140ms replayed  zr2c:child_oop_il
1750       banked       144ms replayed  zr2c:child_oop_il
1752       banked       171ms replayed  zr2c:child_oop_il
1754       banked       140ms replayed  zr2c:child_oop_il
1756       banked       139ms replayed  zr2c:child_oop_il
1758       banked       141ms replayed  zr2c:child_oop_il
1760       banked       142ms replayed  zr2c:child_oop_il
1762       banked       142ms replayed  zr2c:child_oop_il
1764       banked       139ms replayed  zr2c:child_nat_ip
1766       banked       144ms replayed  zr2c:child_oop_il
1768       banked       139ms replayed  zr2c:child_oop_il
1770       banked       140ms replayed  zr2c:child_oop_il
1772       banked       139ms replayed  zr2c:child_oop_il
1774       banked       140ms replayed  zr2c:child_oop_il
1776       banked       146ms replayed  zr2c:child_oop_il
1778       banked       141ms replayed  zr2c:child_oop_il
1780       banked       141ms replayed  zr2c:child_oop_il
1782       banked       144ms replayed  zr2c:child_oop_il
1784       banked       148ms replayed  zr2c:child_oop_il
1786       banked       143ms replayed  zr2c:child_oop_il
1788       banked       139ms replayed  zr2c:child_oop_il
1790       banked       141ms replayed  zr2c:child_oop_il
1792       banked       140ms replayed  chain3
1794       banked       142ms replayed  zr2c:child_oop_il
1796       banked       156ms replayed  zr2c:child_oop_il
1798       banked       140ms replayed  zr2c:child_oop_il
1800       banked       142ms replayed  zr2c:child_oop_il
1802       banked       144ms replayed  zr2c:child_oop_il
1804       banked       139ms replayed  zr2c:child_oop_il
1806       banked       142ms replayed  zr2c:child_oop_il
1808       banked       139ms replayed  zr2c:child_oop_il
1810       banked       141ms replayed  zr2c:child_oop_il
1812       banked       140ms replayed  zr2c:child_oop_il
1814       banked       147ms replayed  zr2c:child_oop_il
1816       banked       139ms replayed  zr2c:child_nat_ip
1818       banked       140ms replayed  zr2c:child_oop_il
1820       banked       141ms replayed  zr2c:child_oop_il
1822       banked       140ms replayed  zr2c:child_oop_il
1824       banked       141ms replayed  zr2c:child_oop_il
1826       banked       139ms replayed  zr2c:child_nat_ip
1828       banked       141ms replayed  zr2c:child_oop_il
1830       banked       151ms replayed  zr2c:child_oop_il
1832       banked       141ms replayed  zr2c:child_oop_il
1834       banked       140ms replayed  zr2c:child_oop_il
1836       banked       139ms replayed  zr2c:child_oop_il
1838       banked       143ms replayed  zr2c:child_oop_il
1840       banked       141ms replayed  zr2c:child_oop_il
1842       banked       139ms replayed  zr2c:child_nat_ip
1844       banked       144ms replayed  zr2c:child_oop_il
1846       banked       139ms replayed  zr2c:child_oop_il
1848       banked       150ms replayed  zr2c:child_oop_il
1850       banked       148ms replayed  zr2c:child_oop_il
1852       banked       143ms replayed  zr2c:child_oop_il
1854       banked       152ms replayed  zr2c:child_oop_il
1856       banked       140ms replayed  zr2c:child_oop_il
1858       banked       140ms replayed  zr2c:child_oop_il
1860       banked       141ms replayed  zr2c:child_oop_il
1862       banked       145ms replayed  zr2c:child_oop_il
1864       banked       145ms replayed  zr2c:child_nat_ip
1866       banked       142ms replayed  zr2c:child_oop_il
1868       banked       140ms replayed  zr2c:child_oop_il
1870       banked       144ms replayed  zr2c:child_nat_ip
1872       banked       140ms replayed  zr2c:child_oop_il
1874       banked       149ms replayed  zr2c:child_oop_il
1876       banked       139ms replayed  zr2c:child_oop_il
1878       banked       142ms replayed  zr2c:child_oop_il
1880       banked       144ms replayed  zr2c:child_oop_il
1882       banked       140ms replayed  zr2c:child_oop_il
1884       banked       141ms replayed  zr2c:child_oop_il
1886       banked       140ms replayed  zr2c:child_nat_ip
1888       banked       139ms replayed  zr2c:child_oop_il
1890       banked       141ms replayed  zr2c:child_oop_il
1892       banked       139ms replayed  zr2c:child_oop_il
1894       banked       140ms replayed  zr2c:child_oop_il
1896       banked       145ms replayed  zr2c:child_oop_il
1898       banked       142ms replayed  zr2c:child_oop_il
1900       banked       140ms replayed  zr2c:child_oop_il
1902       banked       144ms replayed  zr2c:child_oop_il
1904       banked       139ms replayed  zr2c:child_oop_il
1906       banked       140ms replayed  zr2c:child_oop_il
1908       banked       139ms replayed  zr2c:child_oop_il
1910       banked       140ms replayed  zr2c:child_oop_il
1912       banked       148ms replayed  zr2c:child_oop_il
1914       banked       143ms replayed  zr2c:child_oop_il
1916       banked       156ms replayed  zr2c:child_nat_ip
1918       banked       140ms replayed  zr2c:child_nat_ip
1920       banked       140ms replayed  2p
1922       banked       147ms replayed  zr2c:child_oop_il
1924       banked       140ms replayed  zr2c:child_oop_il
1926       banked       142ms replayed  zr2c:child_oop_il
1928       banked       145ms replayed  zr2c:child_oop_il
1930       banked       140ms replayed  zr2c:child_oop_il
1932       banked       138ms replayed  zr2c:child_oop_il
1934       banked       139ms replayed  zr2c:child_oop_il
1936       banked       155ms replayed  zr2c:child_oop_il
1938       banked       139ms replayed  zr2c:child_oop_il
1940       banked       140ms replayed  zr2c:child_oop_il
1942       banked       142ms replayed  zr2c:child_oop_il
1944       banked       141ms replayed  zr2c:child_oop_il
1946       banked       157ms replayed  zr2c:child_oop_il
1948       banked       139ms replayed  zr2c:child_oop_il
1950       banked       141ms replayed  zr2c:child_oop_il
1952       banked       140ms replayed  zr2c:child_oop_il
1954       banked       139ms replayed  zr2c:child_oop_il
1956       banked       139ms replayed  zr2c:child_oop_il
1958       banked       158ms replayed  zr2c:child_oop_il
1960       banked       153ms replayed  zr2c:child_oop_il
1962       banked       140ms replayed  zr2c:child_oop_il
1964       banked       141ms replayed  zr2c:child_oop_il
1966       banked       139ms replayed  zr2c:child_nat_ip
1968       banked       139ms replayed  zr2c:child_nat_ip
1970       banked       142ms replayed  zr2c:child_oop_il
1972       banked       139ms replayed  zr2c:child_oop_il
1974       banked       141ms replayed  zr2c:child_oop_il
1976       banked       144ms replayed  zr2c:child_oop_il
1978       banked       145ms replayed  zr2c:child_oop_il
1980       banked       139ms replayed  zr2c:child_oop_il
1982       banked       139ms replayed  zr2c:child_oop_il
1984       banked       139ms replayed  zr2c:child_oop_il
1986       banked       140ms replayed  zr2c:child_oop_il
1988       banked       140ms replayed  zr2c:child_oop_il
1990       banked       149ms replayed  zr2c:child_oop_il
1992       banked       157ms replayed  zr2c:child_oop_il
1994       banked       139ms replayed  zr2c:child_oop_il
1996       banked       140ms replayed  zr2c:child_oop_il
1998       banked       140ms replayed  zr2c:child_oop_il
2000       banked       140ms replayed  zr2c:child_oop_il
2002       banked       139ms replayed  zr2c:child_oop_il
2004       banked       140ms replayed  zr2c:child_oop_il
2006       banked       140ms replayed  zr2c:child_oop_il
2008       banked       141ms replayed  zr2c:child_oop_il
2010       banked       152ms replayed  zr2c:child_oop_il
2012       banked       139ms replayed  zr2c:child_oop_il
2014       banked       144ms replayed  zr2c:child_oop_il
2016       banked       140ms replayed  zr2c:child_oop_il
2018       banked       140ms replayed  zr2c:child_oop_il
2020       banked       139ms replayed  zr2c:child_oop_il
2022       banked       147ms replayed  zr2c:child_oop_il
2024       banked       144ms replayed  zr2c:child_oop_il
2026       banked       145ms replayed  zr2c:child_oop_il
2028       banked       141ms replayed  zr2c:child_oop_il
2030       banked       139ms replayed  zr2c:child_oop_il
2032       banked       139ms replayed  zr2c:child_oop_il
2034       banked       144ms replayed  zr2c:child_oop_il
2036       banked       141ms replayed  zr2c:child_oop_il
2038       banked       142ms replayed  zr2c:child_oop_il
2040       banked       143ms replayed  zr2c:child_oop_il
2042       banked       147ms replayed  zr2c:child_oop_il
2044       banked       140ms replayed  zr2c:child_oop_il
2046       banked       140ms replayed  zr2c:child_oop_il
2048       banked       139ms replayed  zr2c:child_oop_il
