2026-10-10 06:23:05 store: fresh copy of this CPU's shipped wisdom (C:\Users\Tugbars\Desktop\highSpeedFFT\src\wisdom\14900KF)
2026-10-10 06:23:05 run: 993 cells, contract out of place, bin C:\Users\Tugbars\Desktop\highSpeedFFT\gauntlet
2026-10-10 06:23:05 calibrate: 993 cells (0 already done)
2026-10-10 06:23:09   calibrated 25/993 (112), 4 s elapsed
2026-10-10 06:23:13   calibrated 50/993 (162), 8 s elapsed
2026-10-10 06:23:16   calibrated 75/993 (212), 11 s elapsed
2026-10-10 06:23:20   calibrated 100/993 (262), 15 s elapsed
2026-10-10 06:23:24   calibrated 125/993 (312), 19 s elapsed
2026-10-10 06:23:28   calibrated 150/993 (362), 23 s elapsed
2026-10-10 06:23:32   calibrated 175/993 (412), 27 s elapsed
2026-10-10 06:23:35   calibrated 200/993 (462), 31 s elapsed
2026-10-10 06:23:39   calibrated 225/993 (512), 34 s elapsed
2026-10-10 06:23:43   calibrated 250/993 (562), 38 s elapsed
2026-10-10 06:23:47   calibrated 275/993 (612), 42 s elapsed
2026-10-10 06:23:51   calibrated 300/993 (662), 46 s elapsed
2026-10-10 06:23:54   calibrated 325/993 (712), 49 s elapsed
2026-10-10 06:23:58   calibrated 350/993 (762), 53 s elapsed
2026-10-10 06:24:02   calibrated 375/993 (812), 57 s elapsed
2026-10-10 06:24:06   calibrated 400/993 (862), 61 s elapsed
2026-10-10 06:24:10   calibrated 425/993 (912), 65 s elapsed
2026-10-10 06:24:13   calibrated 450/993 (962), 68 s elapsed
2026-10-10 06:24:17   calibrated 475/993 (1012), 72 s elapsed
2026-10-10 06:24:21   calibrated 500/993 (1062), 76 s elapsed
2026-10-10 06:24:25   calibrated 525/993 (1112), 80 s elapsed
2026-10-10 06:24:29   calibrated 550/993 (1162), 84 s elapsed
2026-10-10 06:24:32   calibrated 575/993 (1212), 87 s elapsed
2026-10-10 06:24:36   calibrated 600/993 (1262), 91 s elapsed
2026-10-10 06:24:40   calibrated 625/993 (1312), 95 s elapsed
2026-10-10 06:24:44   calibrated 650/993 (1362), 99 s elapsed
2026-10-10 06:24:48   calibrated 675/993 (1412), 103 s elapsed
2026-10-10 06:24:51   calibrated 700/993 (1462), 106 s elapsed
2026-10-10 06:24:55   calibrated 725/993 (1512), 110 s elapsed
2026-10-10 06:24:59   calibrated 750/993 (1562), 114 s elapsed
2026-10-10 06:25:03   calibrated 775/993 (1612), 118 s elapsed
2026-10-10 06:25:06   calibrated 800/993 (1662), 122 s elapsed
2026-10-10 06:25:10   calibrated 825/993 (1712), 125 s elapsed
2026-10-10 06:25:14   calibrated 850/993 (1762), 129 s elapsed
2026-10-10 06:25:18   calibrated 875/993 (1812), 133 s elapsed
2026-10-10 06:25:22   calibrated 900/993 (1862), 137 s elapsed
2026-10-10 06:25:25   calibrated 925/993 (1912), 141 s elapsed
2026-10-10 06:25:29   calibrated 950/993 (1962), 144 s elapsed
2026-10-10 06:25:33   calibrated 975/993 (2012), 148 s elapsed
2026-10-10 06:25:36   calibrated 993/993 (2048), 151 s elapsed
2026-10-10 06:25:36 bench: 993 cells (0 already benched, 0 not banked -> not benched)
2026-10-10 06:26:16   benched 25/993 (112), 39 s elapsed
2026-10-10 06:26:56   benched 50/993 (162), 79 s elapsed
2026-10-10 06:27:37   benched 75/993 (212), 120 s elapsed
2026-10-10 06:28:19   benched 100/993 (262), 162 s elapsed
2026-10-10 06:29:00   benched 125/993 (312), 203 s elapsed
2026-10-10 06:29:43   benched 150/993 (362), 246 s elapsed
2026-10-10 06:30:25   benched 175/993 (412), 287 s elapsed
2026-10-10 06:31:08   benched 200/993 (462), 330 s elapsed
2026-10-10 06:31:49   benched 225/993 (512), 372 s elapsed
2026-10-10 06:32:34   benched 250/993 (562), 416 s elapsed
2026-10-10 06:33:18   benched 275/993 (612), 460 s elapsed
2026-10-10 06:34:03   benched 300/993 (662), 506 s elapsed
2026-10-10 06:34:47   benched 325/993 (712), 550 s elapsed
2026-10-10 06:35:30   benched 350/993 (762), 593 s elapsed
2026-10-10 06:36:14   benched 375/993 (812), 636 s elapsed
2026-10-10 06:36:59   benched 400/993 (862), 682 s elapsed
2026-10-10 06:37:42   benched 425/993 (912), 725 s elapsed
2026-10-10 06:38:25   benched 450/993 (962), 768 s elapsed
2026-10-10 06:39:08   benched 475/993 (1012), 811 s elapsed
2026-10-10 06:39:55   benched 500/993 (1062), 858 s elapsed
2026-10-10 06:40:43   benched 525/993 (1112), 906 s elapsed
2026-10-10 06:41:29   benched 550/993 (1162), 952 s elapsed
2026-10-10 06:42:16   benched 575/993 (1212), 999 s elapsed
2026-10-10 06:43:03   benched 600/993 (1262), 1045 s elapsed
2026-10-10 06:43:49   benched 625/993 (1312), 1092 s elapsed
2026-10-10 06:44:35   benched 650/993 (1362), 1138 s elapsed
2026-10-10 06:45:20   benched 675/993 (1412), 1183 s elapsed
2026-10-10 06:46:07   benched 700/993 (1462), 1230 s elapsed
2026-10-10 06:46:53   benched 725/993 (1512), 1275 s elapsed
2026-10-10 06:47:38   benched 750/993 (1562), 1321 s elapsed
2026-10-10 06:48:24   benched 775/993 (1612), 1367 s elapsed
2026-10-10 06:49:11   benched 800/993 (1662), 1413 s elapsed
2026-10-10 06:49:55   benched 825/993 (1712), 1458 s elapsed
2026-10-10 06:50:40   benched 850/993 (1762), 1503 s elapsed
2026-10-10 06:51:25   benched 875/993 (1812), 1548 s elapsed
2026-10-10 06:52:11   benched 900/993 (1862), 1594 s elapsed
2026-10-10 06:52:56   benched 925/993 (1912), 1639 s elapsed
2026-10-10 06:53:40   benched 950/993 (1962), 1683 s elapsed
2026-10-10 06:54:25   benched 975/993 (2012), 1728 s elapsed
2026-10-10 06:54:56   benched 993/993 (2048), 1759 s elapsed
2026-10-10 06:54:58 report: C:\Users\Tugbars\Desktop\highSpeedFFT\gauntlet\results\kfr_r2c_even_64_2048\report_r2c_kfr.md
