2x2        banked       371ms raced     chain
2x4        banked       286ms raced     chain
2x8        banked       287ms raced     chain
2x16       banked       307ms raced     chain
2x32       banked       313ms raced     chain
2x64       banked       310ms raced     chain
2x128      banked       283ms raced     chain
2x256      banked       326ms raced     chain
2x512      banked       284ms raced     chain
2x1024     banked       293ms raced     chain
2x2048     banked       290ms raced     chain
2x4096     banked       290ms raced     chain
2x8192     banked      8071ms raced     chain
4x2        banked       290ms raced     chain
4x4        banked       285ms raced     chain
4x8        banked       292ms raced     chain
4x16       banked       297ms raced     chain
4x32       banked       316ms raced     chain
4x64       banked       312ms raced     chain
4x128      banked       277ms raced     chain
4x256      banked       328ms raced     chain
4x512      banked       284ms raced     chain
4x1024     banked       289ms raced     chain
4x2048     banked       288ms raced     chain
4x4096     banked       290ms raced     chain
4x8192     banked       289ms raced     chain
8x2        banked       296ms raced     chain
8x4        banked       295ms raced     chain
8x8        banked       290ms raced     chain
8x16       banked       308ms raced     chain
8x32       banked       317ms raced     chain
8x64       banked       331ms raced     chain
8x128      banked       283ms raced     chain
8x256      banked       325ms raced     chain
8x512      banked       287ms raced     chain
8x1024     banked       299ms raced     chain
8x2048     banked       293ms raced     chain
8x4096     banked       289ms raced     chain
8x8192     banked       293ms raced     chain
16x2       banked       299ms raced     chain
16x4       banked       285ms raced     chain
16x8       banked       293ms raced     chain
16x16      banked       298ms raced     chain
16x32      banked       314ms raced     chain
16x64      banked       331ms raced     chain
16x128     banked       280ms raced     chain
16x256     banked       419ms raced     chain
16x512     banked       316ms raced     chain
16x1024    banked       326ms raced     chain
16x2048    banked       303ms raced     chain
16x4096    banked       306ms raced     chain
16x8192    banked       306ms raced     chain
32x2       banked       506ms raced     chain
32x4       banked       520ms raced     chain
32x8       banked       503ms raced     chain
32x16      banked       513ms raced     chain
32x32      banked       542ms raced     chain
32x64      banked       557ms raced     chain
32x128     banked       520ms raced     chain
32x256     banked       404ms raced     chain
32x512     banked       525ms raced     chain
32x1024    banked       504ms raced     chain
32x2048    banked       523ms raced     chain
32x4096    banked       525ms raced     chain
32x8192    banked       324ms raced     chain
64x2       banked       508ms raced     chain
64x4       banked       504ms raced     chain
64x8       banked       493ms raced     chain
64x16      banked       527ms raced     chain
64x32      banked       539ms raced     chain
64x64      banked       598ms raced     chain
64x128     banked       521ms raced     chain
64x256     banked       445ms raced     chain
64x512     banked       320ms raced     chain
64x1024    banked       525ms raced     chain
64x2048    banked       526ms raced     chain
64x4096    banked       345ms raced     chain
64x8192    banked       374ms raced     chain
128x2      banked       330ms raced     chain
128x4      banked       512ms raced     chain
128x8      banked       585ms raced     chain
128x16     banked       465ms raced     chain
128x32     banked       418ms raced     chain
128x64     banked       434ms raced     chain
128x128    banked       316ms raced     chain
128x256    banked       445ms raced     chain
128x512    banked       330ms raced     chain
128x1024   banked       335ms raced     chain
128x2048   banked       351ms raced     chain
128x4096   banked       411ms raced     chain
128x8192   banked       574ms raced     chain
256x2      banked       542ms raced     chain
256x4      banked       426ms raced     chain
256x8      banked       688ms raced     chain
256x16     banked       728ms raced     chain
256x32     banked       616ms raced     chain
256x64     banked       533ms raced     chain
256x128    banked       342ms raced     chain
256x256    banked       474ms raced     chain
256x512    banked       354ms raced     chain
256x1024   banked       372ms raced     chain
256x2048   banked       452ms raced     chain
256x4096   banked       677ms raced     chain
256x8192   banked      1309ms raced     chain
512x2      banked       641ms raced     chain
512x4      banked       678ms raced     chain
512x8      banked       405ms raced     chain
512x16     banked       601ms raced     chain
512x32     banked       492ms raced     chain
512x64     banked       486ms raced     chain
512x128    banked       345ms raced     chain
512x256    banked       528ms raced     chain
512x512    banked       390ms raced     chain
512x1024   banked       481ms raced     chain
512x2048   banked       786ms raced     chain
512x4096   banked      1561ms raced     chain
512x8192   banked      3122ms raced     chain
1024x2     banked       377ms raced     chain
1024x4     banked       471ms raced     chain
1024x8     banked       456ms raced     chain
1024x16    banked       538ms raced     chain
1024x32    banked       524ms raced     chain
1024x64    banked       531ms raced     chain
1024x128   banked       368ms raced     chain
1024x256   banked       544ms raced     chain
1024x512   banked       490ms raced     chain
1024x1024  banked       802ms raced     chain
1024x2048  banked      1633ms raced     chain
1024x4096  banked      3246ms raced     chain
2048x2     banked       872ms raced     chain
2048x4     banked       490ms raced     chain
2048x8     banked       463ms raced     chain
2048x16    banked       538ms raced     chain
2048x32    banked       759ms raced     chain
2048x64    banked       857ms raced     chain
2048x128   banked       412ms raced     chain
2048x256   banked       749ms raced     chain
2048x512   banked       827ms raced     chain
2048x1024  banked      1737ms raced     chain
2048x2048  banked      3349ms raced     chain
4096x2     banked       773ms raced     chain
4096x4     banked       401ms raced     chain
4096x8     banked       626ms raced     chain
4096x16    banked       882ms raced     chain
4096x32    banked       965ms raced     chain
4096x64    banked       856ms raced     chain
4096x128   banked       761ms raced     chain
4096x256   banked      1563ms raced     chain
4096x512   banked      2106ms raced     chain
4096x1024  banked      3599ms raced     chain
8192x2     banked       967ms raced     chain
8192x4     banked       836ms raced     chain
8192x8     banked       781ms raced     chain
8192x16    banked       817ms raced     chain
8192x32    banked      1037ms raced     chain
8192x64    banked      1232ms raced     chain
8192x128   banked      1136ms raced     chain
8192x256   banked      3537ms raced     chain
8192x512   banked      4528ms raced     chain
