16x16      banked       553ms raced     chain
32x16      banked       611ms raced     chain
32x32      banked       604ms raced     chain
128x64     banked       358ms raced     chain
128x128    banked       311ms raced     chain
128x256    banked       306ms raced     chain
128x512    banked       317ms raced     chain
256x32     banked       353ms raced     chain
256x64     banked       331ms raced     chain
256x128    banked       308ms raced     chain
256x256    banked       311ms raced     chain
256x8192   banked      8915ms raced     chain
512x64     banked       321ms raced     chain
512x128    banked       325ms raced     chain
1024x64    banked       316ms raced     chain
2048x2048  banked      3436ms raced     chain
4096x128   banked       727ms raced     chain
4096x256   banked      1111ms raced     chain
4096x1024  banked      3442ms raced     chain
8192x128   banked      1159ms raced     chain
8192x256   banked      2237ms raced     chain
8192x512   banked      4345ms raced     chain
