2          REFUSED      120ms refused   mono
4          banked       123ms replayed  mono
8          banked       121ms replayed  mono
16         banked       117ms replayed  zrp:4.4:n1t
32         banked       119ms replayed  zrp:4.8:r2z
64         banked       118ms replayed  zrp:4.16:r2z
128        banked       118ms replayed  zr2c:child_oop_il
256        banked       118ms replayed  zr2c:child_oop_il
512        banked       117ms replayed  2p
1024       banked       118ms replayed  2p
2048       banked       118ms replayed  2p
4096       banked       118ms replayed  2p
8192       banked       117ms replayed  2p
16384      banked       120ms replayed  ztt
32768      banked       120ms replayed  ztt
65536      banked       120ms replayed  ztt
131072     banked       126ms replayed  ztt
262144     banked       134ms replayed  ztt
524288     banked       149ms replayed  ztt
1048576    banked       121ms replayed  zr2c:child_oop_il
2097152    banked       125ms replayed  zr2c:child_nat_ip
4194304    banked       135ms replayed  zr2c:child_nat_ip
8388608    banked       144ms replayed  zr2c:child_nat_ip
