16         banked       921ms raced     zrp:4.4
24         banked      4984ms raced     zrp:6.4
32         banked      1268ms raced     zrp:4.8
36         banked      6686ms raced     zrp:6.6
40         banked      4841ms raced     zrp:4.10
48         banked      6208ms raced     zrp:4.12
56         banked      4636ms raced     zr2c:child_oop_il
60         banked     10330ms raced     zrp:6.10
64         banked      1937ms raced     zrp:4.16
72         banked     15109ms raced     zr2c:child_oop_il
80         banked      6330ms raced     zrp:8.10
96         banked     17172ms raced     zr2c:child_oop_il
100        banked      6527ms raced     zr2c:child_oop_il
108        banked     15160ms raced     zr2c:child_oop_il
112        banked      5577ms raced     zr2c:child_oop_il
120        banked     25206ms raced     zr2c:child_oop_il
128        banked      2258ms raced     zrp:8.16
144        banked     18652ms raced     zr2c:child_oop_il
160        banked     16521ms raced     zrp:16.10
180        banked     31884ms raced     zr2c:child_oop_il
192        banked     26682ms raced     zr2c:child_oop_il
200        banked     14793ms raced     zr2c:child_oop_il
216        banked     44232ms raced     zr2c:child_oop_il
224        banked     14673ms raced     zr2c:child_oop_il
240        banked     32009ms raced     zr2c:child_oop_il
256        banked      3504ms raced     zr2c:child_oop_il
288        banked     57828ms raced     zr2c:child_oop_il
320        banked     25758ms raced     zr2c:child_oop_il
360        banked     96293ms raced     zr2c:child_oop_il
384        banked     55233ms raced     zr2c:child_nat_ip
400        banked     18949ms raced     zr2c:child_oop_il
432        banked     48812ms raced     zr2c:child_oop_il
448        banked     22513ms raced     zr2c:child_oop_il
480        banked     98302ms raced     zr2c:child_oop_il
512        banked      3947ms raced     zr2c:child_nat_ip
576        banked     87566ms raced     zr2c:child_oop_il
640        banked     51527ms raced     zr2c:child_oop_il
720        banked    104693ms raced     zr2c:child_oop_il
768        banked     84156ms raced     zr2c:child_oop_il
800        banked     54841ms raced     zr2c:child_nat_ip
864        banked    110231ms raced     zr2c:child_oop_il
896        banked     45738ms raced     zr2c:child_oop_il
960        banked    127430ms raced     zr2c:child_oop_il
1000       banked     35782ms raced     zr2c:child_nat_ip
1024       banked      4088ms raced     zr2c:child_oop_il
1152       banked    115217ms raced     zr2c:child_oop_il
1280       banked     77156ms raced     zr2c:child_oop_il
1440       banked    134340ms raced     zr2c:child_oop_il
1536       banked    126245ms raced     zr2c:child_oop_il
1600       banked     80855ms raced     zr2c:child_oop_il
1728       banked    122710ms raced     zr2c:child_oop_il
1792       banked     66541ms raced     zr2c:child_oop_il
1920       banked    137004ms raced     zr2c:child_nat_ip
2000       banked     43745ms raced     zr2c:child_oop_il
2048       banked      6003ms raced     zr2c:child_oop_il
2304       banked    120592ms raced     zr2c:child_oop_il
