3          banked       104ms raced     rfft
5          banked       103ms raced     rfft
6          banked        93ms raced     zr2c:child_oop_il
7          banked       104ms raced     rfft
9          banked       133ms raced     bridge
10         banked        96ms raced     zr2c:child_oop_il
11         banked        94ms raced     bridge
12         banked        96ms raced     zr2c:child_oop_il
13         banked        96ms raced     bridge
14         banked        93ms raced     zr2c:child_oop_il
15         banked       195ms raced     rfft
16         banked       307ms raced     zrp:4.4:r2z
18         banked        94ms raced     zr2c:child_oop_il
20         banked        96ms raced     zr2c:child_oop_il
21         banked       212ms raced     bridge
24         banked       305ms raced     zrp:6.4:r2z
25         banked       154ms raced     bridge
27         banked       308ms raced     bridge
28         banked        94ms raced     zr2c:child_oop_il
30         banked        96ms raced     zr2c:child_oop_il
32         banked       304ms raced     zrp:4.8:r2z
33         banked        94ms raced     bridge
36         banked       298ms raced     zrp:6.6:r2z
40         banked       304ms raced     zrp:4.10:n1t
42         banked        93ms raced     zr2c:child_oop_il
45         banked       648ms raced     bridge
48         banked       305ms raced     zrp:4.12:r2z
50         banked        96ms raced     zr2c:child_oop_il
54         banked        95ms raced     zr2c:child_oop_il
56         banked        98ms raced     zr2c:child_oop_il
60         banked       307ms raced     zrp:6.10:r2z
63         banked       654ms raced     bridge
64         banked       311ms raced     zrp:4.16:r2z
70         banked        97ms raced     zr2c:child_oop_il
72         banked       315ms raced     zrp:6.12:r2z
80         banked       312ms raced     zrp:8.10:r2z
81         banked       683ms raced     bridge
90         banked        94ms raced     zr2c:child_oop_il
96         banked       306ms raced     zrp:6.16:r2z
98         banked        95ms raced     zr2c:child_oop_il
99         banked        95ms raced     bridge
100        banked       306ms raced     zrp:10.10:r2z
105        banked      1151ms raced     bridge
108        banked        94ms raced     zr2c:child_oop_il
112        banked        94ms raced     zr2c:child_oop_il
120        banked       307ms raced     zr2c:child_oop_il
125        banked       270ms raced     bridge
126        banked        96ms raced     zr2c:child_oop_il
128        banked       301ms raced     zr2c:child_oop_il
135        banked      2327ms raced     bridge
144        banked       308ms raced     zr2c:child_oop_il
150        banked        95ms raced     zr2c:child_oop_il
160        banked       307ms raced     zrp:16.10:r2z
162        banked        95ms raced     zr2c:child_oop_il
180        banked        94ms raced     zr2c:child_oop_il
189        banked      2613ms raced     bridge
192        banked       306ms raced     zr2c:child_oop_il
197        banked        96ms replayed  flat
199        banked        92ms replayed  2p
200        banked        97ms raced     zr2c:child_oop_il
210        banked        94ms raced     zr2c:child_oop_il
216        banked        96ms raced     zr2c:child_oop_il
224        banked        94ms raced     zr2c:child_oop_il
225        banked      3489ms raced     bridge
240        banked        95ms raced     zr2c:child_oop_il
243        banked        95ms raced     bridge
250        banked        98ms raced     zr2c:child_oop_il
255        banked        99ms raced     bridge
256        banked       304ms raced     zr2c:child_oop_il
270        banked        97ms raced     zr2c:child_oop_il
288        banked        98ms raced     zr2c:child_nat_ip
293        banked        92ms replayed  prime
294        banked        95ms raced     zr2c:child_oop_il
315        banked      6747ms raced     bridge
320        banked       308ms raced     2p
350        banked        96ms raced     zr2c:child_oop_il
360        banked       100ms raced     zr2c:child_oop_il
378        banked        95ms raced     zr2c:child_oop_il
384        banked       315ms raced     zr2c:child_oop_il
389        banked        95ms replayed  prime
400        banked        96ms raced     zr2c:child_oop_il
405        banked        96ms raced     bridge
432        banked        96ms raced     zr2c:child_oop_il
441        banked      3372ms raced     bridge
448        banked       302ms raced     2p
450        banked        95ms raced     zr2c:child_oop_il
480        banked        94ms raced     zr2c:child_nat_ip
486        banked        97ms raced     zr2c:child_oop_il
487        banked        90ms replayed  2p
490        banked        98ms raced     zr2c:child_oop_il
512        banked       304ms raced     zr2c:child_oop_il
525        banked      6473ms raced     bridge
576        banked       314ms raced     zr2c:child_oop_il
587        banked        99ms replayed  prime
593        banked        94ms replayed  2p
625        banked       617ms raced     bridge
630        banked        97ms raced     zr2c:child_oop_il
640        banked       310ms raced     2p
675        banked        97ms raced     bridge
686        banked       100ms raced     zr2c:child_oop_il
720        banked        97ms raced     zr2c:child_oop_il
729        banked        97ms raced     bridge
750        banked        99ms raced     zr2c:child_oop_il
768        banked       311ms raced     2p
787        banked        91ms replayed  prime
800        banked        95ms raced     zr2c:child_oop_il
810        banked       107ms raced     zr2c:child_oop_il
864        banked       100ms raced     zr2c:child_oop_il
882        banked        99ms raced     zr2c:child_oop_il
896        banked       305ms raced     chain3
945        banked        98ms raced     bridge
960        banked       310ms raced     2p
971        banked        92ms replayed  prime
977        banked        91ms replayed  prime
1000       banked        99ms raced     zr2c:child_oop_il
1001       banked        96ms raced     bridge
1024       banked       306ms raced     zr2c:child_oop_il
1050       banked        96ms raced     zr2c:child_oop_il
1069       banked        91ms replayed  prime
1134       banked        96ms raced     zr2c:child_oop_il
1152       banked       311ms raced     2p
1171       banked        93ms replayed  chain3
1215       banked        96ms raced     bridge
1250       banked        97ms raced     zr2c:child_oop_il
1280       banked       306ms raced     2p
1331       banked        96ms raced     bridge
1350       banked        97ms raced     zr2c:child_oop_il
1361       banked        92ms replayed  flat
1440       banked        96ms raced     zr2c:child_nat_ip
1458       banked        96ms raced     zr2c:child_oop_il
1470       banked        95ms raced     zr2c:child_oop_il
1536       banked       311ms raced     2p
1553       banked        91ms replayed  prime
1559       banked        90ms replayed  2p
1575       banked        95ms raced     bridge
1600       banked       309ms raced     2p
1701       banked        97ms raced     bridge
1728       banked       320ms raced     2p
1747       banked        92ms replayed  prime
1750       banked        96ms raced     zr2c:child_oop_il
1753       banked        91ms replayed  prime
1792       banked       320ms raced     chain3
1890       banked        96ms raced     zr2c:child_oop_il
1920       banked       322ms raced     2p
1951       banked        90ms replayed  flat
2000       banked        95ms raced     zr2c:child_oop_il
2039       banked        91ms replayed  prime
2048       banked       319ms raced     zr2c:child_oop_il
2058       banked        96ms raced     zr2c:child_oop_il
2137       banked        90ms replayed  prime
2141       banked        92ms replayed  prime
2187       banked        97ms raced     bridge
2250       banked        98ms raced     zr2c:child_oop_il
2304       banked       324ms raced     chain3
2333       banked        95ms replayed  prime
2339       banked        90ms replayed  prime
2401       banked       809ms raced     bridge
2430       banked        99ms raced     zr2c:child_oop_il
2450       banked        96ms raced     zr2c:child_oop_il
2560       banked       329ms raced     chain3
2621       banked        94ms replayed  prime
2646       banked        95ms raced     zr2c:child_oop_il
2719       banked        91ms replayed  prime
2835       banked        99ms raced     bridge
2880       banked       329ms raced     chain3
2917       banked        92ms replayed  chain3
3000       banked        96ms raced     zr2c:child_oop_il
3072       banked       329ms raced     chain3
3109       banked        91ms replayed  flat
3125       banked        97ms raced     bridge
3150       banked        96ms raced     zr2c:child_oop_il
3200       banked       315ms raced     chain3
3203       banked        91ms replayed  prime
3299       banked        91ms replayed  prime
3301       banked        91ms replayed  chain3
3375       banked        95ms raced     bridge
3402       banked        98ms raced     zr2c:child_oop_il
3430       banked        98ms raced     zr2c:child_oop_il
3456       banked       335ms raced     chain3
3499       banked        93ms replayed  prime
3584       banked       334ms raced     chain3
3691       banked        90ms replayed  chain3
3697       banked        92ms replayed  flat
3750       banked        97ms raced     zr2c:child_oop_il
3840       banked       343ms raced     chain3
3881       banked        93ms replayed  prime
3969       banked        96ms raced     bridge
4000       banked        98ms raced     zr2c:child_oop_il
4050       banked        98ms raced     zr2c:child_nat_ip
4079       banked        90ms replayed  prime
4095       banked       100ms raced     bridge
4096       banked       338ms raced     zr2c:child_oop_il
8192       banked       373ms raced     zr2c:child_oop_il
16384      banked       440ms raced     ztt
32768      banked       559ms raced     zr2c:child_oop_il
65536      banked       869ms raced     ztt
