16x16      banked       563ms raced     chain
32x16      banked       630ms raced     chain
32x32      banked       590ms raced     chain
128x64     banked       289ms raced     chain
128x128    banked       289ms raced     chain
128x256    banked       300ms raced     chain
128x512    banked       296ms raced     chain
256x32     banked       312ms raced     chain
256x64     banked       308ms raced     chain
256x128    banked       297ms raced     chain
256x256    banked       312ms raced     chain
256x8192   banked      8897ms raced     chain
512x64     banked       326ms raced     chain
512x128    banked       303ms raced     chain
1024x64    banked       316ms raced     chain
2048x2048  banked      3069ms raced     chain
4096x128   banked       731ms raced     chain
4096x256   banked      1100ms raced     chain
4096x1024  banked      3771ms raced     chain
8192x128   banked      1128ms raced     chain
8192x256   banked      2252ms raced     chain
8192x512   banked      4026ms raced     chain
