2          banked       120ms replayed  mono
4          banked       117ms replayed  mono
8          banked       118ms replayed  mono
16         banked       117ms replayed  mono
32         banked       117ms replayed  zrp:4.8:r2z
64         banked       117ms replayed  zrp:4.16:r2z
128        banked       119ms replayed  zr2c:child_oop_il
256        banked       118ms replayed  zr2c:child_oop_il
512        banked       117ms replayed  zr2c:child_oop_il
1024       banked       117ms replayed  zr2c:child_oop_il
2048       banked       117ms replayed  zr2c:child_oop_il
4096       banked       118ms replayed  zr2c:child_oop_il
8192       banked       118ms replayed  zr2c:child_oop_il
16384      banked       118ms replayed  ztt
32768      banked       117ms replayed  zr2c:child_oop_il
65536      banked       121ms replayed  ztt
131072     banked     21809ms raced     zr2c:child_oop_il
262144     banked     27597ms raced     ztt
524288     banked     28346ms raced     ztt
1048576    banked      1253ms raced     zr2c:child_oop_il
2097152    banked      1661ms raced     zr2c:child_oop_il
4194304    banked      2679ms raced     zr2c:child_oop_il
8388608    banked      5053ms raced     zr2c:child_oop_il
