2050       banked     10303ms raced     zr2c:child_oop_il
2052       banked     12411ms raced     zr2c:child_nat_ip
2054       banked      2551ms raced     zr2c:child_oop_il
2056       banked      2516ms raced     zr2c:child_oop_il
2058       banked       144ms replayed  zr2c:child_oop_il
2060       banked      2555ms raced     zr2c:child_oop_il
2062       banked      2556ms raced     zr2c:child_nat_ip
2064       banked     13871ms raced     zr2c:child_oop_il
2066       banked      2573ms raced     zr2c:child_oop_il
2068       banked      3705ms raced     zr2c:child_oop_il
2070       banked     18797ms raced     zr2c:child_oop_il
2072       banked      7076ms raced     zr2c:child_oop_il
2074       banked      2553ms raced     zr2c:child_oop_il
2076       banked      2565ms raced     zr2c:child_oop_il
2078       banked      2566ms raced     zr2c:child_oop_il
2080       banked     26831ms raced     zr2c:child_oop_il
2082       banked      2592ms raced     zr2c:child_oop_il
2084       banked      2547ms raced     zr2c:child_oop_il
2086       banked      2576ms raced     zr2c:child_oop_il
2088       banked     14831ms raced     zr2c:child_oop_il
2090       banked      7081ms raced     zr2c:child_oop_il
2092       banked      2526ms raced     zr2c:child_oop_il
2094       banked      2576ms raced     zr2c:child_oop_il
2096       banked      2587ms raced     zr2c:child_oop_il
2098       banked      2576ms raced     zr2c:child_nat_ip
2100       banked     30605ms raced     zr2c:child_oop_il
2102       banked      2595ms raced     zr2c:child_oop_il
2104       banked      2561ms raced     zr2c:child_nat_ip
2106       banked     17623ms raced     zr2c:child_oop_il
2108       banked      3708ms raced     zr2c:child_oop_il
2110       banked      2550ms raced     zr2c:child_oop_il
2112       banked     38132ms raced     zr2c:child_oop_il
2114       banked      2533ms raced     zr2c:child_oop_il
2116       banked      1775ms raced     zr2c:child_oop_il
2118       banked      2550ms raced     zr2c:child_oop_il
2120       banked      2516ms raced     zr2c:child_oop_il
2122       banked      2557ms raced     zr2c:child_oop_il
2124       banked      2561ms raced     zr2c:child_oop_il
2126       banked      2586ms raced     zr2c:child_oop_il
2128       banked     10580ms raced     zr2c:child_oop_il
2130       banked      2561ms raced     zr2c:child_oop_il
2132       banked      3737ms raced     zr2c:child_nat_ip
2134       banked      2541ms raced     zr2c:child_oop_il
2136       banked      2534ms raced     zr2c:child_oop_il
2138       banked      2578ms raced     zr2c:child_oop_il
2140       banked      2592ms raced     zr2c:child_nat_ip
2142       banked     18745ms raced     zr2c:child_oop_il
2144       banked      2582ms raced     zr2c:child_oop_il
2146       banked      4908ms raced     zr2c:child_oop_il
2148       banked      2571ms raced     zr2c:child_oop_il
2150       banked     10382ms raced     zr2c:child_oop_il
2152       banked      2568ms raced     zr2c:child_oop_il
2154       banked      2577ms raced     zr2c:child_nat_ip
2156       banked      3790ms raced     zr2c:child_oop_il
2158       banked      2560ms raced     zr2c:child_oop_il
2160       banked     55242ms raced     zr2c:child_oop_il
2162       banked      4886ms raced     zr2c:child_nat_ip
2164       banked      2514ms raced     zr2c:child_oop_il
2166       banked      5412ms raced     zr2c:child_nat_ip
2168       banked      2557ms raced     zr2c:child_oop_il
2170       banked      7066ms raced     zr2c:child_oop_il
2172       banked      2594ms raced     zr2c:child_nat_ip
2174       banked      2536ms raced     zr2c:child_oop_il
2176       banked     23719ms raced     zr2c:child_oop_il
2178       banked      7930ms raced     zr2c:child_oop_il
2180       banked      2522ms raced     zr2c:child_oop_il
2182       banked      2564ms raced     zr2c:child_oop_il
2184       banked     16648ms raced     zr2c:child_nat_ip
2186       banked      2611ms raced     zr2c:child_nat_ip
2188       banked      2540ms raced     zr2c:child_nat_ip
2190       banked      2543ms raced     zr2c:child_oop_il
2192       banked      2578ms raced     zr2c:child_oop_il
2194       banked      2563ms raced     zr2c:child_oop_il
2196       banked      2545ms raced     zr2c:child_nat_ip
2198       banked      2552ms raced     zr2c:child_oop_il
2200       banked     14917ms raced     zr2c:child_oop_il
2202       banked      2535ms raced     zr2c:child_oop_il
2204       banked      3715ms raced     zr2c:child_oop_il
2206       banked      2569ms raced     zr2c:child_oop_il
2208       banked     30731ms raced     zr2c:child_oop_il
2210       banked      6979ms raced     zr2c:child_nat_ip
2212       banked      2563ms raced     zr2c:child_nat_ip
2214       banked     14762ms raced     zr2c:child_oop_il
2216       banked      2573ms raced     zr2c:child_oop_il
2218       banked      2580ms raced     zr2c:child_oop_il
2220       banked     13202ms raced     zr2c:child_oop_il
2222       banked      2597ms raced     zr2c:child_nat_ip
2224       banked      2560ms raced     zr2c:child_oop_il
2226       banked      2580ms raced     zr2c:child_nat_ip
2228       banked      2567ms raced     zr2c:child_oop_il
2230       banked      2559ms raced     zr2c:child_oop_il
2232       banked     14858ms raced     zr2c:child_oop_il
2234       banked      2596ms raced     zr2c:child_oop_il
2236       banked      3780ms raced     zr2c:child_oop_il
2238       banked      2569ms raced     zr2c:child_oop_il
2240       banked     30791ms raced     chain3
2242       banked      2575ms raced     zr2c:child_oop_il
2244       banked      7163ms raced     zr2c:child_oop_il
2246       banked      2569ms raced     zr2c:child_oop_il
2248       banked      2602ms raced     zr2c:child_oop_il
2250       banked       140ms replayed  zr2c:child_oop_il
2252       banked      2570ms raced     zr2c:child_nat_ip
2254       banked      5372ms raced     zr2c:child_oop_il
2256       banked     13840ms raced     zr2c:child_oop_il
2258       banked      2607ms raced     zr2c:child_oop_il
2260       banked      2568ms raced     zr2c:child_oop_il
2262       banked      7157ms raced     zr2c:child_oop_il
2264       banked      2587ms raced     zr2c:child_nat_ip
2266       banked      2560ms raced     zr2c:child_nat_ip
2268       banked     22550ms raced     zr2c:child_oop_il
2270       banked      2565ms raced     zr2c:child_oop_il
2272       banked      2551ms raced     zr2c:child_oop_il
2274       banked      2547ms raced     zr2c:child_oop_il
2276       banked      2558ms raced     zr2c:child_nat_ip
2278       banked      2600ms raced     zr2c:child_oop_il
2280       banked     19787ms raced     zr2c:child_oop_il
2282       banked      2577ms raced     zr2c:child_oop_il
2284       banked      2563ms raced     zr2c:child_oop_il
2286       banked      2558ms raced     zr2c:child_oop_il
2288       banked     10334ms raced     zr2c:child_oop_il
2290       banked      2573ms raced     zr2c:child_nat_ip
2292       banked      2552ms raced     zr2c:child_oop_il
2294       banked      4890ms raced     zr2c:child_oop_il
2296       banked      7194ms raced     zr2c:child_oop_il
2298       banked      2542ms raced     zr2c:child_oop_il
2300       banked      9726ms raced     zr2c:child_oop_il
2302       banked      2590ms raced     zr2c:child_oop_il
2304       banked       141ms replayed  chain3
2306       banked      2581ms raced     zr2c:child_oop_il
2308       banked      2563ms raced     zr2c:child_nat_ip
2310       banked     21967ms raced     zr2c:child_oop_il
2312       banked      5319ms raced     zr2c:child_nat_ip
2314       banked      2546ms raced     zr2c:child_oop_il
2316       banked      2548ms raced     zr2c:child_oop_il
2318       banked      2565ms raced     zr2c:child_oop_il
2320       banked     13704ms raced     zr2c:child_oop_il
2322       banked     14823ms raced     zr2c:child_oop_il
2324       banked      2553ms raced     zr2c:child_oop_il
2326       banked      2563ms raced     zr2c:child_oop_il
2328       banked      2587ms raced     zr2c:child_nat_ip
2330       banked      2577ms raced     zr2c:child_oop_il
2332       banked      2539ms raced     zr2c:child_oop_il
2334       banked      2549ms raced     zr2c:child_oop_il
2336       banked      2552ms raced     zr2c:child_oop_il
2338       banked      2553ms raced     zr2c:child_nat_ip
2340       banked     18983ms raced     zr2c:child_oop_il
2342       banked      2582ms raced     zr2c:child_oop_il
2344       banked      2578ms raced     zr2c:child_oop_il
2346       banked      7162ms raced     zr2c:child_nat_ip
2348       banked      2580ms raced     zr2c:child_oop_il
2350       banked     10537ms raced     zr2c:child_oop_il
2352       banked     19607ms raced     zr2c:child_oop_il
2354       banked      2583ms raced     zr2c:child_nat_ip
2356       banked      3759ms raced     zr2c:child_oop_il
2358       banked      2577ms raced     zr2c:child_oop_il
2360       banked      2582ms raced     zr2c:child_oop_il
2362       banked      2571ms raced     zr2c:child_nat_ip
2364       banked      2558ms raced     zr2c:child_oop_il
2366       banked      5321ms raced     zr2c:child_oop_il
2368       banked     12535ms raced     zr2c:child_oop_il
2370       banked      2576ms raced     zr2c:child_oop_il
2372       banked      2569ms raced     zr2c:child_oop_il
2374       banked      2569ms raced     zr2c:child_oop_il
2376       banked     19174ms raced     zr2c:child_oop_il
2378       banked      4847ms raced     zr2c:child_oop_il
2380       banked      7136ms raced     zr2c:child_oop_il
2382       banked      2564ms raced     zr2c:child_oop_il
2384       banked      2592ms raced     zr2c:child_oop_il
2386       banked      2592ms raced     zr2c:child_oop_il
2388       banked      2547ms raced     zr2c:child_nat_ip
2390       banked      2583ms raced     zr2c:child_oop_il
2392       banked      7086ms raced     zr2c:child_oop_il
2394       banked     18948ms raced     zr2c:child_nat_ip
2396       banked      2579ms raced     zr2c:child_oop_il
2398       banked      2568ms raced     zr2c:child_oop_il
2400       banked     97468ms raced     zr2c:child_oop_il
2402       banked      2598ms raced     zr2c:child_oop_il
2404       banked      2592ms raced     zr2c:child_oop_il
2406       banked      2542ms raced     zr2c:child_oop_il
2408       banked      7154ms raced     zr2c:child_oop_il
2410       banked      2557ms raced     zr2c:child_oop_il
2412       banked      2565ms raced     zr2c:child_oop_il
2414       banked      2593ms raced     zr2c:child_oop_il
2416       banked      2565ms raced     zr2c:child_oop_il
2418       banked      7192ms raced     zr2c:child_oop_il
2420       banked      5422ms raced     zr2c:child_oop_il
2422       banked      2545ms raced     zr2c:child_oop_il
2424       banked      2562ms raced     zr2c:child_oop_il
2426       banked      2561ms raced     zr2c:child_oop_il
2428       banked      2577ms raced     zr2c:child_oop_il
2430       banked       145ms replayed  zr2c:child_oop_il
2432       banked     23233ms raced     zr2c:child_oop_il
2434       banked      2570ms raced     zr2c:child_oop_il
2436       banked      9816ms raced     zr2c:child_oop_il
2438       banked      2586ms raced     zr2c:child_oop_il
2440       banked      2573ms raced     zr2c:child_oop_il
2442       banked      7259ms raced     zr2c:child_nat_ip
2444       banked      3772ms raced     zr2c:child_oop_il
2446       banked      2603ms raced     zr2c:child_oop_il
2448       banked     16329ms raced     zr2c:child_oop_il
2450       banked       159ms replayed  zr2c:child_oop_il
2452       banked      2569ms raced     zr2c:child_nat_ip
2454       banked      2606ms raced     zr2c:child_oop_il
2456       banked      2581ms raced     zr2c:child_oop_il
2458       banked      2586ms raced     zr2c:child_oop_il
2460       banked     13249ms raced     zr2c:child_oop_il
2462       banked      2601ms raced     zr2c:child_oop_il
2464       banked     18578ms raced     zr2c:child_oop_il
2466       banked      2570ms raced     zr2c:child_oop_il
2468       banked      2562ms raced     zr2c:child_oop_il
2470       banked      7096ms raced     zr2c:child_nat_ip
2472       banked      2587ms raced     zr2c:child_oop_il
2474       banked      2530ms raced     zr2c:child_oop_il
2476       banked      2571ms raced     zr2c:child_oop_il
2478       banked      2535ms raced     zr2c:child_oop_il
2480       banked     13903ms raced     zr2c:child_oop_il
2482       banked      2554ms raced     zr2c:child_oop_il
2484       banked     12520ms raced     zr2c:child_oop_il
2486       banked      2550ms raced     zr2c:child_oop_il
2488       banked      2579ms raced     zr2c:child_nat_ip
2490       banked      2550ms raced     zr2c:child_nat_ip
2492       banked      2566ms raced     zr2c:child_oop_il
2494       banked      4892ms raced     zr2c:child_oop_il
2496       banked     37608ms raced     zr2c:child_oop_il
2498       banked      2585ms raced     zr2c:child_oop_il
2500       banked     12653ms raced     zr2c:child_oop_il
2502       banked      2632ms raced     zr2c:child_oop_il
2504       banked      2590ms raced     zr2c:child_oop_il
2506       banked      2588ms raced     zr2c:child_oop_il
2508       banked      7152ms raced     zr2c:child_nat_ip
2510       banked      2550ms raced     zr2c:child_oop_il
2512       banked      2544ms raced     zr2c:child_oop_il
2514       banked      2564ms raced     zr2c:child_oop_il
2516       banked      3751ms raced     zr2c:child_oop_il
2518       banked      2583ms raced     zr2c:child_oop_il
2520       banked     45799ms raced     zr2c:child_oop_il
2522       banked      2579ms raced     zr2c:child_oop_il
2524       banked      2577ms raced     zr2c:child_oop_il
2526       banked      2565ms raced     zr2c:child_oop_il
2528       banked      2577ms raced     zr2c:child_oop_il
2530       banked      7151ms raced     zr2c:child_oop_il
2532       banked      2577ms raced     zr2c:child_nat_ip
2534       banked      2567ms raced     zr2c:child_oop_il
2536       banked      2534ms raced     zr2c:child_oop_il
2538       banked     14726ms raced     zr2c:child_oop_il
2540       banked      2593ms raced     zr2c:child_nat_ip
2542       banked      4833ms raced     zr2c:child_oop_il
2544       banked      2546ms raced     zr2c:child_oop_il
2546       banked      2574ms raced     zr2c:child_oop_il
2548       banked      3791ms raced     zr2c:child_oop_il
2550       banked     22839ms raced     zr2c:child_oop_il
2552       banked      7094ms raced     zr2c:child_oop_il
2554       banked      2557ms raced     zr2c:child_oop_il
2556       banked      2580ms raced     zr2c:child_oop_il
2558       banked      2590ms raced     zr2c:child_oop_il
2560       banked       141ms replayed  chain3
2562       banked      2602ms raced     zr2c:child_nat_ip
2564       banked      2596ms raced     zr2c:child_oop_il
2566       banked      2544ms raced     zr2c:child_oop_il
2568       banked      2572ms raced     zr2c:child_nat_ip
2570       banked      2563ms raced     zr2c:child_oop_il
2572       banked      2596ms raced     zr2c:child_nat_ip
2574       banked      9568ms raced     zr2c:child_oop_il
2576       banked     10466ms raced     zr2c:child_oop_il
2578       banked      2601ms raced     zr2c:child_oop_il
2580       banked     13321ms raced     zr2c:child_oop_il
2582       banked      2557ms raced     zr2c:child_oop_il
2584       banked      7164ms raced     zr2c:child_oop_il
2586       banked      2574ms raced     zr2c:child_oop_il
2588       banked      2593ms raced     zr2c:child_oop_il
2590       banked      7215ms raced     zr2c:child_oop_il
2592       banked     64779ms raced     zr2c:child_oop_il
2594       banked      2597ms raced     zr2c:child_oop_il
2596       banked      2596ms raced     zr2c:child_oop_il
2598       banked      2586ms raced     zr2c:child_oop_il
2600       banked     14965ms raced     zr2c:child_oop_il
2602       banked      2616ms raced     zr2c:child_oop_il
2604       banked      9779ms raced     zr2c:child_nat_ip
2606       banked      2584ms raced     zr2c:child_oop_il
2608       banked      2581ms raced     zr2c:child_oop_il
2610       banked     19127ms raced     zr2c:child_oop_il
2612       banked      2581ms raced     zr2c:child_nat_ip
2614       banked      2578ms raced     zr2c:child_oop_il
2616       banked      2551ms raced     zr2c:child_oop_il
2618       banked      7004ms raced     zr2c:child_oop_il
2620       banked      2538ms raced     zr2c:child_oop_il
2622       banked      7116ms raced     zr2c:child_oop_il
2624       banked     12904ms raced     zr2c:child_oop_il
2626       banked      2574ms raced     zr2c:child_oop_il
2628       banked      2569ms raced     zr2c:child_oop_il
2630       banked      2555ms raced     zr2c:child_oop_il
2632       banked      7359ms raced     zr2c:child_oop_il
2634       banked      2562ms raced     zr2c:child_nat_ip
2636       banked      2541ms raced     zr2c:child_oop_il
2638       banked      2614ms raced     zr2c:child_oop_il
2640       banked     24257ms raced     zr2c:child_oop_il
2642       banked      2578ms raced     zr2c:child_oop_il
2644       banked      2596ms raced     zr2c:child_nat_ip
2646       banked       152ms replayed  zr2c:child_oop_il
2648       banked      2567ms raced     zr2c:child_oop_il
2650       banked      2553ms raced     zr2c:child_oop_il
2652       banked      7074ms raced     zr2c:child_oop_il
2654       banked      2595ms raced     zr2c:child_nat_ip
2656       banked      2590ms raced     zr2c:child_oop_il
2658       banked      2585ms raced     zr2c:child_oop_il
2660       banked      7117ms raced     zr2c:child_oop_il
2662       banked      2802ms raced     zr2c:child_oop_il
2664       banked     15225ms raced     zr2c:child_oop_il
2666       banked      4887ms raced     zr2c:child_oop_il
2668       banked      3757ms raced     zr2c:child_oop_il
2670       banked      2565ms raced     zr2c:child_oop_il
2672       banked      2538ms raced     zr2c:child_nat_ip
2674       banked      2569ms raced     zr2c:child_oop_il
2676       banked      2567ms raced     zr2c:child_oop_il
2678       banked      2583ms raced     zr2c:child_oop_il
2680       banked      2582ms raced     zr2c:child_nat_ip
2682       banked      2552ms raced     zr2c:child_oop_il
2684       banked      2568ms raced     zr2c:child_oop_il
2686       banked      2553ms raced     zr2c:child_oop_il
2688       banked     72965ms raced     2p
2690       banked      2581ms raced     zr2c:child_oop_il
2692       banked      2562ms raced     zr2c:child_oop_il
2694       banked      2580ms raced     zr2c:child_oop_il
2696       banked      2566ms raced     zr2c:child_oop_il
2698       banked      2560ms raced     zr2c:child_nat_ip
2700       banked     37224ms raced     zr2c:child_oop_il
2702       banked      2572ms raced     zr2c:child_oop_il
2704       banked      6965ms raced     zr2c:child_oop_il
2706       banked      7091ms raced     zr2c:child_oop_il
2708       banked      2567ms raced     zr2c:child_oop_il
2710       banked      2594ms raced     zr2c:child_oop_il
2712       banked      2567ms raced     zr2c:child_oop_il
2714       banked      2550ms raced     zr2c:child_oop_il
2716       banked      2590ms raced     zr2c:child_oop_il
2718       banked      2574ms raced     zr2c:child_nat_ip
2720       banked     26444ms raced     zr2c:child_oop_il
2722       banked      2608ms raced     zr2c:child_oop_il
2724       banked      2535ms raced     zr2c:child_oop_il
2726       banked      4832ms raced     zr2c:child_oop_il
2728       banked      7201ms raced     zr2c:child_oop_il
2730       banked     22276ms raced     zr2c:child_oop_il
2732       banked      2567ms raced     zr2c:child_oop_il
2734       banked      2569ms raced     zr2c:child_nat_ip
2736       banked     16326ms raced     zr2c:child_oop_il
2738       banked      2785ms raced     zr2c:child_oop_il
2740       banked      2570ms raced     zr2c:child_oop_il
2742       banked      2561ms raced     zr2c:child_oop_il
2744       banked      3761ms raced     zr2c:child_oop_il
2746       banked      2572ms raced     zr2c:child_oop_il
2748       banked      2567ms raced     zr2c:child_oop_il
2750       banked     13433ms raced     zr2c:child_oop_il
2752       banked     13179ms raced     zr2c:child_oop_il
2754       banked     17712ms raced     zr2c:child_oop_il
2756       banked      2561ms raced     zr2c:child_nat_ip
2758       banked      2577ms raced     zr2c:child_nat_ip
2760       banked     20038ms raced     zr2c:child_oop_il
2762       banked      2571ms raced     zr2c:child_oop_il
2764       banked      2574ms raced     zr2c:child_oop_il
2766       banked      2577ms raced     zr2c:child_oop_il
2768       banked      2554ms raced     zr2c:child_oop_il
2770       banked      2547ms raced     zr2c:child_nat_ip
2772       banked     15929ms raced     zr2c:child_oop_il
2774       banked      2542ms raced     zr2c:child_oop_il
2776       banked      2543ms raced     zr2c:child_nat_ip
2778       banked      2572ms raced     zr2c:child_oop_il
2780       banked      2586ms raced     zr2c:child_nat_ip
2782       banked      2549ms raced     zr2c:child_oop_il
2784       banked     30364ms raced     zr2c:child_oop_il
2786       banked      2565ms raced     zr2c:child_oop_il
2788       banked      3749ms raced     zr2c:child_oop_il
2790       banked     19200ms raced     zr2c:child_oop_il
2792       banked      2580ms raced     zr2c:child_oop_il
2794       banked      2571ms raced     zr2c:child_oop_il
2796       banked      2596ms raced     zr2c:child_oop_il
2798       banked      2587ms raced     zr2c:child_oop_il
2800       banked     19918ms raced     zr2c:child_oop_il
2802       banked      2569ms raced     zr2c:child_oop_il
2804       banked      2575ms raced     zr2c:child_oop_il
2806       banked      2560ms raced     zr2c:child_oop_il
2808       banked     19655ms raced     zr2c:child_oop_il
2810       banked      2571ms raced     zr2c:child_oop_il
2812       banked      3686ms raced     zr2c:child_oop_il
2814       banked      2573ms raced     zr2c:child_oop_il
2816       banked     31940ms raced     zr2c:child_oop_il
2818       banked      2597ms raced     zr2c:child_oop_il
2820       banked     13177ms raced     zr2c:child_oop_il
2822       banked      2553ms raced     zr2c:child_oop_il
2824       banked      2550ms raced     zr2c:child_oop_il
2826       banked      2576ms raced     zr2c:child_oop_il
2828       banked      2540ms raced     zr2c:child_oop_il
2830       banked      2554ms raced     zr2c:child_oop_il
2832       banked      2585ms raced     zr2c:child_oop_il
2834       banked      2585ms raced     zr2c:child_oop_il
2836       banked      2572ms raced     zr2c:child_oop_il
2838       banked      7250ms raced     zr2c:child_oop_il
2840       banked      2559ms raced     zr2c:child_oop_il
2842       banked      5456ms raced     zr2c:child_oop_il
2844       banked      2556ms raced     zr2c:child_oop_il
2846       banked      2549ms raced     zr2c:child_oop_il
2848       banked      2570ms raced     zr2c:child_nat_ip
2850       banked     22948ms raced     zr2c:child_oop_il
2852       banked      3756ms raced     zr2c:child_oop_il
2854       banked      2593ms raced     zr2c:child_oop_il
2856       banked     16799ms raced     zr2c:child_oop_il
2858       banked      2573ms raced     zr2c:child_oop_il
2860       banked      7103ms raced     zr2c:child_oop_il
2862       banked      2562ms raced     zr2c:child_oop_il
2864       banked      2579ms raced     zr2c:child_oop_il
2866       banked      2558ms raced     zr2c:child_oop_il
2868       banked      2571ms raced     zr2c:child_nat_ip
2870       banked      7220ms raced     zr2c:child_oop_il
2872       banked      2568ms raced     zr2c:child_oop_il
2874       banked      2581ms raced     zr2c:child_nat_ip
2876       banked      2563ms raced     zr2c:child_oop_il
2878       banked      2581ms raced     zr2c:child_oop_il
2880       banked       146ms replayed  chain3
2882       banked      2559ms raced     zr2c:child_oop_il
2884       banked      2565ms raced     zr2c:child_oop_il
2886       banked      7248ms raced     zr2c:child_oop_il
2888       banked      5431ms raced     zr2c:child_oop_il
2890       banked      5404ms raced     zr2c:child_oop_il
2892       banked      2586ms raced     zr2c:child_oop_il
2894       banked      2567ms raced     zr2c:child_oop_il
2896       banked      2567ms raced     zr2c:child_nat_ip
2898       banked     19247ms raced     zr2c:child_oop_il
2900       banked      9809ms raced     zr2c:child_oop_il
2902       banked      2551ms raced     zr2c:child_nat_ip
2904       banked      5482ms raced     zr2c:child_oop_il
2906       banked      2618ms raced     zr2c:child_oop_il
2908       banked      2595ms raced     zr2c:child_oop_il
2910       banked      2569ms raced     zr2c:child_oop_il
2912       banked     18607ms raced     zr2c:child_oop_il
2914       banked      4767ms raced     zr2c:child_oop_il
2916       banked     13109ms raced     zr2c:child_oop_il
2918       banked      2591ms raced     zr2c:child_oop_il
2920       banked      2571ms raced     zr2c:child_oop_il
2922       banked      2571ms raced     zr2c:child_oop_il
2924       banked      3708ms raced     zr2c:child_oop_il
2926       banked      7193ms raced     zr2c:child_oop_il
2928       banked      2560ms raced     zr2c:child_oop_il
2930       banked      2576ms raced     zr2c:child_oop_il
2932       banked      2555ms raced     zr2c:child_oop_il
2934       banked      2572ms raced     zr2c:child_oop_il
2936       banked      2608ms raced     zr2c:child_oop_il
2938       banked      2592ms raced     zr2c:child_oop_il
2940       banked     15970ms raced     zr2c:child_oop_il
2942       banked      2556ms raced     zr2c:child_oop_il
2944       banked     23212ms raced     zr2c:child_oop_il
2946       banked      2581ms raced     zr2c:child_nat_ip
2948       banked      2567ms raced     zr2c:child_oop_il
2950       banked      2578ms raced     zr2c:child_oop_il
2952       banked     14936ms raced     zr2c:child_oop_il
2954       banked      2552ms raced     zr2c:child_oop_il
2956       banked      2566ms raced     zr2c:child_oop_il
2958       banked      7048ms raced     zr2c:child_oop_il
2960       banked     14004ms raced     zr2c:child_oop_il
2962       banked      2611ms raced     zr2c:child_nat_ip
2964       banked      7253ms raced     zr2c:child_oop_il
2966       banked      2587ms raced     zr2c:child_oop_il
2968       banked      2569ms raced     zr2c:child_oop_il
2970       banked     22880ms raced     zr2c:child_oop_il
2972       banked      2581ms raced     zr2c:child_oop_il
2974       banked      2617ms raced     zr2c:child_oop_il
2976       banked     31071ms raced     zr2c:child_oop_il
2978       banked      2582ms raced     zr2c:child_oop_il
2980       banked      2550ms raced     zr2c:child_oop_il
2982       banked      2580ms raced     zr2c:child_oop_il
2984       banked      2589ms raced     zr2c:child_oop_il
2986       banked      2596ms raced     zr2c:child_oop_il
2988       banked      2589ms raced     zr2c:child_oop_il
2990       banked      7192ms raced     zr2c:child_oop_il
2992       banked     10547ms raced     zr2c:child_oop_il
2994       banked      2546ms raced     zr2c:child_oop_il
2996       banked      2578ms raced     zr2c:child_oop_il
2998       banked      2571ms raced     zr2c:child_oop_il
3000       banked       142ms replayed  zr2c:child_oop_il
3002       banked      2583ms raced     zr2c:child_oop_il
3004       banked      2563ms raced     zr2c:child_oop_il
3006       banked      2573ms raced     zr2c:child_oop_il
3008       banked     13268ms raced     zr2c:child_oop_il
3010       banked      7239ms raced     zr2c:child_oop_il
3012       banked      2610ms raced     zr2c:child_oop_il
3014       banked      2557ms raced     zr2c:child_oop_il
3016       banked      7140ms raced     zr2c:child_oop_il
3018       banked      2641ms raced     zr2c:child_oop_il
3020       banked      2546ms raced     zr2c:child_oop_il
3022       banked      2595ms raced     zr2c:child_oop_il
3024       banked     44685ms raced     zr2c:child_oop_il
3026       banked      2602ms raced     zr2c:child_nat_ip
3028       banked      2587ms raced     zr2c:child_oop_il
3030       banked      2592ms raced     zr2c:child_oop_il
3032       banked      2586ms raced     zr2c:child_oop_il
3034       banked      4863ms raced     zr2c:child_oop_il
3036       banked      7196ms raced     zr2c:child_oop_il
3038       banked      5503ms raced     zr2c:child_oop_il
3040       banked     26735ms raced     zr2c:child_oop_il
3042       banked      8103ms raced     zr2c:child_oop_il
3044       banked      2581ms raced     zr2c:child_nat_ip
3046       banked      2592ms raced     zr2c:child_oop_il
3048       banked      2580ms raced     zr2c:child_oop_il
3050       banked      2582ms raced     zr2c:child_oop_il
3052       banked      2588ms raced     zr2c:child_nat_ip
3054       banked      2600ms raced     zr2c:child_oop_il
3056       banked      2569ms raced     zr2c:child_oop_il
3058       banked      2596ms raced     zr2c:child_oop_il
3060       banked     19621ms raced     zr2c:child_oop_il
3062       banked      2636ms raced     zr2c:child_oop_il
3064       banked      2563ms raced     zr2c:child_oop_il
3066       banked      2564ms raced     zr2c:child_oop_il
3068       banked      2564ms raced     zr2c:child_oop_il
3070       banked      2575ms raced     zr2c:child_oop_il
3072       banked       145ms replayed  chain3
3074       banked      2594ms raced     zr2c:child_oop_il
3076       banked      2572ms raced     zr2c:child_oop_il
3078       banked     17726ms raced     zr2c:child_oop_il
3080       banked      3959ms raced     zr2c:child_oop_il
3082       banked      2552ms raced     zr2c:child_oop_il
3084       banked      2574ms raced     zr2c:child_oop_il
3086       banked      2601ms raced     zr2c:child_oop_il
3088       banked      2589ms raced     zr2c:child_oop_il
3090       banked      2633ms raced     zr2c:child_oop_il
3092       banked      2584ms raced     zr2c:child_oop_il
3094       banked      7225ms raced     zr2c:child_oop_il
3096       banked     14977ms raced     zr2c:child_oop_il
3098       banked      2592ms raced     zr2c:child_oop_il
3100       banked      9827ms raced     zr2c:child_oop_il
3102       banked      7046ms raced     zr2c:child_oop_il
3104       banked      2567ms raced     zr2c:child_oop_il
3106       banked      2610ms raced     zr2c:child_oop_il
3108       banked      9748ms raced     zr2c:child_oop_il
3110       banked      2550ms raced     zr2c:child_oop_il
3112       banked      2533ms raced     zr2c:child_oop_il
3114       banked      2559ms raced     zr2c:child_oop_il
3116       banked      3730ms raced     zr2c:child_oop_il
3118       banked      2600ms raced     zr2c:child_nat_ip
3120       banked     24359ms raced     zr2c:child_oop_il
3122       banked      2583ms raced     zr2c:child_oop_il
3124       banked      2578ms raced     zr2c:child_nat_ip
3126       banked      2604ms raced     zr2c:child_oop_il
3128       banked      7200ms raced     zr2c:child_oop_il
3130       banked      2577ms raced     zr2c:child_nat_ip
3132       banked     12413ms raced     zr2c:child_oop_il
3134       banked      2580ms raced     zr2c:child_oop_il
3136       banked     10669ms raced     chain3
3138       banked      2615ms raced     zr2c:child_oop_il
3140       banked      2587ms raced     zr2c:child_oop_il
3142       banked      2604ms raced     zr2c:child_oop_il
3144       banked      2564ms raced     zr2c:child_oop_il
3146       banked      5466ms raced     zr2c:child_nat_ip
3148       banked      2585ms raced     zr2c:child_nat_ip
3150       banked       145ms replayed  zr2c:child_oop_il
3152       banked      2577ms raced     zr2c:child_oop_il
3154       banked      2571ms raced     zr2c:child_oop_il
3156       banked      2572ms raced     zr2c:child_oop_il
3158       banked      2568ms raced     zr2c:child_oop_il
3160       banked      2567ms raced     zr2c:child_oop_il
3162       banked      6997ms raced     zr2c:child_oop_il
3164       banked      2597ms raced     zr2c:child_oop_il
3166       banked      2568ms raced     zr2c:child_nat_ip
3168       banked     23036ms raced     zr2c:child_oop_il
3170       banked      2549ms raced     zr2c:child_oop_il
3172       banked      2599ms raced     zr2c:child_oop_il
3174       banked      5409ms raced     zr2c:child_oop_il
3176       banked      2553ms raced     zr2c:child_oop_il
3178       banked      2579ms raced     zr2c:child_oop_il
3180       banked      2582ms raced     zr2c:child_oop_il
3182       banked      4792ms raced     zr2c:child_oop_il
3184       banked      2564ms raced     zr2c:child_oop_il
3186       banked      2550ms raced     zr2c:child_oop_il
3188       banked      2568ms raced     zr2c:child_oop_il
3190       banked      7047ms raced     zr2c:child_oop_il
3192       banked     17195ms raced     zr2c:child_oop_il
3194       banked      2605ms raced     zr2c:child_nat_ip
3196       banked      3692ms raced     zr2c:child_oop_il
3198       banked      7045ms raced     zr2c:child_oop_il
3200       banked       149ms replayed  chain3
3202       banked      2649ms raced     zr2c:child_oop_il
3204       banked      2574ms raced     zr2c:child_oop_il
3206       banked      2593ms raced     zr2c:child_nat_ip
3208       banked      2596ms raced     zr2c:child_oop_il
3210       banked      2628ms raced     zr2c:child_oop_il
3212       banked      2617ms raced     zr2c:child_oop_il
3214       banked      2605ms raced     zr2c:child_nat_ip
3216       banked      2592ms raced     zr2c:child_oop_il
3218       banked      2581ms raced     zr2c:child_oop_il
3220       banked      7246ms raced     zr2c:child_oop_il
3222       banked      2587ms raced     zr2c:child_oop_il
3224       banked      7188ms raced     zr2c:child_oop_il
3226       banked      2590ms raced     zr2c:child_oop_il
3228       banked      2549ms raced     zr2c:child_oop_il
3230       banked      7125ms raced     zr2c:child_oop_il
3232       banked      2582ms raced     zr2c:child_oop_il
3234       banked     13353ms raced     zr2c:child_oop_il
3236       banked      2594ms raced     zr2c:child_oop_il
3238       banked      2611ms raced     zr2c:child_nat_ip
3240       banked     46140ms raced     zr2c:child_oop_il
3242       banked      2592ms raced     zr2c:child_oop_il
3244       banked      2567ms raced     zr2c:child_nat_ip
3246       banked      2553ms raced     zr2c:child_oop_il
3248       banked     10622ms raced     zr2c:child_oop_il
3250       banked     13281ms raced     zr2c:child_oop_il
3252       banked      2595ms raced     zr2c:child_oop_il
3254       banked      2595ms raced     zr2c:child_oop_il
3256       banked      7109ms raced     zr2c:child_oop_il
3258       banked      2575ms raced     zr2c:child_oop_il
3260       banked      2586ms raced     zr2c:child_oop_il
3262       banked      2568ms raced     zr2c:child_nat_ip
3264       banked     37849ms raced     zr2c:child_oop_il
3266       banked      2586ms raced     zr2c:child_oop_il
3268       banked      3725ms raced     zr2c:child_oop_il
3270       banked      2577ms raced     zr2c:child_oop_il
3272       banked      2616ms raced     zr2c:child_oop_il
3274       banked      2553ms raced     zr2c:child_nat_ip
3276       banked     16094ms raced     zr2c:child_oop_il
3278       banked      2578ms raced     zr2c:child_oop_il
3280       banked     13915ms raced     zr2c:child_oop_il
3282       banked      2656ms raced     zr2c:child_oop_il
3284       banked      2613ms raced     zr2c:child_oop_il
3286       banked      2561ms raced     zr2c:child_oop_il
3288       banked      2558ms raced     zr2c:child_oop_il
3290       banked      7055ms raced     zr2c:child_oop_il
3292       banked      2572ms raced     zr2c:child_oop_il
3294       banked      2583ms raced     zr2c:child_oop_il
3296       banked      2594ms raced     zr2c:child_oop_il
3298       banked      2562ms raced     zr2c:child_oop_il
3300       banked     22961ms raced     zr2c:child_oop_il
3302       banked      2575ms raced     zr2c:child_oop_il
3304       banked      2594ms raced     zr2c:child_oop_il
3306       banked      7092ms raced     zr2c:child_nat_ip
3308       banked      2603ms raced     zr2c:child_nat_ip
3310       banked      2546ms raced     zr2c:child_oop_il
3312       banked     16884ms raced     zr2c:child_oop_il
3314       banked      2639ms raced     zr2c:child_nat_ip
3316       banked      2570ms raced     zr2c:child_oop_il
3318       banked      2594ms raced     zr2c:child_oop_il
3320       banked      2560ms raced     zr2c:child_oop_il
3322       banked      2620ms raced     zr2c:child_oop_il
3324       banked      2561ms raced     zr2c:child_nat_ip
3326       banked      2588ms raced     zr2c:child_oop_il
3328       banked     31948ms raced     zr2c:child_oop_il
3330       banked     19275ms raced     zr2c:child_oop_il
3332       banked      3859ms raced     zr2c:child_nat_ip
3334       banked      2577ms raced     zr2c:child_oop_il
3336       banked      2577ms raced     zr2c:child_nat_ip
3338       banked      2612ms raced     zr2c:child_oop_il
3340       banked      2583ms raced     zr2c:child_oop_il
3342       banked      2592ms raced     zr2c:child_oop_il
3344       banked     10656ms raced     zr2c:child_nat_ip
3346       banked      2581ms raced     zr2c:child_oop_il
3348       banked     12521ms raced     zr2c:child_oop_il
3350       banked      2593ms raced     zr2c:child_oop_il
3352       banked      2596ms raced     zr2c:child_oop_il
3354       banked      7138ms raced     zr2c:child_oop_il
3356       banked      2541ms raced     zr2c:child_oop_il
3358       banked      2563ms raced     zr2c:child_nat_ip
3360       banked     76867ms raced     zr2c:child_oop_il
3362       banked      2818ms raced     zr2c:child_oop_il
3364       banked      1778ms raced     zr2c:child_oop_il
3366       banked      9947ms raced     zr2c:child_oop_il
3368       banked      2579ms raced     zr2c:child_oop_il
3370       banked      2596ms raced     zr2c:child_oop_il
3372       banked      2597ms raced     zr2c:child_oop_il
3374       banked      2611ms raced     zr2c:child_oop_il
3376       banked      2581ms raced     zr2c:child_nat_ip
3378       banked      2608ms raced     zr2c:child_nat_ip
3380       banked      5538ms raced     zr2c:child_oop_il
3382       banked      2595ms raced     zr2c:child_oop_il
3384       banked     14860ms raced     zr2c:child_oop_il
3386       banked      2580ms raced     zr2c:child_oop_il
3388       banked      3809ms raced     zr2c:child_oop_il
3390       banked      2568ms raced     zr2c:child_oop_il
3392       banked      2575ms raced     zr2c:child_oop_il
3394       banked      2612ms raced     zr2c:child_oop_il
3396       banked      2594ms raced     zr2c:child_oop_il
3398       banked      2607ms raced     zr2c:child_oop_il
3400       banked     15194ms raced     zr2c:child_oop_il
3402       banked       147ms replayed  zr2c:child_oop_il
3404       banked      3764ms raced     zr2c:child_nat_ip
3406       banked      2601ms raced     zr2c:child_oop_il
3408       banked      2617ms raced     zr2c:child_nat_ip
3410       banked      7031ms raced     zr2c:child_oop_il
3412       banked      2595ms raced     zr2c:child_oop_il
3414       banked      2608ms raced     zr2c:child_oop_il
3416       banked      2577ms raced     zr2c:child_oop_il
3418       banked      2613ms raced     zr2c:child_oop_il
3420       banked     19456ms raced     zr2c:child_oop_il
3422       banked      2564ms raced     zr2c:child_oop_il
3424       banked      2604ms raced     zr2c:child_oop_il
3426       banked      2590ms raced     zr2c:child_oop_il
3428       banked      2584ms raced     zr2c:child_oop_il
3430       banked       146ms replayed  zr2c:child_oop_il
3432       banked      7404ms raced     zr2c:child_oop_il
3434       banked      2601ms raced     zr2c:child_oop_il
3436       banked      2618ms raced     zr2c:child_oop_il
3438       banked      2582ms raced     zr2c:child_oop_il
3440       banked     13894ms raced     zr2c:child_oop_il
3442       banked      2584ms raced     zr2c:child_oop_il
3444       banked      9622ms raced     zr2c:child_oop_il
3446       banked      2630ms raced     zr2c:child_oop_il
3448       banked      2595ms raced     zr2c:child_oop_il
3450       banked     22009ms raced     zr2c:child_oop_il
3452       banked      2619ms raced     zr2c:child_oop_il
3454       banked      2611ms raced     zr2c:child_nat_ip
3456       banked       165ms replayed  chain3
3458       banked      7112ms raced     zr2c:child_oop_il
3460       banked      2607ms raced     zr2c:child_nat_ip
3462       banked      2583ms raced     zr2c:child_oop_il
3464       banked      2591ms raced     zr2c:child_oop_il
3466       banked      2608ms raced     zr2c:child_oop_il
3468       banked      5506ms raced     zr2c:child_oop_il
3470       banked      2611ms raced     zr2c:child_oop_il
3472       banked     10602ms raced     zr2c:child_oop_il
3474       banked      2579ms raced     zr2c:child_oop_il
3476       banked      2564ms raced     zr2c:child_oop_il
3478       banked      4768ms raced     zr2c:child_oop_il
3480       banked     19882ms raced     zr2c:child_oop_il
3482       banked      2612ms raced     zr2c:child_oop_il
3484       banked      2567ms raced     zr2c:child_oop_il
3486       banked      2605ms raced     zr2c:child_oop_il
3488       banked      2600ms raced     zr2c:child_oop_il
3490       banked      2588ms raced     zr2c:child_oop_il
3492       banked      2587ms raced     zr2c:child_oop_il
3494       banked      2628ms raced     zr2c:child_oop_il
3496       banked      7148ms raced     zr2c:child_oop_il
3498       banked      2592ms raced     zr2c:child_oop_il
3500       banked     13403ms raced     zr2c:child_oop_il
3502       banked      2582ms raced     zr2c:child_oop_il
3504       banked      2589ms raced     zr2c:child_oop_il
3506       banked      2631ms raced     zr2c:child_nat_ip
3508       banked      2629ms raced     zr2c:child_oop_il
3510       banked     22449ms raced     zr2c:child_oop_il
3512       banked      2608ms raced     zr2c:child_oop_il
3514       banked      2584ms raced     zr2c:child_oop_il
3516       banked      2596ms raced     zr2c:child_oop_il
3518       banked      2591ms raced     zr2c:child_oop_il
3520       banked     30944ms raced     zr2c:child_oop_il
3522       banked      2608ms raced     zr2c:child_nat_ip
3524       banked      2577ms raced     zr2c:child_nat_ip
3526       banked      4832ms raced     zr2c:child_oop_il
3528       banked     23430ms raced     zr2c:child_oop_il
3530       banked      2609ms raced     zr2c:child_oop_il
3532       banked      2580ms raced     zr2c:child_oop_il
3534       banked      7158ms raced     zr2c:child_oop_il
3536       banked     10645ms raced     zr2c:child_oop_il
3538       banked      2610ms raced     zr2c:child_oop_il
3540       banked      2615ms raced     zr2c:child_oop_il
3542       banked      7122ms raced     zr2c:child_oop_il
3544       banked      2609ms raced     zr2c:child_oop_il
3546       banked      2578ms raced     zr2c:child_nat_ip
3548       banked      2582ms raced     zr2c:child_oop_il
3550       banked      2578ms raced     zr2c:child_oop_il
3552       banked     30323ms raced     zr2c:child_oop_il
3554       banked      2586ms raced     zr2c:child_nat_ip
3556       banked      2580ms raced     zr2c:child_oop_il
3558       banked      2626ms raced     zr2c:child_oop_il
3560       banked      2633ms raced     zr2c:child_oop_il
3562       banked      2598ms raced     zr2c:child_oop_il
3564       banked     15986ms raced     zr2c:child_oop_il
3566       banked      2594ms raced     zr2c:child_oop_il
3568       banked      2607ms raced     zr2c:child_oop_il
3570       banked     22389ms raced     zr2c:child_oop_il
3572       banked      3696ms raced     zr2c:child_nat_ip
3574       banked      2580ms raced     zr2c:child_oop_il
3576       banked      2591ms raced     zr2c:child_oop_il
3578       banked      2637ms raced     zr2c:child_nat_ip
3580       banked      2593ms raced     zr2c:child_oop_il
3582       banked      2587ms raced     zr2c:child_oop_il
3584       banked       146ms replayed  chain3
3586       banked      2592ms raced     zr2c:child_oop_il
3588       banked      7247ms raced     zr2c:child_oop_il
3590       banked      2605ms raced     zr2c:child_oop_il
3592       banked      2600ms raced     zr2c:child_oop_il
3594       banked      2586ms raced     zr2c:child_oop_il
3596       banked      3670ms raced     zr2c:child_oop_il
3598       banked      2607ms raced     zr2c:child_oop_il
3600       banked     51909ms raced     zr2c:child_oop_il
3602       banked      2609ms raced     zr2c:child_oop_il
3604       banked      2614ms raced     zr2c:child_oop_il
3606       banked      2601ms raced     zr2c:child_nat_ip
3608       banked      7034ms raced     zr2c:child_oop_il
3610       banked      5329ms raced     zr2c:child_oop_il
3612       banked      9780ms raced     zr2c:child_oop_il
3614       banked      2577ms raced     zr2c:child_oop_il
3616       banked      2574ms raced     zr2c:child_oop_il
3618       banked      2579ms raced     zr2c:child_nat_ip
3620       banked      2580ms raced     zr2c:child_oop_il
3622       banked      2553ms raced     zr2c:child_nat_ip
3624       banked      2609ms raced     zr2c:child_oop_il
3626       banked      5372ms raced     zr2c:child_oop_il
3628       banked      2591ms raced     zr2c:child_oop_il
3630       banked      9800ms raced     zr2c:child_oop_il
3632       banked      2593ms raced     zr2c:child_oop_il
3634       banked      2605ms raced     zr2c:child_oop_il
3636       banked      2654ms raced     zr2c:child_nat_ip
3638       banked      2545ms raced     zr2c:child_oop_il
3640       banked      4016ms raced     zr2c:child_oop_il
3642       banked      2611ms raced     zr2c:child_oop_il
3644       banked      2569ms raced     zr2c:child_oop_il
3646       banked      2598ms raced     zr2c:child_oop_il
3648       banked     37808ms raced     zr2c:child_oop_il
3650       banked      2568ms raced     zr2c:child_oop_il
3652       banked      2575ms raced     zr2c:child_oop_il
3654       banked     18997ms raced     zr2c:child_oop_il
3656       banked      2607ms raced     zr2c:child_oop_il
3658       banked      2609ms raced     zr2c:child_oop_il
3660       banked      2570ms raced     zr2c:child_oop_il
3662       banked      2567ms raced     zr2c:child_oop_il
3664       banked      2612ms raced     zr2c:child_oop_il
3666       banked      7164ms raced     zr2c:child_oop_il
3668       banked      2595ms raced     zr2c:child_oop_il
3670       banked      2609ms raced     zr2c:child_oop_il
3672       banked     19789ms raced     zr2c:child_oop_il
3674       banked      2604ms raced     zr2c:child_oop_il
3676       banked      2633ms raced     zr2c:child_oop_il
3678       banked      2587ms raced     zr2c:child_oop_il
3680       banked     26627ms raced     zr2c:child_oop_il
3682       banked      2593ms raced     zr2c:child_nat_ip
3684       banked      2593ms raced     zr2c:child_nat_ip
3686       banked      2625ms raced     zr2c:child_oop_il
3688       banked      2580ms raced     zr2c:child_oop_il
3690       banked     19050ms raced     zr2c:child_oop_il
3692       banked      2592ms raced     zr2c:child_oop_il
3694       banked      2608ms raced     zr2c:child_oop_il
3696       banked     20163ms raced     zr2c:child_oop_il
3698       banked      2852ms raced     zr2c:child_oop_il
3700       banked      9695ms raced     zr2c:child_oop_il
3702       banked      2606ms raced     zr2c:child_oop_il
3704       banked      2562ms raced     zr2c:child_oop_il
3706       banked      2565ms raced     zr2c:child_oop_il
3708       banked      2603ms raced     zr2c:child_oop_il
3710       banked      2575ms raced     zr2c:child_oop_il
3712       banked     23597ms raced     zr2c:child_oop_il
3714       banked      2578ms raced     zr2c:child_oop_il
3716       banked      2592ms raced     zr2c:child_oop_il
3718       banked      5454ms raced     zr2c:child_oop_il
3720       banked     20104ms raced     zr2c:child_oop_il
3722       banked      2609ms raced     zr2c:child_nat_ip
3724       banked      3872ms raced     zr2c:child_oop_il
3726       banked     17628ms raced     zr2c:child_oop_il
3728       banked      2563ms raced     zr2c:child_oop_il
3730       banked      2569ms raced     zr2c:child_oop_il
3732       banked      2598ms raced     zr2c:child_oop_il
3734       banked      2605ms raced     zr2c:child_oop_il
3736       banked      2618ms raced     zr2c:child_oop_il
3738       banked      2605ms raced     zr2c:child_oop_il
3740       banked      7316ms raced     zr2c:child_oop_il
3742       banked      2585ms raced     zr2c:child_oop_il
3744       banked     23536ms raced     zr2c:child_oop_il
3746       banked      2590ms raced     zr2c:child_nat_ip
3748       banked      2629ms raced     zr2c:child_oop_il
3750       banked       147ms replayed  zr2c:child_oop_il
3752       banked      2616ms raced     zr2c:child_oop_il
3754       banked      2606ms raced     zr2c:child_oop_il
3756       banked      2601ms raced     zr2c:child_oop_il
3758       banked      2613ms raced     zr2c:child_oop_il
3760       banked     14062ms raced     zr2c:child_oop_il
3762       banked      9763ms raced     zr2c:child_oop_il
3764       banked      2608ms raced     zr2c:child_nat_ip
3766       banked      2589ms raced     zr2c:child_nat_ip
3768       banked      2577ms raced     zr2c:child_oop_il
3770       banked      6950ms raced     zr2c:child_oop_il
3772       banked      3730ms raced     zr2c:child_oop_il
3774       banked      7196ms raced     zr2c:child_oop_il
3776       banked      2608ms raced     zr2c:child_oop_il
3778       banked      2610ms raced     zr2c:child_oop_il
3780       banked     37768ms raced     zr2c:child_oop_il
3782       banked      2605ms raced     zr2c:child_oop_il
3784       banked      7041ms raced     zr2c:child_oop_il
3786       banked      2596ms raced     zr2c:child_oop_il
3788       banked      2582ms raced     zr2c:child_oop_il
3790       banked      2576ms raced     zr2c:child_oop_il
3792       banked      2586ms raced     zr2c:child_oop_il
3794       banked      2597ms raced     zr2c:child_oop_il
3796       banked      2629ms raced     zr2c:child_oop_il
3798       banked      2614ms raced     zr2c:child_oop_il
3800       banked     14996ms raced     zr2c:child_oop_il
3802       banked      2599ms raced     zr2c:child_oop_il
3804       banked      2602ms raced     zr2c:child_oop_il
3806       banked      2609ms raced     zr2c:child_oop_il
3808       banked     19084ms raced     zr2c:child_oop_il
3810       banked      2635ms raced     zr2c:child_oop_il
3812       banked      2613ms raced     zr2c:child_oop_il
3814       banked      2633ms raced     zr2c:child_oop_il
3816       banked      2578ms raced     zr2c:child_oop_il
3818       banked      2608ms raced     zr2c:child_oop_il
3820       banked      2626ms raced     zr2c:child_oop_il
3822       banked     13013ms raced     zr2c:child_oop_il
3824       banked      2560ms raced     zr2c:child_oop_il
3826       banked      2609ms raced     zr2c:child_oop_il
3828       banked      7055ms raced     zr2c:child_oop_il
3830       banked      2572ms raced     zr2c:child_oop_il
3832       banked      2608ms raced     zr2c:child_oop_il
3834       banked      2648ms raced     zr2c:child_oop_il
3836       banked      2577ms raced     zr2c:child_nat_ip
3838       banked      2576ms raced     zr2c:child_oop_il
3840       banked       148ms replayed  chain3
3842       banked      2607ms raced     zr2c:child_oop_il
3844       banked      1786ms raced     zr2c:child_oop_il
3846       banked      2634ms raced     zr2c:child_oop_il
3848       banked      7009ms raced     zr2c:child_oop_il
3850       banked     13024ms raced     zr2c:child_oop_il
3852       banked      2598ms raced     zr2c:child_oop_il
3854       banked      4909ms raced     zr2c:child_oop_il
3856       banked      2585ms raced     zr2c:child_oop_il
3858       banked      2631ms raced     zr2c:child_oop_il
3860       banked      2599ms raced     zr2c:child_oop_il
3862       banked      2593ms raced     zr2c:child_oop_il
3864       banked     17149ms raced     zr2c:child_oop_il
3866       banked      2606ms raced     zr2c:child_oop_il
3868       banked      2598ms raced     zr2c:child_oop_il
3870       banked     19273ms raced     zr2c:child_oop_il
3872       banked     12763ms raced     zr2c:child_oop_il
3874       banked      2564ms raced     zr2c:child_oop_il
3876       banked      7014ms raced     zr2c:child_oop_il
3878       banked      2569ms raced     zr2c:child_oop_il
3880       banked      2583ms raced     zr2c:child_oop_il
3882       banked      2604ms raced     zr2c:child_oop_il
3884       banked      2607ms raced     zr2c:child_oop_il
3886       banked      2592ms raced     zr2c:child_oop_il
3888       banked     30928ms raced     zr2c:child_oop_il
3890       banked      2618ms raced     zr2c:child_oop_il
3892       banked      2588ms raced     zr2c:child_oop_il
3894       banked      2580ms raced     zr2c:child_oop_il
3896       banked      2580ms raced     zr2c:child_nat_ip
3898       banked      2598ms raced     zr2c:child_oop_il
3900       banked     22734ms raced     zr2c:child_oop_il
3902       banked      2584ms raced     zr2c:child_oop_il
3904       banked      2588ms raced     zr2c:child_oop_il
3906       banked     19194ms raced     zr2c:child_oop_il
3908       banked      2595ms raced     zr2c:child_oop_il
3910       banked      7049ms raced     zr2c:child_oop_il
3912       banked      2587ms raced     zr2c:child_oop_il
3914       banked      2592ms raced     zr2c:child_oop_il
3916       banked      2612ms raced     zr2c:child_oop_il
3918       banked      2605ms raced     zr2c:child_oop_il
3920       banked      3878ms raced     zr2c:child_oop_il
3922       banked      2596ms raced     zr2c:child_oop_il
3924       banked      2599ms raced     zr2c:child_oop_il
3926       banked      2566ms raced     zr2c:child_oop_il
3928       banked      2604ms raced     zr2c:child_oop_il
3930       banked      2632ms raced     zr2c:child_oop_il
3932       banked      2620ms raced     zr2c:child_oop_il
3934       banked      2607ms raced     zr2c:child_oop_il
3936       banked     30020ms raced     zr2c:child_oop_il
3938       banked      2608ms raced     zr2c:child_oop_il
3940       banked      2580ms raced     zr2c:child_nat_ip
3942       banked      2622ms raced     zr2c:child_oop_il
3944       banked      6971ms raced     zr2c:child_oop_il
3946       banked      2631ms raced     zr2c:child_oop_il
3948       banked      9853ms raced     zr2c:child_oop_il
3950       banked      2631ms raced     zr2c:child_oop_il
3952       banked     10560ms raced     zr2c:child_oop_il
3954       banked      2636ms raced     zr2c:child_oop_il
3956       banked      3796ms raced     zr2c:child_oop_il
3958       banked      2611ms raced     zr2c:child_oop_il
3960       banked     17584ms raced     zr2c:child_oop_il
3962       banked      2584ms raced     zr2c:child_oop_il
3964       banked      2604ms raced     zr2c:child_oop_il
3966       banked      2601ms raced     zr2c:child_oop_il
3968       banked     23264ms raced     zr2c:child_oop_il
3970       banked      2586ms raced     zr2c:child_oop_il
3972       banked      2580ms raced     zr2c:child_oop_il
3974       banked      2606ms raced     zr2c:child_oop_il
3976       banked      2591ms raced     zr2c:child_oop_il
3978       banked      9623ms raced     zr2c:child_oop_il
3980       banked      2612ms raced     zr2c:child_oop_il
3982       banked      2604ms raced     zr2c:child_oop_il
3984       banked      2596ms raced     zr2c:child_oop_il
3986       banked      2591ms raced     zr2c:child_oop_il
3988       banked      2602ms raced     zr2c:child_oop_il
3990       banked     22476ms raced     zr2c:child_oop_il
3992       banked      2591ms raced     zr2c:child_oop_il
3994       banked      2600ms raced     zr2c:child_oop_il
3996       banked     12479ms raced     zr2c:child_oop_il
3998       banked      2586ms raced     zr2c:child_oop_il
4000       banked       148ms replayed  zr2c:child_oop_il
4002       banked      7166ms raced     zr2c:child_oop_il
4004       banked      3728ms raced     zr2c:child_oop_il
4006       banked      2574ms raced     zr2c:child_oop_il
4008       banked      2560ms raced     zr2c:child_oop_il
4010       banked      2635ms raced     zr2c:child_oop_il
4012       banked      2591ms raced     zr2c:child_oop_il
4014       banked      2569ms raced     zr2c:child_oop_il
4016       banked      2597ms raced     zr2c:child_oop_il
4018       banked      5476ms raced     zr2c:child_oop_il
4020       banked      2598ms raced     zr2c:child_oop_il
4022       banked      2595ms raced     zr2c:child_oop_il
4024       banked      2569ms raced     zr2c:child_nat_ip
4026       banked      2613ms raced     zr2c:child_oop_il
4028       banked      2572ms raced     zr2c:child_oop_il
4030       banked      7080ms raced     zr2c:child_oop_il
4032       banked     93596ms raced     chain3
4034       banked      2626ms raced     zr2c:child_oop_il
4036       banked      2614ms raced     zr2c:child_oop_il
4038       banked      2621ms raced     zr2c:child_oop_il
4040       banked      2571ms raced     zr2c:child_oop_il
4042       banked      4829ms raced     zr2c:child_oop_il
4044       banked      2608ms raced     zr2c:child_oop_il
4046       banked      5396ms raced     zr2c:child_oop_il
4048       banked     10470ms raced     zr2c:child_oop_il
4050       banked       147ms replayed  zr2c:child_oop_il
4052       banked      2626ms raced     zr2c:child_oop_il
4054       banked      2638ms raced     zr2c:child_oop_il
4056       banked      5620ms raced     zr2c:child_oop_il
4058       banked      2654ms raced     zr2c:child_oop_il
4060       banked      7145ms raced     zr2c:child_oop_il
4062       banked      2633ms raced     zr2c:child_oop_il
4064       banked      2593ms raced     zr2c:child_oop_il
4066       banked      2596ms raced     zr2c:child_nat_ip
4068       banked      2620ms raced     zr2c:child_oop_il
4070       banked      7122ms raced     zr2c:child_oop_il
4072       banked      2613ms raced     zr2c:child_oop_il
4074       banked      2629ms raced     zr2c:child_oop_il
4076       banked      2604ms raced     zr2c:child_oop_il
4078       banked      2645ms raced     zr2c:child_oop_il
4080       banked     24448ms raced     zr2c:child_oop_il
4082       banked      2587ms raced     zr2c:child_oop_il
4084       banked      2622ms raced     zr2c:child_oop_il
4086       banked      2592ms raced     zr2c:child_oop_il
4088       banked      2603ms raced     zr2c:child_oop_il
4090       banked      2646ms raced     zr2c:child_oop_il
4092       banked      7177ms raced     zr2c:child_oop_il
4094       banked      2592ms raced     zr2c:child_nat_ip
4096       banked       149ms replayed  zr2c:child_oop_il
