2026-10-10 06:54:58 store: fresh copy of this CPU's shipped wisdom (C:\Users\Tugbars\Desktop\highSpeedFFT\src\wisdom\14900KF)
2026-10-10 06:54:58 run: 1024 cells, contract out of place, bin C:\Users\Tugbars\Desktop\highSpeedFFT\gauntlet
2026-10-10 06:54:58 calibrate: 1024 cells (0 already done)
2026-10-10 06:57:32   calibrated 25/1024 (2098), 154 s elapsed
2026-10-10 07:00:23   calibrated 50/1024 (2148), 325 s elapsed
2026-10-10 07:03:19   calibrated 75/1024 (2198), 501 s elapsed
2026-10-10 07:06:19   calibrated 100/1024 (2248), 681 s elapsed
2026-10-10 07:08:32   calibrated 125/1024 (2298), 814 s elapsed
2026-10-10 07:10:48   calibrated 150/1024 (2348), 950 s elapsed
2026-10-10 07:13:15   calibrated 175/1024 (2398), 1098 s elapsed
2026-10-10 07:16:52   calibrated 200/1024 (2448), 1314 s elapsed
2026-10-10 07:19:24   calibrated 225/1024 (2498), 1466 s elapsed
2026-10-10 07:21:48   calibrated 250/1024 (2548), 1610 s elapsed
2026-10-10 07:24:52   calibrated 275/1024 (2598), 1795 s elapsed
2026-10-10 07:27:17   calibrated 300/1024 (2648), 1939 s elapsed
2026-10-10 07:29:57   calibrated 325/1024 (2698), 2099 s elapsed
2026-10-10 07:32:51   calibrated 350/1024 (2748), 2273 s elapsed
2026-10-10 07:35:49   calibrated 375/1024 (2798), 2451 s elapsed
2026-10-10 07:38:16   calibrated 400/1024 (2848), 2598 s elapsed
2026-10-10 07:40:30   calibrated 425/1024 (2898), 2732 s elapsed
2026-10-10 07:42:54   calibrated 450/1024 (2948), 2876 s elapsed
2026-10-10 07:45:33   calibrated 475/1024 (2998), 3035 s elapsed
2026-10-10 07:48:17   calibrated 500/1024 (3048), 3199 s elapsed
2026-10-10 07:50:10   calibrated 525/1024 (3098), 3312 s elapsed
2026-10-10 07:52:22   calibrated 550/1024 (3148), 3444 s elapsed
2026-10-10 07:54:19   calibrated 575/1024 (3198), 3561 s elapsed
2026-10-10 07:56:38   calibrated 600/1024 (3248), 3700 s elapsed
2026-10-10 07:59:04   calibrated 625/1024 (3298), 3846 s elapsed
2026-10-10 08:01:53   calibrated 650/1024 (3348), 4016 s elapsed
2026-10-10 08:04:41   calibrated 675/1024 (3398), 4183 s elapsed
2026-10-10 08:06:39   calibrated 700/1024 (3448), 4301 s elapsed
2026-10-10 08:08:41   calibrated 725/1024 (3498), 4423 s elapsed
2026-10-10 08:11:25   calibrated 750/1024 (3548), 4587 s elapsed
2026-10-10 08:13:36   calibrated 775/1024 (3598), 4718 s elapsed
2026-10-10 08:16:32   calibrated 800/1024 (3648), 4894 s elapsed
2026-10-10 08:19:13   calibrated 825/1024 (3698), 5055 s elapsed
2026-10-10 08:21:49   calibrated 850/1024 (3748), 5211 s elapsed
2026-10-10 08:24:00   calibrated 875/1024 (3798), 5342 s elapsed
2026-10-10 08:25:51   calibrated 900/1024 (3848), 5453 s elapsed
2026-10-10 08:28:23   calibrated 925/1024 (3898), 5605 s elapsed
2026-10-10 08:30:50   calibrated 950/1024 (3948), 5752 s elapsed
2026-10-10 08:33:17   calibrated 975/1024 (3998), 5899 s elapsed
2026-10-10 08:36:16   calibrated 1000/1024 (4048), 6078 s elapsed
2026-10-10 08:37:53   calibrated 1024/1024 (4096), 6175 s elapsed
2026-10-10 08:37:53 bench: 1024 cells (0 already benched, 0 not banked -> not benched)
2026-10-10 08:38:46   benched 25/1024 (2098), 51 s elapsed
2026-10-10 08:39:36   benched 50/1024 (2148), 102 s elapsed
2026-10-10 08:40:27   benched 75/1024 (2198), 152 s elapsed
2026-10-10 08:41:18   benched 100/1024 (2248), 204 s elapsed
2026-10-10 08:42:09   benched 125/1024 (2298), 254 s elapsed
2026-10-10 08:42:59   benched 150/1024 (2348), 304 s elapsed
2026-10-10 08:43:48   benched 175/1024 (2398), 354 s elapsed
2026-10-10 08:44:39   benched 200/1024 (2448), 404 s elapsed
2026-10-10 08:45:29   benched 225/1024 (2498), 454 s elapsed
2026-10-10 08:46:19   benched 250/1024 (2548), 504 s elapsed
2026-10-10 08:47:08   benched 275/1024 (2598), 553 s elapsed
2026-10-10 08:47:58   benched 300/1024 (2648), 604 s elapsed
2026-10-10 08:48:48   benched 325/1024 (2698), 653 s elapsed
2026-10-10 08:49:37   benched 350/1024 (2748), 702 s elapsed
2026-10-10 08:50:26   benched 375/1024 (2798), 751 s elapsed
2026-10-10 08:51:17   benched 400/1024 (2848), 803 s elapsed
2026-10-10 08:52:05   benched 425/1024 (2898), 851 s elapsed
2026-10-10 08:52:54   benched 450/1024 (2948), 899 s elapsed
2026-10-10 08:53:42   benched 475/1024 (2998), 947 s elapsed
2026-10-10 08:54:32   benched 500/1024 (3048), 997 s elapsed
2026-10-10 08:55:20   benched 525/1024 (3098), 1045 s elapsed
2026-10-10 08:56:08   benched 550/1024 (3148), 1094 s elapsed
2026-10-10 08:56:56   benched 575/1024 (3198), 1142 s elapsed
2026-10-10 08:57:46   benched 600/1024 (3248), 1191 s elapsed
2026-10-10 08:58:34   benched 625/1024 (3298), 1240 s elapsed
2026-10-10 08:59:22   benched 650/1024 (3348), 1287 s elapsed
2026-10-10 09:00:10   benched 675/1024 (3398), 1335 s elapsed
2026-10-10 09:00:58   benched 700/1024 (3448), 1384 s elapsed
2026-10-10 09:01:46   benched 725/1024 (3498), 1431 s elapsed
2026-10-10 09:02:33   benched 750/1024 (3548), 1479 s elapsed
2026-10-10 09:03:21   benched 775/1024 (3598), 1526 s elapsed
2026-10-10 09:04:10   benched 800/1024 (3648), 1575 s elapsed
2026-10-10 09:04:58   benched 825/1024 (3698), 1623 s elapsed
2026-10-10 09:05:44   benched 850/1024 (3748), 1669 s elapsed
2026-10-10 09:06:31   benched 875/1024 (3798), 1717 s elapsed
2026-10-10 09:07:20   benched 900/1024 (3848), 1765 s elapsed
2026-10-10 09:08:07   benched 925/1024 (3898), 1813 s elapsed
2026-10-10 09:08:54   benched 950/1024 (3948), 1860 s elapsed
2026-10-10 09:09:41   benched 975/1024 (3998), 1907 s elapsed
2026-10-10 09:10:29   benched 1000/1024 (4048), 1955 s elapsed
2026-10-10 09:11:14   benched 1024/1024 (4096), 1999 s elapsed
2026-10-10 09:11:15 report: C:\Users\Tugbars\Desktop\highSpeedFFT\gauntlet\results\kfr_r2c_even_2050_4096\report_r2c_kfr.md
2026-10-10 10:33:28 merge: 0 cells, contract out of place, bin C:\Users\Tugbars\Desktop\highSpeedFFT\gauntlet
2026-10-10 10:33:28 merged into C:\Users\Tugbars\Desktop\highSpeedFFT\src\wisdom\14900KF
