2026-09-30 07:49:08   calibrated 350/2047 (351), 57 s elapsed
2026-09-30 07:49:14   calibrated 375/2047 (376), 63 s elapsed
2026-09-30 07:49:18   calibrated 400/2047 (401), 68 s elapsed
2026-09-30 07:49:23   calibrated 425/2047 (426), 73 s elapsed
2026-09-30 07:49:27   calibrated 450/2047 (451), 77 s elapsed
2026-09-30 07:49:32   calibrated 475/2047 (476), 82 s elapsed
2026-09-30 07:49:37   calibrated 500/2047 (501), 86 s elapsed
2026-09-30 07:49:41   calibrated 525/2047 (526), 91 s elapsed
2026-09-30 07:49:46   calibrated 550/2047 (551), 96 s elapsed
2026-09-30 07:49:50   calibrated 575/2047 (576), 100 s elapsed
2026-09-30 07:49:56   calibrated 600/2047 (601), 105 s elapsed
2026-09-30 07:50:00   calibrated 625/2047 (626), 109 s elapsed
2026-09-30 07:50:05   calibrated 650/2047 (651), 114 s elapsed
2026-09-30 07:50:09   calibrated 675/2047 (676), 119 s elapsed
2026-09-30 07:50:15   calibrated 700/2047 (701), 124 s elapsed
2026-09-30 07:50:20   calibrated 725/2047 (726), 129 s elapsed
2026-09-30 07:50:31   calibrated 750/2047 (751), 141 s elapsed
2026-09-30 07:50:36   calibrated 775/2047 (776), 146 s elapsed
2026-09-30 07:50:41   calibrated 800/2047 (801), 151 s elapsed
2026-09-30 07:50:46   calibrated 825/2047 (826), 156 s elapsed
2026-09-30 07:50:51   calibrated 850/2047 (851), 161 s elapsed
2026-09-30 07:50:58   calibrated 875/2047 (876), 168 s elapsed
2026-09-30 07:51:03   calibrated 900/2047 (901), 173 s elapsed
2026-09-30 07:51:09   calibrated 925/2047 (926), 179 s elapsed
2026-09-30 07:51:14   calibrated 950/2047 (951), 184 s elapsed
2026-09-30 07:51:19   calibrated 975/2047 (976), 189 s elapsed
2026-09-30 07:51:24   calibrated 1000/2047 (1001), 194 s elapsed
2026-09-30 07:51:29   calibrated 1025/2047 (1026), 199 s elapsed
2026-09-30 07:51:37   calibrated 1050/2047 (1051), 206 s elapsed
2026-09-30 07:51:42   calibrated 1075/2047 (1076), 212 s elapsed
2026-09-30 07:51:48   calibrated 1100/2047 (1101), 217 s elapsed
2026-09-30 07:51:53   calibrated 1125/2047 (1126), 223 s elapsed
2026-09-30 07:51:59   calibrated 1150/2047 (1151), 228 s elapsed
2026-09-30 07:52:04   calibrated 1175/2047 (1176), 234 s elapsed
2026-09-30 07:52:09   calibrated 1200/2047 (1201), 239 s elapsed
2026-09-30 07:52:18   calibrated 1225/2047 (1226), 248 s elapsed
2026-09-30 07:52:24   calibrated 1250/2047 (1251), 254 s elapsed
2026-09-30 07:52:30   calibrated 1275/2047 (1276), 260 s elapsed
2026-09-30 07:52:36   calibrated 1300/2047 (1301), 265 s elapsed
2026-09-30 07:52:41   calibrated 1325/2047 (1326), 271 s elapsed
2026-09-30 07:52:48   calibrated 1350/2047 (1351), 277 s elapsed
2026-09-30 07:52:52   calibrated 1375/2047 (1376), 282 s elapsed
2026-09-30 07:52:59   calibrated 1400/2047 (1401), 288 s elapsed
2026-09-30 07:53:04   calibrated 1425/2047 (1426), 294 s elapsed
2026-09-30 07:53:10   calibrated 1450/2047 (1451), 300 s elapsed
2026-09-30 07:53:16   calibrated 1475/2047 (1476), 306 s elapsed
2026-09-30 07:53:22   calibrated 1500/2047 (1501), 312 s elapsed
2026-09-30 07:53:27   calibrated 1525/2047 (1526), 317 s elapsed
2026-09-30 07:53:33   calibrated 1550/2047 (1551), 323 s elapsed
2026-09-30 07:53:39   calibrated 1575/2047 (1576), 329 s elapsed
2026-09-30 07:53:45   calibrated 1600/2047 (1601), 335 s elapsed
2026-09-30 07:53:51   calibrated 1625/2047 (1626), 341 s elapsed
2026-09-30 07:53:57   calibrated 1650/2047 (1651), 347 s elapsed
2026-09-30 07:54:03   calibrated 1675/2047 (1676), 353 s elapsed
2026-09-30 07:54:09   calibrated 1700/2047 (1701), 359 s elapsed
2026-09-30 07:54:18   calibrated 1725/2047 (1726), 368 s elapsed
2026-09-30 07:54:24   calibrated 1750/2047 (1751), 374 s elapsed
2026-09-30 07:54:30   calibrated 1775/2047 (1776), 380 s elapsed
2026-09-30 07:54:37   calibrated 1800/2047 (1801), 387 s elapsed
2026-09-30 07:54:43   calibrated 1825/2047 (1826), 393 s elapsed
2026-09-30 07:54:49   calibrated 1850/2047 (1851), 399 s elapsed
2026-09-30 07:54:55   calibrated 1875/2047 (1876), 405 s elapsed
2026-09-30 07:55:01   calibrated 1900/2047 (1901), 411 s elapsed
2026-09-30 07:55:08   calibrated 1925/2047 (1926), 417 s elapsed
2026-09-30 07:55:14   calibrated 1950/2047 (1951), 424 s elapsed
2026-09-30 07:55:20   calibrated 1975/2047 (1976), 430 s elapsed
2026-09-30 07:55:27   calibrated 2000/2047 (2001), 437 s elapsed
2026-09-30 07:55:33   calibrated 2025/2047 (2026), 442 s elapsed
2026-09-30 07:55:39   calibrated 2047/2047 (2048), 448 s elapsed
2026-09-30 07:55:39 bench: 1716 cells (0 already benched, 331 not banked -> not benched)
2026-09-30 07:56:27   benched 25/1716 (357), 47 s elapsed
2026-09-30 07:57:14   benched 50/1716 (382), 94 s elapsed
2026-09-30 07:58:01   benched 75/1716 (407), 141 s elapsed
2026-09-30 07:58:51   benched 100/1716 (432), 191 s elapsed
2026-09-30 07:59:38   benched 125/1716 (457), 238 s elapsed
2026-09-30 08:00:25   benched 150/1716 (482), 284 s elapsed
2026-09-30 08:01:10   benched 175/1716 (507), 330 s elapsed
2026-09-30 08:02:01   benched 200/1716 (532), 381 s elapsed
2026-09-30 08:02:55   benched 225/1716 (557), 435 s elapsed
2026-09-30 08:03:45   benched 250/1716 (582), 485 s elapsed
2026-09-30 08:04:37   benched 275/1716 (607), 537 s elapsed
2026-09-30 08:05:26   benched 300/1716 (632), 586 s elapsed
2026-09-30 08:06:19   benched 325/1716 (657), 639 s elapsed
2026-09-30 08:07:09   benched 350/1716 (682), 689 s elapsed
2026-09-30 08:07:59   benched 375/1716 (707), 739 s elapsed
2026-09-30 08:08:52   benched 400/1716 (732), 792 s elapsed
2026-09-30 08:09:44   benched 425/1716 (757), 844 s elapsed
2026-09-30 08:10:34   benched 450/1716 (782), 894 s elapsed
2026-09-30 08:11:27   benched 475/1716 (807), 947 s elapsed
2026-09-30 08:12:18   benched 500/1716 (832), 998 s elapsed
2026-09-30 08:13:06   benched 525/1716 (857), 1046 s elapsed
2026-09-30 08:13:55   benched 550/1716 (882), 1095 s elapsed
2026-09-30 08:14:45   benched 575/1716 (907), 1145 s elapsed
2026-09-30 08:15:36   benched 600/1716 (932), 1196 s elapsed
2026-09-30 08:16:26   benched 625/1716 (957), 1245 s elapsed
2026-09-30 08:17:14   benched 650/1716 (982), 1293 s elapsed
2026-09-30 08:18:03   benched 675/1716 (1007), 1343 s elapsed
2026-09-30 08:18:54   benched 700/1716 (1032), 1394 s elapsed
2026-09-30 08:19:50   benched 725/1716 (1057), 1449 s elapsed
2026-09-30 08:20:46   benched 750/1716 (1082), 1506 s elapsed
2026-09-30 08:21:42   benched 775/1716 (1107), 1561 s elapsed
2026-09-30 08:22:38   benched 800/1716 (1132), 1617 s elapsed
2026-09-30 08:23:33   benched 825/1716 (1157), 1673 s elapsed
2026-09-30 08:24:30   benched 850/1716 (1182), 1730 s elapsed
2026-09-30 08:25:27   benched 875/1716 (1207), 1786 s elapsed
2026-09-30 08:26:20   benched 900/1716 (1232), 1840 s elapsed
2026-09-30 08:27:18   benched 925/1716 (1257), 1898 s elapsed
2026-09-30 08:28:12   benched 950/1716 (1282), 1952 s elapsed
2026-09-30 08:29:07   benched 975/1716 (1307), 2007 s elapsed
2026-09-30 08:30:02   benched 1000/1716 (1332), 2062 s elapsed
2026-09-30 08:31:01   benched 1025/1716 (1357), 2121 s elapsed
2026-09-30 08:31:53   benched 1050/1716 (1382), 2173 s elapsed
2026-09-30 08:32:50   benched 1075/1716 (1407), 2230 s elapsed
2026-09-30 08:33:46   benched 1100/1716 (1432), 2286 s elapsed
2026-09-30 08:34:40   benched 1125/1716 (1457), 2340 s elapsed
2026-09-30 08:35:33   benched 1150/1716 (1482), 2393 s elapsed
2026-09-30 08:36:28   benched 1175/1716 (1507), 2448 s elapsed
2026-09-30 08:37:24   benched 1200/1716 (1532), 2503 s elapsed
2026-09-30 08:38:19   benched 1225/1716 (1557), 2558 s elapsed
2026-09-30 08:39:13   benched 1250/1716 (1582), 2612 s elapsed
2026-09-30 08:40:06   benched 1275/1716 (1607), 2666 s elapsed
2026-09-30 08:40:58   benched 1300/1716 (1632), 2718 s elapsed
2026-09-30 08:41:53   benched 1325/1716 (1657), 2772 s elapsed
2026-09-30 08:42:46   benched 1350/1716 (1682), 2826 s elapsed
2026-09-30 08:43:38   benched 1375/1716 (1707), 2878 s elapsed
2026-09-30 08:44:30   benched 1400/1716 (1732), 2929 s elapsed
2026-09-30 08:45:23   benched 1425/1716 (1757), 2983 s elapsed
2026-09-30 08:46:15   benched 1450/1716 (1782), 3034 s elapsed
2026-09-30 08:47:06   benched 1475/1716 (1807), 3085 s elapsed
2026-09-30 08:48:00   benched 1500/1716 (1832), 3140 s elapsed
2026-09-30 08:48:52   benched 1525/1716 (1857), 3192 s elapsed
2026-09-30 08:49:40   benched 1550/1716 (1882), 3240 s elapsed
2026-09-30 08:50:32   benched 1575/1716 (1907), 3292 s elapsed
2026-09-30 08:51:24   benched 1600/1716 (1932), 3344 s elapsed
2026-09-30 08:52:15   benched 1625/1716 (1957), 3395 s elapsed
2026-09-30 08:53:07   benched 1650/1716 (1982), 3447 s elapsed
2026-09-30 08:53:56   benched 1675/1716 (2007), 3496 s elapsed
2026-09-30 08:54:48   benched 1700/1716 (2032), 3548 s elapsed
2026-09-30 08:55:21   benched 1716/1716 (2048), 3580 s elapsed
2026-09-30 08:55:22 report: C:\Users\Tugbars\Desktop\highSpeedFFT\gauntlet\results\real_2_2048_r2c_2026-09-30\report_r2c.md
2026-09-30 10:12:21 run: 2047 cells, contract out of place, bin C:\Users\Tugbars\Desktop\highSpeedFFT\gauntlet
2026-09-30 10:12:21 calibrate: 331 cells (1716 already done)
2026-09-30 10:12:24   calibrated 25/331 (26), 3 s elapsed
2026-09-30 10:12:27   calibrated 50/331 (51), 6 s elapsed
2026-09-30 10:12:30   calibrated 75/331 (76), 9 s elapsed
2026-09-30 10:12:33   calibrated 100/331 (101), 12 s elapsed
2026-09-30 10:12:36   calibrated 125/331 (126), 16 s elapsed
2026-09-30 10:12:39   calibrated 150/331 (151), 19 s elapsed
2026-09-30 10:12:42   calibrated 175/331 (176), 22 s elapsed
2026-09-30 10:12:46   calibrated 200/331 (201), 25 s elapsed
2026-09-30 10:12:49   calibrated 225/331 (226), 28 s elapsed
2026-09-30 10:12:52   calibrated 250/331 (251), 31 s elapsed
2026-09-30 10:12:55   calibrated 275/331 (276), 34 s elapsed
2026-09-30 10:12:58   calibrated 300/331 (301), 37 s elapsed
2026-09-30 10:13:01   calibrated 325/331 (326), 40 s elapsed
2026-09-30 10:13:02   calibrated 331/331 (332), 41 s elapsed
2026-09-30 10:13:02 bench: 331 cells (1716 already benched, 0 not banked -> not benched)
2026-09-30 10:13:38   benched 25/331 (26), 34 s elapsed
2026-09-30 10:14:16   benched 50/331 (51), 73 s elapsed
2026-09-30 10:14:58   benched 75/331 (76), 115 s elapsed
2026-09-30 10:15:43   benched 100/331 (101), 159 s elapsed
2026-09-30 10:16:25   benched 125/331 (126), 202 s elapsed
2026-09-30 10:17:08   benched 150/331 (151), 245 s elapsed
2026-09-30 10:17:51   benched 175/331 (176), 288 s elapsed
2026-09-30 10:18:39   benched 200/331 (201), 336 s elapsed
2026-09-30 10:19:23   benched 225/331 (226), 380 s elapsed
2026-09-30 10:20:08   benched 250/331 (251), 425 s elapsed
2026-09-30 10:20:54   benched 275/331 (276), 470 s elapsed
2026-09-30 10:21:42   benched 300/331 (301), 519 s elapsed
2026-09-30 10:22:29   benched 325/331 (326), 566 s elapsed
2026-09-30 10:22:41   benched 331/331 (332), 578 s elapsed
2026-09-30 10:22:42 report: C:\Users\Tugbars\Desktop\highSpeedFFT\gauntlet\results\real_2_2048_r2c_2026-09-30\report_r2c.md
