2          banked       300ms raced     mono
3          banked       754ms raced     mono
4          banked       288ms raced     mono
5          banked       736ms raced     mono
6          banked      1283ms raced     mono
7          banked       747ms raced     mono
8          banked       279ms raced     mono
9          banked      1569ms raced     mono
11         banked       772ms replayed  mono
12         banked      2484ms raced     2p
13         banked       773ms raced     mono
15         banked      2426ms raced     2p
16         banked       537ms raced     ztt
17         banked       748ms raced     mono
19         banked       784ms raced     mono
20         banked      2389ms raced     2p
21         banked      2431ms raced     2p
23         banked       763ms raced     mono
24         banked      3045ms raced     2p
25         banked      1646ms raced     2p
27         banked      4019ms raced     flat
29         banked       754ms raced     mono
31         banked       732ms raced     mono
32         banked       878ms raced     2p
37         banked       826ms raced     prime
45         banked      9344ms raced     2p
48         banked      8411ms raced     2p
59         banked       533ms raced     prime
60         banked     12557ms raced     2p
63         banked      9291ms raced     2p
64         banked       954ms raced     2p
75         banked      9761ms raced     2p
89         banked       538ms raced     prime
96         banked     13222ms raced     2p
105        banked     14887ms raced     2p
111        banked      2398ms raced     2p
120        banked     15980ms raced     2p
125        banked      4504ms raced     2p
128        banked      1805ms raced     2p
135        banked     29342ms raced     chain3
139        banked       517ms raced     prime
143        banked      2322ms raced     2p
187        banked      2393ms raced     2p
192        banked     27340ms raced     2p
197        banked       504ms raced     prime
225        banked     38054ms raced     chain3
240        banked   12946820ms raced     chain3
243        banked     24881ms raced     chain3
256        banked      1903ms raced     2p
281        banked       542ms raced     prime
343        banked      2427ms raced     chain3
360        banked     52326ms raced     chain3
375        banked     27652ms raced     chain3
391        banked      2340ms raced     2p
397        banked       519ms raced     prime
441        banked     30375ms raced     chain3
443        banked       501ms raced     prime
480        banked     63240ms raced     chain3
512        banked      2283ms raced     2p
521        banked       907ms raced     prime
613        banked       941ms raced     prime
625        banked      9983ms raced     2p
640        banked     38937ms raced     2p
667        banked      2826ms raced     2p
720        banked     66990ms raced     chain3
727        banked       945ms raced     prime
729        banked     52557ms raced     2p
739        banked       932ms raced     prime
953        banked       904ms raced     prime
971        banked       932ms raced     prime
1000       banked     21845ms raced     chain3
1024       banked      2854ms raced     2p
1125       banked     58118ms raced     flat
1147       banked      2753ms raced     flat
1193       banked      1175ms raced     prime
1200       banked     73685ms raced     chain3
1201       banked      1183ms raced     prime
1327       banked      1197ms raced     prime
1487       banked      1179ms raced     prime
1531       banked      1185ms raced     prime
1536       banked     67663ms raced     chain3
1667       banked      1152ms raced     prime
1871       banked      1152ms raced     prime
2000       banked     53796ms raced     flat
2048       banked      3410ms raced     2p
2069       banked      1162ms raced     prime
2143       banked      1201ms raced     prime
2187       banked     60751ms raced     chain3
2351       banked      1198ms raced     prime
2377       banked      1210ms raced     prime
2400       banked     19751ms raced     ztt
2491       banked      1168ms raced     prime
2609       banked      1174ms raced     prime
2689       banked      1391ms raced     prime
2791       banked      1183ms raced     prime
3023       banked      1198ms raced     prime
3072       banked     26551ms raced     ztt
3121       banked      1237ms raced     prime
3299       banked      1230ms raced     prime
3375       banked     61303ms raced     chain3
3527       banked      1191ms raced     prime
3599       banked      1174ms raced     prime
3697       banked      1188ms raced     prime
3840       banked     15703ms raced     ztt
3907       banked      1218ms raced     prime
4001       banked      1445ms raced     prime
4096       banked      6262ms raced     2p
4099       banked      1462ms raced     prime
6144       banked     40751ms raced     ztt
6561       banked     62257ms raced     flat
8191       banked      1663ms raced     prime
8192       banked      8079ms raced     ztt
10000      banked      6011ms raced     ztt
12288      banked     48512ms raced     ztt
15625      banked     27195ms raced     flat
16381      banked      2600ms raced     prime
16384      banked     10807ms raced     ztt
19683      banked     71339ms raced     flat
24576      banked     57263ms raced     ztt
32768      banked     15100ms raced     ztt
40000      banked      7081ms raced     ztt
49152      banked     80920ms raced     ztt
59049      banked     73711ms raced     flat
65536      banked     21144ms raced     ztt
65537      banked     23459ms raced     prime
98304      banked    110200ms raced     ztt
131072     banked     21727ms raced     ztt
196608     banked     84037ms raced     ztt
262144     banked     22623ms raced     ztt
524288     REFUSED     4466ms refused   fs
1048576    REFUSED    10700ms refused   fs
2097152    REFUSED    16164ms refused   fs
4194304    REFUSED    32847ms refused   fs
8388608    REFUSED    37933ms refused   fs
16777216   REFUSED    51471ms refused   fs
