  calibrated 100 cells this pass, 805s elapsed
  calibrated 200 cells this pass, 19664s elapsed
  calibrated 300 cells this pass, 20457s elapsed
  calibrated 400 cells this pass, 26284s elapsed
  calibrated 500 cells this pass, 27015s elapsed
  calibrated 600 cells this pass, 27815s elapsed
  calibrated 700 cells this pass, 28477s elapsed
  calibrated 800 cells this pass, 29322s elapsed
  calibrated 900 cells this pass, 30057s elapsed
  calibrated 1000 cells this pass, 30852s elapsed
  calibrated 1100 cells this pass, 31590s elapsed
  calibrated 1200 cells this pass, 32288s elapsed
  calibrated 1300 cells this pass, 33099s elapsed
  calibrated 1400 cells this pass, 33748s elapsed
  calibrated 1500 cells this pass, 34472s elapsed
  calibrated 1600 cells this pass, 35216s elapsed
  calibrated 1700 cells this pass, 35994s elapsed
  calibrated 1800 cells this pass, 36654s elapsed
  calibrated 1900 cells this pass, 37408s elapsed
  calibrated 2000 cells this pass, 37985s elapsed
calibrate: 2048 cells this pass (0 already done) in 38359s -> results/gauntlet_2048_4096/calibrate.log
  served: 2048   refused: 0
  benched 100 cells, 184s elapsed (control taken)
  benched 200 cells, 367s elapsed (control taken)
  benched 300 cells, 548s elapsed (control taken)
  benched 400 cells, 728s elapsed (control taken)
  benched 500 cells, 909s elapsed (control taken)
  benched 600 cells, 1091s elapsed (control taken)
  benched 700 cells, 1273s elapsed (control taken)
  benched 800 cells, 1453s elapsed (control taken)
  benched 900 cells, 1631s elapsed (control taken)
  benched 1000 cells, 1808s elapsed (control taken)
  benched 1100 cells, 1986s elapsed (control taken)
  benched 1200 cells, 2159s elapsed (control taken)
  benched 1300 cells, 2330s elapsed (control taken)
  benched 1400 cells, 2500s elapsed (control taken)
  benched 1500 cells, 2669s elapsed (control taken)
  benched 1600 cells, 2840s elapsed (control taken)
  benched 1700 cells, 3010s elapsed (control taken)
  benched 1800 cells, 3177s elapsed (control taken)
  benched 1900 cells, 3344s elapsed (control taken)
  benched 2000 cells, 3509s elapsed (control taken)
bench: 2048 cells in 3590s -> results/gauntlet_2048_4096/gauntlet.csv
  control N=4096 every 100 cells -> results/gauntlet_2048_4096/control.csv (rows are in run order)
