2026-10-10 03:58:32 store: fresh copy of this CPU's shipped wisdom (C:\Users\Tugbars\Desktop\highSpeedFFT\src\wisdom\14900KF)
2026-10-10 03:58:32 run: 4033 cells, contract out of place, bin C:\Users\Tugbars\Desktop\highSpeedFFT\gauntlet
2026-10-10 03:58:32 calibrate: 4033 cells (0 already done)
2026-10-10 03:58:38   calibrated 25/4033 (88), 7 s elapsed
2026-10-10 03:58:49   calibrated 50/4033 (113), 17 s elapsed
2026-10-10 03:58:57   calibrated 75/4033 (138), 26 s elapsed
2026-10-10 03:59:01   calibrated 100/4033 (163), 29 s elapsed
2026-10-10 03:59:05   calibrated 125/4033 (188), 33 s elapsed
2026-10-10 03:59:08   calibrated 150/4033 (213), 37 s elapsed
2026-10-10 03:59:12   calibrated 175/4033 (238), 40 s elapsed
2026-10-10 03:59:16   calibrated 200/4033 (263), 44 s elapsed
2026-10-10 03:59:20   calibrated 225/4033 (288), 48 s elapsed
2026-10-10 03:59:23   calibrated 250/4033 (313), 52 s elapsed
2026-10-10 03:59:27   calibrated 275/4033 (338), 55 s elapsed
2026-10-10 03:59:31   calibrated 300/4033 (363), 59 s elapsed
2026-10-10 03:59:34   calibrated 325/4033 (388), 62 s elapsed
2026-10-10 03:59:38   calibrated 350/4033 (413), 66 s elapsed
2026-10-10 03:59:42   calibrated 375/4033 (438), 70 s elapsed
2026-10-10 03:59:45   calibrated 400/4033 (463), 74 s elapsed
2026-10-10 03:59:49   calibrated 425/4033 (488), 77 s elapsed
2026-10-10 03:59:53   calibrated 450/4033 (513), 81 s elapsed
2026-10-10 03:59:56   calibrated 475/4033 (538), 85 s elapsed
2026-10-10 04:00:00   calibrated 500/4033 (563), 88 s elapsed
2026-10-10 04:00:04   calibrated 525/4033 (588), 92 s elapsed
2026-10-10 04:00:07   calibrated 550/4033 (613), 96 s elapsed
2026-10-10 04:00:11   calibrated 575/4033 (638), 99 s elapsed
2026-10-10 04:00:15   calibrated 600/4033 (663), 103 s elapsed
2026-10-10 04:00:18   calibrated 625/4033 (688), 107 s elapsed
2026-10-10 04:00:22   calibrated 650/4033 (713), 110 s elapsed
2026-10-10 04:00:26   calibrated 675/4033 (738), 114 s elapsed
2026-10-10 04:00:29   calibrated 700/4033 (763), 118 s elapsed
2026-10-10 04:00:33   calibrated 725/4033 (788), 121 s elapsed
2026-10-10 04:00:37   calibrated 750/4033 (813), 125 s elapsed
2026-10-10 04:00:40   calibrated 775/4033 (838), 129 s elapsed
2026-10-10 04:00:44   calibrated 800/4033 (863), 132 s elapsed
2026-10-10 04:00:48   calibrated 825/4033 (888), 136 s elapsed
2026-10-10 04:00:51   calibrated 850/4033 (913), 140 s elapsed
2026-10-10 04:00:55   calibrated 875/4033 (938), 143 s elapsed
2026-10-10 04:00:59   calibrated 900/4033 (963), 147 s elapsed
2026-10-10 04:01:03   calibrated 925/4033 (988), 151 s elapsed
2026-10-10 04:01:06   calibrated 950/4033 (1013), 155 s elapsed
2026-10-10 04:01:12   calibrated 975/4033 (1038), 160 s elapsed
2026-10-10 04:01:19   calibrated 1000/4033 (1063), 167 s elapsed
2026-10-10 04:01:28   calibrated 1025/4033 (1088), 176 s elapsed
2026-10-10 04:01:36   calibrated 1050/4033 (1113), 184 s elapsed
2026-10-10 04:01:44   calibrated 1075/4033 (1138), 192 s elapsed
2026-10-10 04:01:51   calibrated 1100/4033 (1163), 199 s elapsed
2026-10-10 04:01:59   calibrated 1125/4033 (1188), 208 s elapsed
2026-10-10 04:02:07   calibrated 1150/4033 (1213), 216 s elapsed
2026-10-10 04:02:15   calibrated 1175/4033 (1238), 224 s elapsed
2026-10-10 04:02:22   calibrated 1200/4033 (1263), 231 s elapsed
2026-10-10 04:02:32   calibrated 1225/4033 (1288), 240 s elapsed
2026-10-10 04:02:40   calibrated 1250/4033 (1313), 248 s elapsed
2026-10-10 04:02:48   calibrated 1275/4033 (1338), 256 s elapsed
2026-10-10 04:02:57   calibrated 1300/4033 (1363), 265 s elapsed
2026-10-10 04:03:05   calibrated 1325/4033 (1388), 273 s elapsed
2026-10-10 04:03:12   calibrated 1350/4033 (1413), 280 s elapsed
2026-10-10 04:03:22   calibrated 1375/4033 (1438), 290 s elapsed
2026-10-10 04:03:28   calibrated 1400/4033 (1463), 297 s elapsed
2026-10-10 04:03:37   calibrated 1425/4033 (1488), 305 s elapsed
2026-10-10 04:03:45   calibrated 1450/4033 (1513), 313 s elapsed
2026-10-10 04:03:54   calibrated 1475/4033 (1538), 322 s elapsed
2026-10-10 04:04:01   calibrated 1500/4033 (1563), 330 s elapsed
2026-10-10 04:04:11   calibrated 1525/4033 (1588), 339 s elapsed
2026-10-10 04:04:19   calibrated 1550/4033 (1613), 347 s elapsed
2026-10-10 04:04:27   calibrated 1575/4033 (1638), 355 s elapsed
2026-10-10 04:04:36   calibrated 1600/4033 (1663), 365 s elapsed
2026-10-10 04:04:45   calibrated 1625/4033 (1688), 373 s elapsed
2026-10-10 04:04:52   calibrated 1650/4033 (1713), 380 s elapsed
2026-10-10 04:05:00   calibrated 1675/4033 (1738), 389 s elapsed
2026-10-10 04:05:09   calibrated 1700/4033 (1763), 397 s elapsed
2026-10-10 04:05:18   calibrated 1725/4033 (1788), 406 s elapsed
2026-10-10 04:05:25   calibrated 1750/4033 (1813), 414 s elapsed
2026-10-10 04:05:35   calibrated 1775/4033 (1838), 424 s elapsed
2026-10-10 04:05:43   calibrated 1800/4033 (1863), 431 s elapsed
2026-10-10 04:05:53   calibrated 1825/4033 (1888), 441 s elapsed
2026-10-10 04:06:02   calibrated 1850/4033 (1913), 451 s elapsed
2026-10-10 04:06:16   calibrated 1875/4033 (1938), 464 s elapsed
2026-10-10 04:06:25   calibrated 1900/4033 (1963), 474 s elapsed
2026-10-10 04:06:33   calibrated 1925/4033 (1988), 481 s elapsed
2026-10-10 04:06:43   calibrated 1950/4033 (2013), 491 s elapsed
2026-10-10 04:06:57   calibrated 1975/4033 (2038), 505 s elapsed
2026-10-10 04:07:02   calibrated 2000/4033 (2063), 510 s elapsed
2026-10-10 04:07:06   calibrated 2025/4033 (2088), 514 s elapsed
2026-10-10 04:07:10   calibrated 2050/4033 (2113), 518 s elapsed
2026-10-10 04:07:13   calibrated 2075/4033 (2138), 522 s elapsed
2026-10-10 04:07:17   calibrated 2100/4033 (2163), 526 s elapsed
2026-10-10 04:07:21   calibrated 2125/4033 (2188), 530 s elapsed
2026-10-10 04:07:25   calibrated 2150/4033 (2213), 534 s elapsed
2026-10-10 04:07:29   calibrated 2175/4033 (2238), 537 s elapsed
2026-10-10 04:07:33   calibrated 2200/4033 (2263), 541 s elapsed
2026-10-10 04:07:37   calibrated 2225/4033 (2288), 545 s elapsed
2026-10-10 04:07:41   calibrated 2250/4033 (2313), 549 s elapsed
2026-10-10 04:07:45   calibrated 2275/4033 (2338), 553 s elapsed
2026-10-10 04:07:49   calibrated 2300/4033 (2363), 557 s elapsed
2026-10-10 04:07:53   calibrated 2325/4033 (2388), 561 s elapsed
2026-10-10 04:07:56   calibrated 2350/4033 (2413), 565 s elapsed
2026-10-10 04:08:00   calibrated 2375/4033 (2438), 569 s elapsed
2026-10-10 04:08:04   calibrated 2400/4033 (2463), 573 s elapsed
2026-10-10 04:08:08   calibrated 2425/4033 (2488), 576 s elapsed
2026-10-10 04:08:12   calibrated 2450/4033 (2513), 580 s elapsed
2026-10-10 04:08:16   calibrated 2475/4033 (2538), 584 s elapsed
2026-10-10 04:08:20   calibrated 2500/4033 (2563), 588 s elapsed
2026-10-10 04:08:24   calibrated 2525/4033 (2588), 592 s elapsed
2026-10-10 04:08:28   calibrated 2550/4033 (2613), 596 s elapsed
2026-10-10 04:08:32   calibrated 2575/4033 (2638), 600 s elapsed
2026-10-10 04:08:36   calibrated 2600/4033 (2663), 604 s elapsed
2026-10-10 04:08:40   calibrated 2625/4033 (2688), 608 s elapsed
2026-10-10 04:08:44   calibrated 2650/4033 (2713), 612 s elapsed
2026-10-10 04:08:48   calibrated 2675/4033 (2738), 616 s elapsed
2026-10-10 04:08:51   calibrated 2700/4033 (2763), 620 s elapsed
2026-10-10 04:08:55   calibrated 2725/4033 (2788), 624 s elapsed
2026-10-10 04:08:59   calibrated 2750/4033 (2813), 628 s elapsed
2026-10-10 04:09:03   calibrated 2775/4033 (2838), 632 s elapsed
2026-10-10 04:09:07   calibrated 2800/4033 (2863), 635 s elapsed
2026-10-10 04:09:11   calibrated 2825/4033 (2888), 639 s elapsed
2026-10-10 04:09:15   calibrated 2850/4033 (2913), 643 s elapsed
2026-10-10 04:09:19   calibrated 2875/4033 (2938), 647 s elapsed
2026-10-10 04:09:23   calibrated 2900/4033 (2963), 651 s elapsed
2026-10-10 04:09:27   calibrated 2925/4033 (2988), 655 s elapsed
2026-10-10 04:09:31   calibrated 2950/4033 (3013), 659 s elapsed
2026-10-10 04:09:35   calibrated 2975/4033 (3038), 663 s elapsed
2026-10-10 04:09:38   calibrated 3000/4033 (3063), 667 s elapsed
2026-10-10 04:09:42   calibrated 3025/4033 (3088), 671 s elapsed
2026-10-10 04:09:46   calibrated 3050/4033 (3113), 675 s elapsed
2026-10-10 04:09:50   calibrated 3075/4033 (3138), 678 s elapsed
2026-10-10 04:09:54   calibrated 3100/4033 (3163), 682 s elapsed
2026-10-10 04:09:58   calibrated 3125/4033 (3188), 686 s elapsed
2026-10-10 04:10:02   calibrated 3150/4033 (3213), 690 s elapsed
2026-10-10 04:10:06   calibrated 3175/4033 (3238), 694 s elapsed
2026-10-10 04:10:10   calibrated 3200/4033 (3263), 698 s elapsed
2026-10-10 04:10:14   calibrated 3225/4033 (3288), 702 s elapsed
2026-10-10 04:10:18   calibrated 3250/4033 (3313), 706 s elapsed
2026-10-10 04:10:22   calibrated 3275/4033 (3338), 710 s elapsed
2026-10-10 04:10:27   calibrated 3300/4033 (3363), 715 s elapsed
2026-10-10 04:10:31   calibrated 3325/4033 (3388), 719 s elapsed
2026-10-10 04:10:35   calibrated 3350/4033 (3413), 723 s elapsed
2026-10-10 04:10:39   calibrated 3375/4033 (3438), 727 s elapsed
2026-10-10 04:10:43   calibrated 3400/4033 (3463), 731 s elapsed
2026-10-10 04:10:50   calibrated 3425/4033 (3488), 738 s elapsed
2026-10-10 04:10:54   calibrated 3450/4033 (3513), 742 s elapsed
2026-10-10 04:10:58   calibrated 3475/4033 (3538), 746 s elapsed
2026-10-10 04:11:02   calibrated 3500/4033 (3563), 750 s elapsed
2026-10-10 04:11:06   calibrated 3525/4033 (3588), 754 s elapsed
2026-10-10 04:11:10   calibrated 3550/4033 (3613), 758 s elapsed
2026-10-10 04:11:14   calibrated 3575/4033 (3638), 762 s elapsed
2026-10-10 04:11:17   calibrated 3600/4033 (3663), 766 s elapsed
2026-10-10 04:11:21   calibrated 3625/4033 (3688), 770 s elapsed
2026-10-10 04:11:25   calibrated 3650/4033 (3713), 773 s elapsed
2026-10-10 04:11:29   calibrated 3675/4033 (3738), 777 s elapsed
2026-10-10 04:11:33   calibrated 3700/4033 (3763), 781 s elapsed
2026-10-10 04:11:37   calibrated 3725/4033 (3788), 785 s elapsed
2026-10-10 04:11:41   calibrated 3750/4033 (3813), 789 s elapsed
2026-10-10 04:11:45   calibrated 3775/4033 (3838), 793 s elapsed
2026-10-10 04:11:52   calibrated 3800/4033 (3863), 800 s elapsed
2026-10-10 04:11:56   calibrated 3825/4033 (3888), 804 s elapsed
2026-10-10 04:12:00   calibrated 3850/4033 (3913), 808 s elapsed
2026-10-10 04:12:04   calibrated 3875/4033 (3938), 812 s elapsed
2026-10-10 04:12:08   calibrated 3900/4033 (3963), 816 s elapsed
2026-10-10 04:12:12   calibrated 3925/4033 (3988), 820 s elapsed
2026-10-10 04:12:16   calibrated 3950/4033 (4013), 824 s elapsed
2026-10-10 04:12:19   calibrated 3975/4033 (4038), 828 s elapsed
2026-10-10 04:12:27   calibrated 4000/4033 (4063), 835 s elapsed
2026-10-10 04:12:31   calibrated 4025/4033 (4088), 839 s elapsed
2026-10-10 04:12:32   calibrated 4033/4033 (4096), 840 s elapsed
2026-10-10 04:12:32 bench: 4033 cells (0 already benched, 0 not banked -> not benched)
2026-10-10 04:13:14   benched 25/4033 (88), 41 s elapsed
2026-10-10 04:13:55   benched 50/4033 (113), 82 s elapsed
2026-10-10 04:14:36   benched 75/4033 (138), 123 s elapsed
2026-10-10 04:15:20   benched 100/4033 (163), 167 s elapsed
2026-10-10 04:16:03   benched 125/4033 (188), 209 s elapsed
2026-10-10 04:16:45   benched 150/4033 (213), 252 s elapsed
2026-10-10 04:17:28   benched 175/4033 (238), 295 s elapsed
2026-10-10 04:18:12   benched 200/4033 (263), 338 s elapsed
2026-10-10 04:18:57   benched 225/4033 (288), 383 s elapsed
2026-10-10 04:19:41   benched 250/4033 (313), 428 s elapsed
2026-10-10 04:20:26   benched 275/4033 (338), 472 s elapsed
2026-10-10 04:21:11   benched 300/4033 (363), 518 s elapsed
2026-10-10 04:21:55   benched 325/4033 (388), 562 s elapsed
2026-10-10 04:22:39   benched 350/4033 (413), 606 s elapsed
2026-10-10 04:23:23   benched 375/4033 (438), 650 s elapsed
2026-10-10 04:24:08   benched 400/4033 (463), 695 s elapsed
2026-10-10 04:24:52   benched 425/4033 (488), 739 s elapsed
2026-10-10 04:25:35   benched 450/4033 (513), 781 s elapsed
2026-10-10 04:26:23   benched 475/4033 (538), 829 s elapsed
2026-10-10 04:27:11   benched 500/4033 (563), 878 s elapsed
2026-10-10 04:27:59   benched 525/4033 (588), 925 s elapsed
2026-10-10 04:28:45   benched 550/4033 (613), 971 s elapsed
2026-10-10 04:29:31   benched 575/4033 (638), 1018 s elapsed
2026-10-10 04:30:19   benched 600/4033 (663), 1066 s elapsed
2026-10-10 04:31:06   benched 625/4033 (688), 1112 s elapsed
2026-10-10 04:31:52   benched 650/4033 (713), 1159 s elapsed
2026-10-10 04:32:38   benched 675/4033 (738), 1204 s elapsed
2026-10-10 04:33:25   benched 700/4033 (763), 1252 s elapsed
2026-10-10 04:34:11   benched 725/4033 (788), 1297 s elapsed
2026-10-10 04:34:57   benched 750/4033 (813), 1344 s elapsed
2026-10-10 04:35:42   benched 775/4033 (838), 1389 s elapsed
2026-10-10 04:36:29   benched 800/4033 (863), 1436 s elapsed
2026-10-10 04:37:15   benched 825/4033 (888), 1481 s elapsed
2026-10-10 04:38:00   benched 850/4033 (913), 1527 s elapsed
2026-10-10 04:38:45   benched 875/4033 (938), 1572 s elapsed
2026-10-10 04:39:32   benched 900/4033 (963), 1619 s elapsed
2026-10-10 04:40:17   benched 925/4033 (988), 1664 s elapsed
2026-10-10 04:41:02   benched 950/4033 (1013), 1709 s elapsed
2026-10-10 04:41:49   benched 975/4033 (1038), 1755 s elapsed
2026-10-10 04:42:42   benched 1000/4033 (1063), 1808 s elapsed
2026-10-10 04:43:31   benched 1025/4033 (1088), 1858 s elapsed
2026-10-10 04:44:22   benched 1050/4033 (1113), 1908 s elapsed
2026-10-10 04:45:11   benched 1075/4033 (1138), 1958 s elapsed
2026-10-10 04:46:02   benched 1100/4033 (1163), 2008 s elapsed
2026-10-10 04:46:52   benched 1125/4033 (1188), 2058 s elapsed
2026-10-10 04:47:42   benched 1150/4033 (1213), 2108 s elapsed
2026-10-10 04:48:30   benched 1175/4033 (1238), 2157 s elapsed
2026-10-10 04:49:21   benched 1200/4033 (1263), 2208 s elapsed
2026-10-10 04:50:10   benched 1225/4033 (1288), 2257 s elapsed
2026-10-10 04:50:58   benched 1250/4033 (1313), 2305 s elapsed
2026-10-10 04:51:47   benched 1275/4033 (1338), 2353 s elapsed
2026-10-10 04:52:38   benched 1300/4033 (1363), 2404 s elapsed
2026-10-10 04:53:26   benched 1325/4033 (1388), 2452 s elapsed
2026-10-10 04:54:14   benched 1350/4033 (1413), 2501 s elapsed
2026-10-10 04:55:03   benched 1375/4033 (1438), 2550 s elapsed
2026-10-10 04:55:51   benched 1400/4033 (1463), 2598 s elapsed
2026-10-10 04:56:39   benched 1425/4033 (1488), 2646 s elapsed
2026-10-10 04:57:28   benched 1450/4033 (1513), 2694 s elapsed
2026-10-10 04:58:16   benched 1475/4033 (1538), 2742 s elapsed
2026-10-10 04:59:05   benched 1500/4033 (1563), 2792 s elapsed
2026-10-10 04:59:53   benched 1525/4033 (1588), 2839 s elapsed
2026-10-10 05:00:41   benched 1550/4033 (1613), 2887 s elapsed
2026-10-10 05:01:28   benched 1575/4033 (1638), 2934 s elapsed
2026-10-10 05:02:17   benched 1600/4033 (1663), 2984 s elapsed
2026-10-10 05:03:04   benched 1625/4033 (1688), 3031 s elapsed
2026-10-10 05:03:51   benched 1650/4033 (1713), 3078 s elapsed
2026-10-10 05:04:38   benched 1675/4033 (1738), 3124 s elapsed
2026-10-10 05:05:27   benched 1700/4033 (1763), 3173 s elapsed
2026-10-10 05:06:13   benched 1725/4033 (1788), 3220 s elapsed
2026-10-10 05:07:00   benched 1750/4033 (1813), 3266 s elapsed
2026-10-10 05:07:47   benched 1775/4033 (1838), 3313 s elapsed
2026-10-10 05:08:35   benched 1800/4033 (1863), 3361 s elapsed
2026-10-10 05:09:21   benched 1825/4033 (1888), 3407 s elapsed
2026-10-10 05:10:08   benched 1850/4033 (1913), 3454 s elapsed
2026-10-10 05:10:54   benched 1875/4033 (1938), 3500 s elapsed
2026-10-10 05:11:43   benched 1900/4033 (1963), 3549 s elapsed
2026-10-10 05:12:29   benched 1925/4033 (1988), 3595 s elapsed
2026-10-10 05:13:15   benched 1950/4033 (2013), 3642 s elapsed
2026-10-10 05:14:01   benched 1975/4033 (2038), 3687 s elapsed
2026-10-10 05:14:54   benched 2000/4033 (2063), 3740 s elapsed
2026-10-10 05:15:47   benched 2025/4033 (2088), 3793 s elapsed
2026-10-10 05:16:39   benched 2050/4033 (2113), 3846 s elapsed
2026-10-10 05:17:33   benched 2075/4033 (2138), 3900 s elapsed
2026-10-10 05:18:27   benched 2100/4033 (2163), 3954 s elapsed
2026-10-10 05:19:20   benched 2125/4033 (2188), 4006 s elapsed
2026-10-10 05:20:12   benched 2150/4033 (2213), 4059 s elapsed
2026-10-10 05:21:06   benched 2175/4033 (2238), 4113 s elapsed
2026-10-10 05:22:00   benched 2200/4033 (2263), 4166 s elapsed
2026-10-10 05:22:53   benched 2225/4033 (2288), 4219 s elapsed
2026-10-10 05:23:44   benched 2250/4033 (2313), 4271 s elapsed
2026-10-10 05:24:38   benched 2275/4033 (2338), 4325 s elapsed
2026-10-10 05:25:32   benched 2300/4033 (2363), 4378 s elapsed
2026-10-10 05:26:24   benched 2325/4033 (2388), 4430 s elapsed
2026-10-10 05:27:16   benched 2350/4033 (2413), 4482 s elapsed
2026-10-10 05:28:07   benched 2375/4033 (2438), 4534 s elapsed
2026-10-10 05:29:01   benched 2400/4033 (2463), 4587 s elapsed
2026-10-10 05:29:53   benched 2425/4033 (2488), 4639 s elapsed
2026-10-10 05:30:45   benched 2450/4033 (2513), 4691 s elapsed
2026-10-10 05:31:36   benched 2475/4033 (2538), 4742 s elapsed
2026-10-10 05:32:28   benched 2500/4033 (2563), 4795 s elapsed
2026-10-10 05:33:20   benched 2525/4033 (2588), 4846 s elapsed
2026-10-10 05:34:11   benched 2550/4033 (2613), 4897 s elapsed
2026-10-10 05:35:03   benched 2575/4033 (2638), 4949 s elapsed
2026-10-10 05:35:54   benched 2600/4033 (2663), 5001 s elapsed
2026-10-10 05:36:46   benched 2625/4033 (2688), 5052 s elapsed
2026-10-10 05:37:36   benched 2650/4033 (2713), 5102 s elapsed
2026-10-10 05:38:26   benched 2675/4033 (2738), 5153 s elapsed
2026-10-10 05:39:19   benched 2700/4033 (2763), 5205 s elapsed
2026-10-10 05:40:10   benched 2725/4033 (2788), 5256 s elapsed
2026-10-10 05:41:00   benched 2750/4033 (2813), 5306 s elapsed
2026-10-10 05:41:50   benched 2775/4033 (2838), 5357 s elapsed
2026-10-10 05:42:42   benched 2800/4033 (2863), 5408 s elapsed
2026-10-10 05:43:32   benched 2825/4033 (2888), 5458 s elapsed
2026-10-10 05:44:22   benched 2850/4033 (2913), 5509 s elapsed
2026-10-10 05:45:13   benched 2875/4033 (2938), 5559 s elapsed
2026-10-10 05:46:04   benched 2900/4033 (2963), 5611 s elapsed
2026-10-10 05:46:54   benched 2925/4033 (2988), 5661 s elapsed
2026-10-10 05:47:44   benched 2950/4033 (3013), 5710 s elapsed
2026-10-10 05:48:34   benched 2975/4033 (3038), 5760 s elapsed
2026-10-10 05:49:24   benched 3000/4033 (3063), 5811 s elapsed
2026-10-10 05:50:14   benched 3025/4033 (3088), 5860 s elapsed
2026-10-10 05:51:04   benched 3050/4033 (3113), 5910 s elapsed
2026-10-10 05:51:53   benched 3075/4033 (3138), 5959 s elapsed
2026-10-10 05:52:44   benched 3100/4033 (3163), 6010 s elapsed
2026-10-10 05:53:33   benched 3125/4033 (3188), 6060 s elapsed
2026-10-10 05:54:22   benched 3150/4033 (3213), 6109 s elapsed
2026-10-10 05:55:12   benched 3175/4033 (3238), 6158 s elapsed
2026-10-10 05:56:02   benched 3200/4033 (3263), 6209 s elapsed
2026-10-10 05:56:52   benched 3225/4033 (3288), 6258 s elapsed
2026-10-10 05:57:41   benched 3250/4033 (3313), 6308 s elapsed
2026-10-10 05:58:30   benched 3275/4033 (3338), 6357 s elapsed
2026-10-10 05:59:21   benched 3300/4033 (3363), 6408 s elapsed
2026-10-10 06:00:09   benched 3325/4033 (3388), 6456 s elapsed
2026-10-10 06:00:59   benched 3350/4033 (3413), 6505 s elapsed
2026-10-10 06:01:48   benched 3375/4033 (3438), 6555 s elapsed
2026-10-10 06:02:38   benched 3400/4033 (3463), 6604 s elapsed
2026-10-10 06:03:27   benched 3425/4033 (3488), 6653 s elapsed
2026-10-10 06:04:16   benched 3450/4033 (3513), 6702 s elapsed
2026-10-10 06:05:04   benched 3475/4033 (3538), 6750 s elapsed
2026-10-10 06:05:54   benched 3500/4033 (3563), 6801 s elapsed
2026-10-10 06:06:42   benched 3525/4033 (3588), 6848 s elapsed
2026-10-10 06:07:30   benched 3550/4033 (3613), 6897 s elapsed
2026-10-10 06:08:19   benched 3575/4033 (3638), 6945 s elapsed
2026-10-10 06:09:09   benched 3600/4033 (3663), 6995 s elapsed
2026-10-10 06:09:57   benched 3625/4033 (3688), 7043 s elapsed
2026-10-10 06:10:45   benched 3650/4033 (3713), 7091 s elapsed
2026-10-10 06:11:33   benched 3675/4033 (3738), 7139 s elapsed
2026-10-10 06:12:22   benched 3700/4033 (3763), 7188 s elapsed
2026-10-10 06:13:10   benched 3725/4033 (3788), 7237 s elapsed
2026-10-10 06:13:58   benched 3750/4033 (3813), 7285 s elapsed
2026-10-10 06:14:47   benched 3775/4033 (3838), 7333 s elapsed
2026-10-10 06:15:35   benched 3800/4033 (3863), 7382 s elapsed
2026-10-10 06:16:23   benched 3825/4033 (3888), 7429 s elapsed
2026-10-10 06:17:11   benched 3850/4033 (3913), 7477 s elapsed
2026-10-10 06:17:59   benched 3875/4033 (3938), 7525 s elapsed
2026-10-10 06:18:48   benched 3900/4033 (3963), 7574 s elapsed
2026-10-10 06:19:36   benched 3925/4033 (3988), 7623 s elapsed
2026-10-10 06:20:23   benched 3950/4033 (4013), 7670 s elapsed
2026-10-10 06:21:11   benched 3975/4033 (4038), 7717 s elapsed
2026-10-10 06:22:00   benched 4000/4033 (4063), 7766 s elapsed
2026-10-10 06:22:48   benched 4025/4033 (4088), 7814 s elapsed
2026-10-10 06:23:03   benched 4033/4033 (4096), 7829 s elapsed
2026-10-10 06:23:04 report: C:\Users\Tugbars\Desktop\highSpeedFFT\gauntlet\results\kfr_c2c_64_4096\report_kfr.md
