8x8        banked      2667ms raced     zr2c:child_nat_ip
8x16       banked      2684ms raced     zr2c:child_nat_ip
9x9        banked      4450ms raced     mono
9x64       banked      8240ms raced     zrp:4.16:r2z
12x12      banked      6349ms raced     zr2c:child_nat_ip
12x48      banked     14270ms raced     zrp:4.12:r2z
14x14      banked      2473ms raced     zr2c:child_nat_ip
15x15      banked      7580ms raced     2p
15x45      banked     15514ms raced     2p
15x64      banked      8249ms raced     zrp:4.16:r2z
15x4096    banked     17047ms raced     zr2c:child_oop_il
16x8       banked      2246ms raced     zr2c:child_nat_ip
16x16      banked      2682ms raced     zr2c:child_nat_ip
16x32      banked      5467ms raced     zrp:4.8:r2z
16x64      banked      8080ms raced     zrp:4.16:r2z
16x256     banked     14647ms raced     zr2c:child_oop_il
16x1024    banked     14515ms raced     zr2c:child_oop_il
16x4096    banked     16476ms raced     zr2c:child_oop_il
18x18      banked      7347ms raced     zr2c:child_oop_il
21x21      banked      6928ms raced     2p
21x128     banked     10307ms raced     zrp:8.16:r2z
24x24      banked     11037ms raced     zrp:4.6:r2z
24x96      banked     21252ms raced     zrp:6.16:r2z
25x25      banked      4913ms raced     2p
27x27      banked      8676ms raced     2p
27x32      banked      6141ms raced     zrp:4.8:r2z
27x81      banked     12974ms raced     2p
28x28      banked      6354ms raced     zr2c:child_oop_il
28x112     banked     12036ms raced     zr2c:child_oop_il
32x16      banked      2710ms raced     zr2c:child_nat_ip
32x27      banked      8034ms raced     2p
32x32      banked      5919ms raced     zrp:4.8:r2z
32x64      banked      8108ms raced     zrp:4.16:r2z
32x128     banked     10090ms raced     zr2c:child_oop_il
32x512     banked     14657ms raced     zr2c:child_oop_il
32x2048    banked     19463ms raced     zr2c:child_oop_il
33x33      banked      7104ms raced     2p
36x36      banked      9587ms raced     zrp:6.6:r2z
36x144     banked     22477ms raced     zrp:12.12:r2z
45x15      banked      6773ms raced     2p
45x45      banked     16176ms raced     2p
45x64      banked      8878ms raced     zrp:4.16:r2z
45x2048    banked     19704ms raced     zr2c:child_oop_il
48x12      banked      6336ms raced     zr2c:child_nat_ip
48x48      banked     13863ms raced     zrp:4.12:r2z
50x50      banked      7359ms raced     zr2c:child_oop_il
54x54      banked     14953ms raced     zr2c:child_oop_il
56x56      banked      9823ms raced     zr2c:child_oop_il
60x60      banked     14605ms raced     zrp:6.10:r2z
60x240     banked     32621ms raced     zr2c:child_oop_il
63x63      banked     15514ms raced     2p
63x64      banked      8269ms raced     zrp:4.16:r2z
64x9       banked      3812ms raced     mono
64x15      banked      6177ms raced     2p
64x32      banked      5903ms raced     zrp:4.8:r2z
64x45      banked     14846ms raced     2p
64x63      banked     14823ms raced     2p
64x64      banked      8109ms raced     zrp:4.16:r2z
64x128     banked     10084ms raced     zrp:8.16:r2z
64x256     banked     14652ms raced     zr2c:child_oop_il
64x1024    banked     14238ms raced     zr2c:child_oop_il
64x4096    banked     16510ms raced     zr2c:child_oop_il
72x72      banked     18736ms raced     zrp:6.12:r2z
75x75      banked     17104ms raced     2p
81x27      banked      8648ms raced     2p
81x81      banked     12310ms raced     2p
81x128     banked     10953ms raced     zrp:8.16:r2z
81x512     banked     14807ms raced     zr2c:child_oop_il
96x24      banked     10841ms raced     zrp:4.6:r2z
96x96      banked     20978ms raced     zrp:6.16:r2z
96x160     banked     19968ms raced     zrp:16.10:r2z
97x99      banked      9761ms raced     2p
99x97      banked      2809ms raced     prime
99x99      banked     11362ms raced     2p
100x100    banked      9728ms raced     zrp:10.10:r2z
105x105    banked     18960ms raced     2p
105x256    banked     15499ms raced     zr2c:child_oop_il
112x28     banked      6352ms raced     zr2c:child_oop_il
112x112    banked     12129ms raced     zr2c:child_oop_il
120x120    banked     20845ms raced     zrp:12.10:r2z
120x480    banked     59184ms raced     zr2c:child_oop_il
125x125    banked      9741ms raced     2p
125x625    banked     14720ms raced     2p
127x127    banked      1288ms raced     prime
127x256    banked     13965ms raced     zr2c:child_oop_il
127x405    banked     31899ms raced     chain3
128x21     banked      6674ms raced     2p
128x64     banked      8089ms raced     zrp:4.16:r2z
128x81     banked     12696ms raced     2p
128x128    banked     10065ms raced     zrp:8.16:r2z
128x189    banked     22346ms raced     2p
128x243    banked     17984ms raced     2p
128x256    banked     14626ms raced     zr2c:child_oop_il
128x512    banked     14856ms raced     zr2c:child_oop_il
135x135    banked     22908ms raced     2p
135x256    banked     15313ms raced     zr2c:child_oop_il
135x405    banked     33214ms raced     chain3
135x2048   banked     20747ms raced     zr2c:child_oop_il
144x36     banked     10303ms raced     zrp:6.6:r2z
144x144    banked     23790ms raced     zrp:12.12:r2z
160x96     banked     21671ms raced     zrp:6.16:r2z
162x162    banked     18637ms raced     zr2c:child_oop_il
165x165    banked     14704ms raced     2p
189x128    banked     10760ms raced     zrp:8.16:r2z
189x189    banked     22905ms raced     2p
192x192    banked     26903ms raced     zr2c:child_oop_il
192x320    banked     23828ms raced     zr2c:child_oop_il
224x224    banked     19076ms raced     zr2c:child_oop_il
224x896    banked     30253ms raced     zr2c:child_nat_ip
225x225    banked     28015ms raced     chain3
225x256    banked     15511ms raced     zr2c:child_oop_il
240x60     banked     15286ms raced     zrp:6.10:r2z
240x240    banked     33725ms raced     zr2c:child_oop_il
243x128    banked     11600ms raced     zrp:8.16:r2z
243x243    banked     18495ms raced     2p
243x729    banked     21192ms raced     2p
243x1024   banked     15273ms raced     zr2c:child_oop_il
250x250    banked     15542ms raced     zr2c:child_oop_il
251x251    banked      1267ms raced     prime
251x512    banked     13912ms raced     zr2c:child_oop_il
256x8      banked      3525ms raced     zr2c:child_nat_ip
256x105    banked     19452ms raced     2p
256x127    banked      1980ms raced     prime
256x128    banked     10687ms raced     zrp:8.16:r2z
256x135    banked     22031ms raced     chain3
256x225    banked     26786ms raced     chain3
256x256    banked     15587ms raced     zr2c:child_oop_il
256x375    banked     26010ms raced     chain3
256x512    banked     14615ms raced     zr2c:child_oop_il
256x1024   banked     15291ms raced     zr2c:child_oop_il
288x288    banked     40982ms raced     zr2c:child_oop_il
315x315    banked     35219ms raced     chain3
315x512    banked     17122ms raced     zr2c:child_oop_il
320x192    banked     26945ms raced     zr2c:child_oop_il
360x360    banked     39124ms raced     zr2c:child_oop_il
360x1440   banked     88149ms raced     zr2c:child_oop_il
375x256    banked     15726ms raced     zr2c:child_oop_il
375x375    banked     27086ms raced     chain3
375x1125   banked     40683ms raced     flat
384x384    banked     46900ms raced     zr2c:child_oop_il
384x640    banked     40954ms raced     zr2c:child_oop_il
405x127    banked      3455ms raced     prime
405x135    banked     23806ms raced     2p
405x405    banked     34075ms raced     chain3
405x512    banked     16196ms raced     zr2c:child_oop_il
432x432    banked     36732ms raced     zr2c:child_oop_il
448x448    banked     20525ms raced     zr2c:child_oop_il
480x120    banked     22315ms raced     zrp:12.10:r2z
480x480    banked     61753ms raced     zr2c:child_oop_il
486x486    banked     22752ms raced     zr2c:child_oop_il
495x495    banked     21841ms raced     chain3
495x512    banked     16876ms raced     zr2c:child_oop_il
500x500    banked     16120ms raced     zr2c:child_oop_il
509x64     banked      7910ms raced     zrp:4.16:r2z
509x509    banked      1731ms raced     prime
509x1024   banked     14517ms raced     zr2c:child_oop_il
512x8      banked      3782ms raced     zr2c:child_nat_ip
512x16     banked      3605ms raced     zr2c:child_nat_ip
512x81     banked     12310ms raced     2p
512x251    banked      2233ms raced     prime
512x256    banked     14836ms raced     zr2c:child_oop_il
512x315    banked     34935ms raced     chain3
512x405    banked     32783ms raced     chain3
512x495    banked     20934ms raced     chain3
512x512    banked     14910ms raced     zr2c:child_oop_il
512x625    banked     13591ms raced     flat
512x945    banked     47336ms raced     flat
512x1024   banked     15977ms raced     zr2c:child_oop_il
512x2048   banked     21671ms raced     zr2c:child_oop_il
567x567    banked     35207ms raced     2p
567x1024   banked     16810ms raced     zr2c:child_oop_il
576x576    banked     58115ms raced     zr2c:child_oop_il
625x125    banked     10210ms raced     2p
625x512    banked     15664ms raced     zr2c:child_oop_il
625x625    banked     13569ms raced     flat
640x384    banked     47060ms raced     zr2c:child_oop_il
675x675    banked     45134ms raced     2p
720x720    banked     59402ms raced     zr2c:child_nat_ip
720x2880   banked    120258ms raced     zr2c:child_nat_ip
729x16     banked      4661ms raced     zr2c:child_nat_ip
729x243    banked     18341ms raced     2p
729x729    banked     22087ms raced     2p
729x1024   banked     16683ms raced     zr2c:child_oop_il
768x768    banked     66595ms raced     zr2c:child_oop_il
768x1280   banked     57567ms raced     zr2c:child_nat_ip
896x224    banked     20189ms raced     zr2c:child_oop_il
896x896    banked     30975ms raced     zr2c:child_oop_il
945x512    banked     17656ms raced     zr2c:child_oop_il
945x945    banked     49933ms raced     flat
960x960    banked     92142ms raced     zr2c:child_nat_ip
1021x16    banked      2538ms raced     zr2c:child_nat_ip
1021x1021  banked      2457ms raced     prime
1021x1024  banked     15148ms raced     zr2c:child_oop_il
1024x8     banked      4193ms raced     zr2c:child_nat_ip
1024x16    banked      3415ms raced     zr2c:child_nat_ip
1024x32    banked      6832ms raced     zrp:4.8:r2z
1024x63    banked     15943ms raced     2p
1024x243   banked     19161ms raced     chain3
1024x509   banked      3174ms raced     prime
1024x512   banked     16838ms raced     zr2c:child_oop_il
1024x567   banked     34593ms raced     2p
1024x729   banked     22822ms raced     2p
1024x1021  banked      5220ms raced     prime
1024x1024  banked     17243ms raced     zr2c:child_oop_il
1024x1125  banked     40802ms raced     flat
1024x1215  banked     38680ms raced     flat
1024x2025  banked     56526ms raced     chain3
1024x2048  banked     25828ms raced     zr2c:child_oop_il
1024x4093  banked     12704ms raced     prime
1125x375   banked     28481ms raced     chain3
1125x1024  banked     18841ms raced     zr2c:child_oop_il
1125x1125  banked     43871ms raced     flat
1152x1152  banked     82926ms raced     zr2c:child_nat_ip
1200x16    banked      5316ms raced     zr2c:child_nat_ip
1200x1200  banked     71836ms raced     zr2c:child_oop_il
1215x64    banked     10353ms raced     zrp:4.16:r2z
1215x1024  banked     20872ms raced     zr2c:child_oop_il
1215x1215  banked     41915ms raced     chain3
1250x1250  banked     23568ms raced     zr2c:child_oop_il
1280x768   banked     65782ms raced     zr2c:child_oop_il
1440x64    banked     12274ms raced     zrp:4.16:r2z
1440x360   banked     43605ms raced     zr2c:child_oop_il
1440x1440  banked     98758ms raced     zr2c:child_oop_il
1458x1458  banked     29819ms raced     zr2c:child_oop_il
1536x1536  banked    100234ms raced     zr2c:child_nat_ip
1536x2560  banked    101881ms raced     zr2c:child_nat_ip
1701x1701  banked     44173ms raced     chain3
1701x2048  banked     32523ms raced     zr2c:child_oop_il
1792x1792  banked     51304ms raced     zr2c:child_nat_ip
1800x1800  banked     70790ms raced     zr2c:child_oop_il
1920x1920  banked    136371ms raced     zr2c:child_nat_ip
2025x32    banked      9667ms raced     zrp:4.8:r2z
2025x1024  banked     24380ms raced     zr2c:child_oop_il
2025x2025  banked     63761ms raced     chain3
2039x32    banked      6006ms raced     zrp:4.8:r2z
2039x2039  banked      6191ms raced     prime
2039x2048  banked     25636ms raced     zr2c:child_oop_il
2048x8     banked      3606ms raced     zr2c:child_nat_ip
2048x16    banked      4511ms raced     zr2c:child_nat_ip
2048x32    banked      7907ms raced     zrp:4.8:r2z
2048x45    banked     17387ms raced     2p
2048x64    banked      9105ms raced     zrp:4.16:r2z
2048x135   banked     23722ms raced     2p
2048x1024  banked     22815ms raced     zr2c:child_oop_il
2048x1701  banked     48053ms raced     flat
2048x2039  banked     16679ms raced     prime
2048x2048  banked     36804ms raced     zr2c:child_oop_il
2048x3375  banked     69853ms raced     chain3
2048x4096  banked     51841ms raced     zr2c:child_oop_il
2187x16    banked      5440ms raced     zr2c:child_nat_ip
2187x2187  banked     35377ms raced     flat
2187x4096  banked     48819ms raced     zr2c:child_oop_il
2400x2400  banked    135331ms raced     zr2c:child_oop_il
2500x2500  banked     36810ms raced     zr2c:child_oop_il
2560x1536  banked    116431ms raced     zr2c:child_nat_ip
2835x2835  banked     90499ms raced     chain3
2880x720   banked     72511ms raced     zr2c:child_oop_il
3000x3000  banked     80048ms raced     zr2c:child_oop_il
3375x2048  banked     50326ms raced     zr2c:child_oop_il
3375x3375  banked     86557ms raced     chain3
3600x16    banked      6768ms raced     zr2c:child_nat_ip
3600x3600  banked    115415ms raced     zr2c:child_oop_il
3645x32    banked      9640ms raced     zrp:4.8:r2z
4093x16    banked      2797ms raced     zr2c:child_nat_ip
4093x1024  banked     21932ms raced     zr2c:child_oop_il
4096x8     banked      4133ms raced     zr2c:child_nat_ip
4096x15    banked      8411ms raced     2p
4096x16    banked      4246ms raced     zr2c:child_nat_ip
4096x32    banked      7613ms raced     zrp:4.8:r2z
4096x64    banked     11136ms raced     zrp:4.16:r2z
4096x128   banked     12795ms raced     zrp:8.16:r2z
4096x2048  banked     65283ms raced     zr2c:child_oop_il
4096x2187  banked     63749ms raced     chain3
4096x4096  banked    107626ms raced     zr2c:child_oop_il
4800x64    banked     14509ms raced     zrp:4.16:r2z
6561x16    banked      5943ms raced     zr2c:child_nat_ip
7200x32    banked     12711ms raced     zrp:4.8:r2z
8192x16    banked      4855ms raced     zr2c:child_nat_ip
8192x21    banked      8944ms raced     2p
8192x27    banked     10847ms raced     2p
8192x32    banked      8439ms raced     zrp:4.8:r2z
8192x64    banked     11576ms raced     zrp:4.16:r2z
8192x128   banked     15576ms raced     zrp:8.16:r2z
8192x4096  banked    235168ms raced     zr2c:child_oop_il
16384x9    banked      7760ms raced     mono
16384x16   banked      7056ms raced     zr2c:child_nat_ip
16384x32   banked     11085ms raced     zrp:4.8:r2z
16384x64   banked     15699ms raced     zrp:4.16:r2z
16384x128  banked     27148ms raced     zrp:8.16:r2z
32768x16   banked      9177ms raced     zr2c:child_nat_ip
32768x32   banked     16519ms raced     zrp:4.8:r2z
65536x16   banked     16499ms raced     zr2c:child_nat_ip
