2          banked       606ms replayed  mono
3          banked       314ms raced     rfft
4          banked       296ms raced     mono
5          banked       318ms raced     bridge
6          banked       296ms raced     mono
7          banked       319ms raced     bridge
8          banked       314ms raced     mono
9          banked       347ms raced     bridge
10         banked       316ms raced     mono
11         banked       309ms raced     bridge
12         banked       299ms raced     mono
13         banked       305ms raced     bridge
14         banked       301ms raced     mono
15         banked       410ms raced     bridge
16         banked       301ms raced     mono
17         banked       307ms raced     bridge
18         banked        96ms raced     zr2c:child_oop_il
19         banked       314ms raced     bridge
20         banked        94ms raced     zr2c:child_oop_il
21         banked       419ms raced     bridge
22         banked       310ms raced     mono
23         banked       309ms raced     mono
24         banked       301ms raced     zrp:4.6:r2z
25         banked       370ms raced     bridge
26         banked       306ms raced     zr2c:child_oop_il
27         banked       525ms raced     rfft
28         banked        95ms raced     zr2c:child_oop_il
29         banked       307ms raced     mono
30         banked        97ms raced     zr2c:child_nat_ip
31         banked       310ms raced     2p
32         banked       311ms raced     zrp:4.8:r2z
33         banked        95ms raced     bridge
34         banked        93ms raced     zr2c:child_oop_il
35         banked       204ms raced     bridge
36         banked       309ms raced     zrp:6.6:r2z
37         banked       311ms raced     2p
38         banked       100ms raced     zr2c:child_oop_il
39         banked        95ms raced     bridge
40         banked       301ms raced     zrp:4.10:r2z
41         banked       310ms raced     2p
42         banked        96ms raced     zr2c:child_oop_il
43         banked       302ms raced     2p
44         banked        96ms raced     zr2c:child_oop_il
45         banked       652ms raced     bridge
46         banked        93ms raced     zr2c:child_oop_il
47         banked       299ms raced     mono
48         banked       303ms raced     zrp:4.12:r2z
49         banked       156ms raced     bridge
50         banked        93ms raced     zr2c:child_oop_il
51         banked        94ms raced     bridge
52         banked        95ms raced     zr2c:child_oop_il
53         banked       287ms raced     mono
54         banked        96ms raced     zr2c:child_oop_il
55         banked        93ms raced     bridge
56         banked        93ms raced     zr2c:child_oop_il
57         banked       100ms raced     bridge
58         banked        96ms raced     zr2c:child_oop_il
59         banked       283ms raced     mono
60         banked       310ms raced     zrp:6.10:r2z
61         banked       267ms raced     2p
62         banked        95ms raced     zr2c:child_oop_il
63         banked       670ms raced     bridge
64         banked       313ms raced     zrp:4.16:r2z
