9          banked       418ms raced     bridge
15         banked       379ms raced     bridge
21         banked       381ms raced     bridge
25         banked       381ms raced     bridge
27         banked       406ms raced     rfft
33         banked       372ms raced     bridge
35         banked       381ms raced     bridge
39         banked       382ms raced     bridge
45         banked       381ms raced     bridge
49         banked       383ms raced     bridge
51         banked       380ms raced     bridge
55         banked       384ms raced     bridge
57         banked       386ms raced     bridge
63         banked       381ms raced     bridge
65         banked       383ms raced     bridge
69         banked       354ms raced     flat
75         banked       390ms raced     bridge
77         banked       384ms raced     bridge
81         banked       381ms raced     bridge
85         banked       379ms raced     bridge
87         banked       352ms raced     prime
91         banked       382ms raced     bridge
93         banked       354ms raced     flat
95         banked       382ms raced     bridge
99         banked       384ms raced     bridge
105        banked       395ms raced     bridge
111        banked       552ms raced     2p
115        banked       351ms raced     2p
117        banked       384ms raced     bridge
119        banked       384ms raced     bridge
121        banked       383ms raced     bridge
123        banked       555ms raced     prime
125        banked       377ms raced     bridge
129        banked       357ms raced     2p
133        banked       377ms raced     bridge
135        banked       396ms raced     bridge
141        banked       352ms raced     2p
143        banked       377ms raced     bridge
145        banked       351ms raced     2p
147        banked       381ms raced     bridge
153        banked       383ms raced     bridge
155        banked       363ms raced     2p
161        banked       355ms raced     2p
165        banked       394ms raced     bridge
169        banked       375ms raced     bridge
171        banked       380ms raced     bridge
175        banked       384ms raced     bridge
185        banked       351ms raced     2p
187        banked       383ms raced     bridge
189        banked       393ms raced     bridge
195        banked       383ms raced     bridge
203        banked       351ms raced     prime
205        banked       353ms raced     2p
207        banked       351ms raced     prime
209        banked       377ms raced     bridge
215        banked       351ms raced     prime
217        banked       348ms raced     2p
221        banked       380ms raced     bridge
225        banked       396ms raced     bridge
231        banked       396ms raced     bridge
235        banked       355ms raced     2p
243        banked       397ms raced     bridge
245        banked       382ms raced     bridge
247        banked       385ms raced     bridge
253        banked       353ms raced     2p
255        banked       383ms raced     bridge
259        banked       353ms raced     flat
261        banked       351ms raced     2p
273        banked       384ms raced     bridge
275        banked       381ms raced     bridge
279        banked       351ms raced     prime
285        banked       385ms raced     bridge
287        banked       357ms raced     2p
289        banked       381ms raced     bridge
297        banked       401ms raced     bridge
299        banked       362ms raced     prime
301        banked       352ms raced     2p
315        banked       407ms raced     bridge
319        banked       351ms raced     prime
323        banked       381ms raced     bridge
325        banked       401ms raced     bridge
329        banked       352ms raced     2p
333        banked       350ms raced     prime
341        banked       350ms raced     2p
343        banked       395ms raced     bridge
345        banked       367ms raced     2p
351        banked       394ms raced     bridge
357        banked       396ms raced     bridge
361        banked       379ms raced     bridge
363        banked       384ms raced     bridge
369        banked       364ms raced     2p
375        banked       394ms raced     bridge
377        banked       354ms raced     2p
385        banked       384ms raced     bridge
387        banked       365ms raced     prime
391        banked       352ms raced     chain3
399        banked       394ms raced     bridge
403        banked       352ms raced     prime
405        banked       442ms raced     bridge
407        banked       351ms raced     2p
423        banked       369ms raced     prime
425        banked       391ms raced     bridge
429        banked       385ms raced     bridge
435        banked       360ms raced     2p
437        banked       355ms raced     prime
441        banked       409ms raced     bridge
451        banked       356ms raced     2p
455        banked       396ms raced     bridge
459        banked       401ms raced     bridge
465        banked       362ms raced     flat
473        banked       354ms raced     prime
475        banked       395ms raced     bridge
481        banked       355ms raced     2p
483        banked       369ms raced     prime
493        banked       351ms raced     2p
495        banked       410ms raced     bridge
507        banked       381ms raced     bridge
513        banked       396ms raced     bridge
517        banked       354ms raced     2p
525        banked       420ms raced     bridge
527        banked       357ms raced     prime
529        banked       348ms raced     chain3
533        banked       365ms raced     flat
539        banked       393ms raced     bridge
551        banked       353ms raced     chain3
555        banked       368ms raced     prime
559        banked       355ms raced     2p
561        banked       384ms raced     bridge
567        banked       415ms raced     bridge
575        banked       367ms raced     2p
585        banked       413ms raced     bridge
589        banked       366ms raced     chain3
595        banked       395ms raced     bridge
605        banked       396ms raced     bridge
609        banked       372ms raced     2p
611        banked       354ms raced     prime
615        banked       363ms raced     prime
621        banked       365ms raced     2p
625        banked       398ms raced     bridge
627        banked       397ms raced     bridge
629        banked       351ms raced     prime
637        banked       397ms raced     bridge
645        banked       371ms raced     flat
651        banked       364ms raced     2p
663        banked       386ms raced     bridge
665        banked       398ms raced     bridge
667        banked       365ms raced     2p
675        banked       427ms raced     bridge
693        banked       413ms raced     bridge
697        banked       352ms raced     2p
703        banked       364ms raced     chain3
705        banked       365ms raced     2p
713        banked       364ms raced     prime
715        banked       398ms raced     bridge
725        banked       366ms raced     prime
729        banked       409ms raced     bridge
731        banked       352ms raced     prime
735        banked       412ms raced     bridge
741        banked       383ms raced     bridge
759        banked       364ms raced     prime
765        banked       411ms raced     bridge
775        banked       368ms raced     2p
777        banked       366ms raced     prime
779        banked       365ms raced     prime
783        banked       365ms raced     2p
799        banked       353ms raced     chain3
805        banked       367ms raced     prime
817        banked       352ms raced     chain3
819        banked       410ms raced     bridge
825        banked       412ms raced     bridge
833        banked       397ms raced     bridge
837        banked       365ms raced     flat
841        banked       367ms raced     chain3
845        banked       394ms raced     bridge
847        banked       397ms raced     bridge
851        banked       364ms raced     2p
855        banked       410ms raced     bridge
861        banked       371ms raced     2p
867        banked       383ms raced     bridge
875        banked       399ms raced     bridge
891        banked       413ms raced     bridge
893        banked       366ms raced     prime
897        banked       364ms raced     chain3
899        banked       355ms raced     prime
903        banked       367ms raced     2p
925        banked       365ms raced     chain3
931        banked       395ms raced     bridge
935        banked       399ms raced     bridge
943        banked       354ms raced     prime
945        banked       439ms raced     bridge
957        banked       371ms raced     prime
961        banked       359ms raced     2p
969        banked       397ms raced     bridge
975        banked       409ms raced     bridge
987        banked       367ms raced     2p
989        banked       362ms raced     flat
999        banked       379ms raced     prime
1001       banked       396ms raced     bridge
1015       banked       372ms raced     chain3
1023       banked       367ms raced     prime
1025       banked       364ms raced     2p
1029       banked       392ms raced     bridge
1035       banked       382ms raced     flat
1045       banked       399ms raced     bridge
1053       banked       412ms raced     bridge
1071       banked       419ms raced     bridge
1073       banked       367ms raced     prime
1075       banked       367ms raced     prime
1081       banked       367ms raced     chain3
1083       banked       393ms raced     bridge
1085       banked       369ms raced     prime
1089       banked       395ms raced     bridge
1105       banked       399ms raced     bridge
1107       banked       380ms raced     prime
1125       banked       440ms raced     bridge
1127       banked       369ms raced     prime
1131       banked       365ms raced     prime
1147       banked       364ms raced     prime
1155       banked       425ms raced     bridge
1161       banked       369ms raced     chain3
1173       banked       361ms raced     prime
1175       banked       370ms raced     prime
1183       banked       392ms raced     bridge
1189       banked       358ms raced     chain3
1197       banked       413ms raced     bridge
1209       banked       365ms raced     prime
1215       banked       443ms raced     bridge
1221       banked       371ms raced     prime
1225       banked       395ms raced     bridge
1235       banked       399ms raced     bridge
1247       banked       367ms raced     prime
1265       banked       364ms raced     prime
1269       banked       380ms raced     prime
1271       banked       355ms raced     prime
1275       banked       405ms raced     bridge
1287       banked       410ms raced     bridge
1295       banked       365ms raced     prime
1305       banked       384ms raced     prime
1309       banked       399ms raced     bridge
1311       banked       367ms raced     prime
1323       banked       437ms raced     bridge
1331       banked       399ms raced     bridge
1333       banked       369ms raced     chain3
1353       banked       363ms raced     chain3
1363       banked       367ms raced     prime
1365       banked       426ms raced     bridge
1369       banked       368ms raced     chain3
1375       banked       396ms raced     bridge
1377       banked       409ms raced     bridge
1395       banked       386ms raced     2p
1419       banked       364ms raced     prime
1421       banked       365ms raced     prime
1425       banked       409ms raced     bridge
1435       banked       369ms raced     prime
1443       banked       369ms raced     prime
1445       banked       396ms raced     bridge
1449       banked       384ms raced     prime
1457       banked       369ms raced     chain3
1463       banked       394ms raced     bridge
1479       banked       366ms raced     prime
1485       banked       439ms raced     bridge
1495       banked       366ms raced     prime
1505       banked       375ms raced     flat
1517       banked       376ms raced     prime
1519       banked       372ms raced     flat
1521       banked       397ms raced     bridge
1539       banked       424ms raced     bridge
1547       banked       395ms raced     bridge
1551       banked       366ms raced     2p
1573       banked       397ms raced     bridge
1575       banked       445ms raced     bridge
1581       banked       368ms raced     prime
1587       banked       364ms raced     prime
1591       banked       366ms raced     prime
1595       banked       367ms raced     prime
1599       banked       369ms raced     2p
1615       banked       397ms raced     bridge
1617       banked       414ms raced     bridge
1625       banked       398ms raced     bridge
1645       banked       368ms raced     prime
1653       banked       362ms raced     prime
1665       banked       394ms raced     2p
1677       banked       367ms raced     prime
1681       banked       367ms raced     chain3
1683       banked       413ms raced     bridge
1701       banked       450ms raced     bridge
1705       banked       367ms raced     prime
1715       banked       398ms raced     bridge
1725       banked       382ms raced     prime
1729       banked       398ms raced     bridge
1739       banked       370ms raced     prime
1755       banked       445ms raced     bridge
1763       banked       367ms raced     prime
1767       banked       366ms raced     prime
1771       banked       364ms raced     prime
1785       banked       425ms raced     bridge
1805       banked       398ms raced     bridge
1813       banked       368ms raced     prime
1815       banked       405ms raced     bridge
1827       banked       388ms raced     prime
1833       banked       363ms raced     prime
1845       banked       396ms raced     prime
1849       banked       371ms raced     chain3
1859       banked       391ms raced     bridge
1863       banked       394ms raced     flat
1875       banked       429ms raced     bridge
1881       banked       411ms raced     bridge
1885       banked       366ms raced     prime
1887       banked       368ms raced     2p
1911       banked       409ms raced     bridge
1925       banked       415ms raced     bridge
1927       banked       369ms raced     prime
1935       banked       394ms raced     prime
1953       banked       382ms raced     prime
1955       banked       366ms raced     prime
1989       banked       409ms raced     bridge
1995       banked       429ms raced     bridge
2001       banked       368ms raced     chain3
2009       banked       366ms raced     prime
2015       banked       365ms raced     prime
2021       banked       366ms raced     prime
2023       banked       407ms raced     bridge
2025       banked       457ms raced     bridge
2035       banked       365ms raced     prime
