16x16      banked        89ms replayed  chain
16x32      banked        89ms replayed  chain
16x64      banked        89ms replayed  chain
16x128     banked        89ms replayed  chain
16x256     banked        88ms replayed  chain
16x512     banked        88ms replayed  chain
16x1024    banked        89ms replayed  chain
16x4096    banked        89ms replayed  chain
23x64      banked        89ms replayed  chain
29x64      banked        89ms replayed  chain
32x16      banked        95ms replayed  chain
32x32      banked        97ms replayed  chain
32x64      banked        96ms replayed  chain
32x128     banked        94ms replayed  chain
32x256     banked        94ms replayed  chain
32x512     banked        95ms replayed  chain
32x1024    banked        95ms replayed  chain
47x64      banked        89ms replayed  chain
48x48      banked        88ms replayed  chain
63x64      banked        89ms replayed  chain
64x16      banked        89ms replayed  chain
64x30      banked        89ms replayed  chain
64x32      banked        88ms replayed  chain
64x50      banked        90ms replayed  chain
64x62      banked        89ms replayed  chain
64x64      banked        89ms replayed  chain
64x128     banked        89ms replayed  chain
64x256     banked        90ms replayed  chain
64x512     banked        89ms replayed  chain
64x1024    banked        89ms replayed  chain
64x4096    banked        89ms replayed  chain
96x96      banked        89ms replayed  chain
100x64     banked        91ms replayed  chain
128x16     banked        88ms replayed  chain
128x32     banked        88ms replayed  chain
128x64     banked        90ms replayed  chain
128x128    banked        91ms replayed  chain
128x256    banked        94ms replayed  chain
128x512    banked        90ms replayed  chain
128x1024   banked        91ms replayed  chain
192x192    banked        96ms replayed  chain
256x16     banked        91ms replayed  chain
256x32     banked        95ms replayed  chain
256x64     banked        94ms replayed  chain
256x128    banked        95ms replayed  chain
256x256    banked        94ms replayed  chain
256x512    banked        89ms replayed  chain
256x1024   banked        95ms replayed  chain
480x480    banked        97ms replayed  chain
512x16     banked        89ms replayed  chain
512x32     banked        96ms replayed  chain
512x64     banked        97ms replayed  chain
512x128    banked        91ms replayed  chain
512x256    banked        89ms replayed  chain
512x512    banked        90ms replayed  chain
512x1024   banked        95ms replayed  chain
1000x1000  banked        89ms replayed  chain
1024x16    banked        91ms replayed  chain
1024x32    banked        95ms replayed  chain
1024x64    banked        95ms replayed  chain
1024x128   banked        94ms replayed  chain
1024x256   banked        91ms replayed  chain
1024x512   banked        88ms replayed  chain
1024x1024  banked        96ms replayed  chain
2048x2048  banked        96ms replayed  chain
4096x16    banked        97ms replayed  chain
4096x64    banked        95ms replayed  chain
