16x16      banked       346ms raced     chain
16x32      banked       922ms raced     chain
16x64      banked       932ms raced     chain
16x128     banked       929ms raced     chain
16x256     banked       929ms raced     chain
16x512     banked       936ms raced     chain
16x1024    banked       943ms raced     chain
16x4096    banked       922ms raced     chain
23x64      banked      1157ms raced     chain
29x64      banked      1152ms raced     chain
32x16      banked      1382ms raced     chain
32x32      banked      2603ms raced     chain
32x64      banked      1382ms raced     chain
32x128     banked      8428ms raced     chain
32x256     banked      1385ms raced     chain
32x512     banked      1393ms raced     chain
32x1024    banked      1402ms raced     chain
47x64      banked      1157ms raced     chain
48x48      banked       310ms raced     chain
63x64      banked       725ms raced     chain
64x16      banked      1354ms raced     chain
64x30      banked       932ms raced     chain
64x32      banked      9166ms raced     chain
64x50      banked       934ms raced     chain
64x62      banked       932ms raced     chain
64x64      banked      1353ms raced     chain
64x128     banked      9113ms raced     chain
64x256     banked      1364ms raced     chain
64x512     banked      1405ms raced     chain
64x1024    banked      1388ms raced     chain
64x4096    banked    197072ms raced     chain
96x96      banked       311ms raced     chain
100x64     banked       949ms raced     chain
128x16     banked       309ms raced     chain
128x32     banked       310ms raced     chain
128x64     banked       305ms raced     chain
128x128    banked       310ms raced     chain
128x256    banked       534ms raced     chain
128x512    banked       313ms raced     chain
128x1024   banked       311ms raced     chain
192x192    banked       530ms raced     chain
256x16     banked       299ms raced     chain
256x32     banked       540ms raced     chain
256x64     banked       538ms raced     chain
256x128    banked       529ms raced     chain
256x256    banked       530ms raced     chain
256x512    banked       307ms raced     chain
256x1024   banked       544ms raced     chain
480x480    banked      1021ms raced     chain
512x16     banked       303ms raced     chain
512x32     banked       534ms raced     chain
512x64     banked       536ms raced     chain
512x128    banked       316ms raced     chain
512x256    banked       314ms raced     chain
512x512    banked       337ms raced     chain
512x1024   banked       594ms raced     chain
1000x1000  banked       973ms raced     chain
1024x16    banked       313ms raced     chain
1024x32    banked       738ms raced     chain
1024x64    banked       748ms raced     chain
1024x128   banked       308ms raced     chain
1024x256   banked       334ms raced     chain
1024x512   banked       350ms raced     chain
1024x1024  banked       842ms raced     chain
2048x2048  banked      1252ms raced     chain
4096x16    banked       760ms raced     chain
4096x64    banked       578ms raced     chain
