2x2        banked       375ms raced     chain
2x4        banked       299ms raced     chain
2x8        banked       289ms raced     chain
2x16       banked       294ms raced     chain
2x32       banked       291ms raced     chain
2x64       banked       290ms raced     chain
2x128      banked       282ms raced     chain
2x256      banked       292ms raced     chain
2x512      banked       288ms raced     chain
2x1024     banked       307ms raced     chain
2x2048     banked       319ms raced     chain
2x4096     banked       318ms raced     chain
2x8192     banked      8243ms raced     chain
4x2        banked       319ms raced     chain
4x4        banked       298ms raced     chain
4x8        banked       296ms raced     chain
4x16       banked       293ms raced     chain
4x32       banked       297ms raced     chain
4x64       banked       305ms raced     chain
4x128      banked       296ms raced     chain
4x256      banked       296ms raced     chain
4x512      banked       308ms raced     chain
4x1024     banked       315ms raced     chain
4x2048     banked       341ms raced     chain
4x4096     banked       310ms raced     chain
4x8192     banked       330ms raced     chain
8x2        banked       319ms raced     chain
8x4        banked       313ms raced     chain
8x8        banked       294ms raced     chain
8x16       banked       308ms raced     chain
8x32       banked       303ms raced     chain
8x64       banked       310ms raced     chain
8x128      banked       301ms raced     chain
8x256      banked       305ms raced     chain
8x512      banked       307ms raced     chain
8x1024     banked       308ms raced     chain
8x2048     banked       325ms raced     chain
8x4096     banked       333ms raced     chain
8x8192     banked       325ms raced     chain
16x2       banked       317ms raced     chain
16x4       banked       311ms raced     chain
16x8       banked       300ms raced     chain
16x16      banked       295ms raced     chain
16x32      banked       306ms raced     chain
16x64      banked       306ms raced     chain
16x128     banked       298ms raced     chain
16x256     banked       360ms raced     chain
16x512     banked       384ms raced     chain
16x1024    banked       336ms raced     chain
16x2048    banked       364ms raced     chain
16x4096    banked       355ms raced     chain
16x8192    banked       344ms raced     chain
32x2       banked       535ms raced     chain
32x4       banked       521ms raced     chain
32x8       banked       516ms raced     chain
32x16      banked       512ms raced     chain
32x32      banked       527ms raced     chain
32x64      banked       523ms raced     chain
32x128     banked       554ms raced     chain
32x256     banked       568ms raced     chain
32x512     banked       546ms raced     chain
32x1024    banked       574ms raced     chain
32x2048    banked       561ms raced     chain
32x4096    banked       563ms raced     chain
32x8192    banked       385ms raced     chain
64x2       banked       530ms raced     chain
64x4       banked       519ms raced     chain
64x8       banked       511ms raced     chain
64x16      banked       514ms raced     chain
64x32      banked       525ms raced     chain
64x64      banked       553ms raced     chain
64x128     banked       542ms raced     chain
64x256     banked       348ms raced     chain
64x512     banked       569ms raced     chain
64x1024    banked       378ms raced     chain
64x2048    banked       566ms raced     chain
64x4096    banked       383ms raced     chain
64x8192    banked       453ms raced     chain
128x2      banked       699ms raced     chain
128x4      banked       471ms raced     chain
128x8      banked       455ms raced     chain
128x16     banked       449ms raced     chain
128x32     banked       586ms raced     chain
128x64     banked       606ms raced     chain
128x128    banked       363ms raced     chain
128x256    banked       593ms raced     chain
128x512    banked       375ms raced     chain
128x1024   banked       394ms raced     chain
128x2048   banked       413ms raced     chain
128x4096   banked       473ms raced     chain
128x8192   banked       800ms raced     chain
256x2      banked       610ms raced     chain
256x4      banked       441ms raced     chain
256x8      banked       537ms raced     chain
256x16     banked       603ms raced     chain
256x32     banked       601ms raced     chain
256x64     banked       377ms raced     chain
256x128    banked       618ms raced     chain
256x256    banked       391ms raced     chain
256x512    banked       413ms raced     chain
256x1024   banked       431ms raced     chain
256x2048   banked       530ms raced     chain
256x4096   banked       813ms raced     chain
256x8192   banked      1686ms raced     chain
512x2      banked       611ms raced     chain
512x4      banked       710ms raced     chain
512x8      banked       567ms raced     chain
512x16     banked       604ms raced     chain
512x32     banked       427ms raced     chain
512x64     banked       440ms raced     chain
512x128    banked       376ms raced     chain
512x256    banked       406ms raced     chain
512x512    banked       456ms raced     chain
512x1024   banked       557ms raced     chain
512x2048   banked       934ms raced     chain
512x4096   banked      1837ms raced     chain
512x8192   banked      3628ms raced     chain
1024x2     banked       628ms raced     chain
1024x4     banked       599ms raced     chain
1024x8     banked       555ms raced     chain
1024x16    banked       638ms raced     chain
1024x32    banked       402ms raced     chain
1024x64    banked       423ms raced     chain
1024x128   banked       409ms raced     chain
1024x256   banked       460ms raced     chain
1024x512   banked       562ms raced     chain
1024x1024  banked       993ms raced     chain
1024x2048  banked      1987ms raced     chain
1024x4096  banked      3738ms raced     chain
2048x2     banked       818ms raced     chain
2048x4     banked       695ms raced     chain
2048x8     banked       708ms raced     chain
2048x16    banked       430ms raced     chain
2048x32    banked       665ms raced     chain
2048x64    banked       491ms raced     chain
2048x128   banked       462ms raced     chain
2048x256   banked       617ms raced     chain
2048x512   banked      1083ms raced     chain
2048x1024  banked      2065ms raced     chain
2048x2048  banked      4094ms raced     chain
4096x2     banked       846ms raced     chain
4096x4     banked       848ms raced     chain
4096x8     banked       717ms raced     chain
4096x16    banked       817ms raced     chain
4096x32    banked       698ms raced     chain
4096x64    banked       732ms raced     chain
4096x128   banked       823ms raced     chain
4096x256   banked      1323ms raced     chain
4096x512   banked      2689ms raced     chain
4096x1024  banked      5014ms raced     chain
8192x2     banked      1010ms raced     chain
8192x4     banked       789ms raced     chain
8192x8     banked       725ms raced     chain
8192x16    banked       742ms raced     chain
8192x32    banked       931ms raced     chain
8192x64    banked       978ms raced     chain
8192x128   banked      1639ms raced     chain
8192x256   banked      2846ms raced     chain
8192x512   banked      5175ms raced     chain
