2          banked       117ms replayed  mono
4          banked        91ms replayed  mono
8          banked        90ms replayed  mono
16         banked        91ms replayed  ztt
32         banked        90ms replayed  2p
64         banked        89ms replayed  2p
128        banked        90ms replayed  2p
256        banked       102ms replayed  2p
512        banked        90ms replayed  2p
1024       banked        89ms replayed  2p
2048       banked        90ms replayed  2p
4096       banked        90ms replayed  2p
8192       banked        90ms replayed  ztt
16384      banked        90ms replayed  ztt
32768      banked        90ms replayed  ztt
65536      banked        90ms replayed  ztt
131072     banked        91ms replayed  ztt
262144     banked        92ms replayed  ztt
524288     banked        91ms replayed  fs
1048576    banked        95ms replayed  fs
2097152    banked        93ms replayed  fs
4194304    banked        99ms replayed  fs
8388608    REFUSED       89ms refused   -
