3          banked       148ms replayed  mono
5          banked        91ms replayed  mono
7          banked        93ms replayed  mono
9          banked        91ms replayed  mono
11         banked        94ms replayed  mono
13         banked        93ms replayed  mono
15         banked        94ms replayed  2p
17         banked        93ms replayed  mono
19         banked        92ms replayed  mono
21         banked        92ms replayed  2p
23         banked        93ms replayed  mono
25         banked        92ms replayed  2p
27         banked        92ms replayed  flat
29         banked        93ms replayed  mono
31         banked        97ms replayed  mono
33         banked        95ms replayed  2p
35         banked        93ms replayed  2p
37         banked        92ms replayed  mono
39         banked        93ms replayed  2p
41         banked        93ms replayed  mono
45         banked        94ms replayed  2p
47         banked        93ms replayed  mono
49         banked        92ms replayed  2p
51         banked        93ms replayed  2p
55         banked        93ms replayed  2p
57         banked        94ms replayed  2p
63         banked        94ms replayed  2p
65         banked        92ms replayed  2p
69         banked        93ms replayed  2p
75         banked        93ms replayed  2p
77         banked        93ms replayed  2p
81         banked        94ms replayed  2p
85         banked        97ms replayed  2p
87         banked        98ms replayed  flat
91         banked        94ms replayed  2p
93         banked        97ms replayed  flat
95         banked       100ms replayed  2p
99         banked        97ms replayed  2p
105        banked        95ms replayed  2p
115        banked        99ms replayed  2p
117        banked       101ms replayed  2p
119        banked        99ms replayed  2p
121        banked        97ms replayed  2p
125        banked        96ms replayed  2p
129        banked        97ms replayed  flat
133        banked        94ms replayed  2p
135        banked        94ms replayed  2p
141        banked        93ms replayed  flat
143        banked        94ms replayed  2p
145        banked        93ms replayed  2p
147        banked        93ms replayed  chain3
153        banked        94ms replayed  2p
155        banked        92ms replayed  2p
161        banked        98ms replayed  2p
165        banked        95ms replayed  2p
169        banked        94ms replayed  2p
171        banked        94ms replayed  2p
175        banked        93ms replayed  chain3
185        banked        95ms replayed  2p
187        banked        97ms replayed  flat
189        banked        94ms replayed  chain3
195        banked        93ms replayed  chain3
203        banked        94ms replayed  2p
205        banked        93ms replayed  2p
207        banked        94ms replayed  2p
209        banked        94ms replayed  2p
215        banked        95ms replayed  flat
217        banked        93ms replayed  2p
221        banked        94ms replayed  2p
225        banked        93ms replayed  2p
231        banked        94ms replayed  chain3
235        banked        93ms replayed  2p
243        banked        98ms replayed  2p
245        banked        99ms replayed  chain3
247        banked        98ms replayed  2p
253        banked        95ms replayed  2p
255        banked        94ms replayed  2p
259        banked        94ms replayed  2p
261        banked        95ms replayed  2p
273        banked        97ms replayed  2p
275        banked        93ms replayed  chain3
279        banked        94ms replayed  2p
285        banked        95ms replayed  2p
287        banked       101ms replayed  2p
289        banked        95ms replayed  2p
297        banked        94ms replayed  chain3
299        banked        93ms replayed  2p
301        banked        97ms replayed  flat
315        banked        94ms replayed  chain3
319        banked        94ms replayed  2p
323        banked        95ms replayed  2p
325        banked        94ms replayed  2p
329        banked        98ms replayed  flat
333        banked        93ms replayed  2p
341        banked        94ms replayed  flat
343        banked        95ms replayed  chain3
345        banked        94ms replayed  2p
351        banked        93ms replayed  chain3
357        banked        94ms replayed  chain3
361        banked        93ms replayed  2p
363        banked        95ms replayed  chain3
369        banked        95ms replayed  2p
375        banked        95ms replayed  chain3
377        banked        95ms replayed  2p
385        banked        95ms replayed  chain3
387        banked        98ms replayed  2p
391        banked        95ms replayed  2p
399        banked        96ms replayed  chain3
403        banked        94ms replayed  2p
405        banked        95ms replayed  chain3
407        banked        94ms replayed  2p
423        banked        98ms replayed  flat
425        banked        95ms replayed  2p
429        banked        96ms replayed  chain3
435        banked        95ms replayed  2p
437        banked        94ms replayed  2p
441        banked        94ms replayed  chain3
451        banked        94ms replayed  2p
455        banked        94ms replayed  chain3
459        banked        98ms replayed  chain3
465        banked        98ms replayed  2p
473        banked       100ms replayed  2p
475        banked       104ms replayed  2p
481        banked       104ms replayed  2p
483        banked        99ms replayed  2p
493        banked       100ms replayed  2p
495        banked       101ms replayed  flat
507        banked       102ms replayed  chain3
513        banked        99ms replayed  2p
517        banked        94ms replayed  flat
525        banked        96ms replayed  2p
527        banked       100ms replayed  2p
529        banked        95ms replayed  2p
533        banked        95ms replayed  2p
539        banked        95ms replayed  flat
551        banked        95ms replayed  2p
555        banked        96ms replayed  2p
559        banked        98ms replayed  2p
561        banked        99ms replayed  flat
567        banked        97ms replayed  2p
575        banked        97ms replayed  2p
585        banked       104ms replayed  chain3
589        banked        96ms replayed  2p
595        banked        95ms replayed  chain3
605        banked        96ms replayed  flat
609        banked        95ms replayed  2p
611        banked        95ms replayed  flat
615        banked        95ms replayed  2p
621        banked        93ms replayed  2p
625        banked        99ms replayed  2p
627        banked        94ms replayed  flat
629        banked        94ms replayed  2p
637        banked        95ms replayed  flat
645        banked        93ms replayed  2p
651        banked        94ms replayed  2p
663        banked        93ms replayed  flat
665        banked        94ms replayed  flat
667        banked        94ms replayed  2p
675        banked        94ms replayed  2p
693        banked        98ms replayed  flat
697        banked        96ms replayed  2p
703        banked        94ms replayed  2p
705        banked        94ms replayed  2p
713        banked        94ms replayed  2p
715        banked        95ms replayed  flat
725        banked        95ms replayed  flat
729        banked        94ms replayed  2p
731        banked        97ms replayed  2p
735        banked        96ms replayed  flat
741        banked        94ms replayed  chain3
759        banked        93ms replayed  flat
765        banked        95ms replayed  flat
775        banked        94ms replayed  2p
777        banked        94ms replayed  2p
779        banked        93ms replayed  2p
783        banked        93ms replayed  flat
799        banked        92ms replayed  2p
805        banked        93ms replayed  flat
817        banked        93ms replayed  flat
819        banked        94ms replayed  flat
825        banked        94ms replayed  chain3
833        banked        94ms replayed  flat
837        banked        96ms replayed  flat
841        banked        93ms replayed  flat
845        banked        94ms replayed  flat
847        banked        94ms replayed  flat
851        banked        94ms replayed  2p
855        banked        95ms replayed  flat
861        banked        94ms replayed  2p
867        banked        93ms replayed  flat
875        banked        93ms replayed  flat
891        banked        93ms replayed  chain3
893        banked        94ms replayed  flat
897        banked        95ms replayed  flat
899        banked        95ms replayed  2p
903        banked        96ms replayed  flat
925        banked        98ms replayed  2p
931        banked        95ms replayed  flat
935        banked        94ms replayed  flat
943        banked        94ms replayed  2p
945        banked        94ms replayed  chain3
957        banked        94ms replayed  chain3
961        banked        94ms replayed  flat
969        banked        94ms replayed  flat
975        banked        93ms replayed  flat
987        banked        95ms replayed  2p
989        banked        93ms replayed  flat
999        banked        95ms replayed  2p
1001       banked        95ms replayed  flat
1015       banked        95ms replayed  flat
1023       banked        97ms replayed  chain3
1025       banked        93ms replayed  2p
1029       banked        95ms replayed  flat
1035       banked        96ms replayed  flat
1045       banked        98ms replayed  flat
1053       banked        97ms replayed  chain3
1071       banked        94ms replayed  flat
1073       banked        93ms replayed  2p
1075       banked        94ms replayed  2p
1081       banked        93ms replayed  2p
1083       banked        94ms replayed  chain3
1085       banked        95ms replayed  chain3
1089       banked        96ms replayed  chain3
1105       banked        96ms replayed  flat
1107       banked        96ms replayed  2p
1125       banked        93ms replayed  flat
1127       banked        94ms replayed  chain3
1131       banked        93ms replayed  chain3
1147       banked        96ms replayed  flat
1155       banked        94ms replayed  chain3
1161       banked        94ms replayed  2p
1173       banked        94ms replayed  flat
1175       banked        93ms replayed  flat
1183       banked        94ms replayed  chain3
1189       banked        93ms replayed  2p
1197       banked        93ms replayed  flat
1209       banked        95ms replayed  chain3
1215       banked        95ms replayed  chain3
1221       banked        94ms replayed  chain3
1225       banked        93ms replayed  flat
1235       banked        94ms replayed  flat
1247       banked        95ms replayed  flat
1265       banked        96ms replayed  flat
1269       banked        95ms replayed  flat
1271       banked        96ms replayed  flat
1275       banked        95ms replayed  flat
1287       banked        93ms replayed  chain3
1295       banked        93ms replayed  flat
1305       banked        93ms replayed  chain3
1309       banked        94ms replayed  flat
1311       banked        94ms replayed  chain3
1323       banked        95ms replayed  flat
1331       banked        94ms replayed  chain3
1333       banked        93ms replayed  2p
1353       banked        94ms replayed  chain3
1363       banked        99ms replayed  2p
1365       banked        96ms replayed  chain3
1369       banked        94ms replayed  2p
1375       banked        96ms replayed  chain3
1377       banked        93ms replayed  chain3
1395       banked        94ms replayed  flat
1419       banked        94ms replayed  flat
1421       banked        95ms replayed  chain3
1425       banked        93ms replayed  flat
1435       banked        94ms replayed  chain3
1443       banked        95ms replayed  flat
1445       banked        95ms replayed  chain3
1449       banked        95ms replayed  flat
1457       banked        97ms replayed  2p
1463       banked        95ms replayed  chain3
1479       banked        93ms replayed  flat
1485       banked        95ms replayed  chain3
1495       banked        94ms replayed  chain3
1505       banked        93ms replayed  chain3
1517       banked        93ms replayed  2p
1519       banked        94ms replayed  flat
1521       banked        94ms replayed  chain3
1539       banked        97ms replayed  chain3
1547       banked        97ms replayed  flat
1551       banked        98ms replayed  chain3
1573       banked        96ms replayed  chain3
1575       banked        95ms replayed  flat
1581       banked        96ms replayed  chain3
1587       banked        96ms replayed  flat
1591       banked        98ms replayed  2p
1595       banked        93ms replayed  flat
1599       banked        93ms replayed  chain3
1615       banked        93ms replayed  chain3
1617       banked        95ms replayed  chain3
1625       banked        95ms replayed  flat
1645       banked        95ms replayed  flat
1653       banked        94ms replayed  chain3
1665       banked        93ms replayed  chain3
1677       banked        93ms replayed  chain3
1681       banked        92ms replayed  2p
1683       banked        93ms replayed  chain3
1701       banked        94ms replayed  chain3
1705       banked        94ms replayed  chain3
1715       banked        93ms replayed  flat
1725       banked        94ms replayed  chain3
1729       banked        94ms replayed  chain3
1739       banked        93ms replayed  flat
1755       banked        94ms replayed  chain3
1763       banked        93ms replayed  2p
1767       banked        94ms replayed  chain3
1771       banked        94ms replayed  flat
1785       banked        94ms replayed  chain3
1805       banked        93ms replayed  flat
1813       banked        95ms replayed  chain3
1815       banked        94ms replayed  chain3
1827       banked        93ms replayed  flat
1833       banked        95ms replayed  flat
1845       banked        95ms replayed  chain3
1849       banked        93ms replayed  flat
1859       banked        93ms replayed  chain3
1863       banked        94ms replayed  chain3
1875       banked        94ms replayed  flat
1881       banked        93ms replayed  chain3
1885       banked        93ms replayed  chain3
1887       banked        94ms replayed  chain3
1911       banked        95ms replayed  chain3
1925       banked        97ms replayed  flat
1935       banked        95ms replayed  flat
1953       banked        96ms replayed  flat
1955       banked        97ms replayed  chain3
1989       banked        98ms replayed  chain3
1995       banked        99ms replayed  chain3
2001       banked        97ms replayed  chain3
2009       banked        94ms replayed  chain3
2015       banked       101ms replayed  flat
2023       banked        94ms replayed  chain3
2025       banked        94ms replayed  chain3
2035       banked        94ms replayed  chain3
2057       banked        93ms replayed  flat
2079       banked        95ms replayed  chain3
2091       banked        93ms replayed  chain3
2093       banked        94ms replayed  flat
2107       banked        93ms replayed  chain3
2109       banked        94ms replayed  flat
2115       banked        96ms replayed  chain3
2125       banked        95ms replayed  chain3
2139       banked        93ms replayed  flat
2145       banked        93ms replayed  chain3
2175       banked        94ms replayed  chain3
2185       banked        97ms replayed  chain3
2187       banked        93ms replayed  chain3
2193       banked        94ms replayed  chain3
2197       banked        94ms replayed  flat
2205       banked        95ms replayed  chain3
2209       banked        98ms replayed  flat
2223       banked        92ms replayed  flat
2233       banked        94ms replayed  chain3
2255       banked        93ms replayed  chain3
2261       banked        93ms replayed  flat
2275       banked        93ms replayed  chain3
2277       banked        94ms replayed  chain3
2295       banked        93ms replayed  chain3
2299       banked        92ms replayed  flat
2303       banked        93ms replayed  chain3
2325       banked        93ms replayed  chain3
2331       banked        93ms replayed  chain3
2337       banked        94ms replayed  chain3
2349       banked        94ms replayed  chain3
2365       banked        94ms replayed  chain3
2375       banked        95ms replayed  flat
2387       banked        93ms replayed  chain3
2397       banked        96ms replayed  flat
2401       banked        93ms replayed  flat
2405       banked        93ms replayed  chain3
2415       banked        94ms replayed  chain3
2431       banked        95ms replayed  chain3
2451       banked        93ms replayed  flat
2457       banked        95ms replayed  chain3
2465       banked        93ms replayed  flat
2475       banked        94ms replayed  chain3
2499       banked        94ms replayed  chain3
2511       banked        94ms replayed  flat
2523       banked        94ms replayed  flat
2527       banked        93ms replayed  chain3
2535       banked        94ms replayed  chain3
2541       banked        93ms replayed  flat
2553       banked        93ms replayed  flat
2565       banked        95ms replayed  chain3
2583       banked        94ms replayed  chain3
2585       banked        94ms replayed  chain3
2601       banked        95ms replayed  chain3
2625       banked        93ms replayed  flat
2635       banked        92ms replayed  flat
2639       banked        93ms replayed  chain3
2645       banked        94ms replayed  flat
2665       banked        93ms replayed  chain3
2673       banked        93ms replayed  chain3
2679       banked        93ms replayed  chain3
2691       banked        94ms replayed  chain3
2695       banked        93ms replayed  flat
2697       banked        95ms replayed  flat
2709       banked        94ms replayed  chain3
2717       banked        93ms replayed  flat
2737       banked        94ms replayed  flat
2755       banked        94ms replayed  chain3
2775       banked        93ms replayed  chain3
2783       banked        96ms replayed  flat
2793       banked        96ms replayed  chain3
2795       banked        96ms replayed  chain3
2805       banked        95ms replayed  chain3
2821       banked        94ms replayed  chain3
2829       banked        96ms replayed  flat
2835       banked        94ms replayed  chain3
2849       banked        96ms replayed  flat
2871       banked        96ms replayed  flat
2873       banked        96ms replayed  chain3
2875       banked        97ms replayed  chain3
2883       banked        97ms replayed  flat
2907       banked        93ms replayed  flat
2925       banked        95ms replayed  chain3
2945       banked        94ms replayed  chain3
2961       banked        94ms replayed  flat
2967       banked        95ms replayed  chain3
2975       banked        94ms replayed  flat
2997       banked        93ms replayed  chain3
3003       banked        93ms replayed  chain3
3025       banked        96ms replayed  flat
3045       banked       100ms replayed  flat
3055       banked        93ms replayed  chain3
3059       banked        94ms replayed  flat
3069       banked        94ms replayed  chain3
3075       banked        94ms replayed  chain3
3087       banked        93ms replayed  chain3
3105       banked        93ms replayed  chain3
3125       banked        95ms replayed  flat
3135       banked        94ms replayed  chain3
3145       banked        93ms replayed  chain3
3157       banked        94ms replayed  chain3
3159       banked        94ms replayed  chain3
3179       banked        95ms replayed  flat
3185       banked        94ms replayed  flat
3211       banked        93ms replayed  flat
3213       banked        94ms replayed  chain3
3219       banked        93ms replayed  flat
3225       banked        93ms replayed  chain3
3243       banked        94ms replayed  chain3
3249       banked        94ms replayed  flat
3255       banked        94ms replayed  flat
3267       banked        95ms replayed  flat
3289       banked        94ms replayed  chain3
3311       banked        95ms replayed  chain3
3315       banked        96ms replayed  flat
3321       banked        95ms replayed  chain3
3325       banked        94ms replayed  chain3
3335       banked        94ms replayed  chain3
3367       banked        95ms replayed  chain3
3375       banked        94ms replayed  chain3
3381       banked        96ms replayed  flat
3393       banked        93ms replayed  flat
3441       banked        95ms replayed  flat
3451       banked        95ms replayed  chain3
3465       banked        96ms replayed  chain3
3483       banked       100ms replayed  chain3
3485       banked        98ms replayed  chain3
3509       banked        95ms replayed  chain3
3515       banked        95ms replayed  chain3
3519       banked       100ms replayed  flat
3525       banked        96ms replayed  flat
3549       banked        95ms replayed  chain3
3553       banked        96ms replayed  chain3
3565       banked        96ms replayed  flat
3567       banked        98ms replayed  flat
3575       banked        97ms replayed  chain3
3591       banked        95ms replayed  chain3
3619       banked        94ms replayed  chain3
3625       banked        96ms replayed  chain3
3627       banked        93ms replayed  flat
3645       banked        97ms replayed  chain3
3655       banked        95ms replayed  chain3
3663       banked        93ms replayed  flat
3675       banked        94ms replayed  chain3
3689       banked        95ms replayed  chain3
3703       banked        96ms replayed  chain3
3705       banked        94ms replayed  chain3
3731       banked        95ms replayed  chain3
3741       banked        94ms replayed  flat
3751       banked        95ms replayed  flat
3757       banked        95ms replayed  chain3
3773       banked        94ms replayed  flat
3795       banked        94ms replayed  chain3
3807       banked        94ms replayed  chain3
3813       banked        94ms replayed  flat
3825       banked        95ms replayed  chain3
3857       banked        94ms replayed  chain3
3861       banked        92ms replayed  flat
3875       banked        95ms replayed  chain3
3885       banked        93ms replayed  chain3
3887       banked        97ms replayed  flat
3895       banked        96ms replayed  chain3
3913       banked        96ms replayed  chain3
3915       banked        95ms replayed  flat
3927       banked        95ms replayed  chain3
3933       banked        95ms replayed  chain3
3969       banked        94ms replayed  chain3
3971       banked        94ms replayed  chain3
3993       banked        94ms replayed  flat
3995       banked        95ms replayed  chain3
3999       banked        95ms replayed  chain3
4025       banked        95ms replayed  chain3
4059       banked        95ms replayed  chain3
4085       banked        94ms replayed  flat
4089       banked        94ms replayed  chain3
4095       banked        94ms replayed  chain3
