2026-09-29 00:03:43 store: fresh copy of the shipped wisdom (C:\Users\Tugbars\Desktop\highSpeedFFT\src\wisdom)
2026-09-29 00:03:43 run: 508 cells, contract out of place, bin C:\Users\Tugbars\Desktop\highSpeedFFT\gauntlet
2026-09-29 00:03:43 calibrate: 508 cells (0 already done)
2026-09-29 00:03:46   calibrated 25/508 (55), 3 s elapsed
2026-09-29 00:03:48   calibrated 50/508 (145), 5 s elapsed
2026-09-29 00:03:51   calibrated 75/508 (247), 8 s elapsed
2026-09-29 00:03:54   calibrated 100/508 (361), 11 s elapsed
2026-09-29 00:03:56   calibrated 125/508 (483), 13 s elapsed
2026-09-29 00:03:59   calibrated 150/508 (625), 16 s elapsed
2026-09-29 00:04:02   calibrated 175/508 (779), 19 s elapsed
2026-09-29 00:04:04   calibrated 200/508 (943), 22 s elapsed
2026-09-29 00:04:07   calibrated 225/508 (1107), 24 s elapsed
2026-09-29 00:04:10   calibrated 250/508 (1309), 27 s elapsed
2026-09-29 00:04:12   calibrated 275/508 (1517), 30 s elapsed
2026-09-29 00:04:15   calibrated 300/508 (1725), 32 s elapsed
2026-09-29 00:04:18   calibrated 325/508 (1955), 35 s elapsed
2026-09-29 00:04:20   calibrated 350/508 (2209), 38 s elapsed
2026-09-29 00:04:23   calibrated 375/508 (2475), 40 s elapsed
2026-09-29 00:04:26   calibrated 400/508 (2755), 43 s elapsed
2026-09-29 00:04:28   calibrated 425/508 (3059), 46 s elapsed
2026-09-29 00:04:31   calibrated 450/508 (3335), 48 s elapsed
2026-09-29 00:04:34   calibrated 475/508 (3663), 51 s elapsed
2026-09-29 00:04:36   calibrated 500/508 (3971), 54 s elapsed
2026-09-29 00:04:37   calibrated 508/508 (4095), 54 s elapsed
2026-09-29 00:04:37 bench: 508 cells (0 already benched, 0 not banked -> not benched)
2026-09-29 00:05:13   benched 25/508 (55), 34 s elapsed
2026-09-29 00:05:47   benched 50/508 (145), 68 s elapsed
2026-09-29 00:06:22   benched 75/508 (247), 103 s elapsed
2026-09-29 00:06:58   benched 100/508 (361), 140 s elapsed
2026-09-29 00:07:35   benched 125/508 (483), 176 s elapsed
2026-09-29 00:08:11   benched 150/508 (625), 212 s elapsed
2026-09-29 00:08:48   benched 175/508 (779), 249 s elapsed
2026-09-29 00:09:26   benched 200/508 (943), 288 s elapsed
2026-09-29 00:10:04   benched 225/508 (1107), 325 s elapsed
2026-09-29 00:10:42   benched 250/508 (1309), 363 s elapsed
2026-09-29 00:11:21   benched 275/508 (1517), 402 s elapsed
2026-09-29 00:12:00   benched 300/508 (1725), 442 s elapsed
2026-09-29 00:12:39   benched 325/508 (1955), 480 s elapsed
2026-09-29 00:13:17   benched 350/508 (2209), 518 s elapsed
2026-09-29 00:13:55   benched 375/508 (2475), 557 s elapsed
2026-09-29 00:14:35   benched 400/508 (2755), 596 s elapsed
2026-09-29 00:15:13   benched 425/508 (3059), 635 s elapsed
2026-09-29 00:15:51   benched 450/508 (3335), 673 s elapsed
2026-09-29 00:16:30   benched 475/508 (3663), 712 s elapsed
2026-09-29 00:17:11   benched 500/508 (3971), 752 s elapsed
2026-09-29 00:17:24   benched 508/508 (4095), 765 s elapsed
2026-09-29 00:17:25 report: C:\Users\Tugbars\Desktop\highSpeedFFT\gauntlet\results\oddtail_before_2026-09-29\report.md
