4          banked       179ms replayed  mono
6          banked       149ms replayed  mono
8          banked       149ms replayed  mono
10         banked       148ms replayed  mono
12         banked       148ms replayed  mono
14         banked       149ms replayed  mono
16         banked       148ms replayed  zrp:4.4:n1t
18         banked       150ms replayed  zr2c:child_oop_il
20         banked       148ms replayed  zr2c:child_nat_ip
22         banked       148ms replayed  zr2c:child_oop_il
24         banked       148ms replayed  zrp:4.6:r2z
26         banked       149ms replayed  zr2c:child_oop_il
28         banked       149ms replayed  zr2c:child_oop_il
30         banked       150ms replayed  zr2c:child_oop_il
32         banked       149ms replayed  zrp:4.8:r2z
34         banked       149ms replayed  zr2c:child_oop_il
36         banked       148ms replayed  zrp:6.6:r2z
38         banked       155ms replayed  zr2c:child_oop_il
40         banked       150ms replayed  zrp:4.10:r2z
42         banked       150ms replayed  zr2c:child_oop_il
44         banked       148ms replayed  zr2c:child_nat_ip
46         banked       152ms replayed  zr2c:child_oop_il
48         banked       148ms replayed  zrp:4.12:r2z
50         banked       161ms replayed  zr2c:child_oop_il
52         banked       154ms replayed  zr2c:child_oop_il
54         banked       150ms replayed  zr2c:child_oop_il
56         banked       152ms replayed  zr2c:child_nat_ip
58         banked       150ms replayed  zr2c:child_oop_il
60         banked       149ms replayed  zrp:6.10:r2z
62         banked       150ms replayed  zr2c:child_oop_il
64         banked       153ms replayed  zrp:4.16:r2z
66         banked       153ms replayed  zr2c:child_oop_il
68         banked       152ms replayed  zr2c:child_oop_il
70         banked       153ms replayed  zr2c:child_oop_il
72         banked       150ms replayed  zrp:12.6:r2z
74         banked       151ms replayed  zr2c:child_oop_il
76         banked       150ms replayed  zr2c:child_oop_il
78         banked       151ms replayed  zr2c:child_oop_il
80         banked       150ms replayed  zrp:8.10:r2z
82         banked       150ms replayed  zr2c:child_oop_il
84         banked       158ms replayed  zr2c:child_oop_il
86         banked       151ms replayed  zr2c:child_oop_il
88         banked       152ms replayed  zr2c:child_oop_il
90         banked       148ms replayed  zr2c:child_oop_il
92         banked       151ms replayed  zr2c:child_oop_il
94         banked       154ms replayed  zr2c:child_oop_il
96         banked       152ms replayed  zrp:8.12:r2z
98         banked       151ms replayed  zr2c:child_oop_il
100        banked       149ms replayed  zrp:10.10:r2z
102        banked       149ms replayed  zr2c:child_oop_il
104        banked       149ms replayed  zr2c:child_oop_il
106        banked       161ms replayed  zr2c:child_oop_il
108        banked       151ms replayed  zr2c:child_oop_il
110        banked       149ms replayed  zr2c:child_oop_il
112        banked       151ms replayed  zr2c:child_oop_il
114        banked       153ms replayed  zr2c:child_oop_il
116        banked       152ms replayed  zr2c:child_oop_il
118        banked       149ms replayed  zr2c:child_oop_il
120        banked       151ms replayed  zrp:12.10:r2z
122        banked       149ms replayed  zr2c:child_oop_il
124        banked       150ms replayed  zr2c:child_oop_il
126        banked       150ms replayed  zr2c:child_oop_il
128        banked       150ms replayed  zrp:8.16:r2z
130        banked       148ms replayed  zr2c:child_oop_il
132        banked       148ms replayed  zr2c:child_oop_il
134        banked       148ms replayed  zr2c:child_oop_il
136        banked       148ms replayed  zr2c:child_oop_il
138        banked       151ms replayed  zr2c:child_oop_il
140        banked       150ms replayed  zr2c:child_oop_il
142        banked       150ms replayed  zr2c:child_nat_ip
144        banked       148ms replayed  zrp:12.12:r2z
146        banked       148ms replayed  zr2c:child_oop_il
148        banked       148ms replayed  zr2c:child_oop_il
150        banked       149ms replayed  zr2c:child_oop_il
152        banked       148ms replayed  zr2c:child_oop_il
154        banked       149ms replayed  zr2c:child_oop_il
156        banked       150ms replayed  zr2c:child_oop_il
158        banked       150ms replayed  zr2c:child_nat_ip
160        banked       147ms replayed  zrp:16.10:r2z
162        banked       148ms replayed  zr2c:child_oop_il
164        banked       149ms replayed  zr2c:child_oop_il
166        banked       150ms replayed  zr2c:child_nat_ip
168        banked       148ms replayed  zr2c:child_oop_il
170        banked       149ms replayed  zr2c:child_oop_il
172        banked       148ms replayed  zr2c:child_oop_il
174        banked       147ms replayed  zr2c:child_oop_il
176        banked       149ms replayed  zr2c:child_oop_il
178        banked       148ms replayed  zr2c:child_oop_il
180        banked       149ms replayed  zr2c:child_oop_il
182        banked       149ms replayed  zr2c:child_oop_il
184        banked       148ms replayed  zr2c:child_oop_il
186        banked       149ms replayed  zr2c:child_oop_il
188        banked       149ms replayed  zr2c:child_oop_il
190        banked       148ms replayed  zr2c:child_oop_il
192        banked       148ms replayed  zr2c:child_nat_ip
194        banked       148ms replayed  zr2c:child_nat_ip
196        banked       149ms replayed  zr2c:child_oop_il
198        banked       149ms replayed  zr2c:child_oop_il
200        banked       148ms replayed  zr2c:child_nat_ip
202        banked       149ms replayed  zr2c:child_oop_il
204        banked       149ms replayed  zr2c:child_oop_il
206        banked       148ms replayed  zr2c:child_oop_il
208        banked       147ms replayed  zr2c:child_oop_il
210        banked       149ms replayed  zr2c:child_oop_il
212        banked       152ms replayed  zr2c:child_oop_il
214        banked       150ms replayed  zr2c:child_oop_il
216        banked       150ms replayed  zr2c:child_oop_il
218        banked       154ms replayed  zr2c:child_oop_il
220        banked       150ms replayed  zr2c:child_nat_ip
222        banked       149ms replayed  zr2c:child_nat_ip
224        banked       152ms replayed  zr2c:child_nat_ip
226        banked       149ms replayed  zr2c:child_oop_il
228        banked       149ms replayed  zr2c:child_oop_il
230        banked       148ms replayed  zr2c:child_oop_il
232        banked       150ms replayed  zr2c:child_oop_il
234        banked       149ms replayed  zr2c:child_oop_il
236        banked       162ms replayed  zr2c:child_nat_ip
238        banked       151ms replayed  zr2c:child_oop_il
240        banked       149ms replayed  zr2c:child_oop_il
242        banked       152ms replayed  zr2c:child_oop_il
244        banked       154ms replayed  zr2c:child_oop_il
246        banked       152ms replayed  zr2c:child_oop_il
248        banked       149ms replayed  zr2c:child_oop_il
250        banked       152ms replayed  zr2c:child_oop_il
252        banked       148ms replayed  zr2c:child_oop_il
254        banked       155ms replayed  zr2c:child_nat_ip
256        banked       148ms replayed  zr2c:child_oop_il
258        banked       149ms replayed  zr2c:child_oop_il
260        banked       170ms replayed  zr2c:child_oop_il
262        banked       148ms replayed  zr2c:child_oop_il
264        banked       148ms replayed  zr2c:child_oop_il
266        banked       157ms replayed  zr2c:child_oop_il
268        banked       152ms replayed  zr2c:child_nat_ip
270        banked       155ms replayed  zr2c:child_oop_il
272        banked       149ms replayed  zr2c:child_oop_il
274        banked       150ms replayed  zr2c:child_oop_il
276        banked       154ms replayed  zr2c:child_oop_il
278        banked       152ms replayed  zr2c:child_oop_il
280        banked       156ms replayed  zr2c:child_oop_il
282        banked       152ms replayed  zr2c:child_oop_il
284        banked       152ms replayed  zr2c:child_nat_ip
286        banked       164ms replayed  zr2c:child_oop_il
288        banked       148ms replayed  zr2c:child_nat_ip
290        banked       149ms replayed  zr2c:child_oop_il
292        banked       148ms replayed  zr2c:child_nat_ip
294        banked       149ms replayed  zr2c:child_oop_il
296        banked       152ms replayed  zr2c:child_oop_il
298        banked       148ms replayed  zr2c:child_oop_il
300        banked       157ms replayed  zr2c:child_oop_il
302        banked       147ms replayed  zr2c:child_oop_il
304        banked       148ms replayed  zr2c:child_nat_ip
306        banked       153ms replayed  zr2c:child_oop_il
308        banked       148ms replayed  zr2c:child_oop_il
310        banked       148ms replayed  zr2c:child_oop_il
312        banked       148ms replayed  zr2c:child_oop_il
314        banked       149ms replayed  zr2c:child_nat_ip
316        banked       148ms replayed  zr2c:child_nat_ip
318        banked       152ms replayed  zr2c:child_nat_ip
320        banked       148ms replayed  zr2c:child_oop_il
322        banked       147ms replayed  zr2c:child_oop_il
324        banked       149ms replayed  zr2c:child_oop_il
326        banked       150ms replayed  zr2c:child_oop_il
328        banked       150ms replayed  zr2c:child_oop_il
330        banked       153ms replayed  zr2c:child_oop_il
332        banked       156ms replayed  zr2c:child_nat_ip
334        banked       150ms replayed  zr2c:child_nat_ip
336        banked       148ms replayed  zr2c:child_oop_il
338        banked       151ms replayed  zr2c:child_oop_il
340        banked       149ms replayed  zr2c:child_oop_il
342        banked       149ms replayed  zr2c:child_oop_il
344        banked       150ms replayed  zr2c:child_oop_il
346        banked       151ms replayed  zr2c:child_oop_il
348        banked       153ms replayed  zr2c:child_oop_il
350        banked       149ms replayed  zr2c:child_oop_il
352        banked       152ms replayed  zr2c:child_oop_il
354        banked       154ms replayed  zr2c:child_nat_ip
356        banked       149ms replayed  zr2c:child_nat_ip
358        banked       149ms replayed  zr2c:child_nat_ip
360        banked       147ms replayed  zr2c:child_oop_il
362        banked       154ms replayed  zr2c:child_oop_il
364        banked       150ms replayed  zr2c:child_oop_il
366        banked       149ms replayed  zr2c:child_nat_ip
368        banked       149ms replayed  zr2c:child_oop_il
370        banked       149ms replayed  zr2c:child_oop_il
372        banked       148ms replayed  zr2c:child_oop_il
374        banked       147ms replayed  zr2c:child_oop_il
376        banked       152ms replayed  zr2c:child_nat_ip
378        banked       156ms replayed  zr2c:child_oop_il
380        banked       148ms replayed  zr2c:child_oop_il
382        banked       148ms replayed  zr2c:child_oop_il
384        banked       148ms replayed  zr2c:child_oop_il
386        banked       154ms replayed  zr2c:child_oop_il
388        banked       148ms replayed  zr2c:child_nat_ip
390        banked       150ms replayed  zr2c:child_oop_il
392        banked       152ms replayed  zr2c:child_oop_il
394        banked       148ms replayed  zr2c:child_oop_il
396        banked       149ms replayed  zr2c:child_oop_il
398        banked       149ms replayed  zr2c:child_oop_il
400        banked       149ms replayed  zr2c:child_oop_il
402        banked       150ms replayed  zr2c:child_nat_ip
404        banked       148ms replayed  zr2c:child_nat_ip
406        banked       148ms replayed  zr2c:child_oop_il
408        banked       154ms replayed  zr2c:child_oop_il
410        banked       151ms replayed  zr2c:child_oop_il
412        banked       148ms replayed  zr2c:child_nat_ip
414        banked       147ms replayed  zr2c:child_oop_il
416        banked       148ms replayed  zr2c:child_oop_il
418        banked       154ms replayed  zr2c:child_oop_il
420        banked       152ms replayed  zr2c:child_oop_il
422        banked       153ms replayed  zr2c:child_oop_il
424        banked       158ms replayed  zr2c:child_nat_ip
426        banked       149ms replayed  zr2c:child_nat_ip
428        banked       154ms replayed  zr2c:child_nat_ip
430        banked       148ms replayed  zr2c:child_oop_il
432        banked       149ms replayed  zr2c:child_oop_il
434        banked       151ms replayed  zr2c:child_oop_il
436        banked       151ms replayed  zr2c:child_nat_ip
438        banked       154ms replayed  zr2c:child_nat_ip
440        banked       162ms replayed  zr2c:child_oop_il
442        banked       152ms replayed  zr2c:child_oop_il
444        banked       151ms replayed  zr2c:child_oop_il
446        banked       149ms replayed  zr2c:child_nat_ip
448        banked       152ms replayed  2p
450        banked       151ms replayed  zr2c:child_oop_il
452        banked       156ms replayed  zr2c:child_nat_ip
454        banked       151ms replayed  zr2c:child_nat_ip
456        banked       147ms replayed  zr2c:child_nat_ip
458        banked       158ms replayed  zr2c:child_nat_ip
460        banked       151ms replayed  zr2c:child_oop_il
462        banked       148ms replayed  zr2c:child_oop_il
464        banked       149ms replayed  zr2c:child_nat_ip
466        banked       152ms replayed  zr2c:child_nat_ip
468        banked       150ms replayed  zr2c:child_oop_il
470        banked       156ms replayed  zr2c:child_oop_il
472        banked       148ms replayed  zr2c:child_oop_il
474        banked       153ms replayed  zr2c:child_nat_ip
476        banked       148ms replayed  zr2c:child_oop_il
478        banked       149ms replayed  zr2c:child_nat_ip
480        banked       153ms replayed  zr2c:child_oop_il
482        banked       152ms replayed  zr2c:child_oop_il
484        banked       153ms replayed  zr2c:child_oop_il
486        banked       151ms replayed  zr2c:child_oop_il
488        banked       148ms replayed  zr2c:child_nat_ip
490        banked       153ms replayed  zr2c:child_oop_il
492        banked       156ms replayed  zr2c:child_nat_ip
494        banked       152ms replayed  zr2c:child_oop_il
496        banked       151ms replayed  zr2c:child_oop_il
498        banked       152ms replayed  zr2c:child_nat_ip
500        banked       154ms replayed  zr2c:child_oop_il
502        banked       162ms replayed  zr2c:child_nat_ip
504        banked       150ms replayed  zr2c:child_oop_il
506        banked       151ms replayed  zr2c:child_oop_il
508        banked       150ms replayed  zr2c:child_nat_ip
510        banked       153ms replayed  zr2c:child_oop_il
512        banked       148ms replayed  2p
514        banked       151ms replayed  zr2c:child_oop_il
516        banked       151ms replayed  zr2c:child_oop_il
518        banked       150ms replayed  zr2c:child_oop_il
520        banked       153ms replayed  zr2c:child_oop_il
522        banked       150ms replayed  zr2c:child_oop_il
524        banked       152ms replayed  zr2c:child_nat_ip
526        banked       149ms replayed  zr2c:child_nat_ip
528        banked       148ms replayed  zr2c:child_oop_il
530        banked       150ms replayed  zr2c:child_nat_ip
532        banked       152ms replayed  zr2c:child_oop_il
534        banked       151ms replayed  zr2c:child_nat_ip
536        banked       149ms replayed  zr2c:child_oop_il
538        banked       152ms replayed  zr2c:child_oop_il
540        banked       149ms replayed  zr2c:child_oop_il
542        banked       148ms replayed  zr2c:child_nat_ip
544        banked       148ms replayed  zr2c:child_oop_il
546        banked       155ms replayed  zr2c:child_oop_il
548        banked       152ms replayed  zr2c:child_nat_ip
550        banked       152ms replayed  zr2c:child_nat_ip
552        banked       150ms replayed  zr2c:child_oop_il
554        banked       153ms replayed  zr2c:child_nat_ip
556        banked       153ms replayed  zr2c:child_nat_ip
558        banked       151ms replayed  zr2c:child_oop_il
560        banked       149ms replayed  zr2c:child_oop_il
562        banked       156ms replayed  zr2c:child_nat_ip
564        banked       158ms replayed  zr2c:child_oop_il
566        banked       153ms replayed  zr2c:child_nat_ip
568        banked       157ms replayed  zr2c:child_oop_il
570        banked       152ms replayed  zr2c:child_oop_il
572        banked       150ms replayed  zr2c:child_oop_il
574        banked       161ms replayed  zr2c:child_oop_il
576        banked       149ms replayed  zr2c:child_oop_il
578        banked       151ms replayed  zr2c:child_oop_il
580        banked       150ms replayed  zr2c:child_oop_il
582        banked       150ms replayed  zr2c:child_oop_il
584        banked       149ms replayed  zr2c:child_oop_il
586        banked       148ms replayed  zr2c:child_nat_ip
588        banked       151ms replayed  zr2c:child_oop_il
590        banked       151ms replayed  zr2c:child_nat_ip
592        banked       153ms replayed  zr2c:child_oop_il
594        banked       151ms replayed  zr2c:child_oop_il
596        banked       151ms replayed  zr2c:child_nat_ip
598        banked       152ms replayed  zr2c:child_nat_ip
600        banked       151ms replayed  zr2c:child_oop_il
602        banked       152ms replayed  zr2c:child_oop_il
604        banked       156ms replayed  zr2c:child_nat_ip
606        banked       153ms replayed  zr2c:child_nat_ip
608        banked       155ms replayed  zr2c:child_oop_il
610        banked       149ms replayed  zr2c:child_oop_il
612        banked       149ms replayed  zr2c:child_oop_il
614        banked       149ms replayed  zr2c:child_nat_ip
616        banked       151ms replayed  zr2c:child_oop_il
618        banked       152ms replayed  zr2c:child_oop_il
620        banked       152ms replayed  zr2c:child_oop_il
622        banked       154ms replayed  zr2c:child_nat_ip
624        banked       151ms replayed  zr2c:child_oop_il
626        banked       147ms replayed  zr2c:child_nat_ip
628        banked       151ms replayed  zr2c:child_oop_il
630        banked       149ms replayed  zr2c:child_oop_il
632        banked       155ms replayed  zr2c:child_nat_ip
634        banked       153ms replayed  zr2c:child_nat_ip
636        banked       153ms replayed  zr2c:child_nat_ip
638        banked       155ms replayed  zr2c:child_oop_il
640        banked       154ms replayed  2p
642        banked       150ms replayed  zr2c:child_oop_il
644        banked       152ms replayed  zr2c:child_oop_il
646        banked       151ms replayed  zr2c:child_oop_il
648        banked       152ms replayed  zr2c:child_oop_il
650        banked       152ms replayed  zr2c:child_oop_il
652        banked       161ms replayed  zr2c:child_oop_il
654        banked       156ms replayed  zr2c:child_nat_ip
656        banked       151ms replayed  zr2c:child_oop_il
658        banked       152ms replayed  zr2c:child_oop_il
660        banked       154ms replayed  zr2c:child_nat_ip
662        banked       154ms replayed  zr2c:child_nat_ip
664        banked       149ms replayed  zr2c:child_oop_il
666        banked       155ms replayed  zr2c:child_oop_il
668        banked       153ms replayed  zr2c:child_nat_ip
670        banked       148ms replayed  zr2c:child_nat_ip
672        banked       152ms replayed  zr2c:child_oop_il
674        banked       148ms replayed  zr2c:child_nat_ip
676        banked       156ms replayed  zr2c:child_oop_il
678        banked       150ms replayed  zr2c:child_oop_il
680        banked       154ms replayed  zr2c:child_oop_il
682        banked       153ms replayed  zr2c:child_oop_il
684        banked       148ms replayed  zr2c:child_oop_il
686        banked       147ms replayed  zr2c:child_nat_ip
688        banked       153ms replayed  zr2c:child_oop_il
690        banked       150ms replayed  zr2c:child_oop_il
692        banked       151ms replayed  zr2c:child_nat_ip
694        banked       152ms replayed  zr2c:child_nat_ip
696        banked       154ms replayed  zr2c:child_oop_il
698        banked       152ms replayed  zr2c:child_nat_ip
700        banked       166ms replayed  zr2c:child_oop_il
702        banked       150ms replayed  zr2c:child_oop_il
704        banked       159ms replayed  zr2c:child_nat_ip
706        banked       150ms replayed  zr2c:child_nat_ip
708        banked       151ms replayed  zr2c:child_nat_ip
710        banked       149ms replayed  zr2c:child_nat_ip
712        banked       156ms replayed  zr2c:child_nat_ip
714        banked       155ms replayed  zr2c:child_nat_ip
716        banked       151ms replayed  zr2c:child_nat_ip
718        banked       149ms replayed  zr2c:child_oop_il
720        banked       150ms replayed  zr2c:child_oop_il
722        banked       150ms replayed  zr2c:child_oop_il
724        banked       162ms replayed  zr2c:child_nat_ip
726        banked       152ms replayed  zr2c:child_nat_ip
728        banked       154ms replayed  zr2c:child_nat_ip
730        banked       154ms replayed  zr2c:child_nat_ip
732        banked       148ms replayed  zr2c:child_nat_ip
734        banked       151ms replayed  zr2c:child_nat_ip
736        banked       159ms replayed  zr2c:child_oop_il
738        banked       147ms replayed  zr2c:child_oop_il
740        banked       149ms replayed  zr2c:child_oop_il
742        banked       152ms replayed  zr2c:child_nat_ip
744        banked       152ms replayed  zr2c:child_oop_il
746        banked       150ms replayed  zr2c:child_nat_ip
748        banked       148ms replayed  zr2c:child_oop_il
750        banked       153ms replayed  zr2c:child_nat_ip
752        banked       150ms replayed  zr2c:child_oop_il
754        banked       149ms replayed  zr2c:child_oop_il
756        banked       148ms replayed  zr2c:child_oop_il
758        banked       148ms replayed  zr2c:child_oop_il
760        banked       159ms replayed  zr2c:child_nat_ip
762        banked       153ms replayed  zr2c:child_nat_ip
764        banked       150ms replayed  zr2c:child_nat_ip
766        banked       148ms replayed  zr2c:child_oop_il
768        banked       154ms replayed  2p
770        banked       151ms replayed  zr2c:child_nat_ip
772        banked       152ms replayed  zr2c:child_nat_ip
774        banked       155ms replayed  zr2c:child_oop_il
776        banked       150ms replayed  zr2c:child_oop_il
778        banked       151ms replayed  zr2c:child_nat_ip
780        banked       150ms replayed  zr2c:child_nat_ip
782        banked       150ms replayed  zr2c:child_oop_il
784        banked       153ms replayed  zr2c:child_nat_ip
786        banked       150ms replayed  zr2c:child_nat_ip
788        banked       151ms replayed  zr2c:child_nat_ip
790        banked       155ms replayed  zr2c:child_oop_il
792        banked       148ms replayed  zr2c:child_nat_ip
794        banked       151ms replayed  zr2c:child_nat_ip
796        banked       151ms replayed  zr2c:child_oop_il
798        banked       153ms replayed  zr2c:child_nat_ip
800        banked       148ms replayed  zr2c:child_nat_ip
802        banked       149ms replayed  zr2c:child_nat_ip
804        banked       161ms replayed  zr2c:child_oop_il
806        banked       147ms replayed  zr2c:child_oop_il
808        banked       149ms replayed  zr2c:child_nat_ip
810        banked       149ms replayed  zr2c:child_nat_ip
812        banked       150ms replayed  zr2c:child_oop_il
814        banked       152ms replayed  zr2c:child_oop_il
816        banked       148ms replayed  zr2c:child_nat_ip
818        banked       150ms replayed  zr2c:child_nat_ip
820        banked       147ms replayed  zr2c:child_oop_il
822        banked       150ms replayed  zr2c:child_nat_ip
824        banked       149ms replayed  zr2c:child_nat_ip
826        banked       148ms replayed  zr2c:child_oop_il
828        banked       148ms replayed  zr2c:child_nat_ip
830        banked       153ms replayed  zr2c:child_nat_ip
832        banked       148ms replayed  zr2c:child_nat_ip
834        banked       154ms replayed  zr2c:child_nat_ip
836        banked       148ms replayed  zr2c:child_oop_il
838        banked       154ms replayed  zr2c:child_nat_ip
840        banked       147ms replayed  zr2c:child_oop_il
842        banked       150ms replayed  zr2c:child_nat_ip
844        banked       150ms replayed  zr2c:child_nat_ip
846        banked       148ms replayed  zr2c:child_oop_il
848        banked       153ms replayed  zr2c:child_nat_ip
850        banked       147ms replayed  zr2c:child_nat_ip
852        banked       149ms replayed  zr2c:child_nat_ip
854        banked       154ms replayed  zr2c:child_nat_ip
856        banked       149ms replayed  zr2c:child_nat_ip
858        banked       149ms replayed  zr2c:child_nat_ip
860        banked       147ms replayed  zr2c:child_oop_il
862        banked       150ms replayed  zr2c:child_nat_ip
864        banked       150ms replayed  zr2c:child_nat_ip
866        banked       148ms replayed  zr2c:child_oop_il
868        banked       149ms replayed  zr2c:child_oop_il
870        banked       148ms replayed  zr2c:child_oop_il
872        banked       148ms replayed  zr2c:child_oop_il
874        banked       147ms replayed  zr2c:child_oop_il
876        banked       149ms replayed  zr2c:child_nat_ip
878        banked       151ms replayed  zr2c:child_nat_ip
880        banked       148ms replayed  zr2c:child_nat_ip
882        banked       148ms replayed  zr2c:child_nat_ip
884        banked       148ms replayed  zr2c:child_oop_il
886        banked       151ms replayed  zr2c:child_nat_ip
888        banked       148ms replayed  zr2c:child_oop_il
890        banked       148ms replayed  zr2c:child_nat_ip
892        banked       148ms replayed  zr2c:child_oop_il
894        banked       152ms replayed  zr2c:child_nat_ip
896        banked       151ms replayed  chain3
898        banked       154ms replayed  zr2c:child_nat_ip
900        banked       149ms replayed  zr2c:child_nat_ip
902        banked       148ms replayed  zr2c:child_oop_il
904        banked       151ms replayed  zr2c:child_oop_il
906        banked       148ms replayed  zr2c:child_nat_ip
908        banked       153ms replayed  zr2c:child_nat_ip
910        banked       157ms replayed  zr2c:child_nat_ip
912        banked       148ms replayed  zr2c:child_oop_il
914        banked       149ms replayed  zr2c:child_oop_il
916        banked       148ms replayed  zr2c:child_nat_ip
918        banked       147ms replayed  zr2c:child_nat_ip
920        banked       155ms replayed  zr2c:child_nat_ip
922        banked       161ms replayed  zr2c:child_oop_il
924        banked       154ms replayed  zr2c:child_nat_ip
926        banked       151ms replayed  zr2c:child_nat_ip
928        banked       150ms replayed  zr2c:child_oop_il
930        banked       148ms replayed  zr2c:child_oop_il
932        banked       150ms replayed  zr2c:child_nat_ip
934        banked       151ms replayed  zr2c:child_nat_ip
936        banked       149ms replayed  zr2c:child_nat_ip
938        banked       148ms replayed  zr2c:child_nat_ip
940        banked       155ms replayed  zr2c:child_oop_il
942        banked       153ms replayed  zr2c:child_nat_ip
944        banked       148ms replayed  zr2c:child_nat_ip
946        banked       147ms replayed  zr2c:child_oop_il
948        banked       148ms replayed  zr2c:child_oop_il
950        banked       149ms replayed  zr2c:child_nat_ip
952        banked       147ms replayed  zr2c:child_oop_il
954        banked       148ms replayed  zr2c:child_oop_il
956        banked       148ms replayed  zr2c:child_nat_ip
958        banked       150ms replayed  zr2c:child_nat_ip
960        banked       149ms replayed  2p
962        banked       148ms replayed  zr2c:child_oop_il
964        banked       150ms replayed  zr2c:child_oop_il
966        banked       148ms replayed  zr2c:child_oop_il
968        banked       149ms replayed  zr2c:child_oop_il
970        banked       153ms replayed  zr2c:child_nat_ip
972        banked       149ms replayed  zr2c:child_nat_ip
974        banked       158ms replayed  zr2c:child_nat_ip
976        banked       148ms replayed  zr2c:child_nat_ip
978        banked       147ms replayed  zr2c:child_oop_il
980        banked       149ms replayed  zr2c:child_nat_ip
982        banked       151ms replayed  zr2c:child_nat_ip
984        banked       152ms replayed  zr2c:child_oop_il
986        banked       153ms replayed  zr2c:child_oop_il
988        banked       148ms replayed  zr2c:child_oop_il
990        banked       147ms replayed  zr2c:child_nat_ip
992        banked       148ms replayed  zr2c:child_oop_il
994        banked       147ms replayed  zr2c:child_nat_ip
996        banked       150ms replayed  zr2c:child_oop_il
998        banked       148ms replayed  zr2c:child_nat_ip
1000       banked       154ms replayed  zr2c:child_nat_ip
1002       banked       152ms replayed  zr2c:child_nat_ip
1004       banked       151ms replayed  zr2c:child_nat_ip
1006       banked       149ms replayed  zr2c:child_nat_ip
1008       banked       148ms replayed  zr2c:child_nat_ip
1010       banked       148ms replayed  zr2c:child_oop_il
1012       banked       149ms replayed  zr2c:child_oop_il
1014       banked       150ms replayed  zr2c:child_oop_il
1016       banked       157ms replayed  zr2c:child_oop_il
1018       banked       149ms replayed  zr2c:child_nat_ip
1020       banked       152ms replayed  zr2c:child_oop_il
1022       banked       149ms replayed  zr2c:child_nat_ip
1024       banked       150ms replayed  2p
1026       banked       148ms replayed  zr2c:child_oop_il
1028       banked       158ms replayed  zr2c:child_nat_ip
1030       banked       155ms replayed  zr2c:child_oop_il
1032       banked       155ms replayed  zr2c:child_oop_il
1034       banked       152ms replayed  zr2c:child_nat_ip
1036       banked       150ms replayed  zr2c:child_nat_ip
1038       banked       149ms replayed  zr2c:child_oop_il
1040       banked       148ms replayed  zr2c:child_oop_il
1042       banked       148ms replayed  zr2c:child_nat_ip
1044       banked       161ms replayed  zr2c:child_nat_ip
1046       banked       148ms replayed  zr2c:child_nat_ip
1048       banked       152ms replayed  zr2c:child_oop_il
1050       banked       147ms replayed  zr2c:child_oop_il
1052       banked       159ms replayed  zr2c:child_nat_ip
1054       banked       150ms replayed  zr2c:child_oop_il
1056       banked       149ms replayed  zr2c:child_oop_il
1058       banked       151ms replayed  zr2c:child_oop_il
1060       banked       149ms replayed  zr2c:child_nat_ip
1062       banked       153ms replayed  zr2c:child_oop_il
1064       banked       149ms replayed  zr2c:child_oop_il
1066       banked       149ms replayed  zr2c:child_nat_ip
1068       banked       148ms replayed  zr2c:child_oop_il
1070       banked       150ms replayed  zr2c:child_nat_ip
1072       banked       148ms replayed  zr2c:child_nat_ip
1074       banked       152ms replayed  zr2c:child_nat_ip
1076       banked       148ms replayed  zr2c:child_nat_ip
1078       banked       154ms replayed  zr2c:child_oop_il
1080       banked       148ms replayed  zr2c:child_nat_ip
1082       banked       148ms replayed  zr2c:child_nat_ip
1084       banked       148ms replayed  zr2c:child_oop_il
1086       banked       157ms replayed  zr2c:child_nat_ip
1088       banked       149ms replayed  zr2c:child_oop_il
1090       banked       158ms replayed  zr2c:child_nat_ip
1092       banked       155ms replayed  zr2c:child_nat_ip
1094       banked       155ms replayed  zr2c:child_nat_ip
1096       banked       148ms replayed  zr2c:child_oop_il
1098       banked       149ms replayed  zr2c:child_nat_ip
1100       banked       148ms replayed  zr2c:child_nat_ip
1102       banked       156ms replayed  zr2c:child_oop_il
1104       banked       155ms replayed  zr2c:child_nat_ip
1106       banked       154ms replayed  zr2c:child_oop_il
1108       banked       147ms replayed  zr2c:child_oop_il
1110       banked       149ms replayed  zr2c:child_oop_il
1112       banked       149ms replayed  zr2c:child_oop_il
1114       banked       150ms replayed  zr2c:child_nat_ip
1116       banked       147ms replayed  zr2c:child_nat_ip
1118       banked       149ms replayed  zr2c:child_nat_ip
1120       banked       149ms replayed  zr2c:child_nat_ip
1122       banked       159ms replayed  zr2c:child_nat_ip
1124       banked       155ms replayed  zr2c:child_oop_il
1126       banked       168ms replayed  zr2c:child_nat_ip
1128       banked       148ms replayed  zr2c:child_oop_il
1130       banked       149ms replayed  zr2c:child_oop_il
1132       banked       155ms replayed  zr2c:child_oop_il
1134       banked       152ms replayed  zr2c:child_oop_il
1136       banked       153ms replayed  zr2c:child_oop_il
1138       banked       152ms replayed  zr2c:child_nat_ip
1140       banked       158ms replayed  zr2c:child_nat_ip
1142       banked       151ms replayed  zr2c:child_nat_ip
1144       banked       152ms replayed  zr2c:child_oop_il
1146       banked       148ms replayed  zr2c:child_oop_il
1148       banked       151ms replayed  zr2c:child_nat_ip
1150       banked       148ms replayed  zr2c:child_nat_ip
1152       banked       148ms replayed  2p
1154       banked       151ms replayed  zr2c:child_nat_ip
1156       banked       148ms replayed  zr2c:child_nat_ip
1158       banked       149ms replayed  zr2c:child_oop_il
1160       banked       158ms replayed  zr2c:child_nat_ip
1162       banked       151ms replayed  zr2c:child_nat_ip
1164       banked       161ms replayed  zr2c:child_oop_il
1166       banked       148ms replayed  zr2c:child_nat_ip
1168       banked       150ms replayed  zr2c:child_oop_il
1170       banked       153ms replayed  zr2c:child_oop_il
1172       banked       151ms replayed  zr2c:child_oop_il
1174       banked       150ms replayed  zr2c:child_oop_il
1176       banked       148ms replayed  zr2c:child_nat_ip
1178       banked       148ms replayed  zr2c:child_oop_il
1180       banked       150ms replayed  zr2c:child_oop_il
1182       banked       151ms replayed  zr2c:child_nat_ip
1184       banked       153ms replayed  zr2c:child_nat_ip
1186       banked       148ms replayed  zr2c:child_oop_il
1188       banked       148ms replayed  zr2c:child_nat_ip
1190       banked       148ms replayed  zr2c:child_nat_ip
1192       banked       148ms replayed  zr2c:child_nat_ip
1194       banked       149ms replayed  zr2c:child_oop_il
1196       banked       153ms replayed  zr2c:child_nat_ip
1198       banked       150ms replayed  zr2c:child_oop_il
1200       banked       148ms replayed  zr2c:child_nat_ip
1202       banked       148ms replayed  zr2c:child_nat_ip
1204       banked       150ms replayed  zr2c:child_nat_ip
1206       banked       149ms replayed  zr2c:child_nat_ip
1208       banked       166ms replayed  zr2c:child_oop_il
1210       banked       148ms replayed  zr2c:child_oop_il
1212       banked       165ms replayed  zr2c:child_nat_ip
1214       banked       150ms replayed  zr2c:child_nat_ip
1216       banked       152ms replayed  zr2c:child_oop_il
1218       banked       149ms replayed  zr2c:child_nat_ip
1220       banked       157ms replayed  zr2c:child_nat_ip
1222       banked       148ms replayed  zr2c:child_nat_ip
1224       banked       150ms replayed  zr2c:child_nat_ip
1226       banked       152ms replayed  zr2c:child_nat_ip
1228       banked       148ms replayed  zr2c:child_nat_ip
1230       banked       148ms replayed  zr2c:child_nat_ip
1232       banked       148ms replayed  zr2c:child_oop_il
1234       banked       147ms replayed  zr2c:child_nat_ip
1236       banked       150ms replayed  zr2c:child_nat_ip
1238       banked       153ms replayed  zr2c:child_nat_ip
1240       banked       149ms replayed  zr2c:child_nat_ip
1242       banked       149ms replayed  zr2c:child_nat_ip
1244       banked       156ms replayed  zr2c:child_nat_ip
1246       banked       149ms replayed  zr2c:child_nat_ip
1248       banked       152ms replayed  zr2c:child_nat_ip
1250       banked       150ms replayed  zr2c:child_nat_ip
1252       banked       149ms replayed  zr2c:child_nat_ip
1254       banked       148ms replayed  zr2c:child_nat_ip
1256       banked       149ms replayed  zr2c:child_oop_il
1258       banked       148ms replayed  zr2c:child_nat_ip
1260       banked       151ms replayed  zr2c:child_nat_ip
1262       banked       155ms replayed  zr2c:child_nat_ip
1264       banked       148ms replayed  zr2c:child_oop_il
1266       banked       148ms replayed  zr2c:child_nat_ip
1268       banked       149ms replayed  zr2c:child_nat_ip
1270       banked       155ms replayed  zr2c:child_oop_il
1272       banked       149ms replayed  zr2c:child_oop_il
1274       banked       151ms replayed  zr2c:child_oop_il
1276       banked       153ms replayed  zr2c:child_nat_ip
1278       banked       151ms replayed  zr2c:child_nat_ip
1280       banked       148ms replayed  2p
1282       banked       148ms replayed  zr2c:child_nat_ip
1284       banked       148ms replayed  zr2c:child_nat_ip
1286       banked       149ms replayed  zr2c:child_nat_ip
1288       banked       149ms replayed  zr2c:child_nat_ip
1290       banked       148ms replayed  zr2c:child_nat_ip
1292       banked       160ms replayed  zr2c:child_nat_ip
1294       banked       151ms replayed  zr2c:child_nat_ip
1296       banked       148ms replayed  zr2c:child_nat_ip
1298       banked       149ms replayed  zr2c:child_oop_il
1300       banked       148ms replayed  zr2c:child_nat_ip
1302       banked       148ms replayed  zr2c:child_nat_ip
1304       banked       149ms replayed  zr2c:child_nat_ip
1306       banked       152ms replayed  zr2c:child_nat_ip
1308       banked       153ms replayed  zr2c:child_nat_ip
1310       banked       156ms replayed  zr2c:child_nat_ip
1312       banked       148ms replayed  zr2c:child_oop_il
1314       banked       149ms replayed  zr2c:child_oop_il
1316       banked       150ms replayed  zr2c:child_nat_ip
1318       banked       148ms replayed  zr2c:child_nat_ip
1320       banked       149ms replayed  zr2c:child_nat_ip
1322       banked       151ms replayed  zr2c:child_nat_ip
1324       banked       149ms replayed  zr2c:child_nat_ip
1326       banked       149ms replayed  zr2c:child_nat_ip
1328       banked       149ms replayed  zr2c:child_nat_ip
1330       banked       148ms replayed  zr2c:child_nat_ip
1332       banked       148ms replayed  zr2c:child_nat_ip
1334       banked       148ms replayed  zr2c:child_nat_ip
1336       banked       158ms replayed  zr2c:child_oop_il
1338       banked       148ms replayed  zr2c:child_nat_ip
1340       banked       148ms replayed  zr2c:child_nat_ip
1342       banked       150ms replayed  zr2c:child_nat_ip
1344       banked       150ms replayed  2p
1346       banked       151ms replayed  zr2c:child_nat_ip
1348       banked       155ms replayed  zr2c:child_nat_ip
1350       banked       154ms replayed  zr2c:child_nat_ip
1352       banked       150ms replayed  zr2c:child_nat_ip
1354       banked       148ms replayed  zr2c:child_nat_ip
1356       banked       148ms replayed  zr2c:child_nat_ip
1358       banked       148ms replayed  zr2c:child_nat_ip
1360       banked       161ms replayed  zr2c:child_nat_ip
1362       banked       148ms replayed  zr2c:child_nat_ip
1364       banked       148ms replayed  zr2c:child_nat_ip
1366       banked       153ms replayed  zr2c:child_nat_ip
1368       banked       154ms replayed  zr2c:child_nat_ip
1370       banked       152ms replayed  zr2c:child_nat_ip
1372       banked       147ms replayed  zr2c:child_nat_ip
1374       banked       149ms replayed  zr2c:child_nat_ip
1376       banked       148ms replayed  zr2c:child_nat_ip
1378       banked       149ms replayed  zr2c:child_nat_ip
1380       banked       148ms replayed  zr2c:child_nat_ip
1382       banked       149ms replayed  zr2c:child_oop_il
1384       banked       153ms replayed  zr2c:child_oop_il
1386       banked       147ms replayed  zr2c:child_nat_ip
1388       banked       149ms replayed  zr2c:child_oop_il
1390       banked       150ms replayed  zr2c:child_oop_il
1392       banked       148ms replayed  zr2c:child_nat_ip
1394       banked       154ms replayed  zr2c:child_nat_ip
1396       banked       151ms replayed  zr2c:child_nat_ip
1398       banked       154ms replayed  zr2c:child_nat_ip
1400       banked       162ms replayed  zr2c:child_nat_ip
1402       banked       148ms replayed  zr2c:child_oop_il
1404       banked       149ms replayed  zr2c:child_nat_ip
1406       banked       148ms replayed  zr2c:child_nat_ip
1408       banked       149ms replayed  zr2c:child_nat_ip
1410       banked       148ms replayed  zr2c:child_nat_ip
1412       banked       150ms replayed  zr2c:child_nat_ip
1414       banked       148ms replayed  zr2c:child_nat_ip
1416       banked       149ms replayed  zr2c:child_nat_ip
1418       banked       149ms replayed  zr2c:child_nat_ip
1420       banked       148ms replayed  zr2c:child_nat_ip
1422       banked       148ms replayed  zr2c:child_nat_ip
1424       banked       150ms replayed  zr2c:child_nat_ip
1426       banked       148ms replayed  zr2c:child_nat_ip
1428       banked       149ms replayed  zr2c:child_nat_ip
1430       banked       151ms replayed  zr2c:child_nat_ip
1432       banked       148ms replayed  zr2c:child_nat_ip
1434       banked       149ms replayed  zr2c:child_nat_ip
1436       banked       158ms replayed  zr2c:child_nat_ip
1438       banked       149ms replayed  zr2c:child_nat_ip
1440       banked       150ms replayed  zr2c:child_nat_ip
1442       banked       149ms replayed  zr2c:child_oop_il
1444       banked       155ms replayed  zr2c:child_nat_ip
1446       banked       150ms replayed  zr2c:child_nat_ip
1448       banked       151ms replayed  zr2c:child_oop_il
1450       banked       152ms replayed  zr2c:child_nat_ip
1452       banked       148ms replayed  zr2c:child_nat_ip
1454       banked       148ms replayed  zr2c:child_nat_ip
1456       banked       148ms replayed  zr2c:child_nat_ip
1458       banked       155ms replayed  zr2c:child_nat_ip
1460       banked       156ms replayed  zr2c:child_oop_il
1462       banked       156ms replayed  zr2c:child_nat_ip
1464       banked       150ms replayed  zr2c:child_oop_il
1466       banked       149ms replayed  zr2c:child_nat_ip
1468       banked       148ms replayed  zr2c:child_nat_ip
1470       banked       148ms replayed  zr2c:child_nat_ip
1472       banked       153ms replayed  zr2c:child_nat_ip
1474       banked       148ms replayed  zr2c:child_oop_il
1476       banked       152ms replayed  zr2c:child_nat_ip
1478       banked       148ms replayed  zr2c:child_nat_ip
1480       banked       148ms replayed  zr2c:child_nat_ip
1482       banked       149ms replayed  zr2c:child_oop_il
1484       banked       152ms replayed  zr2c:child_nat_ip
1486       banked       152ms replayed  zr2c:child_nat_ip
1488       banked       148ms replayed  zr2c:child_nat_ip
1490       banked       155ms replayed  zr2c:child_oop_il
1492       banked       147ms replayed  zr2c:child_nat_ip
1494       banked       149ms replayed  zr2c:child_nat_ip
1496       banked       149ms replayed  zr2c:child_nat_ip
1498       banked       147ms replayed  zr2c:child_nat_ip
1500       banked       148ms replayed  zr2c:child_nat_ip
1502       banked       148ms replayed  zr2c:child_oop_il
1504       banked       149ms replayed  zr2c:child_oop_il
1506       banked       155ms replayed  zr2c:child_nat_ip
1508       banked       151ms replayed  zr2c:child_nat_ip
1510       banked       148ms replayed  zr2c:child_nat_ip
1512       banked       148ms replayed  zr2c:child_nat_ip
1514       banked       149ms replayed  zr2c:child_oop_il
1516       banked       149ms replayed  zr2c:child_nat_ip
1518       banked       147ms replayed  zr2c:child_nat_ip
1520       banked       161ms replayed  zr2c:child_nat_ip
1522       banked       151ms replayed  zr2c:child_nat_ip
1524       banked       159ms replayed  zr2c:child_nat_ip
1526       banked       149ms replayed  zr2c:child_nat_ip
1528       banked       150ms replayed  zr2c:child_oop_il
1530       banked       148ms replayed  zr2c:child_nat_ip
1532       banked       149ms replayed  zr2c:child_nat_ip
1534       banked       149ms replayed  zr2c:child_nat_ip
1536       banked       150ms replayed  2p
1538       banked       152ms replayed  zr2c:child_nat_ip
1540       banked       148ms replayed  zr2c:child_nat_ip
1542       banked       148ms replayed  zr2c:child_nat_ip
1544       banked       172ms replayed  zr2c:child_oop_il
1546       banked       153ms replayed  zr2c:child_oop_il
1548       banked       147ms replayed  zr2c:child_nat_ip
1550       banked       147ms replayed  zr2c:child_nat_ip
1552       banked       152ms replayed  zr2c:child_oop_il
1554       banked       149ms replayed  zr2c:child_oop_il
1556       banked       148ms replayed  zr2c:child_nat_ip
1558       banked       152ms replayed  zr2c:child_nat_ip
1560       banked       148ms replayed  zr2c:child_nat_ip
1562       banked       148ms replayed  zr2c:child_nat_ip
1564       banked       149ms replayed  zr2c:child_nat_ip
1566       banked       148ms replayed  zr2c:child_nat_ip
1568       banked       150ms replayed  zr2c:child_nat_ip
1570       banked       154ms replayed  zr2c:child_oop_il
1572       banked       148ms replayed  zr2c:child_nat_ip
1574       banked       148ms replayed  zr2c:child_oop_il
1576       banked       152ms replayed  zr2c:child_oop_il
1578       banked       152ms replayed  zr2c:child_nat_ip
1580       banked       151ms replayed  zr2c:child_nat_ip
1582       banked       150ms replayed  zr2c:child_oop_il
1584       banked       150ms replayed  zr2c:child_nat_ip
1586       banked       148ms replayed  zr2c:child_nat_ip
1588       banked       148ms replayed  zr2c:child_nat_ip
1590       banked       149ms replayed  zr2c:child_nat_ip
1592       banked       149ms replayed  zr2c:child_oop_il
1594       banked       148ms replayed  zr2c:child_oop_il
1596       banked       149ms replayed  zr2c:child_nat_ip
1598       banked       153ms replayed  zr2c:child_oop_il
1600       banked       152ms replayed  2p
1602       banked       148ms replayed  zr2c:child_nat_ip
1604       banked       149ms replayed  zr2c:child_oop_il
1606       banked       148ms replayed  zr2c:child_nat_ip
1608       banked       171ms replayed  zr2c:child_oop_il
1610       banked       150ms replayed  zr2c:child_nat_ip
1612       banked       149ms replayed  zr2c:child_nat_ip
1614       banked       157ms replayed  zr2c:child_nat_ip
1616       banked       171ms replayed  zr2c:child_oop_il
1618       banked       148ms replayed  zr2c:child_nat_ip
1620       banked       147ms replayed  zr2c:child_nat_ip
1622       banked       152ms replayed  zr2c:child_oop_il
1624       banked       167ms replayed  zr2c:child_nat_ip
1626       banked       147ms replayed  zr2c:child_oop_il
1628       banked       152ms replayed  zr2c:child_nat_ip
1630       banked       162ms replayed  zr2c:child_nat_ip
1632       banked       148ms replayed  zr2c:child_nat_ip
1634       banked       150ms replayed  zr2c:child_nat_ip
1636       banked       149ms replayed  zr2c:child_nat_ip
1638       banked       148ms replayed  zr2c:child_nat_ip
1640       banked       174ms replayed  zr2c:child_nat_ip
1642       banked       155ms replayed  zr2c:child_nat_ip
1644       banked       162ms replayed  zr2c:child_nat_ip
1646       banked       158ms replayed  zr2c:child_nat_ip
1648       banked       149ms replayed  zr2c:child_oop_il
1650       banked       150ms replayed  zr2c:child_nat_ip
1652       banked       148ms replayed  zr2c:child_oop_il
1654       banked       148ms replayed  zr2c:child_oop_il
1656       banked       149ms replayed  zr2c:child_nat_ip
1658       banked       153ms replayed  zr2c:child_nat_ip
1660       banked       153ms replayed  zr2c:child_nat_ip
1662       banked       160ms replayed  zr2c:child_nat_ip
1664       banked       150ms replayed  zr2c:child_nat_ip
1666       banked       152ms replayed  zr2c:child_nat_ip
1668       banked       148ms replayed  zr2c:child_oop_il
1670       banked       149ms replayed  zr2c:child_nat_ip
1672       banked       150ms replayed  zr2c:child_nat_ip
1674       banked       148ms replayed  zr2c:child_nat_ip
1676       banked       154ms replayed  zr2c:child_nat_ip
1678       banked       148ms replayed  zr2c:child_nat_ip
1680       banked       148ms replayed  zr2c:child_nat_ip
1682       banked       148ms replayed  zr2c:child_nat_ip
1684       banked       148ms replayed  zr2c:child_nat_ip
1686       banked       148ms replayed  zr2c:child_nat_ip
1688       banked       148ms replayed  zr2c:child_nat_ip
1690       banked       153ms replayed  zr2c:child_nat_ip
1692       banked       147ms replayed  zr2c:child_nat_ip
1694       banked       148ms replayed  zr2c:child_nat_ip
1696       banked       149ms replayed  zr2c:child_oop_il
1698       banked       148ms replayed  zr2c:child_oop_il
1700       banked       149ms replayed  zr2c:child_nat_ip
1702       banked       166ms replayed  zr2c:child_nat_ip
1704       banked       169ms replayed  zr2c:child_nat_ip
1706       banked       148ms replayed  zr2c:child_oop_il
1708       banked       156ms replayed  zr2c:child_oop_il
1710       banked       148ms replayed  zr2c:child_nat_ip
1712       banked       148ms replayed  zr2c:child_oop_il
1714       banked       148ms replayed  zr2c:child_oop_il
1716       banked       149ms replayed  zr2c:child_nat_ip
1718       banked       148ms replayed  zr2c:child_nat_ip
1720       banked       149ms replayed  zr2c:child_nat_ip
1722       banked       147ms replayed  zr2c:child_nat_ip
1724       banked       148ms replayed  zr2c:child_oop_il
1726       banked       151ms replayed  zr2c:child_nat_ip
1728       banked       149ms replayed  2p
1730       banked       148ms replayed  zr2c:child_nat_ip
1732       banked       148ms replayed  zr2c:child_oop_il
1734       banked       158ms replayed  zr2c:child_nat_ip
1736       banked       199ms replayed  zr2c:child_nat_ip
1738       banked       147ms replayed  zr2c:child_oop_il
1740       banked       151ms replayed  zr2c:child_nat_ip
1742       banked       148ms replayed  zr2c:child_nat_ip
1744       banked       149ms replayed  zr2c:child_oop_il
1746       banked       148ms replayed  zr2c:child_nat_ip
1748       banked       151ms replayed  zr2c:child_nat_ip
1750       banked       148ms replayed  zr2c:child_nat_ip
1752       banked       148ms replayed  zr2c:child_oop_il
1754       banked       149ms replayed  zr2c:child_oop_il
1756       banked       148ms replayed  zr2c:child_nat_ip
1758       banked       147ms replayed  zr2c:child_nat_ip
1760       banked       148ms replayed  zr2c:child_nat_ip
1762       banked       154ms replayed  zr2c:child_nat_ip
1764       banked       149ms replayed  zr2c:child_nat_ip
1766       banked       168ms replayed  zr2c:child_oop_il
1768       banked       163ms replayed  zr2c:child_nat_ip
1770       banked       148ms replayed  zr2c:child_oop_il
1772       banked       149ms replayed  zr2c:child_oop_il
1774       banked       160ms replayed  zr2c:child_nat_ip
1776       banked       149ms replayed  zr2c:child_nat_ip
1778       banked       153ms replayed  zr2c:child_oop_il
1780       banked       150ms replayed  zr2c:child_nat_ip
1782       banked       153ms replayed  zr2c:child_nat_ip
1784       banked       149ms replayed  zr2c:child_oop_il
1786       banked       149ms replayed  zr2c:child_nat_ip
1788       banked       148ms replayed  zr2c:child_nat_ip
1790       banked       148ms replayed  zr2c:child_nat_ip
1792       banked       150ms replayed  chain3
1794       banked       153ms replayed  zr2c:child_nat_ip
1796       banked       157ms replayed  zr2c:child_nat_ip
1798       banked       148ms replayed  zr2c:child_nat_ip
1800       banked       162ms replayed  zr2c:child_nat_ip
1802       banked       149ms replayed  zr2c:child_oop_il
1804       banked       163ms replayed  zr2c:child_nat_ip
1806       banked       149ms replayed  zr2c:child_nat_ip
1808       banked       151ms replayed  zr2c:child_oop_il
1810       banked       148ms replayed  zr2c:child_oop_il
1812       banked       151ms replayed  zr2c:child_oop_il
1814       banked       147ms replayed  zr2c:child_nat_ip
1816       banked       149ms replayed  zr2c:child_nat_ip
1818       banked       161ms replayed  zr2c:child_oop_il
1820       banked       148ms replayed  zr2c:child_nat_ip
1822       banked       147ms replayed  zr2c:child_nat_ip
1824       banked       152ms replayed  zr2c:child_nat_ip
1826       banked       176ms replayed  zr2c:child_nat_ip
1828       banked       154ms replayed  zr2c:child_nat_ip
1830       banked       148ms replayed  zr2c:child_nat_ip
1832       banked       150ms replayed  zr2c:child_nat_ip
1834       banked       149ms replayed  zr2c:child_oop_il
1836       banked       149ms replayed  zr2c:child_nat_ip
1838       banked       149ms replayed  zr2c:child_nat_ip
1840       banked       166ms replayed  zr2c:child_oop_il
1842       banked       148ms replayed  zr2c:child_oop_il
1844       banked       148ms replayed  zr2c:child_oop_il
1846       banked       150ms replayed  zr2c:child_nat_ip
1848       banked       148ms replayed  zr2c:child_nat_ip
1850       banked       149ms replayed  zr2c:child_nat_ip
1852       banked       148ms replayed  zr2c:child_nat_ip
1854       banked       166ms replayed  zr2c:child_oop_il
1856       banked       154ms replayed  zr2c:child_nat_ip
1858       banked       148ms replayed  zr2c:child_oop_il
1860       banked       153ms replayed  zr2c:child_nat_ip
1862       banked       153ms replayed  zr2c:child_nat_ip
1864       banked       148ms replayed  zr2c:child_oop_il
1866       banked       148ms replayed  zr2c:child_nat_ip
1868       banked       160ms replayed  zr2c:child_nat_ip
1870       banked       153ms replayed  zr2c:child_nat_ip
1872       banked       147ms replayed  zr2c:child_nat_ip
1874       banked       154ms replayed  zr2c:child_nat_ip
1876       banked       149ms replayed  zr2c:child_oop_il
1878       banked       147ms replayed  zr2c:child_nat_ip
1880       banked       148ms replayed  zr2c:child_nat_ip
1882       banked       168ms replayed  zr2c:child_nat_ip
1884       banked       157ms replayed  zr2c:child_oop_il
1886       banked       154ms replayed  zr2c:child_nat_ip
1888       banked       151ms replayed  zr2c:child_oop_il
1890       banked       151ms replayed  zr2c:child_nat_ip
1892       banked       149ms replayed  zr2c:child_nat_ip
1894       banked       148ms replayed  zr2c:child_oop_il
1896       banked       148ms replayed  zr2c:child_oop_il
1898       banked       149ms replayed  zr2c:child_oop_il
1900       banked       181ms replayed  zr2c:child_nat_ip
1902       banked       166ms replayed  zr2c:child_oop_il
1904       banked       152ms replayed  zr2c:child_nat_ip
1906       banked       150ms replayed  zr2c:child_oop_il
1908       banked       159ms replayed  zr2c:child_oop_il
1910       banked       171ms replayed  zr2c:child_oop_il
1912       banked       160ms replayed  zr2c:child_oop_il
1914       banked       154ms replayed  zr2c:child_nat_ip
1916       banked       148ms replayed  zr2c:child_nat_ip
1918       banked       148ms replayed  zr2c:child_oop_il
1920       banked       148ms replayed  2p
1922       banked       148ms replayed  zr2c:child_nat_ip
1924       banked       150ms replayed  zr2c:child_nat_ip
1926       banked       149ms replayed  zr2c:child_nat_ip
1928       banked       149ms replayed  zr2c:child_oop_il
1930       banked       152ms replayed  zr2c:child_oop_il
1932       banked       150ms replayed  zr2c:child_oop_il
1934       banked       147ms replayed  zr2c:child_nat_ip
1936       banked       152ms replayed  zr2c:child_nat_ip
1938       banked       147ms replayed  zr2c:child_nat_ip
1940       banked       151ms replayed  zr2c:child_oop_il
1942       banked       169ms replayed  zr2c:child_oop_il
1944       banked       165ms replayed  zr2c:child_nat_ip
1946       banked       147ms replayed  zr2c:child_oop_il
1948       banked       148ms replayed  zr2c:child_oop_il
1950       banked       148ms replayed  zr2c:child_oop_il
1952       banked       151ms replayed  zr2c:child_oop_il
1954       banked       150ms replayed  zr2c:child_oop_il
1956       banked       147ms replayed  zr2c:child_oop_il
1958       banked       149ms replayed  zr2c:child_oop_il
1960       banked       153ms replayed  zr2c:child_nat_ip
1962       banked       150ms replayed  zr2c:child_oop_il
1964       banked       147ms replayed  zr2c:child_oop_il
1966       banked       151ms replayed  zr2c:child_oop_il
1968       banked       149ms replayed  zr2c:child_nat_ip
1970       banked       148ms replayed  zr2c:child_oop_il
1972       banked       148ms replayed  zr2c:child_nat_ip
1974       banked       151ms replayed  zr2c:child_oop_il
1976       banked       148ms replayed  zr2c:child_nat_ip
1978       banked       150ms replayed  zr2c:child_oop_il
1980       banked       150ms replayed  zr2c:child_nat_ip
1982       banked       148ms replayed  zr2c:child_nat_ip
1984       banked       149ms replayed  zr2c:child_oop_il
1986       banked       148ms replayed  zr2c:child_oop_il
1988       banked       149ms replayed  zr2c:child_oop_il
1990       banked       153ms replayed  zr2c:child_nat_ip
1992       banked       152ms replayed  zr2c:child_oop_il
1994       banked       152ms replayed  zr2c:child_oop_il
1996       banked       148ms replayed  zr2c:child_nat_ip
1998       banked       150ms replayed  zr2c:child_nat_ip
2000       banked       152ms replayed  zr2c:child_nat_ip
2002       banked       149ms replayed  zr2c:child_nat_ip
2004       banked       149ms replayed  zr2c:child_oop_il
2006       banked       152ms replayed  zr2c:child_oop_il
2008       banked       148ms replayed  zr2c:child_oop_il
2010       banked       149ms replayed  zr2c:child_oop_il
2012       banked       148ms replayed  zr2c:child_oop_il
2014       banked       148ms replayed  zr2c:child_oop_il
2016       banked       150ms replayed  zr2c:child_nat_ip
2018       banked       150ms replayed  zr2c:child_oop_il
2020       banked       153ms replayed  zr2c:child_oop_il
2022       banked       162ms replayed  zr2c:child_oop_il
2024       banked       151ms replayed  zr2c:child_oop_il
2026       banked       148ms replayed  zr2c:child_oop_il
2028       banked       150ms replayed  zr2c:child_nat_ip
2030       banked       150ms replayed  zr2c:child_nat_ip
2032       banked       159ms replayed  zr2c:child_oop_il
2034       banked       152ms replayed  zr2c:child_oop_il
2036       banked       157ms replayed  zr2c:child_oop_il
2038       banked       152ms replayed  zr2c:child_nat_ip
2040       banked       148ms replayed  zr2c:child_nat_ip
2042       banked       147ms replayed  zr2c:child_oop_il
2044       banked       149ms replayed  zr2c:child_nat_ip
2046       banked       152ms replayed  zr2c:child_nat_ip
2048       banked       150ms replayed  2p
2058       banked       150ms replayed  zr2c:child_nat_ip
2250       banked       156ms replayed  zr2c:child_nat_ip
2304       banked       148ms replayed  chain3
2430       banked       149ms replayed  zr2c:child_nat_ip
2450       banked       148ms replayed  zr2c:child_nat_ip
2560       banked       149ms replayed  chain3
2646       banked       148ms replayed  zr2c:child_nat_ip
2880       banked       151ms replayed  chain3
3000       banked       153ms replayed  zr2c:child_nat_ip
3072       banked       148ms replayed  chain3
3150       banked       152ms replayed  zr2c:child_nat_ip
3200       banked       148ms replayed  chain3
3402       banked       148ms replayed  zr2c:child_oop_il
3430       banked       148ms replayed  zr2c:child_nat_ip
3456       banked       148ms replayed  chain3
3584       banked       150ms replayed  chain3
3750       banked       151ms replayed  zr2c:child_oop_il
3840       banked       161ms replayed  chain3
4000       banked       149ms replayed  zr2c:child_oop_il
4050       banked       148ms replayed  zr2c:child_nat_ip
4096       banked       148ms replayed  2p
8192       banked       150ms replayed  2p
16384      banked       150ms replayed  ztt
32768      banked       153ms replayed  ztt
65536      banked       160ms replayed  ztt
131072     banked       159ms replayed  ztt
262144     banked       173ms replayed  ztt
524288     banked       188ms replayed  ztt
1048576    banked    114843ms raced     2p
2097152    banked    209950ms raced     ztt
4194304    banked    272536ms raced     ztt
8388608    banked    554351ms raced     ztt
