2026-10-10 10:57:47 store: fresh copy of this CPU's shipped wisdom (C:\Users\Tugbars\Desktop\highSpeedFFT\src\wisdom\14900KF)
2026-10-10 10:57:47 run: 1055 cells, contract out of place, bin C:\Users\Tugbars\Desktop\highSpeedFFT\gauntlet
2026-10-10 10:57:47 calibrate: 1055 cells (0 already done)
2026-10-10 10:57:51   calibrated 25/1055 (52), 4 s elapsed
2026-10-10 10:57:55   calibrated 50/1055 (102), 8 s elapsed
2026-10-10 10:57:59   calibrated 75/1055 (152), 12 s elapsed
2026-10-10 10:58:03   calibrated 100/1055 (202), 16 s elapsed
2026-10-10 10:58:07   calibrated 125/1055 (252), 20 s elapsed
2026-10-10 10:58:11   calibrated 150/1055 (302), 24 s elapsed
2026-10-10 10:58:15   calibrated 175/1055 (352), 28 s elapsed
2026-10-10 10:58:19   calibrated 200/1055 (402), 32 s elapsed
2026-10-10 10:58:23   calibrated 225/1055 (452), 36 s elapsed
2026-10-10 10:58:28   calibrated 250/1055 (502), 40 s elapsed
2026-10-10 10:58:31   calibrated 275/1055 (552), 44 s elapsed
2026-10-10 10:58:36   calibrated 300/1055 (602), 48 s elapsed
2026-10-10 10:58:40   calibrated 325/1055 (652), 52 s elapsed
2026-10-10 10:58:44   calibrated 350/1055 (702), 56 s elapsed
2026-10-10 10:58:48   calibrated 375/1055 (752), 60 s elapsed
2026-10-10 10:58:52   calibrated 400/1055 (802), 64 s elapsed
2026-10-10 10:58:56   calibrated 425/1055 (852), 68 s elapsed
2026-10-10 10:59:00   calibrated 450/1055 (902), 72 s elapsed
2026-10-10 10:59:04   calibrated 475/1055 (952), 76 s elapsed
2026-10-10 10:59:08   calibrated 500/1055 (1002), 80 s elapsed
2026-10-10 10:59:12   calibrated 525/1055 (1052), 84 s elapsed
2026-10-10 10:59:16   calibrated 550/1055 (1102), 88 s elapsed
2026-10-10 10:59:20   calibrated 575/1055 (1152), 92 s elapsed
2026-10-10 10:59:24   calibrated 600/1055 (1202), 96 s elapsed
2026-10-10 10:59:28   calibrated 625/1055 (1252), 101 s elapsed
2026-10-10 10:59:32   calibrated 650/1055 (1302), 105 s elapsed
2026-10-10 10:59:36   calibrated 675/1055 (1352), 109 s elapsed
2026-10-10 10:59:40   calibrated 700/1055 (1402), 113 s elapsed
2026-10-10 10:59:44   calibrated 725/1055 (1452), 117 s elapsed
2026-10-10 10:59:48   calibrated 750/1055 (1502), 121 s elapsed
2026-10-10 10:59:52   calibrated 775/1055 (1552), 125 s elapsed
2026-10-10 10:59:56   calibrated 800/1055 (1602), 129 s elapsed
2026-10-10 11:00:00   calibrated 825/1055 (1652), 133 s elapsed
2026-10-10 11:00:04   calibrated 850/1055 (1702), 137 s elapsed
2026-10-10 11:00:08   calibrated 875/1055 (1752), 141 s elapsed
2026-10-10 11:00:12   calibrated 900/1055 (1802), 145 s elapsed
2026-10-10 11:00:16   calibrated 925/1055 (1852), 149 s elapsed
2026-10-10 11:00:20   calibrated 950/1055 (1902), 153 s elapsed
2026-10-10 11:00:25   calibrated 975/1055 (1952), 157 s elapsed
2026-10-10 11:00:29   calibrated 1000/1055 (2002), 161 s elapsed
2026-10-10 11:00:33   calibrated 1025/1055 (2250), 165 s elapsed
2026-10-10 11:00:37   calibrated 1050/1055 (262144), 169 s elapsed
2026-10-10 11:19:49   calibrated 1055/1055 (8388608), 1321 s elapsed
2026-10-10 11:19:49 bench: 1055 cells (0 already benched, 0 not banked -> not benched)
2026-10-10 11:20:29   benched 25/1055 (52), 38 s elapsed
2026-10-10 11:21:08   benched 50/1055 (102), 78 s elapsed
2026-10-10 11:21:49   benched 75/1055 (152), 119 s elapsed
2026-10-10 11:22:34   benched 100/1055 (202), 164 s elapsed
2026-10-10 11:23:16   benched 125/1055 (252), 206 s elapsed
2026-10-10 11:23:59   benched 150/1055 (302), 249 s elapsed
2026-10-10 11:24:41   benched 175/1055 (352), 291 s elapsed
2026-10-10 11:25:26   benched 200/1055 (402), 336 s elapsed
2026-10-10 11:26:09   benched 225/1055 (452), 379 s elapsed
2026-10-10 11:26:52   benched 250/1055 (502), 422 s elapsed
2026-10-10 11:27:37   benched 275/1055 (552), 467 s elapsed
2026-10-10 11:28:24   benched 300/1055 (602), 513 s elapsed
2026-10-10 11:29:09   benched 325/1055 (652), 559 s elapsed
2026-10-10 11:29:54   benched 350/1055 (702), 604 s elapsed
2026-10-10 11:30:39   benched 375/1055 (752), 649 s elapsed
2026-10-10 11:31:25   benched 400/1055 (802), 695 s elapsed
2026-10-10 11:32:10   benched 425/1055 (852), 740 s elapsed
2026-10-10 11:32:55   benched 450/1055 (902), 785 s elapsed
2026-10-10 11:33:39   benched 475/1055 (952), 829 s elapsed
2026-10-10 11:34:25   benched 500/1055 (1002), 875 s elapsed
2026-10-10 11:35:11   benched 525/1055 (1052), 921 s elapsed
2026-10-10 11:35:59   benched 550/1055 (1102), 969 s elapsed
2026-10-10 11:36:47   benched 575/1055 (1152), 1017 s elapsed
2026-10-10 11:37:37   benched 600/1055 (1202), 1067 s elapsed
2026-10-10 11:38:24   benched 625/1055 (1252), 1114 s elapsed
2026-10-10 11:39:10   benched 650/1055 (1302), 1160 s elapsed
2026-10-10 11:39:58   benched 675/1055 (1352), 1207 s elapsed
2026-10-10 11:40:46   benched 700/1055 (1402), 1256 s elapsed
2026-10-10 11:41:33   benched 725/1055 (1452), 1303 s elapsed
2026-10-10 11:42:19   benched 750/1055 (1502), 1349 s elapsed
2026-10-10 11:43:06   benched 775/1055 (1552), 1396 s elapsed
2026-10-10 11:43:54   benched 800/1055 (1602), 1444 s elapsed
2026-10-10 11:44:41   benched 825/1055 (1652), 1491 s elapsed
2026-10-10 11:45:27   benched 850/1055 (1702), 1536 s elapsed
2026-10-10 11:46:13   benched 875/1055 (1752), 1583 s elapsed
2026-10-10 11:47:01   benched 900/1055 (1802), 1630 s elapsed
2026-10-10 11:47:47   benched 925/1055 (1852), 1677 s elapsed
2026-10-10 11:48:33   benched 950/1055 (1902), 1722 s elapsed
2026-10-10 11:49:18   benched 975/1055 (1952), 1768 s elapsed
2026-10-10 11:50:05   benched 1000/1055 (2002), 1815 s elapsed
2026-10-10 11:50:50   benched 1025/1055 (2250), 1860 s elapsed
2026-10-10 11:51:31   benched 1050/1055 (262144), 1901 s elapsed
2026-10-10 11:51:57   benched 1055/1055 (8388608), 1927 s elapsed
2026-10-10 11:51:59 report: C:\Users\Tugbars\Desktop\highSpeedFFT\gauntlet\results\kfr_c2r_even_banked\report_c2r_kfr.md
