# il_batch_oddk_test.c, avx512 library, 2026-09-27: cold races into a scratch VFFT_WISDOM_DIR (nothing persisted).
######## cold T=1
   1x1024 K=1  route ztt       inner ztt      fwd(worst of K) 2.2e-16 rt 2.9e-16 ip 2.2e-16 ok
   1x1024 K=2  route -         inner ztt      fwd(worst of K) 2.2e-16 rt 2.9e-16 ip 2.2e-16 ok
   1x1024 K=3  route -         inner ztt      fwd(worst of K) 2.3e-16 rt 3.0e-16 ip 2.3e-16 ok
   1x1024 K=5  route -         inner ztt      fwd(worst of K) 2.3e-16 rt 2.9e-16 ip 2.3e-16 ok
   1x1024 K=6  route -         inner ztt      fwd(worst of K) 2.3e-16 rt 2.9e-16 ip 2.3e-16 ok
   1x1024 K=7  route -         inner ztt      fwd(worst of K) 2.3e-16 rt 2.9e-16 ip 2.3e-16 ok
   1x1024 K=9  route -         inner ztt      fwd(worst of K) 2.3e-16 rt 2.9e-16 ip 2.3e-16 ok
   1x1024 K=13 route -         inner ztt      fwd(worst of K) 2.3e-16 rt 2.9e-16 ip 2.3e-16 ok
   1x2048 K=1  route ztt       inner ztt      fwd(worst of K) 2.6e-16 rt 3.4e-16 ip 2.6e-16 ok
   1x2048 K=2  route -         inner ztt      fwd(worst of K) 2.6e-16 rt 3.3e-16 ip 2.6e-16 ok
   1x2048 K=3  route -         inner ztt      fwd(worst of K) 2.6e-16 rt 3.2e-16 ip 2.6e-16 ok
   1x2048 K=5  route -         inner ztt      fwd(worst of K) 2.6e-16 rt 3.2e-16 ip 2.6e-16 ok
   1x2048 K=6  route -         inner ztt      fwd(worst of K) 2.6e-16 rt 3.1e-16 ip 2.6e-16 ok
   1x2048 K=7  route -         inner ztt      fwd(worst of K) 2.6e-16 rt 3.2e-16 ip 2.6e-16 ok
   1x2048 K=9  route -         inner ztt      fwd(worst of K) 2.6e-16 rt 3.2e-16 ip 2.6e-16 ok
   1x2048 K=13 route -         inner ztt      fwd(worst of K) 2.6e-16 rt 3.1e-16 ip 2.6e-16 ok
   1x4096 K=1  route ztt       inner ztt      fwd(worst of K) 2.3e-16 rt 3.1e-16 ip 2.3e-16 ok
   1x4096 K=2  route -         inner ztt      fwd(worst of K) 2.3e-16 rt 3.1e-16 ip 2.3e-16 ok
   1x4096 K=3  route -         inner ztt      fwd(worst of K) 2.3e-16 rt 3.2e-16 ip 2.3e-16 ok
   1x4096 K=5  route -         inner ztt      fwd(worst of K) 2.6e-16 rt 3.2e-16 ip 2.6e-16 ok
   1x4096 K=6  route -         inner ztt      fwd(worst of K) 2.6e-16 rt 3.1e-16 ip 2.6e-16 ok
   1x4096 K=7  route -         inner ztt      fwd(worst of K) 2.7e-16 rt 3.2e-16 ip 2.7e-16 ok
   1x4096 K=9  route -         inner ztt      fwd(worst of K) 2.7e-16 rt 3.1e-16 ip 2.7e-16 ok
   1x4096 K=13 route -         inner ztt      fwd(worst of K) 2.7e-16 rt 3.2e-16 ip 2.7e-16 ok
   3x2048 K=1  route chain     inner chain    fwd(worst of K) 3.1e-16 rt 4.4e-16 ip 3.1e-16 ok
   3x2048 K=2  route -         inner -        fwd(worst of K) 3.1e-16 rt 4.3e-16 ip 3.1e-16 ok
   3x2048 K=3  route -         inner -        fwd(worst of K) 3.1e-16 rt 4.3e-16 ip 3.1e-16 ok
   3x2048 K=5  route -         inner -        fwd(worst of K) 3.1e-16 rt 4.3e-16 ip 3.1e-16 ok
   3x2048 K=6  route -         inner -        fwd(worst of K) 3.1e-16 rt 4.3e-16 ip 3.1e-16 ok
   3x2048 K=7  route -         inner -        fwd(worst of K) 3.2e-16 rt 4.4e-16 ip 3.2e-16 ok
   3x2048 K=9  route -         inner -        fwd(worst of K) 3.2e-16 rt 4.4e-16 ip 3.2e-16 ok
   3x2048 K=13 route -         inner -        fwd(worst of K) 3.3e-16 rt 4.4e-16 ip 3.3e-16 ok
2048x5    K=1  route turn      inner turn     fwd(worst of K) 2.9e-16 rt 3.6e-16 ip 2.9e-16 ok
2048x5    K=2  route -         inner -        fwd(worst of K) 2.9e-16 rt 3.5e-16 ip 2.9e-16 ok
2048x5    K=3  route -         inner -        fwd(worst of K) 3.0e-16 rt 3.5e-16 ip 3.0e-16 ok
2048x5    K=5  route -         inner -        fwd(worst of K) 3.0e-16 rt 3.5e-16 ip 3.0e-16 ok
2048x5    K=6  route -         inner -        fwd(worst of K) 3.0e-16 rt 3.5e-16 ip 3.0e-16 ok
2048x5    K=7  route -         inner -        fwd(worst of K) 3.0e-16 rt 3.5e-16 ip 3.0e-16 ok
2048x5    K=9  route -         inner -        fwd(worst of K) 3.0e-16 rt 3.5e-16 ip 3.0e-16 ok
2048x5    K=13 route -         inner -        fwd(worst of K) 3.0e-16 rt 3.5e-16 ip 3.0e-16 ok
   7x1024 K=1  route chain     inner chain    fwd(worst of K) 2.7e-16 rt 3.7e-16 ip 2.7e-16 ok
   7x1024 K=2  route -         inner -        fwd(worst of K) 2.9e-16 rt 3.7e-16 ip 2.9e-16 ok
   7x1024 K=3  route -         inner -        fwd(worst of K) 2.9e-16 rt 3.8e-16 ip 2.9e-16 ok
   7x1024 K=5  route -         inner -        fwd(worst of K) 2.9e-16 rt 3.8e-16 ip 2.9e-16 ok
   7x1024 K=6  route -         inner -        fwd(worst of K) 2.9e-16 rt 3.8e-16 ip 2.9e-16 ok
   7x1024 K=7  route -         inner -        fwd(worst of K) 2.9e-16 rt 3.8e-16 ip 2.9e-16 ok
   7x1024 K=9  route -         inner -        fwd(worst of K) 2.9e-16 rt 3.8e-16 ip 2.9e-16 ok
   7x1024 K=13 route -         inner -        fwd(worst of K) 2.9e-16 rt 3.8e-16 ip 2.9e-16 ok
ALL OK
######## cold T=4
   1x1024 K=1  route ztt       inner ztt      fwd(worst of K) 2.2e-16 rt 3.2e-16 ip 2.2e-16 ok
   1x1024 K=2  route -         inner ztt      fwd(worst of K) 2.2e-16 rt 3.1e-16 ip 2.2e-16 ok
   1x1024 K=3  route -         inner ztt      fwd(worst of K) 2.5e-16 rt 3.0e-16 ip 2.5e-16 ok
   1x1024 K=5  route -         inner ztt      fwd(worst of K) 2.5e-16 rt 2.9e-16 ip 2.5e-16 ok
   1x1024 K=6  route -         inner ztt      fwd(worst of K) 2.5e-16 rt 2.9e-16 ip 2.5e-16 ok
   1x1024 K=7  route -         inner ztt      fwd(worst of K) 2.5e-16 rt 2.9e-16 ip 2.5e-16 ok
   1x1024 K=9  route -         inner ztt      fwd(worst of K) 2.5e-16 rt 2.9e-16 ip 2.5e-16 ok
   1x1024 K=13 route -         inner ztt      fwd(worst of K) 2.5e-16 rt 2.9e-16 ip 2.5e-16 ok
   1x2048 K=1  route ztt       inner ztt      fwd(worst of K) 2.0e-16 rt 2.9e-16 ip 2.0e-16 ok
   1x2048 K=2  route -         inner ztt      fwd(worst of K) 2.5e-16 rt 3.0e-16 ip 2.5e-16 ok
   1x2048 K=3  route -         inner ztt      fwd(worst of K) 2.5e-16 rt 3.0e-16 ip 2.5e-16 ok
   1x2048 K=5  route -         inner ztt      fwd(worst of K) 2.5e-16 rt 3.0e-16 ip 2.5e-16 ok
   1x2048 K=6  route -         inner ztt      fwd(worst of K) 2.5e-16 rt 3.0e-16 ip 2.5e-16 ok
   1x2048 K=7  route -         inner ztt      fwd(worst of K) 2.5e-16 rt 3.0e-16 ip 2.5e-16 ok
   1x2048 K=9  route -         inner ztt      fwd(worst of K) 2.5e-16 rt 3.0e-16 ip 2.5e-16 ok
   1x2048 K=13 route -         inner ztt      fwd(worst of K) 2.5e-16 rt 3.0e-16 ip 2.5e-16 ok
   1x4096 K=1  route ztt       inner ztt      fwd(worst of K) 2.4e-16 rt 3.2e-16 ip 2.4e-16 ok
   1x4096 K=2  route -         inner ztt      fwd(worst of K) 2.4e-16 rt 3.2e-16 ip 2.4e-16 ok
   1x4096 K=3  route -         inner ztt      fwd(worst of K) 2.4e-16 rt 3.3e-16 ip 2.4e-16 ok
   1x4096 K=5  route -         inner ztt      fwd(worst of K) 2.5e-16 rt 3.3e-16 ip 2.5e-16 ok
   1x4096 K=6  route -         inner ztt      fwd(worst of K) 2.5e-16 rt 3.3e-16 ip 2.5e-16 ok
   1x4096 K=7  route -         inner ztt      fwd(worst of K) 2.5e-16 rt 3.3e-16 ip 2.5e-16 ok
   1x4096 K=9  route -         inner ztt      fwd(worst of K) 2.5e-16 rt 3.3e-16 ip 2.5e-16 ok
   1x4096 K=13 route -         inner ztt      fwd(worst of K) 2.5e-16 rt 3.3e-16 ip 2.5e-16 ok
   3x2048 K=1  route chain     inner chain    fwd(worst of K) 3.0e-16 rt 4.4e-16 ip 3.0e-16 ok
   3x2048 K=2  route -         inner -        fwd(worst of K) 3.1e-16 rt 4.4e-16 ip 3.1e-16 ok
   3x2048 K=3  route -         inner -        fwd(worst of K) 3.1e-16 rt 4.4e-16 ip 3.1e-16 ok
   3x2048 K=5  route -         inner -        fwd(worst of K) 3.2e-16 rt 4.4e-16 ip 3.2e-16 ok
   3x2048 K=6  route -         inner -        fwd(worst of K) 3.2e-16 rt 4.3e-16 ip 3.2e-16 ok
   3x2048 K=7  route -         inner -        fwd(worst of K) 3.2e-16 rt 4.3e-16 ip 3.2e-16 ok
   3x2048 K=9  route -         inner -        fwd(worst of K) 3.2e-16 rt 4.3e-16 ip 3.2e-16 ok
   3x2048 K=13 route -         inner -        fwd(worst of K) 3.2e-16 rt 4.3e-16 ip 3.2e-16 ok
2048x5    K=1  route turn      inner turn     fwd(worst of K) 2.9e-16 rt 3.4e-16 ip 2.9e-16 ok
2048x5    K=2  route -         inner -        fwd(worst of K) 3.0e-16 rt 3.6e-16 ip 3.0e-16 ok
2048x5    K=3  route -         inner -        fwd(worst of K) 3.0e-16 rt 3.8e-16 ip 3.0e-16 ok
2048x5    K=5  route -         inner -        fwd(worst of K) 3.0e-16 rt 3.6e-16 ip 3.0e-16 ok
2048x5    K=6  route -         inner -        fwd(worst of K) 3.1e-16 rt 3.6e-16 ip 3.1e-16 ok
2048x5    K=7  route -         inner -        fwd(worst of K) 3.1e-16 rt 3.6e-16 ip 3.1e-16 ok
2048x5    K=9  route -         inner -        fwd(worst of K) 3.1e-16 rt 3.6e-16 ip 3.1e-16 ok
2048x5    K=13 route -         inner -        fwd(worst of K) 3.1e-16 rt 3.6e-16 ip 3.1e-16 ok
   7x1024 K=1  route chain     inner chain    fwd(worst of K) 2.8e-16 rt 3.8e-16 ip 2.8e-16 ok
   7x1024 K=2  route -         inner -        fwd(worst of K) 2.9e-16 rt 3.8e-16 ip 2.9e-16 ok
   7x1024 K=3  route -         inner -        fwd(worst of K) 2.9e-16 rt 3.8e-16 ip 2.9e-16 ok
   7x1024 K=5  route -         inner -        fwd(worst of K) 2.9e-16 rt 3.8e-16 ip 2.9e-16 ok
   7x1024 K=6  route -         inner -        fwd(worst of K) 2.9e-16 rt 3.9e-16 ip 2.9e-16 ok
   7x1024 K=7  route -         inner -        fwd(worst of K) 2.9e-16 rt 3.8e-16 ip 2.9e-16 ok
   7x1024 K=9  route -         inner -        fwd(worst of K) 2.9e-16 rt 3.8e-16 ip 2.9e-16 ok
   7x1024 K=13 route -         inner -        fwd(worst of K) 2.9e-16 rt 3.8e-16 ip 2.9e-16 ok
ALL OK
