3          banked       156ms replayed  mono
5          banked        88ms replayed  mono
6          banked      1444ms raced     zr2c:child_nat_ip
7          banked        89ms replayed  mono
9          banked        88ms replayed  mono
10         banked      1416ms raced     zr2c:child_oop_il
11         banked        89ms replayed  mono
12         banked      2754ms raced     zr2c:child_oop_il
13         banked        92ms replayed  mono
14         banked      1437ms raced     zr2c:child_oop_il
15         banked        93ms replayed  mono
16         banked       901ms raced     zrp:4.4:r2z
18         banked      3110ms raced     zr2c:child_oop_il
20         banked      2697ms raced     zr2c:child_oop_il
21         banked        91ms replayed  mono
24         banked      5007ms raced     zrp:4.6:r2z
25         banked        94ms replayed  2p
27         banked        97ms replayed  mono
28         banked      2701ms raced     zr2c:child_oop_il
30         banked      4691ms raced     zr2c:child_oop_il
32         banked      1259ms raced     zrp:4.8:r2z
33         banked       102ms replayed  ztt
36         banked      6675ms raced     zrp:6.6:r2z
40         banked      4820ms raced     zrp:4.10:r2z
42         banked      5043ms raced     zr2c:child_oop_il
45         banked        92ms replayed  mono
48         banked      6220ms raced     zrp:4.12:r2z
50         banked      3385ms raced     zr2c:child_nat_ip
54         banked      8274ms raced     zr2c:child_oop_il
56         banked      4658ms raced     zr2c:child_oop_il
60         banked     10331ms raced     zrp:6.10:r2z
63         banked        91ms replayed  mono
64         banked      1957ms raced     zrp:4.16:r2z
70         banked      4732ms raced     zr2c:child_oop_il
72         banked     15126ms raced     zrp:6.12:r2z
80         banked      6319ms raced     zrp:8.10:n1t
81         banked        90ms replayed  2p
90         banked     18548ms raced     zr2c:child_nat_ip
96         banked     16766ms raced     zrp:8.12:r2z
98         banked      3028ms raced     zr2c:child_nat_ip
99         banked        91ms replayed  2p
100        banked      6508ms raced     zr2c:child_oop_il
105        banked        89ms replayed  2p
108        banked     15173ms raced     zr2c:child_oop_il
112        banked      5565ms raced     zr2c:child_oop_il
120        banked     25103ms raced     zrp:12.10:r2z
125        banked        89ms replayed  flat
126        banked     18556ms raced     zr2c:child_oop_il
128        banked      2147ms raced     zrp:8.16:r2z
135        banked        88ms replayed  2p
144        banked     18742ms raced     zr2c:child_nat_ip
150        banked     19490ms raced     zr2c:child_oop_il
160        banked     16532ms raced     zr2c:child_oop_il
162        banked     21759ms raced     zr2c:child_oop_il
180        banked     32065ms raced     zr2c:child_oop_il
189        banked        92ms replayed  prime
192        banked     26813ms raced     zr2c:child_oop_il
197        banked       261ms raced     flat
199        banked       277ms raced     2p
200        banked     14921ms raced     zr2c:child_oop_il
210        banked     29865ms raced     zr2c:child_oop_il
216        banked     44217ms raced     zr2c:child_nat_ip
224        banked     14664ms raced     zr2c:child_oop_il
225        banked        91ms replayed  2p
240        banked     31901ms raced     zr2c:child_oop_il
243        banked        91ms replayed  2p
250        banked      9168ms raced     zr2c:child_nat_ip
255        banked        91ms replayed  2p
256        banked      3531ms raced     zr2c:child_oop_il
270        banked     59279ms raced     zr2c:child_oop_il
288        banked     57891ms raced     zr2c:child_oop_il
293        banked       256ms raced     prime
294        banked     15646ms raced     zr2c:child_nat_ip
315        banked        92ms replayed  chain3
320        banked     25616ms raced     zr2c:child_oop_il
350        banked     15452ms raced     zr2c:child_oop_il
360        banked     96270ms raced     zr2c:child_oop_il
378        banked     57787ms raced     zr2c:child_oop_il
384        banked     55063ms raced     zr2c:child_oop_il
389        banked       262ms raced     prime
400        banked     18869ms raced     zr2c:child_oop_il
405        banked        92ms replayed  chain3
432        banked     48333ms raced     zr2c:child_oop_il
441        banked        90ms replayed  chain3
448        banked     22737ms raced     2p
450        banked     76000ms raced     zr2c:child_oop_il
480        banked     98273ms raced     zr2c:child_oop_il
486        banked     49991ms raced     zr2c:child_oop_il
487        banked       259ms raced     2p
490        banked     11436ms raced     zr2c:child_nat_ip
512        banked      4007ms raced     zr2c:child_oop_il
525        banked        92ms replayed  2p
576        banked     87696ms raced     zr2c:child_nat_ip
587        banked       262ms raced     prime
593        banked       303ms raced     2p
625        banked        92ms replayed  chain3
