2          REFUSED      123ms refused   mono
4          banked       148ms raced     mono
8          banked       147ms raced     mono
16         banked       154ms raced     zrp:4.4:n1t
32         banked       154ms raced     zrp:4.8:r2z
64         banked       160ms raced     zrp:4.16:r2z
128        banked       158ms raced     zrp:8.16:r2z
256        banked       166ms raced     zrp:16.16:r2z
512        banked       325ms raced     zr2c:child_oop_il
1024       banked       327ms raced     zr2c:child_oop_il
2048       banked       563ms raced     ztt
4096       banked       617ms raced     ztt
8192       banked       682ms raced     ztt
16384      banked       281ms raced     zr2c:child_oop_il
32768      banked     11417ms raced     zr2c:child_oop_il
65536      banked       714ms raced     zr2c:child_oop_il
131072     banked      2011ms raced     zr2c:child_oop_il
262144     banked      3630ms raced     zr2c:child_oop_il
524288     banked      6542ms raced     zr2c:child_nat_ip
1048576    banked       300ms raced     fs
2097152    banked       486ms raced     fs
4194304    banked       865ms raced     fs
8388608    banked      1741ms raced     fs
