2x64       banked       135ms replayed  chain
2x128      banked        88ms replayed  chain
2x256      banked        88ms replayed  chain
2x512      banked        89ms replayed  chain
3x64       banked       793ms raced     chain
3x128      banked       738ms raced     chain
3x256      banked       786ms raced     chain
3x512      banked       740ms raced     chain
5x64       banked       787ms raced     chain
5x128      banked       743ms raced     chain
5x256      banked       800ms raced     chain
5x512      banked       744ms raced     chain
6x64       banked       364ms raced     chain
6x128      banked       320ms raced     chain
6x256      banked       383ms raced     chain
6x512      banked       333ms raced     chain
7x64       banked       785ms raced     chain
7x128      banked       748ms raced     chain
7x256      banked       808ms raced     chain
7x512      banked       738ms raced     chain
9x64       banked      1010ms raced     chain
9x128      banked       747ms raced     chain
9x256      banked       806ms raced     chain
9x512      banked       745ms raced     chain
10x64      banked       365ms raced     chain
10x128     banked       318ms raced     chain
10x256     banked       385ms raced     chain
10x512     banked       325ms raced     chain
11x64      banked      1015ms raced     chain
11x128     banked       758ms raced     chain
11x256     banked       815ms raced     chain
11x512     banked       760ms raced     chain
12x64      banked       374ms raced     chain
12x128     banked       321ms raced     chain
12x256     banked       398ms raced     chain
12x512     banked       335ms raced     chain
13x64      banked       809ms raced     chain
13x128     banked       752ms raced     chain
13x256     banked       832ms raced     chain
13x512     banked       757ms raced     chain
14x64      banked       381ms raced     chain
14x128     banked       316ms raced     chain
14x256     banked       815ms raced     chain
14x512     banked       757ms raced     chain
15x64      banked      1045ms raced     chain
15x128     banked       766ms raced     chain
15x256     banked       815ms raced     chain
15x512     banked       760ms raced     chain
17x64      banked       815ms raced     chain
17x128     banked       744ms raced     chain
17x256     banked       864ms raced     chain
17x512     banked       760ms raced     chain
19x64      banked       814ms raced     chain
19x128     banked       757ms raced     chain
19x256     banked       859ms raced     chain
19x512     banked       767ms raced     chain
21x64      banked       833ms raced     chain
21x128     banked       748ms raced     chain
21x256     banked       823ms raced     chain
21x512     banked       754ms raced     chain
22x64      banked       393ms raced     chain
22x128     banked       335ms raced     chain
22x256     banked       404ms raced     chain
22x512     banked       340ms raced     chain
23x64      banked       836ms raced     chain
23x128     banked       763ms raced     chain
23x256     banked       873ms raced     chain
23x512     banked       773ms raced     chain
25x64      banked       825ms raced     chain
25x128     banked       759ms raced     chain
25x256     banked       828ms raced     chain
25x512     banked       753ms raced     chain
26x64      banked       416ms raced     chain
26x128     banked       329ms raced     chain
26x256     banked       427ms raced     chain
26x512     banked       331ms raced     chain
27x64      banked       855ms raced     chain
27x128     banked       758ms raced     chain
27x256     banked       843ms raced     chain
27x512     banked       754ms raced     chain
29x64      banked       875ms raced     chain
29x128     banked       772ms raced     chain
29x256     banked       897ms raced     chain
29x512     banked       770ms raced     chain
31x64      banked       873ms raced     chain
31x128     banked       764ms raced     chain
31x256     banked       897ms raced     chain
31x512     banked       780ms raced     chain
33x64      banked       836ms raced     chain
33x128     banked       756ms raced     chain
33x256     banked       820ms raced     chain
33x512     banked       774ms raced     chain
35x64      banked       814ms raced     chain
35x128     banked       749ms raced     chain
35x256     banked       818ms raced     chain
35x512     banked       768ms raced     chain
37x64      banked       871ms raced     chain
37x128     banked       764ms raced     chain
37x256     banked       853ms raced     chain
37x512     banked       770ms raced     chain
39x64      banked       821ms raced     chain
39x128     banked       758ms raced     chain
39x256     banked       843ms raced     chain
39x512     banked       778ms raced     chain
41x64      banked       873ms raced     chain
41x128     banked       765ms raced     chain
41x256     banked       860ms raced     chain
41x512     banked       763ms raced     chain
43x64      banked       876ms raced     chain
43x128     banked       757ms raced     chain
43x256     banked       854ms raced     chain
43x512     banked       776ms raced     chain
44x64      banked       828ms raced     chain
44x128     banked       755ms raced     chain
44x256     banked       859ms raced     chain
44x512     banked       776ms raced     chain
45x64      banked       822ms raced     chain
45x128     banked       760ms raced     chain
45x256     banked       838ms raced     chain
45x512     banked       775ms raced     chain
46x64      banked       845ms raced     chain
46x128     banked       771ms raced     chain
46x256     banked       855ms raced     chain
46x512     banked       769ms raced     chain
47x64      banked       882ms raced     chain
47x128     banked       764ms raced     chain
47x256     banked       868ms raced     chain
47x512     banked       776ms raced     chain
58x64      banked       849ms raced     chain
58x128     banked       757ms raced     chain
58x256     banked       886ms raced     chain
58x512     banked       766ms raced     chain
62x64      banked       851ms raced     chain
62x128     banked       757ms raced     chain
62x256     banked       847ms raced     chain
62x512     banked       767ms raced     chain
94x64      banked      1114ms raced     chain
94x128     banked       759ms raced     chain
94x256     banked       884ms raced     chain
94x512     banked       793ms raced     chain
