9          banked       126ms replayed  bridge
15         banked       127ms replayed  bridge
21         banked       123ms replayed  bridge
25         banked       123ms replayed  bridge
27         banked       124ms replayed  rfft
33         banked       124ms replayed  bridge
35         banked       124ms replayed  bridge
39         banked       124ms replayed  bridge
45         banked       124ms replayed  bridge
49         banked       123ms replayed  bridge
51         banked       124ms replayed  bridge
55         banked       125ms replayed  bridge
57         banked       124ms replayed  bridge
63         banked       124ms replayed  bridge
65         banked       124ms replayed  bridge
69         banked       124ms replayed  flat
75         banked       124ms replayed  bridge
77         banked       124ms replayed  bridge
81         banked       123ms replayed  bridge
85         banked       127ms replayed  bridge
87         banked       128ms replayed  prime
91         banked       126ms replayed  bridge
93         banked       125ms replayed  flat
95         banked       123ms replayed  bridge
99         banked       122ms replayed  bridge
105        banked       123ms replayed  bridge
111        banked       124ms replayed  2p
115        banked       123ms replayed  2p
117        banked       123ms replayed  bridge
119        banked       126ms replayed  bridge
121        banked       127ms replayed  bridge
123        banked       126ms replayed  prime
125        banked       125ms replayed  bridge
129        banked       123ms replayed  2p
133        banked       123ms replayed  bridge
135        banked       124ms replayed  bridge
141        banked       124ms replayed  2p
143        banked       125ms replayed  bridge
145        banked       126ms replayed  2p
147        banked       128ms replayed  bridge
153        banked       127ms replayed  bridge
155        banked       125ms replayed  2p
161        banked       127ms replayed  2p
165        banked       123ms replayed  bridge
169        banked       124ms replayed  bridge
171        banked       125ms replayed  bridge
175        banked       124ms replayed  bridge
185        banked       125ms replayed  2p
187        banked       126ms replayed  bridge
189        banked       126ms replayed  bridge
195        banked       125ms replayed  bridge
203        banked       124ms replayed  prime
205        banked       124ms replayed  2p
207        banked       126ms replayed  prime
209        banked       128ms replayed  bridge
215        banked       124ms replayed  prime
217        banked       129ms replayed  2p
221        banked       131ms replayed  bridge
225        banked       127ms replayed  bridge
231        banked       125ms replayed  bridge
235        banked       129ms replayed  2p
243        banked       124ms replayed  bridge
245        banked       140ms replayed  bridge
247        banked       125ms replayed  bridge
253        banked       126ms replayed  2p
255        banked       124ms replayed  bridge
259        banked       123ms replayed  flat
261        banked       125ms replayed  2p
273        banked       124ms replayed  bridge
275        banked       124ms replayed  bridge
279        banked       123ms replayed  prime
285        banked       127ms replayed  bridge
287        banked       125ms replayed  2p
289        banked       123ms replayed  bridge
297        banked       123ms replayed  bridge
299        banked       128ms replayed  prime
301        banked       127ms replayed  2p
315        banked       125ms replayed  bridge
319        banked       123ms replayed  prime
323        banked       123ms replayed  bridge
325        banked       124ms replayed  bridge
329        banked       123ms replayed  2p
333        banked       125ms replayed  prime
341        banked       126ms replayed  2p
343        banked       124ms replayed  bridge
345        banked       125ms replayed  2p
351        banked       123ms replayed  bridge
357        banked       126ms replayed  bridge
361        banked       122ms replayed  bridge
363        banked       125ms replayed  bridge
369        banked       123ms replayed  2p
375        banked       126ms replayed  bridge
377        banked       124ms replayed  2p
385        banked       126ms replayed  bridge
387        banked       128ms replayed  prime
391        banked       124ms replayed  chain3
399        banked       122ms replayed  bridge
403        banked       126ms replayed  prime
405        banked       124ms replayed  bridge
407        banked       124ms replayed  2p
423        banked       123ms replayed  prime
425        banked       124ms replayed  bridge
429        banked       123ms replayed  bridge
435        banked       126ms replayed  2p
437        banked       127ms replayed  prime
441        banked       123ms replayed  bridge
451        banked       125ms replayed  2p
455        banked       127ms replayed  bridge
459        banked       124ms replayed  bridge
465        banked       124ms replayed  flat
473        banked       124ms replayed  prime
475        banked       126ms replayed  bridge
481        banked       123ms replayed  2p
483        banked       131ms replayed  prime
493        banked       135ms replayed  2p
495        banked       126ms replayed  bridge
507        banked       125ms replayed  bridge
513        banked       125ms replayed  bridge
517        banked       122ms replayed  2p
525        banked       126ms replayed  bridge
527        banked       125ms replayed  prime
529        banked       124ms replayed  chain3
533        banked       125ms replayed  flat
539        banked       127ms replayed  bridge
551        banked       126ms replayed  chain3
555        banked       126ms replayed  prime
559        banked       124ms replayed  2p
561        banked       124ms replayed  bridge
567        banked       124ms replayed  bridge
575        banked       124ms replayed  2p
585        banked       125ms replayed  bridge
589        banked       126ms replayed  chain3
595        banked       129ms replayed  bridge
605        banked       123ms replayed  bridge
609        banked       124ms replayed  2p
611        banked       124ms replayed  prime
615        banked       124ms replayed  prime
621        banked       127ms replayed  2p
625        banked       124ms replayed  bridge
627        banked       125ms replayed  bridge
629        banked       123ms replayed  prime
637        banked       124ms replayed  bridge
645        banked       138ms replayed  flat
651        banked       128ms replayed  2p
663        banked       124ms replayed  bridge
665        banked       124ms replayed  bridge
667        banked       126ms replayed  2p
675        banked       123ms replayed  bridge
693        banked       124ms replayed  bridge
697        banked       127ms replayed  2p
703        banked       128ms replayed  chain3
705        banked       133ms replayed  2p
713        banked       130ms replayed  prime
715        banked       126ms replayed  bridge
725        banked       124ms replayed  prime
729        banked       123ms replayed  bridge
731        banked       124ms replayed  prime
735        banked       126ms replayed  bridge
741        banked       124ms replayed  bridge
759        banked       124ms replayed  prime
765        banked       127ms replayed  bridge
775        banked       126ms replayed  2p
777        banked       127ms replayed  prime
779        banked       124ms replayed  prime
783        banked       126ms replayed  2p
799        banked       125ms replayed  chain3
805        banked       124ms replayed  prime
817        banked       124ms replayed  chain3
819        banked       126ms replayed  bridge
825        banked       125ms replayed  bridge
833        banked       127ms replayed  bridge
837        banked       124ms replayed  flat
841        banked       127ms replayed  chain3
845        banked       125ms replayed  bridge
847        banked       127ms replayed  bridge
851        banked       128ms replayed  2p
855        banked       124ms replayed  bridge
861        banked       124ms replayed  2p
867        banked       124ms replayed  bridge
875        banked       125ms replayed  bridge
891        banked       124ms replayed  bridge
893        banked       123ms replayed  prime
897        banked       124ms replayed  chain3
899        banked       125ms replayed  prime
903        banked       127ms replayed  2p
925        banked       124ms replayed  chain3
931        banked       124ms replayed  bridge
935        banked       124ms replayed  bridge
943        banked       125ms replayed  prime
945        banked       124ms replayed  bridge
957        banked       124ms replayed  prime
961        banked       125ms replayed  2p
969        banked       125ms replayed  bridge
975        banked       124ms replayed  bridge
987        banked       125ms replayed  2p
989        banked       126ms replayed  flat
999        banked       127ms replayed  prime
1001       banked       125ms replayed  bridge
1015       banked       125ms replayed  chain3
1023       banked       124ms replayed  prime
1025       banked       126ms replayed  2p
1029       banked       124ms replayed  bridge
1035       banked       124ms replayed  flat
1045       banked       124ms replayed  bridge
1053       banked       127ms replayed  bridge
1071       banked       125ms replayed  bridge
1073       banked       127ms replayed  prime
1075       banked       128ms replayed  prime
1081       banked       126ms replayed  chain3
1083       banked       128ms replayed  bridge
1085       banked       124ms replayed  prime
1089       banked       126ms replayed  bridge
1105       banked       123ms replayed  bridge
1107       banked       124ms replayed  prime
1125       banked       125ms replayed  bridge
1127       banked       126ms replayed  prime
1131       banked       126ms replayed  prime
1147       banked       128ms replayed  prime
1155       banked       125ms replayed  bridge
1161       banked       123ms replayed  chain3
1173       banked       124ms replayed  prime
1175       banked       125ms replayed  prime
1183       banked       124ms replayed  bridge
1189       banked       127ms replayed  chain3
1197       banked       126ms replayed  bridge
1209       banked       125ms replayed  prime
1215       banked       129ms replayed  bridge
1221       banked       126ms replayed  prime
1225       banked       125ms replayed  bridge
1235       banked       123ms replayed  bridge
1247       banked       124ms replayed  prime
1265       banked       126ms replayed  prime
1269       banked       126ms replayed  prime
1271       banked       126ms replayed  prime
1275       banked       123ms replayed  bridge
1287       banked       125ms replayed  bridge
1295       banked       125ms replayed  prime
1305       banked       124ms replayed  prime
1309       banked       125ms replayed  bridge
1311       banked       124ms replayed  prime
1323       banked       123ms replayed  bridge
1331       banked       124ms replayed  bridge
1333       banked       123ms replayed  chain3
1353       banked       124ms replayed  chain3
1363       banked       127ms replayed  prime
1365       banked       127ms replayed  bridge
1369       banked       126ms replayed  chain3
1375       banked       125ms replayed  bridge
1377       banked       124ms replayed  bridge
1395       banked       124ms replayed  2p
1419       banked       126ms replayed  prime
1421       banked       124ms replayed  prime
1425       banked       123ms replayed  bridge
1435       banked       126ms replayed  prime
1443       banked       126ms replayed  prime
1445       banked       136ms replayed  bridge
1449       banked       126ms replayed  prime
1457       banked       124ms replayed  chain3
1463       banked       124ms replayed  bridge
1479       banked       126ms replayed  prime
1485       banked       125ms replayed  bridge
1495       banked       123ms replayed  prime
1505       banked       129ms replayed  flat
1517       banked       129ms replayed  prime
1519       banked       124ms replayed  flat
1521       banked       123ms replayed  bridge
1539       banked       123ms replayed  bridge
1547       banked       122ms replayed  bridge
1551       banked       128ms replayed  2p
1573       banked       129ms replayed  bridge
1575       banked       125ms replayed  bridge
1581       banked       124ms replayed  prime
1587       banked       124ms replayed  prime
1591       banked       125ms replayed  prime
1595       banked       126ms replayed  prime
1599       banked       124ms replayed  2p
1615       banked       126ms replayed  bridge
1617       banked       127ms replayed  bridge
1625       banked       127ms replayed  bridge
1645       banked       124ms replayed  prime
1653       banked       123ms replayed  prime
1665       banked       129ms replayed  2p
1677       banked       127ms replayed  prime
1681       banked       123ms replayed  chain3
1683       banked       125ms replayed  bridge
1701       banked       125ms replayed  bridge
1705       banked       124ms replayed  prime
1715       banked       123ms replayed  bridge
1725       banked       123ms replayed  prime
1729       banked       123ms replayed  bridge
1739       banked       124ms replayed  prime
1755       banked       124ms replayed  bridge
1763       banked       125ms replayed  prime
1767       banked       124ms replayed  prime
1771       banked       124ms replayed  prime
1785       banked       127ms replayed  bridge
1805       banked       124ms replayed  bridge
1813       banked       123ms replayed  prime
1815       banked       126ms replayed  bridge
1827       banked       127ms replayed  prime
1833       banked       128ms replayed  prime
1845       banked       123ms replayed  prime
1849       banked       125ms replayed  chain3
1859       banked       123ms replayed  bridge
1863       banked       124ms replayed  flat
1875       banked       123ms replayed  bridge
1881       banked       124ms replayed  bridge
1885       banked       126ms replayed  prime
1887       banked       124ms replayed  2p
1911       banked       126ms replayed  bridge
1925       banked       125ms replayed  bridge
1927       banked       126ms replayed  prime
1935       banked       124ms replayed  prime
1953       banked       125ms replayed  prime
1955       banked       124ms replayed  prime
1989       banked       124ms replayed  bridge
1995       banked       125ms replayed  bridge
2001       banked       124ms replayed  chain3
2009       banked       141ms replayed  prime
2015       banked       129ms replayed  prime
2021       banked       124ms replayed  prime
2023       banked       124ms replayed  bridge
2025       banked       124ms replayed  bridge
2035       banked       123ms replayed  prime
