2026-10-01 02:09:06 run: 324 cells, contract out of place, bin C:\Users\Tugbars\Desktop\highSpeedFFT\gauntlet
2026-10-01 02:09:06 calibrate: 324 cells (0 already done)
2026-10-01 02:09:09   calibrated 25/324 (99), 3 s elapsed
2026-10-01 02:09:13   calibrated 50/324 (189), 7 s elapsed
2026-10-01 02:09:16   calibrated 75/324 (297), 10 s elapsed
2026-10-01 02:09:19   calibrated 100/324 (407), 13 s elapsed
2026-10-01 02:09:23   calibrated 125/324 (551), 17 s elapsed
2026-10-01 02:09:26   calibrated 150/324 (697), 20 s elapsed
2026-10-01 02:09:29   calibrated 175/324 (847), 23 s elapsed
2026-10-01 02:09:33   calibrated 200/324 (1023), 27 s elapsed
2026-10-01 02:09:36   calibrated 225/324 (1197), 30 s elapsed
2026-10-01 02:09:39   calibrated 250/324 (1395), 33 s elapsed
2026-10-01 02:09:43   calibrated 275/324 (1595), 37 s elapsed
2026-10-01 02:09:46   calibrated 300/324 (1827), 40 s elapsed
2026-10-01 02:09:49   calibrated 324/324 (2035), 43 s elapsed
2026-10-01 02:09:49 bench: 324 cells (0 already benched, 0 not banked -> not benched)
2026-10-01 02:10:30   benched 25/324 (99), 39 s elapsed
2026-10-01 02:11:12   benched 50/324 (189), 81 s elapsed
2026-10-01 02:11:54   benched 75/324 (297), 123 s elapsed
2026-10-01 02:12:39   benched 100/324 (407), 168 s elapsed
2026-10-01 02:13:23   benched 125/324 (551), 212 s elapsed
2026-10-01 02:14:07   benched 150/324 (697), 256 s elapsed
2026-10-01 02:14:52   benched 175/324 (847), 301 s elapsed
2026-10-01 02:15:39   benched 200/324 (1023), 348 s elapsed
2026-10-01 02:16:24   benched 225/324 (1197), 394 s elapsed
2026-10-01 02:17:10   benched 250/324 (1395), 439 s elapsed
2026-10-01 02:17:57   benched 275/324 (1595), 486 s elapsed
2026-10-01 02:18:44   benched 300/324 (1827), 534 s elapsed
2026-10-01 02:19:30   benched 324/324 (2035), 579 s elapsed
2026-10-01 02:19:31 report: C:\Users\Tugbars\Desktop\highSpeedFFT\gauntlet\results\zrf2_odd_r2c_fftw_2026-10-01\report_r2c_fftw.md
