2x2        banked      1709ms raced     mono
2x4        banked      1653ms raced     mono
2x8        banked      1654ms raced     mono
2x16       banked      3476ms raced     2p
2x32       banked      6291ms raced     2p
2x64       banked      7079ms raced     2p
2x128      banked     11279ms raced     2p
2x256      banked     12146ms raced     2p
2x512      banked     13903ms raced     2p
2x1024     banked     17844ms raced     ztt
2x2048     banked     20989ms raced     ztt
2x4096     banked     42369ms raced     ztt
2x8192     banked     55141ms raced     ztt
4x2        banked      1676ms raced     mono
4x4        banked      1669ms raced     mono
4x8        banked      1660ms raced     mono
4x16       banked      3497ms raced     2p
4x32       banked      6262ms raced     2p
4x64       banked      7083ms raced     2p
4x128      banked     10983ms raced     2p
4x256      banked     12142ms raced     2p
4x512      banked     13869ms raced     2p
4x1024     banked     17864ms raced     ztt
4x2048     banked     20995ms raced     ztt
4x4096     banked     42535ms raced     ztt
4x8192     banked     55037ms raced     ztt
8x2        banked      1657ms raced     mono
8x4        banked      1688ms raced     mono
8x8        banked      1649ms raced     mono
8x16       banked      3467ms raced     2p
8x32       banked      6345ms raced     2p
8x64       banked      7099ms raced     2p
8x128      banked     11000ms raced     2p
8x256      banked     12105ms raced     2p
8x512      banked     13795ms raced     2p
8x1024     banked     17893ms raced     ztt
8x2048     banked     20928ms raced     ztt
8x4096     banked     42519ms raced     ztt
8x8192     banked     55030ms raced     ztt
16x2       banked      2681ms raced     mono
16x4       banked      2702ms raced     mono
16x8       banked      2699ms raced     mono
16x16      banked      4514ms raced     2p
16x32      banked      7338ms raced     2p
16x64      banked      8066ms raced     2p
16x128     banked     10992ms raced     2p
16x256     banked     12197ms raced     2p
16x512     banked     13823ms raced     2p
16x1024    banked     18110ms raced     ztt
16x2048    banked     21003ms raced     ztt
16x4096    banked     42495ms raced     ztt
16x8192    banked     54940ms raced     ztt
32x2       banked      4164ms raced     mono
32x4       banked      4231ms raced     mono
32x8       banked      4180ms raced     mono
32x16      banked      6035ms raced     2p
32x32      banked      8838ms raced     2p
32x64      banked      9606ms raced     2p
32x128     banked     11066ms raced     2p
32x256     banked     12130ms raced     2p
32x512     banked     13935ms raced     2p
32x1024    banked     18256ms raced     ztt
32x2048    banked     20994ms raced     ztt
32x4096    banked     42606ms raced     ztt
32x8192    banked     54882ms raced     ztt
64x2       banked      4216ms raced     mono
64x4       banked      4333ms raced     mono
64x8       banked      4236ms raced     mono
64x16      banked      6026ms raced     2p
64x32      banked      8836ms raced     2p
64x64      banked       153ms replayed  2p
64x128     banked     11270ms raced     2p
64x256     banked     12172ms raced     2p
64x512     banked     13866ms raced     2p
64x1024    banked     17887ms raced     ztt
64x2048    banked     20975ms raced     ztt
64x4096    banked     42431ms raced     ztt
64x8192    banked     54971ms raced     ztt
128x2      banked      6293ms raced     mono
128x4      banked      6155ms raced     mono
128x8      banked      6084ms raced     mono
128x16     banked      7114ms raced     2p
128x32     banked      8612ms raced     2p
128x64     banked      8912ms raced     2p
128x128    banked      5554ms raced     2p
128x256    banked      6206ms raced     2p
128x512    banked      7011ms raced     2p
128x1024   banked      9200ms raced     ztt
128x2048   banked     10689ms raced     ztt
128x4096   banked     21424ms raced     ztt
128x8192   banked     27476ms raced     ztt
256x2      banked      6851ms raced     mono
256x4      banked      6929ms raced     mono
256x8      banked      6656ms raced     mono
256x16     banked      7678ms raced     2p
256x32     banked      9000ms raced     2p
256x64     banked       169ms replayed  2p
256x128    banked      5635ms raced     2p
256x256    banked      6162ms raced     2p
256x512    banked      6978ms raced     2p
256x1024   banked      8951ms raced     ztt
256x2048   banked     10727ms raced     ztt
256x4096   banked     21351ms raced     ztt
256x8192   banked     27802ms raced     ztt
512x2      banked      7751ms raced     mono
512x4      banked      7471ms raced     mono
512x8      banked      7526ms raced     mono
512x16     banked      8534ms raced     2p
512x32     banked      9827ms raced     2p
512x64     banked     10027ms raced     2p
512x128    banked      5591ms raced     2p
512x256    banked      6164ms raced     2p
512x512    banked      6988ms raced     2p
512x1024   banked      9264ms raced     ztt
512x2048   banked     10689ms raced     ztt
512x4096   banked     21376ms raced     ztt
512x8192   banked     44124ms raced     ztt
1024x2     banked      9639ms raced     mono
1024x4     banked      9617ms raced     mono
1024x8     banked      9646ms raced     mono
1024x16    banked     10459ms raced     2p
1024x32    banked     12001ms raced     2p
1024x64    banked     12245ms raced     2p
1024x128   banked      5638ms raced     2p
1024x256   banked      6192ms raced     2p
1024x512   banked      7041ms raced     2p
1024x1024  banked      9120ms raced     ztt
1024x2048  banked     10682ms raced     ztt
1024x4096  banked     21424ms raced     ztt
2048x2     banked     11397ms raced     mono
2048x4     banked     11425ms raced     mono
2048x8     banked     11147ms raced     mono
2048x16    banked     12474ms raced     2p
2048x32    banked     13736ms raced     2p
2048x64    banked     13993ms raced     2p
2048x128   banked      5823ms raced     2p
2048x256   banked      6203ms raced     2p
2048x512   banked      7010ms raced     2p
2048x1024  banked      9339ms raced     ztt
2048x2048  banked     11585ms raced     ztt
4096x2     banked     21938ms raced     mono
4096x4     banked     21895ms raced     mono
4096x8     banked     22220ms raced     mono
4096x16    banked     23356ms raced     2p
4096x32    banked     24498ms raced     2p
4096x64    banked     24799ms raced     2p
4096x128   banked      5819ms raced     2p
4096x256   banked      6417ms raced     2p
4096x512   banked      7233ms raced     2p
4096x1024  banked     55407ms raced     ztt
8192x2     banked     28438ms raced     mono
8192x4     banked     28190ms raced     mono
8192x8     banked     28213ms raced     mono
8192x16    banked     29248ms raced     2p
8192x32    banked     30724ms raced     2p
8192x64    banked     30804ms raced     2p
8192x128   banked      5826ms raced     2p
8192x256   banked      6723ms raced     2p
8192x512   banked     66392ms raced     2p
