2026-09-25 21:33:35 store: fresh copy of the shipped wisdom (C:\Users\Tugbars\Desktop\highSpeedFFT\src\wisdom)
2026-09-25 21:33:35 run: 534 cells, contract out of place, T=8, bin C:\Users\Tugbars\Desktop\highSpeedFFT\gauntlet
2026-09-25 21:33:35 calibrate: 534 cells (0 already done), RECALIBRATE (every cell re-raced)
2026-09-25 21:35:44   calibrated 25/534 (4x4x4), 129 s elapsed
2026-09-25 21:37:44   calibrated 50/534 (4x4096x256), 249 s elapsed
2026-09-25 21:39:39   calibrated 75/534 (8x1024x512), 364 s elapsed
2026-09-25 21:41:10   calibrated 100/534 (16x4x4096), 455 s elapsed
2026-09-25 21:42:45   calibrated 125/534 (16x64x4), 550 s elapsed
2026-09-25 21:43:58   calibrated 150/534 (16x512x2), 623 s elapsed
2026-09-25 21:45:06   calibrated 175/534 (16x4096x32), 691 s elapsed
2026-09-25 21:46:45   calibrated 200/534 (32x8x128), 790 s elapsed
2026-09-25 21:48:18   calibrated 225/534 (32x64x2), 883 s elapsed
2026-09-25 21:49:28   calibrated 250/534 (32x512x2), 953 s elapsed
2026-09-25 21:50:37   calibrated 275/534 (32x8192x2), 1022 s elapsed
2026-09-25 21:52:06   calibrated 300/534 (64x16x8), 1111 s elapsed
2026-09-25 21:53:20   calibrated 325/534 (64x256x8), 1185 s elapsed
2026-09-25 21:54:47   calibrated 350/534 (128x2x4096), 1272 s elapsed
2026-09-25 21:56:26   calibrated 375/534 (128x16x32), 1370 s elapsed
2026-09-25 21:57:40   calibrated 400/534 (128x128x32), 1445 s elapsed
2026-09-25 21:58:56   calibrated 425/534 (128x2048x16), 1521 s elapsed
2026-09-25 22:00:11   calibrated 450/534 (256x8x128), 1596 s elapsed
2026-09-25 22:01:17   calibrated 475/534 (512x2x4096), 1662 s elapsed
2026-09-25 22:02:32   calibrated 500/534 (512x128x64), 1737 s elapsed
2026-09-25 22:03:41   calibrated 525/534 (4096x16x4), 1805 s elapsed
2026-09-25 22:04:01   calibrated 534/534 (8192x32x4), 1826 s elapsed
2026-09-25 22:04:01 bench: 534 cells (0 already benched, 0 not banked -> not benched)
2026-09-25 22:05:15   benched 25/534 (4x4x4), 70 s elapsed
2026-09-25 22:06:21   benched 50/534 (4x4096x256), 137 s elapsed
2026-09-25 22:07:23   benched 75/534 (8x1024x512), 199 s elapsed
2026-09-25 22:08:16   benched 100/534 (16x4x4096), 252 s elapsed
2026-09-25 22:08:59   benched 125/534 (16x64x4), 295 s elapsed
2026-09-25 22:09:48   benched 150/534 (16x512x2), 344 s elapsed
2026-09-25 22:10:40   benched 175/534 (16x4096x32), 396 s elapsed
2026-09-25 22:11:28   benched 200/534 (32x8x128), 444 s elapsed
2026-09-25 22:12:09   benched 225/534 (32x64x2), 485 s elapsed
2026-09-25 22:12:55   benched 250/534 (32x512x2), 531 s elapsed
2026-09-25 22:13:44   benched 275/534 (32x8192x2), 580 s elapsed
2026-09-25 22:14:30   benched 300/534 (64x16x8), 626 s elapsed
2026-09-25 22:15:15   benched 325/534 (64x256x8), 671 s elapsed
2026-09-25 22:16:10   benched 350/534 (128x2x4096), 726 s elapsed
2026-09-25 22:16:56   benched 375/534 (128x16x32), 772 s elapsed
2026-09-25 22:17:45   benched 400/534 (128x128x32), 821 s elapsed
2026-09-25 22:18:37   benched 425/534 (128x2048x16), 873 s elapsed
2026-09-25 22:19:22   benched 450/534 (256x8x128), 918 s elapsed
2026-09-25 22:20:05   benched 475/534 (512x2x4096), 961 s elapsed
2026-09-25 22:21:00   benched 500/534 (512x128x64), 1015 s elapsed
2026-09-25 22:21:49   benched 525/534 (4096x16x4), 1065 s elapsed
2026-09-25 22:22:05   benched 534/534 (8192x32x4), 1081 s elapsed
# gauntlet report (3D)

run: `3d_mt8_rerace_2026-09-25`  contract: 3D c2c interleaved, natural, out of place, K=1_mt8  cells: 534 listed, 534 benched, comparator: MKL DFTI 3D (out of place)

control cell 64x64x64: 14 readings, 1.350..1.562

threaded plans that ran serial (engaged = 0 at both flips): 3: 2x2x2, 4x4x4, 8x8x8


## every shape

```
       shape  N1 factors   route  served       ours ns     cmp ns       x   GFLOPS   rt err
       2x2x2  2            chain  replayed          38         25    0.65      3.1  5.6e-17
   2x16x2048  2            chain  raced          79947      96578    1.20     65.6  4.1e-16
    2x32x512  2            chain  raced          46239      49618    1.03     53.1  3.6e-16
    2x64x512  2            chain  raced         100603      92840    0.88     52.1  4.4e-16
  2x128x4096  2            chain  raced        1675950    1654618    0.97     62.6  3.2e-15
  2x128x8192  2            chain  raced        4742925    3905925    0.79     46.4  5.3e-15
   2x256x128  2            chain  raced          90250      99798    1.07     58.1  4.7e-16
  2x256x2048  2            chain  raced        1650050    1779093    1.07     63.5  3.6e-15
  2x256x4096  2            chain  raced        4525325    4010575    0.88     48.7  5.6e-15
  2x256x8192  2            chain  raced       11167438    9665519    0.86     41.3  6.8e-15
  2x512x2048  2            chain  raced        4591500    4112212    0.87     48.0  5.2e-15
  2x512x4096  2            chain  raced       11116950    9885050    0.89     41.5  6.1e-15
   2x1024x32  2            chain  raced          70550     102567    1.42     74.3  4.3e-16
 2x1024x2048  2            chain  raced       11367262   10375706    0.91     40.6  6.1e-15
  2x2048x128  2            chain  raced         847525    1003900    1.18     58.8  2.4e-15
  2x2048x512  2            chain  raced        4749875    4890631    0.97     46.4  5.3e-15
 2x2048x1024  2            chain  raced       11437600   12228225    1.01     40.3  6.7e-15
   2x4096x16  2            chain  raced         167827     206926    1.09     66.4  5.2e-16
  2x4096x128  2            chain  raced        2075113    2258650    1.07     50.5  3.2e-15
  2x4096x256  2            chain  raced        5472650    5062268    0.89     40.2  5.6e-15
   2x8192x16  2            chain  raced         430350     480349    1.11     54.8  1.0e-15
   2x8192x64  2            chain  raced        2278562    2245456    0.92     46.0  3.0e-15
  2x8192x128  2            chain  raced        5308425    5414668    0.98     41.5  5.1e-15
  2x8192x256  2            chain  raced       11655863   12479375    1.06     39.6  6.5e-15
       4x4x4  2^2          chain  replayed          84         71    0.84     22.7  3.3e-16
   4x32x8192  2^2          chain  raced         772938     780906    0.95    135.7  2.6e-15
   4x64x8192  2^2          chain  raced        3146600    1853519    0.58     70.0  2.9e-15
  4x128x2048  2^2          chain  raced         904688     802737    0.86    115.9  2.4e-15
  4x128x4096  2^2          chain  raced        4194925    1947606    0.46     52.5  2.6e-15
  4x128x8192  2^2          chain  raced        8917862    5728006    0.60     51.7  7.5e-15
  4x256x1024  2^2          chain  raced         835275     856431    1.01    125.5  2.5e-15
  4x256x2048  2^2          chain  raced        3410250    1951850    0.57     64.6  2.5e-15
  4x256x4096  2^2          chain  raced        8448687    5532750    0.65     54.6  7.4e-15
    4x512x32  2^2          chain  raced          38727      55022    1.14    135.4  5.4e-16
   4x512x512  2^2          chain  raced         927350     915075    0.97    113.1  2.4e-15
  4x512x1024  2^2          chain  raced        3119525    2150919    0.68     70.6  2.7e-15
  4x512x2048  2^2          chain  raced        8880237    5961200    0.67     52.0  6.6e-15
   4x1024x16  2^2          chain  raced          53350      55936    1.03     98.3  4.2e-16
  4x1024x256  2^2          chain  raced        1002688     948212    0.93    104.6  2.3e-15
  4x1024x512  2^2          chain  raced        3130825    2418794    0.76     70.3  2.8e-15
 4x1024x1024  2^2          chain  raced        8412250    6704412    0.77     54.8  7.7e-15
  4x2048x128  2^2          chain  raced        1136575    1085325    0.94     92.3  2.5e-15
  4x2048x256  2^2          chain  raced        3215088    2665194    0.81     68.5  2.4e-15
  4x2048x512  2^2          chain  raced        8409463    7186237    0.84     54.9  7.4e-15
    4x4096x4  2^2          chain  raced          46947      63353    1.21    111.7  4.4e-16
    4x4096x8  2^2          chain  raced          79727     103346    1.26    139.7  5.6e-16
   4x4096x16  2^2          chain  raced         180987     199737    1.07    130.4  8.4e-16
   4x4096x64  2^2          chain  raced        1188987    1073919    0.85     88.2  2.5e-15
  4x4096x128  2^2          chain  raced        3472138    2874887    0.81     63.4  2.8e-15
  4x4096x256  2^2          chain  raced        9204138    7237600    0.78     50.1  7.3e-15
   4x8192x16  2^2          chain  raced         473063     501131    1.05    105.3  1.8e-15
   4x8192x32  2^2          chain  raced        1284488    1122325    0.85     81.6  2.6e-15
   4x8192x64  2^2          chain  raced        3854075    2892274    0.71     57.1  2.6e-15
  4x8192x128  2^2          chain  raced        8709762    7737737    0.88     53.0  6.6e-15
       8x8x8  2^3          chain  raced            385        363    0.94     59.8  2.4e-16
   8x16x8192  2^3          chain  raced         362950     420374    1.03    288.9  1.3e-15
    8x32x256  2^3          chain  raced          22920      27150    1.14    228.7  4.3e-16
   8x32x8192  2^3          chain  raced        2616475    1153237    0.43     84.2  2.0e-15
    8x64x512  2^3          chain  raced          83600     103725    1.22    282.2  5.7e-16
   8x64x4096  2^3          chain  raced        2525562    1120849    0.44     87.2  2.0e-15
   8x64x8192  2^3          chain  raced        7173588    4347106    0.60     64.3  3.5e-15
   8x128x512  2^3          chain  raced         200438     215912    0.94    248.5  1.1e-15
  8x128x1024  2^3          chain  raced         503475     426756    0.83    208.3  1.4e-15
  8x128x2048  2^3          chain  raced        3397188    1204456    0.34     64.8  2.0e-15
  8x128x4096  2^3          chain  raced        9445837    4709006    0.47     48.8  3.2e-15
   8x256x512  2^3          chain  raced         541175     424643    0.76    193.8  1.3e-15
  8x256x1024  2^3          chain  raced        2717075    1287975    0.45     81.0  2.1e-15
  8x256x2048  2^3          chain  raced        7576650    4503450    0.59     60.9  3.5e-15
    8x512x16  2^3          chain  raced          26240      28538    1.00    199.8  5.3e-16
   8x512x256  2^3          chain  raced         562587     456306    0.78    186.4  1.3e-15
   8x512x512  2^3          chain  raced        2694537    1438862    0.50     81.7  2.0e-15
  8x512x1024  2^3          chain  raced        7257500    4727275    0.65     63.6  3.7e-15
  8x1024x128  2^3          chain  raced         553025     517300    0.91    189.6  1.4e-15
  8x1024x256  2^3          chain  raced        2631138    1450412    0.54     83.7  2.1e-15
  8x1024x512  2^3          chain  raced        7175000    4933724    0.67     64.3  3.4e-15
   8x2048x16  2^3          chain  raced         101287     115537    1.02    232.9  5.3e-16
   8x2048x64  2^3          chain  raced         564062     514112    0.91    185.9  1.3e-15
  8x2048x128  2^3          chain  raced        2760487    1767875    0.63     79.8  2.0e-15
  8x2048x256  2^3          chain  raced        7603450    5144456    0.67     60.7  3.6e-15
    8x4096x2  2^3          chain  raced          27570      37331    1.23    190.2  4.3e-16
   8x4096x16  2^3          chain  raced         252687     253425    0.98    197.1  1.0e-15
   8x4096x32  2^3          chain  raced         637375     515950    0.80    164.5  1.3e-15
   8x4096x64  2^3          chain  raced        3048100    1587943    0.51     72.2  1.9e-15
  8x4096x128  2^3          chain  raced        8183087    5441093    0.66     56.4  3.3e-15
   8x8192x16  2^3          chain  raced         633050     584456    0.92    165.6  1.3e-15
   8x8192x32  2^3          chain  raced        3202862    1887137    0.55     68.8  2.0e-15
   8x8192x64  2^3          chain  raced        9017800    5726268    0.62     51.2  3.8e-15
    16x2x128  2^4          chain  raced           2691       9830    3.29     91.3  4.0e-16
    16x2x256  2^4          chain  raced           4067      14914    3.01    130.9  3.7e-16
    16x2x512  2^4          chain  raced           9039      23136    2.48    126.9  4.1e-16
   16x2x1024  2^4          chain  raced          13821      36224    2.58    177.8  5.0e-16
   16x2x2048  2^4          chain  raced          22413      68918    3.04    233.9  4.8e-16
   16x2x4096  2^4          chain  raced          44607     130676    2.66    249.8  4.5e-16
     16x4x64  2^4          chain  raced           2787       8360    2.92     88.2  3.2e-16
    16x4x128  2^4          chain  raced           4951       9986    1.93    107.6  4.2e-16
    16x4x256  2^4          chain  raced           7167      16157    1.93    160.0  3.3e-16
    16x4x512  2^4          chain  raced          17261      23045    1.30    142.4  3.8e-16
   16x4x1024  2^4          chain  raced          19107      40875    2.06    274.4  4.4e-16
   16x4x2048  2^4          chain  raced          40773      75026    1.81    273.2  3.9e-16
   16x4x4096  2^4          chain  raced          85213     152549    1.74    276.9  4.1e-16
     16x8x32  2^4          chain  raced           2702       3694    1.35     91.0  2.6e-16
     16x8x64  2^4          chain  raced           4961       5758    1.08    107.3  3.2e-16
    16x8x128  2^4          chain  raced           7364       9216    0.98    155.7  3.9e-16
    16x8x512  2^4          chain  raced          18270      24961    1.31    287.0  4.2e-16
   16x8x1024  2^4          chain  raced          37873      49946    1.28    294.2  4.7e-16
   16x8x2048  2^4          chain  raced          76937      99950    1.26    306.7  4.1e-16
   16x8x4096  2^4          chain  raced         154675     204312    1.31    322.0  9.9e-16
    16x16x16  2^4          chain  raced           2891       2962    0.95     85.0  3.0e-16
    16x16x32  2^4          chain  raced           5420       4329    0.73     98.2  3.9e-16
    16x16x64  2^4          chain  raced           7615       7990    0.79    150.6  3.7e-16
   16x16x128  2^4          chain  raced          15862      14780    0.79    154.9  3.2e-16
   16x16x256  2^4          chain  raced          18397      28880    1.43    285.0  3.7e-16
   16x16x512  2^4          chain  raced          38767      57020    1.38    287.4  3.5e-16
  16x16x1024  2^4          chain  raced          77575     115324    1.46    304.1  5.3e-16
  16x16x8192  2^4          chain  raced        1208237    1208050    0.94    182.2  1.8e-15
     16x32x8  2^4          chain  raced           2537       4705    1.59     96.9  2.2e-16
    16x32x16  2^4          chain  raced           5180       4947    0.92    102.8  3.0e-16
    16x32x32  2^4          chain  raced           7612       7577    0.77    150.7  2.9e-16
    16x32x64  2^4          chain  raced          19098      15083    0.76    128.7  3.1e-16
   16x32x128  2^4          chain  raced          22963      29998    1.24    228.3  3.8e-16
   16x32x512  2^4          chain  raced          93062     119656    1.25    253.5  4.9e-16
  16x32x1024  2^4          chain  raced         174625     234837    1.29    285.2  9.3e-16
  16x32x4096  2^4          chain  raced        1198888    1203656    0.98    183.7  1.7e-15
  16x32x8192  2^4          chain  raced        6725725    4160337    0.61     68.6  3.6e-15
     16x64x4  2^4          chain  raced           2628       4975    1.30     93.5  3.2e-16
     16x64x8  2^4          chain  raced           4632       7662    1.42    114.9  3.3e-16
    16x64x16  2^4          chain  raced           7612       8683    0.93    150.7  3.2e-16
    16x64x32  2^4          chain  raced          20256      14534    0.71    121.3  4.4e-16
    16x64x64  2^4          chain  raced          22453      27471    1.16    233.5  3.0e-16
   16x64x128  2^4          chain  raced          46647      55933    1.16    238.8  4.4e-16
   16x64x256  2^4          chain  raced         109450     121644    1.06    215.6  4.6e-16
  16x64x4096  2^4          chain  raced        6666688    4177181    0.62     69.2  3.4e-15
    16x128x2  2^4          chain  raced           2739       5149    1.21     89.7  4.3e-16
    16x128x4  2^4          chain  raced           4485      10795    1.91    118.7  3.6e-16
   16x128x16  2^4          chain  raced          21420      16318    0.69    114.7  3.5e-16
   16x128x32  2^4          chain  raced          21910      27690    1.23    239.3  3.6e-16
   16x128x64  2^4          chain  raced          42400      55636    1.25    262.8  3.6e-16
  16x128x128  2^4          chain  raced          86625     116956    1.29    272.4  4.3e-16
  16x128x512  2^4          chain  raced         464712     466888    0.92    225.6  1.1e-15
 16x128x1024  2^4          chain  raced        2101688    1204681    0.56    104.8  1.9e-15
 16x128x2048  2^4          chain  raced        8226450    4422875    0.53     56.1  3.5e-15
    16x256x2  2^4          chain  raced           4614      11210    2.05    115.4  3.6e-16
    16x256x4  2^4          chain  raced           8166      20331    1.92    140.4  3.5e-16
    16x256x8  2^4          chain  raced          20425      23426    1.00    120.3  3.7e-16
   16x256x16  2^4          chain  raced          23990      28348    1.11    218.5  3.4e-16
   16x256x32  2^4          chain  raced          41240      56696    1.35    270.2  4.7e-16
  16x256x256  2^4          chain  raced         379787     458856    1.09    276.1  1.1e-15
  16x256x512  2^4          chain  raced        2116162    1689250    0.77    104.1  1.7e-15
 16x256x1024  2^4          chain  raced        6487437    5502025    0.79     71.1  3.5e-15
    16x512x2  2^4          chain  raced           8139      21613    2.19    140.9  3.4e-16
    16x512x4  2^4          chain  raced          15531      28683    0.97    158.2  4.4e-16
    16x512x8  2^4          chain  raced          24243      28748    1.17    216.3  5.0e-16
   16x512x16  2^4          chain  raced          52780      60183    1.13    211.1  3.5e-16
   16x512x64  2^4          chain  raced         170000     245237    1.42    293.0  9.7e-16
  16x512x128  2^4          chain  raced         427487     485018    1.09    245.3  1.0e-15
  16x512x256  2^4          chain  raced        2067775    1760118    0.82    106.5  1.3e-15
  16x512x512  2^4          chain  raced        6314025    6013131    0.93     73.1  3.2e-15
   16x1024x2  2^4          chain  raced          19300      42614    2.18    127.3  3.6e-16
   16x1024x4  2^4          chain  raced          25957      29751    1.12    202.0  3.9e-16
   16x1024x8  2^4          chain  raced          51893      55643    1.04    214.7  3.4e-16
  16x1024x16  2^4          chain  raced         109350     129131    1.18    215.8  4.5e-16
  16x1024x32  2^4          chain  raced         180375     250569    1.38    276.1  9.0e-16
  16x1024x64  2^4          chain  raced         417375     519500    1.10    251.2  1.2e-15
 16x1024x128  2^4          chain  raced        2063288    1844218    0.87    106.7  1.7e-15
 16x1024x256  2^4          chain  raced        6337625    6311074    0.98     72.8  3.6e-15
   16x2048x2  2^4          chain  raced          26650      37825    1.35    196.7  3.3e-16
   16x2048x4  2^4          chain  raced          54967      59930    1.07    202.7  3.4e-16
  16x2048x32  2^4          chain  raced         497725     514362    1.01    210.7  9.2e-16
  16x2048x64  2^4          chain  raced        2111025    1710569    0.76    104.3  1.5e-15
 16x2048x128  2^4          chain  raced        6453538    6095856    0.94     71.5  3.6e-15
   16x4096x2  2^4          chain  raced          54273      74507    1.29    205.3  4.7e-16
   16x4096x4  2^4          chain  raced         109137     121394    1.10    216.2  5.5e-16
   16x4096x8  2^4          chain  raced         196087     230975    1.12    254.0  8.9e-16
  16x4096x16  2^4          chain  raced         477925     523475    1.08    219.4  1.1e-15
  16x4096x32  2^4          chain  raced        2095612    1924675    0.89    105.1  1.7e-15
  16x4096x64  2^4          chain  raced        6905688    5659875    0.80     66.8  3.2e-15
   16x8192x2  2^4          chain  raced         113250     150500    1.30    208.3  4.7e-16
   16x8192x8  2^4          chain  raced         460250     532756    1.10    227.8  1.2e-15
  16x8192x16  2^4          chain  raced        2185075    2050125    0.89    100.8  1.7e-15
  16x8192x32  2^4          chain  raced        7390638    6100656    0.82     62.4  3.4e-15
     32x2x64  2^5          chain  raced           2190      10678    4.37    112.2  2.8e-16
    32x2x128  2^5          chain  raced           3770      14122    3.57    141.2  4.4e-16
    32x2x256  2^5          chain  raced           6495      21414    2.88    176.6  3.7e-16
    32x2x512  2^5          chain  raced          13866      35773    2.55    177.2  3.7e-16
   32x2x1024  2^5          chain  raced          19863      66000    3.22    263.9  4.1e-16
   32x2x2048  2^5          chain  raced          43020     127510    2.87    259.0  3.7e-16
   32x2x4096  2^5          chain  raced          84987     260456    2.89    277.6  5.1e-16
   32x2x8192  2^5          chain  raced         171588     461925    2.64    290.3  8.8e-16
     32x4x64  2^5          chain  raced           3502      11192    3.04    152.1  2.9e-16
    32x4x128  2^5          chain  raced           7323      15698    2.07    156.6  3.3e-16
    32x4x256  2^5          chain  raced          13190      24106    1.68    186.3  3.6e-16
    32x4x512  2^5          chain  raced          19370      39606    1.91    270.7  5.2e-16
   32x4x1024  2^5          chain  raced          37133      73120    1.86    300.0  4.3e-16
   32x4x2048  2^5          chain  raced          78787     149269    1.79    299.5  3.7e-16
   32x4x4096  2^5          chain  raced         163125     303681    1.70    305.3  9.1e-16
   32x4x8192  2^5          chain  raced         339837     565681    1.64    308.6  1.2e-15
     32x8x16  2^5          chain  raced           2193       4167    1.68    112.1  3.0e-16
     32x8x32  2^5          chain  raced           3715       5504    1.45    143.3  3.2e-16
     32x8x64  2^5          chain  raced           6942       9955    1.34    165.2  3.1e-16
    32x8x128  2^5          chain  raced          13341      16275    1.17    184.2  4.9e-16
    32x8x256  2^5          chain  raced          17860      24196    1.27    293.6  3.8e-16
    32x8x512  2^5          chain  raced          35560      48720    1.33    313.3  4.7e-16
   32x8x1024  2^5          chain  raced          70175      97150    1.34    336.2  4.2e-16
   32x8x2048  2^5          chain  raced         144037     196993    1.34    345.8  8.1e-16
   32x8x4096  2^5          chain  raced         300875     394412    1.25    348.5  1.2e-15
   32x8x8192  2^5          chain  raced        1084000    1106087    0.94    203.1  1.3e-15
    32x16x16  2^5          chain  raced           4117       4918    1.16    129.3  2.9e-16
    32x16x32  2^5          chain  raced           7052       7629    0.87    162.6  3.6e-16
    32x16x64  2^5          chain  raced          14602      15334    0.91    168.3  3.5e-16
   32x16x128  2^5          chain  raced          18023      22012    1.14    290.9  3.4e-16
   32x16x256  2^5          chain  raced          38220      56953    1.39    291.5  3.4e-16
   32x16x512  2^5          chain  raced          76350     117418    1.43    309.0  4.2e-16
  32x16x1024  2^5          chain  raced         149062     227706    1.31    334.1  8.5e-16
  32x16x2048  2^5          chain  raced         330212     442387    1.27    317.5  1.2e-15
  32x16x4096  2^5          chain  raced        1202675    1137637    0.93    183.1  1.2e-15
     32x32x4  2^5          chain  raced           2191       5282    1.84    112.2  2.5e-16
     32x32x8  2^5          chain  raced           4101       6814    1.38    129.8  3.4e-16
    32x32x16  2^5          chain  raced           7316       9343    1.12    156.8  3.8e-16
    32x32x32  2^5          chain  raced          13452      14017    0.92    182.7  3.5e-16
    32x32x64  2^5          chain  raced          19667      21028    1.02    266.6  3.3e-16
   32x32x128  2^5          chain  raced          40893      58606    1.06    272.4  3.5e-16
   32x32x256  2^5          chain  raced          89800     122019    1.16    262.7  4.0e-16
   32x32x512  2^5          chain  raced         180725     244431    1.30    275.6  9.2e-16
  32x32x1024  2^5          chain  raced         350187     487862    1.12    299.4  1.3e-15
     32x64x2  2^5          chain  raced           2454       5401    1.66    100.1  4.0e-16
     32x64x4  2^5          chain  raced           3679      10835    2.85    144.7  4.4e-16
     32x64x8  2^5          chain  raced           7162      12049    1.12    160.1  4.0e-16
    32x64x16  2^5          chain  raced          14818      16644    1.05    165.9  3.8e-16
    32x64x32  2^5          chain  raced          19640      21025    1.03    266.9  4.4e-16
    32x64x64  2^5          chain  raced          40533      54973    1.32    274.9  3.6e-16
   32x64x128  2^5          chain  raced          84275     113969    1.23    280.0  4.5e-16
   32x64x256  2^5          chain  raced         168250     245093    1.41    296.0  1.0e-15
  32x64x1024  2^5          chain  raced        1398925    1277362    0.87    157.4  1.3e-15
    32x128x2  2^5          chain  raced           3799       8649    1.46    140.2  5.0e-16
    32x128x4  2^5          chain  raced           7738      15318    1.28    148.2  3.8e-16
    32x128x8  2^5          chain  raced          14357      28316    1.77    171.2  3.6e-16
   32x128x16  2^5          chain  raced          23627      21593    0.90    221.9  4.3e-16
   32x128x32  2^5          chain  raced          42933      53196    1.23    259.5  3.5e-16
  32x128x128  2^5          chain  raced         178700     232881    1.28    278.7  8.9e-16
  32x128x256  2^5          chain  raced         377025     468937    1.18    278.1  1.2e-15
  32x128x512  2^5          chain  raced        1437562    1383393    0.93    153.2  1.3e-15
 32x128x1024  2^5          chain  raced        4478813    4346443    0.96    103.0  3.0e-15
    32x256x2  2^5          chain  raced           6803      15749    1.28    168.6  3.4e-16
    32x256x4  2^5          chain  raced          15357      29993    1.15    160.0  3.5e-16
    32x256x8  2^5          chain  raced          23047      27386    1.11    227.5  4.2e-16
   32x256x16  2^5          chain  raced          44353      55160    1.06    251.2  3.6e-16
   32x256x32  2^5          chain  raced          83650     113975    1.34    282.0  4.4e-16
  32x256x256  2^5          chain  raced        1446575    1476906    0.93    152.2  1.3e-15
  32x256x512  2^5          chain  raced        4578075    5840894    1.26    100.8  2.9e-15
    32x512x2  2^5          chain  raced          15967      44283    2.76    153.9  5.3e-16
    32x512x4  2^5          chain  raced          22613      29053    1.27    231.8  3.9e-16
    32x512x8  2^5          chain  raced          48227      54490    1.08    231.0  5.0e-16
   32x512x16  2^5          chain  raced         100638     124600    1.23    234.4  4.8e-16
   32x512x32  2^5          chain  raced         170475     241169    1.25    292.2  9.3e-16
   32x512x64  2^5          chain  raced         348313     520262    1.45    301.0  1.3e-15
  32x512x128  2^5          chain  raced        1453325    1526299    0.99    151.5  1.2e-15
  32x512x256  2^5          chain  raced        4563312    5764937    1.25    101.1  2.9e-15
   32x1024x2  2^5          chain  raced          22990      37492    1.53    228.1  4.7e-16
   32x1024x4  2^5          chain  raced          48407      58116    1.15    230.2  3.6e-16
   32x1024x8  2^5          chain  raced          94250     114556    1.18    250.3  4.1e-16
  32x1024x16  2^5          chain  raced         201600     258337    1.27    247.1  7.7e-16
  32x1024x32  2^5          chain  raced         403550     513287    1.21    259.8  1.1e-15
  32x1024x64  2^5          chain  raced        1597362    1537412    0.94    137.9  1.3e-15
 32x1024x128  2^5          chain  raced        4517863    5532862    1.20    102.1  3.1e-15
   32x2048x2  2^5          chain  raced          50047      74223    1.46    222.6  3.4e-16
   32x2048x4  2^5          chain  raced          94963     124381    1.26    248.4  5.6e-16
   32x2048x8  2^5          chain  raced         187325     237094    1.22    265.9  8.8e-16
  32x2048x16  2^5          chain  raced         428413     549850    1.26    244.8  1.0e-15
  32x2048x32  2^5          chain  raced        1595588    1549100    0.94    138.0  1.4e-15
   32x4096x2  2^5          chain  raced         101662     155475    1.39    232.1  5.3e-16
   32x4096x4  2^5          chain  raced         188700     249556    1.29    263.9  1.0e-15
   32x4096x8  2^5          chain  raced         388762     531706    1.33    269.7  1.1e-15
  32x4096x16  2^5          chain  raced        1699675    1543462    0.88    129.6  1.4e-15
  32x4096x32  2^5          chain  raced        4695525    5375631    1.14     98.3  2.7e-15
   32x8192x2  2^5          chain  raced         197025     313819    1.57    252.8  1.0e-15
   32x8192x4  2^5          chain  raced         403675     570525    1.29    259.8  1.1e-15
   32x8192x8  2^5          chain  raced        1630975    1760987    1.06    135.0  1.2e-15
  32x8192x16  2^5          chain  raced        4697675    5751388    1.19     98.2  3.0e-15
     64x2x32  2^6          chain  raced           2627      11651    4.11     93.6  3.0e-16
     64x2x64  2^6          chain  raced           4900      15963    3.18    108.7  2.9e-16
    64x2x512  2^6          chain  raced          20197      66581    3.25    259.6  4.6e-16
   64x2x1024  2^6          chain  raced          41440     124177    2.96    268.8  4.4e-16
   64x2x2048  2^6          chain  raced          82275     257031    2.67    286.8  5.8e-16
   64x2x4096  2^6          chain  raced         166163     473594    2.84    299.8  1.2e-15
     64x4x16  2^6          chain  raced           2313       8735    3.14    106.3  2.6e-16
     64x4x32  2^6          chain  raced           3805      10703    2.81    139.9  2.7e-16
    64x4x256  2^6          chain  raced          19340      44160    2.11    271.1  4.9e-16
    64x4x512  2^6          chain  raced          36067      75207    1.99    308.9  5.0e-16
   64x4x1024  2^6          chain  raced          75600     149181    1.86    312.1  4.8e-16
   64x4x2048  2^6          chain  raced         151850     300812    1.86    328.0  1.3e-15
     64x8x16  2^6          chain  raced           3818       6490    1.66    139.4  3.3e-16
     64x8x32  2^6          chain  raced           8020      11636    1.40    143.0  3.9e-16
     64x8x64  2^6          chain  raced          13308      16891    1.25    184.7  4.0e-16
    64x8x128  2^6          chain  raced          21527      26546    1.21    243.6  4.0e-16
    64x8x256  2^6          chain  raced          35787      48593    1.34    311.3  4.7e-16
    64x8x512  2^6          chain  raced          74837     101718    1.33    315.3  5.7e-16
   64x8x1024  2^6          chain  raced         134750     204800    1.40    369.6  1.1e-15
   64x8x2048  2^6          chain  raced         301062     394312    1.27    348.3  1.4e-15
   64x8x4096  2^6          chain  raced        1142612    1164156    0.99    192.7  1.7e-15
     64x16x8  2^6          chain  raced           4083       8543    1.96    130.4  2.7e-16
    64x16x16  2^6          chain  raced           8024      10133    1.21    142.9  3.1e-16
    64x16x32  2^6          chain  raced          11970      12990    0.98    205.3  3.3e-16
    64x16x64  2^6          chain  raced          21550      22198    0.99    243.3  3.4e-16
   64x16x128  2^6          chain  raced          36767      46150    1.13    303.0  3.8e-16
   64x16x256  2^6          chain  raced          75925     120256    1.42    310.7  4.4e-16
  64x16x2048  2^6          chain  raced        1223325    1206881    0.94    180.0  1.6e-15
  64x16x4096  2^6          chain  raced        3763138    3739925    0.98    122.6  2.9e-15
     64x32x4  2^6          chain  raced           3863       9114    1.70    137.9  3.8e-16
     64x32x8  2^6          chain  raced           8072      12278    1.44    142.1  3.0e-16
    64x32x16  2^6          chain  raced          13679      13875    1.00    179.7  3.5e-16
    64x32x32  2^6          chain  raced          21530      22390    1.02    243.5  3.6e-16
    64x32x64  2^6          chain  raced          38627      45943    1.09    288.4  4.0e-16
  64x32x1024  2^6          chain  raced        1232412    1445094    1.16    178.7  1.5e-15
     64x64x2  2^6          chain  raced           3742      11771    2.94    142.3  2.7e-16
     64x64x4  2^6          chain  raced           8104      13281    1.56    141.5  3.5e-16
     64x64x8  2^6          chain  raced          13713      16057    1.14    179.2  3.5e-16
    64x64x16  2^6          chain  raced          22010      22455    1.01    238.2  3.3e-16
    64x64x32  2^6          chain  raced          44513      44203    0.96    250.3  4.9e-16
  64x64x1024  2^6          chain  raced        4230762    4071300    0.96    109.1  3.0e-15
    64x128x4  2^6          chain  raced          13093      18068    1.20    187.7  3.4e-16
    64x128x8  2^6          chain  raced          21477      28086    1.28    244.1  4.4e-16
   64x128x16  2^6          chain  raced          47120      44710    0.92    236.4  3.3e-16
  64x128x512  2^6          chain  raced        4341675    4551500    1.02    106.3  2.8e-15
    64x256x4  2^6          chain  raced          23590      29467    1.21    222.2  4.2e-16
    64x256x8  2^6          chain  raced          46360      53747    1.13    240.3  4.9e-16
   64x256x16  2^6          chain  raced          87275     118818    1.32    270.3  5.0e-16
  64x256x256  2^6          chain  raced        4274475    4718956    1.07    107.9  2.8e-15
    64x512x2  2^6          chain  raced          22663      36433    1.50    231.3  5.1e-16
    64x512x4  2^6          chain  raced          46720      57283    1.20    238.5  4.4e-16
    64x512x8  2^6          chain  raced          96725     113538    1.15    243.9  6.7e-16
   64x512x16  2^6          chain  raced         187650     249569    1.27    265.4  1.2e-15
  64x512x128  2^6          chain  raced        4274137    4539075    1.05    107.9  2.9e-15
   64x1024x2  2^6          chain  raced          43987      74703    1.51    253.3  5.0e-16
   64x1024x4  2^6          chain  raced          88675     124819    1.30    266.1  6.5e-16
   64x1024x8  2^6          chain  raced         174975     233881    1.32    284.7  1.3e-15
  64x1024x64  2^6          chain  raced        4261875    4501006    1.05    108.3  2.8e-15
  64x2048x16  2^6          chain  raced        1436813    1490487    1.01    153.3  1.5e-15
  64x2048x32  2^6          chain  raced        4217050    4540581    1.07    109.4  3.0e-15
   64x4096x4  2^6          chain  raced         372987     534888    1.42    281.1  1.3e-15
   64x4096x8  2^6          chain  raced        1572088    1457975    0.87    140.1  1.7e-15
  64x4096x16  2^6          chain  raced        4799225    4936775    0.99     96.1  2.9e-15
   64x8192x4  2^6          chain  raced        1598262    1494056    0.72    137.8  1.6e-15
   64x8192x8  2^6          chain  raced        4929588    5050750    0.98     93.6  2.7e-15
    128x2x16  2^7          chain  raced           3047      12814    3.89     80.7  4.3e-16
   128x2x128  2^7          chain  raced          13654      44269    3.13    180.0  5.0e-16
   128x2x256  2^7          chain  raced          22800      80868    3.38    230.0  4.2e-16
   128x2x512  2^7          chain  raced          41467     136580    3.17    268.7  6.6e-16
  128x2x1024  2^7          chain  raced          86450     264325    3.04    272.9  4.8e-16
  128x2x2048  2^7          chain  raced         165850     563756    3.13    300.3  9.9e-16
  128x2x4096  2^7          chain  raced         343937    1093650    3.09    304.9  1.1e-15
  128x2x8192  2^7          chain  raced        1165525    2583656    2.02    188.9  1.2e-15
    128x4x16  2^7          chain  raced           4633      14019    2.75    114.9  5.0e-16
    128x4x64  2^7          chain  raced          13470      29434    2.16    182.4  3.6e-16
   128x4x128  2^7          chain  raced          24943      50242    1.96    210.2  3.8e-16
   128x4x256  2^7          chain  raced          40573      81226    1.86    274.6  4.2e-16
   128x4x512  2^7          chain  raced          82063     167843    1.96    287.5  6.4e-16
  128x4x1024  2^7          chain  raced         152162     353350    2.26    327.3  8.9e-16
  128x4x2048  2^7          chain  raced         356750     646743    1.59    293.9  9.9e-16
  128x4x4096  2^7          chain  raced        1271150    1665662    1.25    173.2  1.1e-15
  128x4x8192  2^7          chain  raced        4340087    4534712    0.98    106.3  2.9e-15
     128x8x4  2^7          chain  raced           3140       8224    2.24     78.3  4.1e-16
     128x8x8  2^7          chain  raced           4504      10510    2.28    118.2  4.0e-16
    128x8x32  2^7          chain  raced          14067      19211    1.35    174.7  3.4e-16
    128x8x64  2^7          chain  raced          23483      31631    1.32    223.3  3.9e-16
   128x8x128  2^7          chain  raced          39967      55556    1.32    278.8  4.6e-16
   128x8x256  2^7          chain  raced          75275     109081    1.32    313.4  4.6e-16
   128x8x512  2^7          chain  raced         143187     214881    1.23    347.8  9.9e-16
  128x8x1024  2^7          chain  raced         302187     471275    1.48    347.0  9.9e-16
  128x8x2048  2^7          chain  raced        1152662    1073131    0.92    191.0  1.5e-15
  128x8x4096  2^7          chain  raced        4256812    3820487    0.87    108.4  3.0e-15
    128x16x2  2^7          chain  raced           3143       7642    1.98     78.2  3.6e-16
    128x16x4  2^7          chain  raced           4346      13228    2.91    122.5  3.8e-16
    128x16x8  2^7          chain  raced           8656      13644    1.52    132.5  3.6e-16
   128x16x16  2^7          chain  raced          13879      14924    1.03    177.1  3.7e-16
   128x16x32  2^7          chain  raced          20903      24095    1.06    250.8  3.2e-16
   128x16x64  2^7          chain  raced          40220      47840    1.14    277.0  3.5e-16
  128x16x128  2^7          chain  raced          76562      99981    1.27    308.2  4.4e-16
  128x16x256  2^7          chain  raced         160587     237969    1.31    310.2  1.0e-15
 128x16x2048  2^7          chain  raced        4269525    4166263    0.92    108.1  3.1e-15
    128x32x2  2^7          chain  raced           4724      11168    1.84    112.7  3.3e-16
    128x32x8  2^7          chain  raced          13603      18528    1.35    180.7  3.9e-16
   128x32x16  2^7          chain  raced          24417      24988    1.00    214.7  3.5e-16
   128x32x32  2^7          chain  raced          42727      46863    1.08    260.8  3.3e-16
   128x32x64  2^7          chain  raced          77800      97950    1.24    303.3  5.4e-16
  128x32x128  2^7          chain  raced         217612     248006    1.05    228.9  1.1e-15
  128x32x256  2^7          chain  raced         384450     547200    1.32    272.7  1.2e-15
 128x32x1024  2^7          chain  raced        3809075    4313444    1.10    121.1  2.5e-15
    128x64x4  2^7          chain  raced          13634      18773    1.32    180.2  3.8e-16
    128x64x8  2^7          chain  raced          24060      29770    1.18    217.9  4.1e-16
   128x64x16  2^7          chain  raced          43100      48383    1.10    258.5  3.5e-16
   128x64x32  2^7          chain  raced          80775      98112    1.18    292.1  4.0e-16
   128x64x64  2^7          chain  raced         175187     235718    1.33    284.3  8.8e-16
  128x64x128  2^7          chain  raced         387737     490562    1.25    270.4  1.1e-15
  128x64x256  2^7          chain  raced        1291062    1509125    1.01    170.6  1.4e-15
  128x64x512  2^7          chain  raced        4800963    4404987    0.89     96.1  2.8e-15
   128x128x2  2^7          chain  raced          13575      21460    1.55    181.0  4.6e-16
   128x128x4  2^7          chain  raced          24630      31367    1.15    212.9  4.9e-16
   128x128x8  2^7          chain  raced          42473      59170    1.33    262.3  4.2e-16
  128x128x16  2^7          chain  raced          87363      99481    1.10    270.1  4.6e-16
  128x128x32  2^7          chain  raced         172812     235163    1.27    288.2  9.6e-16
  128x128x64  2^7          chain  raced         372600     484700    1.28    281.4  1.0e-15
 128x128x128  2^7          chain  raced        1336062    1453462    1.02    164.8  1.6e-15
 128x128x256  2^7          chain  raced        4635675    4342887    0.93     99.5  2.8e-15
   128x256x2  2^7          chain  raced          24200      36958    1.45    216.6  5.1e-16
   128x256x4  2^7          chain  raced          45267      60673    1.31    246.1  6.0e-16
   128x256x8  2^7          chain  raced          90863     115181    1.21    259.7  5.6e-16
  128x256x16  2^7          chain  raced         190263     243444    1.26    261.8  9.2e-16
  128x256x32  2^7          chain  raced         386300     500812    1.24    271.4  1.0e-15
  128x256x64  2^7          chain  raced        1187300    1418800    1.10    185.5  1.3e-15
 128x256x128  2^7          chain  raced        4660888    4208150    0.89     99.0  2.8e-15
   128x512x2  2^7          chain  raced          46500      76053    1.60    239.6  4.5e-16
   128x512x4  2^7          chain  raced          93463     128912    1.38    252.4  4.8e-16
   128x512x8  2^7          chain  raced         180962     234331    1.29    275.2  1.1e-15
  128x512x16  2^7          chain  raced         384537     530393    1.34    272.7  1.1e-15
  128x512x32  2^7          chain  raced        1241575    1435500    1.02    177.4  1.2e-15
  128x512x64  2^7          chain  raced        4602050    4138037    0.89    100.3  2.9e-15
  128x1024x2  2^7          chain  raced          87025     162706    1.84    271.1  5.9e-16
  128x1024x4  2^7          chain  raced         182263     258712    1.41    273.3  8.5e-16
  128x1024x8  2^7          chain  raced         362562     489325    1.30    289.2  1.2e-15
 128x1024x16  2^7          chain  raced        1432912    1497131    0.97    153.7  1.3e-15
 128x1024x32  2^7          chain  raced        4664450    4244281    0.90     98.9  3.1e-15
  128x2048x2  2^7          chain  raced         182587     330306    1.68    272.8  1.1e-15
  128x2048x4  2^7          chain  raced         389800     526543    1.33    269.0  1.1e-15
  128x2048x8  2^7          chain  raced        1228025    1400900    1.12    179.3  1.2e-15
 128x2048x16  2^7          chain  raced        4867988    4236993    0.87     94.8  2.8e-15
  128x4096x2  2^7          chain  raced         406875     659312    1.56    257.7  9.8e-16
  128x4096x4  2^7          chain  raced        1245000    1381106    1.09    176.9  1.2e-15
  128x4096x8  2^7          chain  raced        4814425    4093919    0.85     95.8  3.0e-15
  128x8192x2  2^7          chain  raced        1305400    1522225    1.15    168.7  1.3e-15
  128x8192x4  2^7          chain  raced        4879025    4207969    0.86     94.6  3.0e-15
     256x2x8  2^8          chain  raced           4707      15800    3.13     52.2  4.0e-16
    256x2x64  2^8          chain  raced          14207      50306    3.02    173.0  4.0e-16
   256x2x128  2^8          chain  raced          24290      85331    3.40    215.8  4.7e-16
   256x2x256  2^8          chain  raced          44293     150736    3.00    251.5  5.6e-16
   256x2x512  2^8          chain  raced          80813     301806    3.46    291.9  6.0e-16
  256x2x1024  2^8          chain  raced         156988     598862    3.70    317.3  1.2e-15
  256x2x2048  2^8          chain  raced         356812    1132087    3.14    293.9  1.0e-15
     256x4x4  2^8          chain  raced           4808      13827    2.67     51.1  4.4e-16
     256x4x8  2^8          chain  raced           4796      16340    2.74    111.0  3.8e-16
    256x4x32  2^8          chain  raced          13933      33132    2.33    176.4  3.5e-16
   256x4x128  2^8          chain  raced          48707      86776    1.70    228.7  4.5e-16
   256x4x256  2^8          chain  raced          77787     171731    2.19    303.3  5.5e-16
   256x4x512  2^8          chain  raced         149475     332275    2.19    333.2  1.1e-15
  256x4x1024  2^8          chain  raced         329388     665537    1.94    318.3  1.3e-15
     256x8x2  2^8          chain  raced           4532      12857    2.61     54.2  4.1e-16
     256x8x4  2^8          chain  raced           5061      15567    2.87    105.2  3.7e-16
    256x8x16  2^8          chain  raced          16784      23221    1.21    146.4  3.7e-16
    256x8x32  2^8          chain  raced          23370      35971    1.52    224.3  4.2e-16
    256x8x64  2^8          chain  raced          45133      63723    1.39    246.8  4.7e-16
   256x8x128  2^8          chain  raced          79387     110744    1.29    297.2  5.7e-16
   256x8x256  2^8          chain  raced         149250     216412    1.40    333.7  1.0e-15
   256x8x512  2^8          chain  raced         331138     444193    1.27    316.7  1.2e-15
    256x16x2  2^8          chain  raced           5076      15824    3.01    104.9  4.0e-16
    256x16x8  2^8          chain  raced          14874      23438    1.32    165.2  4.3e-16
   256x16x32  2^8          chain  raced          44613      53083    1.08    249.7  3.3e-16
   256x16x64  2^8          chain  raced          81938     105162    1.25    287.9  4.9e-16
  256x16x128  2^8          chain  raced         147500     205500    1.38    337.7  1.2e-15
    256x32x4  2^8          chain  raced          14711      24784    1.50    167.1  3.3e-16
    256x32x8  2^8          chain  raced          24603      35043    1.39    213.1  5.2e-16
   256x32x16  2^8          chain  raced          47360      56010    1.14    235.2  3.1e-16
   256x32x32  2^8          chain  raced          85325     102387    1.14    276.5  5.2e-16
   256x32x64  2^8          chain  raced         157037     214087    1.34    317.2  1.2e-15
    256x64x4  2^8          chain  raced          24330      36635    1.48    215.5  4.4e-16
    256x64x8  2^8          chain  raced          46060      61500    1.31    241.9  4.5e-16
   256x64x16  2^8          chain  raced          84688     107306    1.21    278.6  3.8e-16
   256x64x32  2^8          chain  raced         167413     210269    1.23    297.5  1.0e-15
   256x128x8  2^8          chain  raced          83688     120743    1.30    281.9  6.7e-16
  256x128x16  2^8          chain  raced         189713     210531    1.09    262.5  1.1e-15
   256x256x2  2^8          chain  raced          50847      75126    1.44    219.1  5.5e-16
   256x256x4  2^8          chain  raced          91350     134712    1.34    258.3  8.1e-16
   256x256x8  2^8          chain  raced         181225     236575    1.28    274.8  1.2e-15
   256x512x4  2^8          chain  raced         181150     252125    1.36    275.0  1.1e-15
  256x1024x2  2^8          chain  raced         179487     319044    1.63    277.5  1.1e-15
   512x2x512  2^9          chain  raced         166012     661175    3.14    300.0  1.1e-15
  512x2x4096  2^9          chain  raced        4261800    9060144    2.10    108.3  2.7e-15
     512x4x8  2^9          chain  raced           9900      33683    3.20    115.8  4.5e-16
    512x4x32  2^9          chain  raced          26930      64023    2.33    194.7  4.4e-16
    512x4x64  2^9          chain  raced          44000     102003    2.17    253.2  4.8e-16
   512x4x128  2^9          chain  raced          87725     188562    2.01    268.9  6.3e-16
   512x4x256  2^9          chain  raced         160962     369000    2.22    309.4  1.2e-15
  512x4x2048  2^9          chain  raced        4157225    4860131    1.14    111.0  2.8e-15
    512x8x16  2^9          chain  raced          29973      45061    1.49    174.9  4.9e-16
    512x8x32  2^9          chain  raced          47207      75133    1.49    236.0  4.6e-16
   512x8x128  2^9          chain  raced         160763     232287    1.41    309.8  9.5e-16
  512x8x1024  2^9          chain  raced        4360813    4645075    0.94    105.8  3.1e-15
    512x16x4  2^9          chain  raced          18918      31821    1.57    129.9  5.1e-16
    512x16x8  2^9          chain  raced          30757      44966    1.42    170.5  4.5e-16
   512x16x64  2^9          chain  raced         164812     287475    1.51    302.2  1.2e-15
    512x32x2  2^9          chain  raced          19616      33573    1.66    125.3  5.1e-16
    512x32x8  2^9          chain  raced          46887      73347    1.47    237.6  5.7e-16
   512x32x16  2^9          chain  raced          93462     150069    1.58    252.4  4.7e-16
   512x32x32  2^9          chain  raced         167662     288437    1.67    297.1  1.2e-15
  512x32x256  2^9          chain  raced        4433175    5334631    1.12    104.1  2.7e-15
    512x64x2  2^9          chain  raced          29410      54325    1.74    178.3  4.0e-16
    512x64x4  2^9          chain  raced          47767      85843    1.57    233.2  4.8e-16
    512x64x8  2^9          chain  raced          95000     129800    1.20    248.3  4.9e-16
   512x64x16  2^9          chain  raced         171188     288412    1.65    291.0  1.1e-15
  512x64x128  2^9          chain  raced        4485937    5012212    1.08    102.8  3.0e-15
   512x128x8  2^9          chain  raced         169737     259225    1.36    293.4  1.1e-15
  512x128x64  2^9          chain  raced        4490613    5051506    1.05    102.7  2.8e-15
   512x256x4  2^9          chain  raced         183675     271081    1.39    271.2  1.2e-15
  512x256x32  2^9          chain  raced        4401425    4954712    1.09    104.8  2.9e-15
   512x512x2  2^9          chain  raced         184100     337518    1.78    270.5  1.2e-15
  512x1024x8  2^9          chain  raced        4544737    4239756    0.82    101.5  2.9e-15
  512x2048x4  2^9          chain  raced        4858400    4285743    0.86     95.0  2.8e-15
  512x4096x2  2^9          chain  raced        4527475    4440637    0.87    101.9  2.9e-15
  1024x2x128  2^10         chain  raced          99275     376593    3.27    237.7  6.3e-16
  1024x2x256  2^10         chain  raced         189563     740462    3.73    262.7  1.2e-15
    1024x4x8  2^10         chain  raced          18389      64053    3.19    133.6  4.6e-16
  1024x4x128  2^10         chain  raced         185087     418937    2.20    269.1  1.0e-15
   1024x8x32  2^10         chain  raced          94663     156993    1.49    249.2  5.3e-16
   1024x8x64  2^10         chain  raced         179437     295850    1.50    277.6  1.2e-15
  1024x16x32  2^10         chain  raced         199063     301981    1.51    250.2  1.2e-15
   1024x64x8  2^10         chain  raced         198737     301656    1.36    250.6  1.3e-15
  1024x128x4  2^10         chain  raced         200087     293543    1.42    248.9  1.1e-15
  2048x2x128  2^11         chain  raced         221625     847719    2.96    224.7  1.2e-15
    2048x4x8  2^11         chain  raced          34843     126141    3.56    150.5  4.1e-16
   2048x4x64  2^11         chain  raced         217263     514956    2.21    229.2  1.1e-15
    2048x8x4  2^11         chain  raced          36133      76593    1.49    145.1  4.2e-16
   2048x8x16  2^11         chain  raced         119212     210225    1.73    197.9  5.6e-16
   2048x16x8  2^11         chain  raced         131800     205275    1.51    179.0  4.7e-16
   2048x32x8  2^11         chain  raced         226375     311262    1.28    220.0  1.2e-15
   2048x64x4  2^11         chain  raced         228038     356556    1.46    218.4  1.2e-15
   4096x4x32  2^12         chain  raced         254050     586962    2.23    196.1  1.1e-15
   4096x16x4  2^12         chain  raced         131675     261506    1.92    179.2  6.8e-16
   4096x16x8  2^12         chain  raced         249750     388625    1.49    199.4  1.2e-15
   4096x32x2  2^12         chain  raced         128812     281743    2.03    183.2  5.1e-16
   4096x32x4  2^12         chain  raced         285488     464656    1.47    174.5  9.4e-16
    8192x4x8  2^13         chain  raced         167863     435475    2.56    140.5  5.7e-16
    8192x8x2  2^13         chain  raced          88540     329946    3.62    125.8  4.8e-16
    8192x8x4  2^13         chain  raced         168037     341106    1.99    140.4  7.6e-16
    8192x8x8  2^13         chain  raced         321262     486574    1.37    155.0  1.2e-15
   8192x16x4  2^13         chain  raced         352112     541256    1.47    141.5  1.1e-15
   8192x32x4  2^13         chain  raced         641600     918018    1.31    163.4  1.3e-15
```


## by route (worse of the two flips)
```
                              cells   <0.8   <1.0    p10    med    p90   gmean
 chain                          534     49    139   0.82   1.25   2.58    1.29
 ALL                            534     49    139   0.82   1.25   2.58    1.29
```


## by column class (N1) (worse of the two flips)
```
                              cells   <0.8   <1.0    p10    med    p90   gmean
 pow2 column                    534     49    139   0.82   1.25   2.58    1.29
 ALL                            534     49    139   0.82   1.25   2.58    1.29
```


## by size (points) (worse of the two flips)
```
                              cells   <0.8   <1.0    p10    med    p90   gmean
 > 65536 points                 365     41    115   0.78   1.18   1.94    1.18
 4097..65536                    147      7     20   0.97   1.35   3.01    1.50
 1025..4096                      19      0      1   1.21   2.24   4.11    2.21
 <= 256 points                    2      1      2   0.65   0.75   0.84    0.74
 257..1024                        1      0      1   0.94   0.94   0.94    0.94
 ALL                            534     49    139   0.82   1.25   2.58    1.29
```


worst 10: 8x128x2048 (chain 0.34), 8x32x8192 (chain 0.43), 8x64x4096 (chain 0.44), 8x256x1024 (chain 0.45), 4x128x4096 (chain 0.46), 8x128x4096 (chain 0.47), 8x512x512 (chain 0.50), 8x4096x64 (chain 0.51), 16x128x2048 (chain 0.53), 8x1024x256 (chain 0.54)
best 5: 32x2x64 (chain 4.37), 64x2x32 (chain 4.11), 128x2x16 (chain 3.89), 1024x2x256 (chain 3.73), 256x2x1024 (chain 3.70)

2026-09-25 22:22:09 report: C:\Users\Tugbars\Desktop\highSpeedFFT\gauntlet\results\3d_mt8_rerace_2026-09-25\report_3d_mt8.md
