2026-09-26 01:25:28 store: fresh copy of the shipped wisdom (C:\Users\Tugbars\Desktop\highSpeedFFT\src\wisdom)
2026-09-26 01:25:28 run: 76 cells, contract out of place, T=8, bin C:\Users\Tugbars\Desktop\highSpeedFFT\gauntlet
2026-09-26 01:25:28 calibrate: 76 cells (0 already done), RECALIBRATE (every cell re-raced)
2026-09-26 01:28:41   calibrated 25/76 (4x2048x128), 193 s elapsed
2026-09-26 01:31:14   calibrated 50/76 (8x2048x128), 346 s elapsed
2026-09-26 01:33:45   calibrated 75/76 (16x8192x16), 497 s elapsed
2026-09-26 01:33:50   calibrated 76/76 (16x8192x32), 503 s elapsed
2026-09-26 01:33:50 bench: 76 cells (0 already benched, 0 not banked -> not benched)
2026-09-26 01:35:15   benched 25/76 (4x2048x128), 81 s elapsed
2026-09-26 01:36:27   benched 50/76 (8x2048x128), 153 s elapsed
2026-09-26 01:37:45   benched 75/76 (16x8192x16), 231 s elapsed
2026-09-26 01:37:49   benched 76/76 (16x8192x32), 235 s elapsed
# gauntlet report (3D)

run: `3d_mt8_budget_2026-09-26`  contract: 3D c2c interleaved, natural, out of place, K=1_mt8  cells: 76 listed, 76 benched, comparator: MKL DFTI 3D (out of place)

control cell 64x64x64: 4 readings, 1.054..1.333

threaded plans that ran serial (engaged = 0 at both flips): 0


## every shape

```
       shape  N1 factors   route  served       ours ns     cmp ns       x   GFLOPS   rt err
  2x128x4096  2            chain  raced        1779625    1735356    0.92     58.9  3.2e-15
  2x128x8192  2            chain  raced        4957925    4033418    0.81     44.4  5.3e-15
  2x256x4096  2            chain  raced        4871800    4016312    0.81     45.2  5.6e-15
  2x256x8192  2            chain  raced       11222712    9670287    0.85     41.1  6.8e-15
  2x512x2048  2            chain  raced        4599250    4345600    0.88     47.9  5.2e-15
  2x512x4096  2            chain  raced       11339163    9989724    0.88     40.7  6.1e-15
 2x1024x2048  2            chain  raced       11709775   10522538    0.87     39.4  6.1e-15
  2x2048x512  2            chain  raced        5291925    4903381    0.86     41.6  5.3e-15
  2x4096x256  2            chain  raced        5567950    4981606    0.88     39.5  5.6e-15
   2x8192x64  2            chain  raced        2470288    2324549    0.93     42.4  3.0e-15
  2x8192x128  2            chain  raced        6079538    5521969    0.90     36.2  5.1e-15
   4x32x8192  2^2          chain  raced         809775     795187    0.95    129.5  2.6e-15
   4x64x8192  2^2          chain  raced        3344788    2102918    0.61     65.8  2.9e-15
  4x128x2048  2^2          chain  raced         975612     840881    0.85    107.5  2.4e-15
  4x128x4096  2^2          chain  raced        3671950    2076425    0.55     60.0  2.6e-15
  4x128x8192  2^2          chain  raced        9264925    5657250    0.61     49.8  7.5e-15
  4x256x2048  2^2          chain  raced        3546800    2136300    0.58     62.1  2.5e-15
  4x256x4096  2^2          chain  raced        9266050    6295862    0.62     49.8  7.4e-15
   4x512x512  2^2          chain  raced         971838     938256    0.94    107.9  2.4e-15
  4x512x1024  2^2          chain  raced        3342925    2238218    0.66     65.9  2.7e-15
  4x512x2048  2^2          chain  raced        9220663    6146219    0.66     50.0  6.6e-15
  4x1024x256  2^2          chain  raced        1055712    1011969    0.94     99.3  2.3e-15
  4x1024x512  2^2          chain  raced        3479000    2443168    0.69     63.3  2.8e-15
 4x1024x1024  2^2          chain  raced        8546813    7048444    0.81     54.0  7.7e-15
  4x2048x128  2^2          chain  raced        1308925    1160662    0.86     80.1  2.5e-15
  4x2048x256  2^2          chain  raced        3389362    2521394    0.72     65.0  2.4e-15
  4x2048x512  2^2          chain  raced        8664637    7372081    0.85     53.2  7.4e-15
   4x4096x64  2^2          chain  raced        1232275    1119931    0.86     85.1  2.5e-15
  4x4096x128  2^2          chain  raced        4009513    2777293    0.66     54.9  2.8e-15
  4x4096x256  2^2          chain  raced        8918650    7324587    0.82     51.7  7.3e-15
   4x8192x32  2^2          chain  raced        1343888    1128787    0.81     78.0  2.6e-15
   4x8192x64  2^2          chain  raced        3860250    2824987    0.71     57.0  2.6e-15
  4x8192x128  2^2          chain  raced        9502650    7822275    0.82     48.6  6.6e-15
   8x32x8192  2^3          chain  raced        2835838    1340481    0.43     77.6  2.0e-15
   8x64x4096  2^3          chain  raced        2585138    1190150    0.42     85.2  2.0e-15
   8x64x8192  2^3          chain  raced        7552000    4471868    0.59     61.1  3.5e-15
  8x128x1024  2^3          chain  raced         550513     451419    0.80    190.5  1.4e-15
  8x128x2048  2^3          chain  raced        3202587    1263768    0.38     68.8  2.0e-15
  8x128x4096  2^3          chain  raced        7577613    4539149    0.60     60.9  3.2e-15
   8x256x512  2^3          chain  raced         546487     433925    0.71    191.9  1.3e-15
  8x256x1024  2^3          chain  raced        2716775    1370131    0.48     81.1  2.1e-15
  8x256x2048  2^3          chain  raced        7268813    4626725    0.63     63.5  3.5e-15
   8x512x256  2^3          chain  raced         583525     482700    0.80    179.7  1.3e-15
   8x512x512  2^3          chain  raced        2713325    1402993    0.50     81.2  2.0e-15
  8x512x1024  2^3          chain  raced        7051163    5069306    0.71     65.4  3.7e-15
  8x1024x128  2^3          chain  raced         579887     503937    0.84    180.8  1.4e-15
  8x1024x256  2^3          chain  raced        2582675    1523943    0.59     85.3  2.1e-15
  8x1024x512  2^3          chain  raced        7170825    5122844    0.69     64.3  3.4e-15
   8x2048x64  2^3          chain  raced         602075     540294    0.88    174.2  1.3e-15
  8x2048x128  2^3          chain  raced        2810413    1662193    0.57     78.4  2.0e-15
  8x2048x256  2^3          chain  raced        7256862    5353256    0.72     63.6  3.6e-15
   8x4096x32  2^3          chain  raced         674775     556381    0.81    155.4  1.3e-15
   8x4096x64  2^3          chain  raced        3089900    1663500    0.53     71.3  1.9e-15
  8x4096x128  2^3          chain  raced        8627912    5665169    0.64     53.5  3.3e-15
   8x8192x16  2^3          chain  raced         949087     599781    0.63    110.5  1.3e-15
   8x8192x32  2^3          chain  raced        3138525    1864825    0.58     70.2  2.0e-15
   8x8192x64  2^3          chain  raced        8089675    6002669    0.74     57.0  3.8e-15
  16x16x8192  2^4          chain  raced        1331175    1249124    0.94    165.4  1.8e-15
  16x32x4096  2^4          chain  raced        1361950    1272743    0.92    161.7  1.5e-15
  16x32x8192  2^4          chain  raced        5051475    4352981    0.82     91.3  3.6e-15
  16x64x4096  2^4          chain  raced        7067425    4349469    0.61     65.3  3.4e-15
  16x128x512  2^4          chain  raced         449975     486399    1.08    233.0  1.1e-15
 16x128x1024  2^4          chain  raced        2430588    1354287    0.55     90.6  1.9e-15
 16x128x2048  2^4          chain  raced        8499813    5005319    0.54     54.3  3.5e-15
  16x256x512  2^4          chain  raced        2612175    1499456    0.57     84.3  1.9e-15
 16x256x1024  2^4          chain  raced        6671488    6077438    0.89     69.2  3.5e-15
  16x512x256  2^4          chain  raced        2248988    1597769    0.69     97.9  1.7e-15
  16x512x512  2^4          chain  raced        6701900    6286618    0.93     68.8  3.2e-15
 16x1024x128  2^4          chain  raced        2414213    1592218    0.65     91.2  1.7e-15
 16x1024x256  2^4          chain  raced        6669263    6656762    0.99     69.2  3.6e-15
  16x2048x64  2^4          chain  raced        2263563    1603343    0.70     97.3  1.8e-15
 16x2048x128  2^4          chain  raced        6735575    6343594    0.93     68.5  3.6e-15
  16x4096x32  2^4          chain  raced        2188137    1598850    0.73    100.6  1.5e-15
  16x4096x64  2^4          chain  raced        7532075    5824075    0.77     61.3  3.2e-15
  16x8192x16  2^4          chain  raced        2438063    1797625    0.72     90.3  1.7e-15
  16x8192x32  2^4          chain  raced        7618087    6298850    0.81     60.6  3.4e-15
```


## by route (worse of the two flips)
```
                              cells   <0.8   <1.0    p10    med    p90   gmean
 chain                           76     40     75   0.55   0.73   0.93    0.72
 ALL                             76     40     75   0.55   0.73   0.93    0.72
```


## by column class (N1) (worse of the two flips)
```
                              cells   <0.8   <1.0    p10    med    p90   gmean
 pow2 column                     76     40     75   0.55   0.73   0.93    0.72
 ALL                             76     40     75   0.55   0.73   0.93    0.72
```


## by size (points) (worse of the two flips)
```
                              cells   <0.8   <1.0    p10    med    p90   gmean
 > 65536 points                  76     40     75   0.55   0.73   0.93    0.72
 ALL                             76     40     75   0.55   0.73   0.93    0.72
```


worst 10: 8x128x2048 (chain 0.38), 8x64x4096 (chain 0.42), 8x32x8192 (chain 0.43), 8x256x1024 (chain 0.48), 8x512x512 (chain 0.50), 8x4096x64 (chain 0.53), 16x128x2048 (chain 0.54), 16x128x1024 (chain 0.55), 4x128x4096 (chain 0.55), 8x2048x128 (chain 0.57)
best 5: 16x128x512 (chain 1.08), 16x1024x256 (chain 0.99), 4x32x8192 (chain 0.95), 4x512x512 (chain 0.94), 16x16x8192 (chain 0.94)

2026-09-26 01:37:53 report: C:\Users\Tugbars\Desktop\highSpeedFFT\gauntlet\results\3d_mt8_budget_2026-09-26\report_3d_mt8.md
