2026-09-28 17:17:16 store: fresh copy of the shipped wisdom (C:\Users\Tugbars\Desktop\highSpeedFFT\src\wisdom)
2026-09-28 17:17:16 run: 6 cells, contract out of place, bin C:\Users\Tugbars\Desktop\highSpeedFFT\gauntlet
2026-09-28 17:17:16 calibrate: 6 cells (0 already done)
2026-09-28 17:17:17   calibrated 6/6 (16777216), 1 s elapsed
2026-09-28 17:17:17 bench: 6 cells (0 already benched, 0 not banked -> not benched)
2026-09-28 17:18:46   benched 6/6 (16777216), 87 s elapsed
# gauntlet report

run: `fs_fix_check_2026-09-28`  contract file suffix: `(oop, T=1)`  cells: 6 listed, 6 benched, comparator: MKL

control cell: 4 readings, 1.071..1.089 (a run is internally comparable when the first and the last agree)


## every cell

```
         N  factors          route    served       ours ns     cmp ns       x   rt err  note
    524288  2^19             fs       replayed     1473013    1799575    1.19  4.8e-16  
   1048576  2^20             fs       replayed     3509575    5120262    1.35  6.1e-16  
   2097152  2^21             fs       replayed     8613937   11197075    1.28  7.6e-16  
   4194304  2^22             fs       replayed    20673613   25911075    1.23  9.3e-16  
   8388608  2^23             fs       replayed    45329275   56296800    1.21  1.2e-15  
  16777216  2^24             fs       replayed    99834675  121271625    1.19  3.2e-15  
```


## by route (worse of the two flips)
```
 route    cells   <0.8   <1.0    p10    med    p90   gmean
 fs           6      0      0   1.19   1.22   1.35    1.24
 ALL          6      0      0   1.19   1.22   1.35    1.24
```


## by size
```
 band               cells median   <1.0   <0.8
 524288..2097151        2   1.27      0      0
 2097152..8388607       2   1.25      0      0
 8388608..16777216      2   1.20      0      0
```


## by family
```
 family                                       cells median   <1.0  gmean
 pow2                                             6   1.22      0   1.24
```


flip agreement: our two readings more than 25% apart at 0 of 6 cells.

worst 10: 16777216 (fs 1.19), 524288 (fs 1.19), 8388608 (fs 1.21), 4194304 (fs 1.23), 2097152 (fs 1.28), 1048576 (fs 1.35)
best 5: 1048576 (fs 1.35), 2097152 (fs 1.28), 4194304 (fs 1.23), 8388608 (fs 1.21), 524288 (fs 1.19)

2026-09-28 17:18:47 report: C:\Users\Tugbars\Desktop\highSpeedFFT\gauntlet\results\fs_fix_check_2026-09-28\report.md
