2026-09-28 17:19:14 store: fresh copy of the shipped wisdom (C:\Users\Tugbars\Desktop\highSpeedFFT\src\wisdom)
2026-09-28 17:19:14 run: 59 cells, contract 2D out of place, bin C:\Users\Tugbars\Desktop\highSpeedFFT\gauntlet
2026-09-28 17:19:14 calibrate: 59 cells (0 already done), RECALIBRATE (every cell re-raced)
2026-09-28 17:19:36   calibrated 25/59 (64x48), 22 s elapsed
2026-09-28 17:19:51   calibrated 50/59 (720x720), 37 s elapsed
2026-09-28 17:21:03   calibrated 59/59 (8192x32), 109 s elapsed
2026-09-28 17:21:03 bench: 59 cells (0 already benched, 0 not banked -> not benched)
2026-09-28 17:21:38   benched 25/59 (64x48), 34 s elapsed
2026-09-28 17:22:15   benched 50/59 (720x720), 71 s elapsed
2026-09-28 17:22:45   benched 59/59 (8192x32), 101 s elapsed
# gauntlet report (2D)

run: `regr_2d_head_2026-09-28`  contract: 2D c2c interleaved, natural, out of place, K=1  cells: 59 listed, 59 benched, comparator: MKL DFTI 2D (out of place)

control cell 64x64: 4 readings, 1.423..1.430


## every shape

```
       shape  N1 factors   route  served       ours ns     cmp ns       x   GFLOPS   rt err
         4x4  2^2          csk+rb raced             14         19    1.30     22.6  2.0e-16
        7x64  7            csk    raced            298        711    2.00     66.2  3.1e-16
         8x8  2^3          chain+rb raced             39         36    0.94     49.7  1.5e-16
      8x1024  2^3          csk    raced           8374      11871    1.42     63.6  3.8e-16
         9x9  3^2          csk+rb raced             65         69    1.05     39.7  4.6e-16
       12x12  2^2.3        csk+rb raced             93         91    0.97     55.6  5.9e-16
       15x64  3.5          csk    raced            837       1342    1.59     56.8  3.0e-16
       16x16  2^4          csk+rb2 raced            155        146    0.94     66.0  2.5e-16
     16x4096  2^4          csk    raced          98910     136870    0.99     53.0  2.9e-16
       17x17  17           csk+rb raced            326        724    1.93     36.2  6.6e-16
       21x35  3.7          chain  raced            924       1342    1.45     37.9  4.5e-16
       23x64  23           chain+rb2 raced           1723       3428    1.74     44.9  9.6e-16
       24x24  2^3.3        chain  raced            618        923    1.47     42.7  3.6e-16
       27x81  3^3          chain  raced           3446       3644    1.05     35.2  6.8e-16
       31x31  31           csk+rb raced           2528       2529    0.99     18.8  8.7e-16
       32x32  2^5          chain+rb2 raced            743        727    0.95     68.9  2.4e-16
     32x8192  2^5          chain  raced         600250     922300    1.50     39.3  5.2e-16
       37x64  37           chain+rb2 raced           3777       5365    1.40     35.1  9.2e-16
      45x128  3^2.5        chain  raced           7363       7994    1.08     48.9  4.2e-16
       48x64  2^4.3        chain+rb2 raced           3542       3880    1.09     50.2  3.3e-16
       60x60  2^2.3.5      chain  raced           4866       5637    1.14     43.7  4.8e-16
        64x7  2^6          chain+rb raced            353        719    1.98     55.9  3.7e-16
       64x23  2^6          chain+rb raced           1768       4832    2.34     43.8  4.3e-16
       64x37  2^6          turn   raced           4766      12876    2.18     27.8  4.6e-16
       64x48  2^6          chain  raced           3500       4394    1.24     50.8  4.0e-16
       64x64  2^6          chain+rb2 raced           5139       7161    1.28     47.8  3.8e-16
      64x256  2^6          chain  raced          22920      33938    1.35     50.0  2.8e-16
       81x27  3^4          chain  raced           3707       3937    1.06     32.7  5.7e-16
       96x96  2^5.3        chain  raced          11994      10943    0.91     50.6  4.2e-16
      96x128  2^5.3        chain  raced          19004      20103    1.04     43.9  4.4e-16
      97x128  97           tpc    raced          51209     102456    1.89     16.5  7.3e-16
     101x256  101          tpc    raced         111295     174144    1.55     17.0  9.4e-16
     120x120  2^3.3.5      chain  raced          20851      24114    1.15     47.7  5.6e-16
     125x125  5^3          chain  raced          30115      30676    1.02     36.1  4.7e-16
     127x127  127          blu    raced         107498     158615    1.46     10.5  1.2e-15
      128x45  2^7          chain  raced          10602       9538    0.90     33.9  5.3e-16
      128x97  2^7          chain  raced          39360      93982    2.28     21.4  6.6e-16
     128x128  2^7          chain  raced          24007      30166    1.25     47.8  3.8e-16
    128x2048  2^7          chain  raced         630950     780362    1.21     37.4  5.8e-16
     180x180  2^2.3^2.5    chain  raced          52187      60006    1.14     46.5  6.1e-16
     225x225  3^2.5^2      chain  raced         105146     109550    1.01     37.6  6.4e-16
     240x256  2^4.3.5      chain  raced         107231     125911    1.14     45.6  5.2e-16
     243x243  3^5          chain  raced         133115     158438    1.13     35.2  6.0e-01
      256x64  2^8          chain  raced          23961      31332    1.29     47.9  3.8e-16
     256x101  2^8          chain  raced          86119     168904    1.92     22.0  7.0e-16
     256x256  2^8          chain  raced         110360     132373    1.19     47.5  3.3e-16
     360x360  2^3.3^2.5    chain  raced         285787     370400    1.29     38.5  5.9e-16
     512x512  2^9          chain  raced         594562     913850    1.41     39.7  4.6e-16
     640x480  2^7.5        chain  raced         730788     987056    1.32     38.3  5.4e-16
     720x720  2^4.3^2.5    chain  raced        1296463    1859237    1.39     38.0  7.3e-16
   1000x1000  2^3.5^3      chain  raced        3357787    4021987    1.18     29.7  6.5e-16
     1009x64  1009         tpc    raced         471417     465427    0.96     10.9  7.5e-16
      1024x8  2^10         turn   raced          11535      15469    1.33     46.2  3.0e-16
   1024x1024  2^10         chain  raced        3182250    6054018    1.79     33.0  1.3e-15
   1920x1080  2^7.3.5      chain  raced        7648813   11007025    1.42     28.4  6.6e-16
    2048x128  2^11         chain  raced         685588    1131756    1.55     34.4  4.5e-16
   2048x2048  2^11         chain  raced       19183675   30037294    1.45     24.1  3.0e-15
     4096x16  2^12         turn   raced         139140     147062    1.05     37.7  2.9e-16
     8192x32  2^13         chain+rb2 raced         819362     943062    1.12     28.8  4.7e-16
```


## by route (worse of the two flips)
```
                              cells   <0.8   <1.0    p10    med    p90   gmean
 chain                           33      0      2   1.02   1.24   1.55    1.27
 chain+rb2                        6      0      1   0.95   1.20   1.74    1.24
 csk+rb                           5      0      2   0.97   1.05   1.93    1.20
 csk                              4      0      1   0.99   1.50   2.00    1.46
 chain+rb                         3      0      1   0.94   1.98   2.34    1.63
 turn                             3      0      0   1.05   1.33   2.18    1.45
 tpc                              3      0      1   0.96   1.55   1.89    1.41
 csk+rb2                          1      0      1   0.94   0.94   0.94    0.94
 blu                              1      0      0   1.46   1.46   1.46    1.46
 ALL                             59      0      9   0.96   1.28   1.93    1.30
```


## by column class (N1) (worse of the two flips)
```
                              cells   <0.8   <1.0    p10    med    p90   gmean
 pow2 column                     27      0      5   0.94   1.30   2.18    1.36
 even column                     14      0      2   0.97   1.15   1.42    1.18
 prime column                     9      0      2   0.96   1.55   2.00    1.50
 odd column                       9      0      0   1.01   1.06   1.59    1.15
 ALL                             59      0      9   0.96   1.28   1.93    1.30
```


## by size (points) (worse of the two flips)
```
                              cells   <0.8   <1.0    p10    med    p90   gmean
 4097..65536                     24      0      4   0.96   1.14   1.89    1.23
 > 65536 points                  12      0      0   1.18   1.40   1.55    1.37
 1025..4096                      10      0      0   1.06   1.26   2.34    1.39
 257..1024                        8      0      2   0.95   1.53   2.00    1.49
 <= 256 points                    5      0      3   0.94   0.97   1.30    1.03
 ALL                             59      0      9   0.96   1.28   1.93    1.30
```


worst 10: 128x45 (chain 0.90), 96x96 (chain 0.91), 16x16 (csk+rb2 0.94), 8x8 (chain+rb 0.94), 32x32 (chain+rb2 0.95), 1009x64 (tpc 0.96), 12x12 (csk+rb 0.97), 31x31 (csk+rb 0.99), 16x4096 (csk 0.99), 225x225 (chain 1.01)
best 5: 64x23 (chain+rb 2.34), 128x97 (chain 2.28), 64x37 (turn 2.18), 7x64 (csk 2.00), 64x7 (chain+rb 1.98)

2026-09-28 17:22:46 report: C:\Users\Tugbars\Desktop\highSpeedFFT\gauntlet\results\regr_2d_head_2026-09-28\report_2d.md
