2026-09-28 18:09:24 verify: 50 cells, contract out of place, bin C:\Users\Tugbars\Desktop\highSpeedFFT\gauntlet
2x256x4096  3d      oop fwd 5.08e-15  rt 1.33e-15  ok  mkl fwd 3.71e-16
2x512x243   3d      oop fwd 6.07e-16  rt 1.98e-15  ok  mkl fwd 6.96e-16
4x4x4     3d      oop fwd 1.16e-16  rt 2.26e-16  ok  mkl fwd 1.16e-16
4x64x8192  3d      oop fwd 2.82e-15  rt 1.25e-15  ok  mkl fwd 3.85e-16
4x128x135   3d      oop fwd 5.52e-16  rt 1.37e-15  ok  mkl fwd 3.50e-16
7x8x8     3d      oop fwd 2.18e-16  rt 5.19e-16  ok  mkl fwd 1.72e-16
7x9x11    3d      oop fwd 3.84e-16  rt 8.88e-16  ok  mkl fwd 2.08e-16
8x8x8     3d      oop fwd 1.66e-16  rt 5.55e-16  ok  mkl fwd 2.19e-16
8x12x16    3d      oop fwd 2.98e-16  rt 9.30e-16  ok  mkl fwd 1.84e-16
8x16x1009  3d      oop fwd 1.06e-15  rt 2.35e-15  ok  mkl fwd 4.48e-16
8x23x16    3d      oop fwd 3.83e-16  rt 9.69e-16  ok  mkl fwd 6.90e-16
8x64x243   3d      oop fwd 5.57e-16  rt 1.86e-15  ok  mkl fwd 5.69e-16
8x128x2048  3d      oop fwd 2.20e-15  rt 1.33e-15  ok  mkl fwd 3.86e-16
8x8192x32    3d      oop fwd 1.95e-15  rt 1.44e-15  ok  mkl fwd 3.49e-16
9x9x9     3d      oop fwd 4.75e-16  rt 1.41e-15  ok  mkl fwd 3.38e-16
12x8x16    3d      oop fwd 2.72e-16  rt 9.99e-16  ok  mkl fwd 2.26e-16
12x12x12    3d      oop fwd 8.34e-16  rt 1.29e-15  ok  mkl fwd 2.57e-16
12x20x45    3d      oop fwd 4.47e-16  rt 1.48e-15  ok  mkl fwd 2.92e-16
15x15x15    3d      oop fwd 5.30e-16  rt 1.24e-15  ok  mkl fwd 3.42e-16
16x16x16    3d      oop fwd 2.36e-16  rt 6.66e-16  ok  mkl fwd 2.27e-16
16x16x23    3d      oop fwd 4.24e-16  rt 1.25e-15  ok  mkl fwd 3.17e-16
16x16x512   3d      oop fwd 3.23e-16  rt 1.22e-15  ok  mkl fwd 2.69e-16
16x32x45    3d      oop fwd 3.71e-16  rt 1.27e-15  ok  mkl fwd 2.72e-16
16x64x25    3d      oop fwd 4.20e-16  rt 1.23e-15  ok  mkl fwd 3.18e-16
17x17x17    3d      oop fwd 6.77e-16  rt 1.76e-15  ok  mkl fwd 3.77e-16
23x8x8     3d      oop fwd 4.55e-16  rt 1.14e-15  ok  mkl fwd 7.22e-16
24x24x24    3d      oop fwd 5.00e-16  rt 1.47e-15  ok  mkl fwd 3.12e-16
27x9x15    3d      oop fwd 4.62e-16  rt 1.43e-15  ok  mkl fwd 4.76e-16
31x32x32    3d      oop fwd 4.77e-16  rt 1.45e-15  ok  mkl fwd 3.01e-16
32x16x81    3d      oop fwd 5.57e-16  rt 1.36e-15  ok  mkl fwd 4.27e-16
32x32x32    3d      oop fwd 3.04e-16  rt 1.11e-15  ok  mkl fwd 2.94e-16
32x32x75    3d      oop fwd 4.17e-16  rt 1.43e-15  ok  mkl fwd 5.06e-16
32x32x256   3d      oop fwd 4.45e-16  rt 1.22e-15  ok  mkl fwd 2.58e-16
36x20x28    3d      oop fwd 4.28e-16  rt 1.40e-15  ok  mkl fwd 3.03e-16
45x45x45    3d      oop fwd 5.02e-16  rt 1.86e-15  ok  mkl fwd 3.42e-16
48x48x48    3d      oop fwd 5.61e-16  rt 1.68e-15  ok  mkl fwd 4.61e-16
60x60x60    3d      oop fwd 6.06e-16  rt 2.13e-15  ok  mkl fwd 3.33e-16
64x4x4096  3d      oop fwd 1.25e-15  rt 1.22e-15  ok  mkl fwd 3.66e-16
64x32x15    3d      oop fwd 3.89e-16  rt 1.11e-15  ok  mkl fwd 2.61e-16
64x64x64    3d      oop fwd 4.24e-16  rt 1.33e-15  ok  mkl fwd 2.65e-16
81x27x27    3d      oop fwd 7.10e-16  rt 2.14e-15  ok  mkl fwd 5.63e-16
96x96x96    3d      oop fwd 5.93e-16  rt 1.80e-15  ok  mkl fwd 4.20e-16
97x16x16    3d      oop fwd 5.40e-16  rt 1.93e-15  ok  mkl fwd 4.59e-16
120x16x64    3d      oop fwd 3.25e-16  rt 1.27e-15  ok  mkl fwd 3.03e-16
125x25x5     3d      oop fwd 4.81e-16  rt 1.36e-15  ok  mkl fwd 3.42e-16
128x8x27    3d      oop fwd 3.92e-16  rt 1.28e-15  ok  mkl fwd 3.14e-16
128x16x16    3d      oop fwd 2.66e-16  rt 8.88e-16  ok  mkl fwd 2.49e-16
128x128x128   3d      oop fwd 1.62e-15  rt 1.55e-15  ok  mkl fwd 4.27e-16
256x4x4     3d      oop fwd 2.35e-16  rt 7.77e-16  ok  mkl fwd 2.37e-16
2048x8x8     3d      oop fwd 3.64e-16  rt 1.22e-15  ok  mkl fwd 2.81e-16
=== 50 cells, 0 failed: ALL PASS ===
2026-09-28 18:11:42 verify: === 50 cells, 0 failed: ALL PASS === -> verify_3d.csv
