2026-09-28 17:41:45 store: fresh copy of the shipped wisdom (C:\Users\Tugbars\Desktop\highSpeedFFT\src\wisdom)
2026-09-28 17:41:45 run: 66 cells, contract 2D out of place, bin C:\Users\Tugbars\Desktop\highSpeedFFT\gauntlet
2026-09-28 17:41:45 calibrate: 66 cells (0 already done), RECALIBRATE (every cell re-raced)
2026-09-28 17:43:41   calibrated 25/66 (405x405), 116 s elapsed
2026-09-28 17:46:05   calibrated 50/66 (4096x61), 260 s elapsed
2026-09-28 17:46:35   calibrated 66/66 (65536x2), 290 s elapsed
2026-09-28 17:46:35 bench: 66 cells (0 already benched, 0 not banked -> not benched)
2026-09-28 17:47:20   benched 25/66 (405x405), 44 s elapsed
2026-09-28 17:48:19   benched 50/66 (4096x61), 103 s elapsed
2026-09-28 17:48:51   benched 66/66 (65536x2), 135 s elapsed
# gauntlet report (2D)

run: `regr2_2d_head_2026-09-28`  contract: 2D c2c interleaved, natural, out of place, K=1  cells: 66 listed, 66 benched, comparator: MKL DFTI 2D (out of place)

control cell 64x64: 4 readings, 1.077..1.363


## every shape

```
       shape  N1 factors   route  served       ours ns     cmp ns       x   GFLOPS   rt err
     2x65536  2            csk    raced         247220     512653    2.06     45.1  6.4e-16
      3x4096  3            csk    raced          14185      23566    1.40     58.8  4.6e-16
     3x65536  3            csk    raced         364440     543595    1.46     47.4  4.6e-16
     4x16384  2^2          chain  raced          98913     147230    1.48     53.0  4.2e-16
     4x65536  2^2          csk    raced         490037     742306    1.49     48.1  9.4e-16
      5x2048  5            csk    raced          11008      17640    1.59     62.0  4.7e-16
     7x16384  7            chain  raced         188112     266061    1.39     51.2  4.4e-16
      8x8192  2^3          chain  raced          95537     115793    1.19     54.9  5.2e-16
      9x8192  3^2          chain  raced         108430     152557    1.39     55.0  5.8e-16
     15x4096  3.5          csk    raced          92109     131190    1.38     53.1  4.3e-16
     16x4096  2^4          csk    raced          98553     133285    1.26     53.2  2.9e-16
     27x2048  3^3          csk    raced         118625     130648    0.96     36.7  4.6e-16
     32x2048  2^5          csk    raced         104587     150725    1.25     50.1  4.4e-16
     45x1024  3^2.5        chain  raced          80688      84070    0.99     44.2  4.8e-16
     61x4096  61           tpc    raced        1292312     743349    0.57     17.3  6.4e-16
    64x16384  2^6          chain  raced        3058238    3261019    1.05     34.3  1.4e-15
     81x4096  3^4          chain  raced         745500     945081    1.22     40.8  6.9e-16
     97x8192  97           tpc    raced        5065775    7136900    1.36     15.4  6.9e-16
    125x2048  5^3          chain  raced         597550     805237    1.26     38.5  4.5e-16
    128x8192  2^7          chain  raced        2992487    3514856    1.14     35.0  1.1e-15
    243x2048  3^5          chain  raced        1206825    1468525    1.19     39.0  6.7e-16
    243x4096  3^5          chain  raced        2789450    3555618    1.15     35.5  6.8e-16
    256x2187  2^8          chain  raced        1869850    1909943    0.98     28.6  7.4e-16
    256x4096  2^8          chain  raced        2857338    3753431    1.21     36.7  1.0e-15
     405x405  3^4.5        chain  raced         413133     536187    1.24     34.4  7.3e-16
     512x135  2^9          chain  raced         149136     183814    1.19     37.3  5.8e-16
    512x2048  2^9          chain  raced        2887875    3591125    1.12     36.3  1.2e-15
    625x1024  5^4          chain  raced        1581662    2368787    1.48     39.0  6.0e-16
    700x3000  2^2.5^2.7    chain  raced        7915312   10402588    1.30     27.9  6.9e-16
    729x1024  3^6          chain  raced        1750950    2492256    1.38     41.6  6.8e-16
   1009x1024  1009         tpc    raced       10939362    8731268    0.78      9.4  9.3e-16
      1024x3  2^10         turn   raced           4026       7194    1.78     44.2  3.6e-16
     1024x45  2^10         chain  raced          97805     117666    1.20     36.5  5.4e-16
    1024x625  2^10         chain  raced        1890025    2175543    1.06     32.7  5.6e-16
    1024x729  2^10         chain  raced        2191750    2762344    1.25     33.2  7.3e-16
   1024x1009  2^10         chain  raced        7426463    8589262    1.13     13.9  7.4e-16
   1500x1500  2^2.3.5^3    chain  raced        8043150   10350406    1.28     29.5  6.7e-16
     2048x27  2^11         chain  raced         123300     150380    1.16     35.3  5.7e-16
     2048x32  2^11         chain+rb2 raced         153407     161790    1.03     34.2  3.1e-16
     2048x81  2^11         chain  raced         402725     492633    1.21     35.7  6.4e-16
    2048x125  2^11         chain  raced         695000     799156    1.13     33.1  4.2e-16
    2048x243  2^11         chain  raced        1303300    1745469    1.30     36.1  6.9e-16
    2048x512  2^11         chain  raced        3298950    4653031    1.38     31.8  1.3e-15
    2187x256  3^7          chain  raced        1278125    2039075    1.54     41.8  7.2e-16
    3000x700  2^3.3.5^3    chain  raced        6940887   10220700    1.44     31.8  7.7e-16
      4096x5  2^12         turn   raced          31787      44865    1.41     46.1  3.4e-16
     4096x15  2^12         turn   raced         129006     152614    1.10     37.9  5.1e-16
     4096x16  2^12         chain+rb2 raced         150333     146680    0.92     34.9  3.3e-16
     4096x21  2^12         turn   raced         204278     255554    1.24     34.5  4.3e-16
     4096x61  2^12         chain  raced        1154825    2987738    2.56     19.4  7.4e-16
     4096x81  2^12         chain  raced         940462    1102437    1.14     32.4  5.6e-16
    4096x243  2^12         chain  raced        3491625    4283231    1.20     28.4  8.3e-16
    4096x256  2^12         chain  raced        3761900    4395962    1.07     27.9  1.2e-15
      8192x7  2^13         turn   raced         109891     143186    1.30     41.2  4.4e-16
      8192x8  2^13         turn   raced         125810     161380    1.25     41.7  4.1e-16
     8192x25  2^13         chain  raced         659756     712478    1.07     27.4  4.1e-16
     8192x64  2^13         chain+rb2 raced        1743600    1924400    1.09     28.6  9.9e-16
     8192x97  2^13         chain  raced        3810050    7509650    1.95     20.4  7.9e-16
    8192x128  2^13         chain  raced        3542412    4806581    1.33     29.6  1.2e-15
     16384x3  2^14         turn   raced          91903     132217    1.44     41.7  4.2e-16
     16384x4  2^14         turn   raced         128110     189575    1.44     40.9  4.4e-16
     16384x9  2^14         turn   raced         328400     470642    1.37     38.5  5.2e-16
    16384x16  2^14         turn   raced         639888    1110756    1.72     36.9  5.0e-16
    16384x64  2^14         chain+rb2 raced        4062987    5041187    1.14     25.8  1.2e-15
     32768x4  2^15         turn   raced         293373     420876    1.41     38.0  4.0e-16
     65536x2  2^16         turn   raced         324353     573823    1.75     34.3  3.4e-16
```


## by route (worse of the two flips)
```
                              cells   <0.8   <1.0    p10    med    p90   gmean
 chain                           38      0      2   1.06   1.21   1.48    1.26
 turn                            12      0      0   1.24   1.41   1.75    1.42
 csk                              9      0      1   0.96   1.40   2.06    1.40
 chain+rb2                        4      0      1   0.92   1.06   1.14    1.04
 tpc                              3      2      2   0.57   0.78   1.36    0.85
 ALL                             66      2      6   1.03   1.25   1.59    1.27
```


## by column class (N1) (worse of the two flips)
```
                              cells   <0.8   <1.0    p10    med    p90   gmean
 pow2 column                     44      0      2   1.06   1.22   1.75    1.29
 odd column                      12      0      2   0.99   1.25   1.48    1.25
 prime column                     7      2      2   0.57   1.39   1.59    1.16
 even column                      3      0      0   1.28   1.30   1.44    1.34
 ALL                             66      2      6   1.03   1.25   1.59    1.27
```


## by size (points) (worse of the two flips)
```
                              cells   <0.8   <1.0    p10    med    p90   gmean
 > 65536 points                  46      2      3   1.06   1.25   1.72    1.27
 4097..65536                     19      0      3   0.96   1.25   1.48    1.24
 1025..4096                       1      0      0   1.78   1.78   1.78    1.78
 ALL                             66      2      6   1.03   1.25   1.59    1.27
```


worst 10: 61x4096 (tpc 0.57), 1009x1024 (tpc 0.78), 4096x16 (chain+rb2 0.92), 27x2048 (csk 0.96), 256x2187 (chain 0.98), 45x1024 (chain 0.99), 2048x32 (chain+rb2 1.03), 64x16384 (chain 1.05), 1024x625 (chain 1.06), 8192x25 (chain 1.07)
best 5: 4096x61 (chain 2.56), 2x65536 (csk 2.06), 8192x97 (chain 1.95), 1024x3 (turn 1.78), 65536x2 (turn 1.75)

2026-09-28 17:48:52 report: C:\Users\Tugbars\Desktop\highSpeedFFT\gauntlet\results\regr2_2d_head_2026-09-28\report_2d.md
