2026-09-28 17:48:52 verify: 66 cells, contract 2D out of place, bin C:\Users\Tugbars\Desktop\highSpeedFFT\gauntlet
2x65536 csk     oop fwd 4.76e-16  rt 1.05e-15  ok  mkl fwd 3.19e-16
3x4096  csk     oop fwd 2.76e-16  rt 1.07e-15  ok  mkl fwd 2.96e-16
3x65536 csk     oop fwd 3.33e-16  rt 1.31e-15  ok  mkl fwd 3.32e-16
4x16384 chain   oop fwd 3.32e-16  rt 9.99e-16  ok  mkl fwd 3.28e-16
4x65536 csk     oop fwd 8.74e-16  rt 1.33e-15  ok  mkl fwd 2.97e-16
5x2048  csk     oop fwd 2.67e-16  rt 9.16e-16  ok  mkl fwd 2.44e-16
7x16384 chain   oop fwd 3.12e-16  rt 1.10e-15  ok  mkl fwd 3.02e-16
8x8192  chain   oop fwd 2.86e-16  rt 1.11e-15  ok  mkl fwd 2.72e-16
9x8192  chain   oop fwd 3.88e-16  rt 1.33e-15  ok  mkl fwd 3.36e-16
15x4096  csk     oop fwd 3.98e-16  rt 1.13e-15  ok  mkl fwd 3.04e-16
16x4096  csk     oop fwd 3.11e-16  rt 1.11e-15  ok  mkl fwd 2.89e-16
27x2048  csk     oop fwd 4.73e-16  rt 1.33e-15  ok  mkl fwd 2.91e-16
32x2048  csk     oop fwd 3.33e-16  rt 1.11e-15  ok  mkl fwd 2.53e-16
45x1024  chain   oop fwd 4.10e-16  rt 1.27e-15  ok  mkl fwd 2.93e-16
61x4096  tpc     oop fwd 5.66e-16  rt 2.55e-15  ok  mkl fwd 5.34e-16
64x16384 chain   oop fwd 1.30e-15  rt 1.33e-15  ok  mkl fwd 4.26e-16
81x4096  chain   oop fwd 5.42e-16  rt 1.59e-15  ok  mkl fwd 4.25e-16
97x8192  tpc     oop fwd 6.09e-16  rt 2.45e-15  ok  mkl fwd 5.10e-16
125x2048  chain   oop fwd 3.14e-16  rt 1.57e-15  ok  mkl fwd 3.19e-16
128x8192  chain   oop fwd 1.14e-15  rt 1.22e-15  ok  mkl fwd 3.97e-16
243x2048  chain   oop fwd 5.53e-16  rt 1.76e-15  ok  mkl fwd 4.48e-16
243x4096  chain   oop fwd 5.61e-16  rt 1.94e-15  ok  mkl fwd 5.03e-16
256x2187  chain   oop fwd 5.38e-16  rt 2.22e-15  ok  mkl fwd 5.22e-16
256x4096  chain   oop fwd 1.28e-15  rt 1.33e-15  ok  mkl fwd 3.44e-16
405x405   chain   oop fwd 6.33e-16  rt 2.27e-15  ok  mkl fwd 4.90e-16
512x135   chain   oop fwd 4.64e-16  rt 1.66e-15  ok  mkl fwd 3.64e-16
512x2048  chain   oop fwd 1.28e-15  rt 1.33e-15  ok  mkl fwd 2.72e-16
625x1024  chain   oop fwd 4.06e-16  rt 2.05e-15  ok  mkl fwd 3.37e-16
700x3000  chain   oop fwd 5.97e-16  rt 2.46e-15  ok  mkl fwd 4.40e-16
729x1024  chain   oop fwd 5.77e-16  rt 2.08e-15  ok  mkl fwd 4.60e-16
1009x1024  tpc     oop fwd 5.82e-16  rt 2.26e-15  ok  mkl fwd 5.36e-16
1024x3     turn    oop fwd 2.74e-16  rt 9.43e-16  ok  mkl fwd 3.06e-16
1024x45    chain   oop fwd 4.11e-16  rt 1.27e-15  ok  mkl fwd 2.96e-16
1024x625   chain   oop fwd 4.43e-16  rt 1.89e-15  ok  mkl fwd 4.14e-16
1024x729   chain   oop fwd 6.46e-16  rt 2.43e-15  ok  mkl fwd 4.85e-16
1024x1009  chain   oop fwd 5.88e-16  rt 2.45e-15  ok  mkl fwd 4.35e-16
1500x1500  chain   oop fwd 6.02e-16  rt 2.56e-15  ok  mkl fwd 3.94e-16
2048x27    chain   oop fwd 4.27e-16  rt 1.44e-15  ok  mkl fwd 2.88e-16
2048x32    chain+rb2 oop fwd 3.21e-16  rt 1.11e-15  ok  mkl fwd 2.69e-16
2048x81    chain   oop fwd 5.07e-16  rt 1.74e-15  ok  mkl fwd 3.93e-16
2048x125   chain   oop fwd 4.18e-16  rt 1.54e-15  ok  mkl fwd 3.92e-16
2048x243   chain   oop fwd 4.94e-16  rt 1.91e-15  ok  mkl fwd 4.94e-16
2048x512   chain   oop fwd 1.32e-15  rt 1.44e-15  ok  mkl fwd 3.82e-16
2187x256   chain   oop fwd 6.02e-16  rt 2.08e-15  ok  mkl fwd 3.79e-16
3000x700   chain   oop fwd 5.87e-16  rt 2.24e-15  ok  mkl fwd 4.87e-16
4096x5     turn    oop fwd 2.75e-16  rt 1.04e-15  ok  mkl fwd 3.15e-16
4096x15    turn    oop fwd 4.27e-16  rt 1.18e-15  ok  mkl fwd 2.83e-16
4096x16    chain+rb2 oop fwd 3.94e-16  rt 1.11e-15  ok  mkl fwd 2.97e-16
4096x21    turn    oop fwd 3.77e-16  rt 1.47e-15  ok  mkl fwd 3.09e-16
4096x61    chain   oop fwd 5.97e-16  rt 2.71e-15  ok  mkl fwd 3.83e-16
4096x81    chain   oop fwd 4.39e-16  rt 1.78e-15  ok  mkl fwd 4.03e-16
4096x243   chain   oop fwd 5.89e-16  rt 2.26e-15  ok  mkl fwd 5.33e-16
4096x256   chain   oop fwd 1.38e-15  rt 1.44e-15  ok  mkl fwd 3.16e-16
8192x7     turn    oop fwd 2.67e-16  rt 1.11e-15  ok  mkl fwd 3.34e-16
8192x8     turn    oop fwd 2.43e-16  rt 9.99e-16  ok  mkl fwd 2.98e-16
8192x25    chain   oop fwd 3.88e-16  rt 1.43e-15  ok  mkl fwd 2.88e-16
8192x64    chain+rb2 oop fwd 9.56e-16  rt 1.55e-15  ok  mkl fwd 3.19e-16
8192x97    chain   oop fwd 6.61e-16  rt 2.53e-15  ok  mkl fwd 5.28e-16
8192x128   chain   oop fwd 1.27e-15  rt 1.55e-15  ok  mkl fwd 3.37e-16
16384x3     turn    oop fwd 3.67e-16  rt 1.14e-15  ok  mkl fwd 3.33e-16
16384x4     turn    oop fwd 2.79e-16  rt 9.99e-16  ok  mkl fwd 3.34e-16
16384x9     turn    oop fwd 3.94e-16  rt 1.28e-15  ok  mkl fwd 3.58e-16
16384x16    turn    oop fwd 3.06e-16  rt 1.11e-15  ok  mkl fwd 2.83e-16
16384x64    chain+rb2 oop fwd 1.28e-15  rt 1.44e-15  ok  mkl fwd 3.06e-16
32768x4     turn    oop fwd 3.23e-16  rt 9.99e-16  ok  mkl fwd 2.90e-16
65536x2     turn    oop fwd 2.87e-16  rt 1.11e-15  ok  mkl fwd 3.02e-16
=== 66 cells, 0 failed: ALL PASS ===
2026-09-28 18:02:43 verify: === 66 cells, 0 failed: ALL PASS === -> verify_2d.csv
